
$ python3 /home/ivo/Documents/University/4to/Thesis-AAAAAAAa/Container-vs-Wasm-Service-Migration/Network-live-migration/scripts/setup/reset_nodes.py edge-node-1 edge-node-2 edge-host-1
[00:22:05] Resetting nodes: edge-node-1 -> edge-node-2 (server: edge-host-1, vip: 10.22.132.250)
[00:22:05] Step 1: Killing any existing processes on source...
[00:22:06]   Killing any remaining background processes...
[00:22:09] Step 2: Cleaning source node...
[00:22:10] Step 3: Cleaning destination node...
[00:22:11]   Killing all remaining TCP processes on destination...
[00:22:15] Step 4: Cleaning server node (edge-host-1)...
[00:22:19] ✓ Reset complete, nodes are clean
[00:22:19]   Next: Start your application
[exit=0]

$ bash /home/ivo/Documents/University/4to/Thesis-AAAAAAAa/Container-vs-Wasm-Service-Migration/Network-live-migration/scripts/workloads/start_tcp_server.sh edge-host-1 5000
[tcp-server] Transferring tcp-howto.c to edge-host-1...
[tcp-server] Compiling on edge-host-1...
[tcp-server] Starting on edge-host-1 (port 5000)...
[tcp-server] Waiting for listen...
✓ TCP server listening on edge-host-1:5000
[tcp-server] Logs: multipass exec edge-host-1 -- tail -f /home/ubuntu/tcp_server.out
[exit=0]

$ bash /home/ivo/Documents/University/4to/Thesis-AAAAAAAa/Container-vs-Wasm-Service-Migration/Network-live-migration/scripts/workloads/start_tcp_client.sh edge-node-1 edge-host-1 5000
[tcp-client] Server endpoint: 10.22.132.136:5000
[tcp-client] Client VIP: 10.22.132.250
[tcp-client] Transferring tcp-howto.c to edge-node-1...
[tcp-client] Compiling on edge-node-1...
[tcp-client] Ensuring VIP 10.22.132.250 is present on edge-node-1...
ARPING 10.22.132.250 from 10.22.132.250 ens3
Sent 3 probes (3 broadcast(s))
Received 0 response(s)
[tcp-client] Starting on edge-node-1...
[tcp-client] Waiting for established TCP connection...
✓ TCP client connected (PID: 94162)
[tcp-client] Logs: multipass exec edge-node-1 -- tail -f /home/ubuntu/tcp_client.out
[exit=0]

$ python3 /home/ivo/Documents/University/4to/Thesis-AAAAAAAa/Container-vs-Wasm-Service-Migration/Network-live-migration/scripts/orchestrators/tcp_client_benchmark.py cold --source edge-node-1 --dest edge-node-2 --server edge-host-1 --transfer-mode host --run-id 12-04-2026-host-cold-0001 --csv /home/ivo/Documents/University/4to/Thesis-AAAAAAAa/Container-vs-Wasm-Service-Migration/Network-live-migration/metrics/migration_metrics.csv --relay-node edge-host-1
[00:22:30] === TCP CLIENT MIGRATION ===
[00:22:30] Run ID: 12-04-2026-host-cold-0001
[00:22:30] Source: edge-node-1, Dest: edge-node-2
[00:22:30] Server: edge-host-1
[00:22:30] Transfer mode: host
[00:22:30] Relay node: edge-host-1

[00:22:30] === TCP CLIENT COLD MIGRATION ===
[00:22:30] Step 1: Checking source client process...
[00:22:30]   Using PID from /home/ubuntu/tcp_client.pid: 94162
[00:22:31]   Server connections so far: 1
[00:22:32] Step 2: Dumping client with CRIU (--tcp-established)...
[00:22:32] Step 2.5: Moving VIP to destination...
[00:22:33]   Moving VIP 10.22.132.250 from edge-node-1:ens3 -> edge-node-2:ens3
[00:22:37] Step 3: Creating archive...
[00:22:38] Step 4: Transferring archive...
  Transferring /home/ubuntu/CRIU-tcp-client.tar.gz via relay node edge-host-1...
Setting up SSH trust: edge-node-1 → ubuntu@10.22.132.136
  Adding public key to destination's authorized_keys...
  Testing SSH connectivity...
  ✓ SSH trust ready
Setting up SSH trust: edge-host-1 → ubuntu@10.22.132.170
  Adding public key to destination's authorized_keys...
  Testing SSH connectivity...
  ✓ SSH trust ready
[00:22:45] Step 5: Unpacking on destination...
[00:22:45] Step 6: Preparing restore environment...
[00:22:45] Step 7: Restoring client with CRIU (--tcp-established)...
[00:22:46]   Restored PID: 94162
[00:22:46] Step 8: Verifying connection continuity...
[00:22:49]   Client output (tail): PP 5 -> 5
[00:22:50]   Server connections so far: 1
[00:22:50] ✓ SUCCESS: Client restored and TCP socket appears established
[00:22:50] Total downtime: 7158 ms
[00:22:50] Metrics saved to /home/ivo/Documents/University/4to/Thesis-AAAAAAAa/Container-vs-Wasm-Service-Migration/Network-live-migration/metrics/migration_metrics.csv
[exit=0]

$ python3 /home/ivo/Documents/University/4to/Thesis-AAAAAAAa/Container-vs-Wasm-Service-Migration/Network-live-migration/scripts/setup/reset_nodes.py edge-node-1 edge-node-2 edge-host-1
[00:22:51] Resetting nodes: edge-node-1 -> edge-node-2 (server: edge-host-1, vip: 10.22.132.250)
[00:22:51] Step 1: Killing any existing processes on source...
[00:22:51]   Killing PID 94162 (from /home/ubuntu/tcp_client.pid)
[00:22:52]   Killing PID 94162 (from /home/ubuntu/client.pid)
[00:22:53]   Killing any remaining background processes...
[00:22:55] Step 2: Cleaning source node...
[00:22:57] Step 3: Cleaning destination node...
[00:22:57]   Killing PID 94162 on destination (from /home/ubuntu/tcp_client.pid)
[00:22:58]   Killing PID 94162 on destination (from /home/ubuntu/client.pid)
[00:22:59]   Killing all remaining TCP processes on destination...
[00:23:03] Step 4: Cleaning server node (edge-host-1)...
[00:23:03]   Killing PID 32776 on server (from /home/ubuntu/tcp_server.pid)
[00:23:07] ✓ Reset complete, nodes are clean
[00:23:07]   Next: Start your application
[exit=0]

$ bash /home/ivo/Documents/University/4to/Thesis-AAAAAAAa/Container-vs-Wasm-Service-Migration/Network-live-migration/scripts/workloads/start_tcp_server.sh edge-host-1 5000
[tcp-server] Transferring tcp-howto.c to edge-host-1...
[tcp-server] Compiling on edge-host-1...
[tcp-server] Starting on edge-host-1 (port 5000)...
[tcp-server] Waiting for listen...
✓ TCP server listening on edge-host-1:5000
[tcp-server] Logs: multipass exec edge-host-1 -- tail -f /home/ubuntu/tcp_server.out
[exit=0]

$ bash /home/ivo/Documents/University/4to/Thesis-AAAAAAAa/Container-vs-Wasm-Service-Migration/Network-live-migration/scripts/workloads/start_tcp_client.sh edge-node-1 edge-host-1 5000
[tcp-client] Server endpoint: 10.22.132.136:5000
[tcp-client] Client VIP: 10.22.132.250
[tcp-client] Transferring tcp-howto.c to edge-node-1...
[tcp-client] Compiling on edge-node-1...
[tcp-client] Ensuring VIP 10.22.132.250 is present on edge-node-1...
ARPING 10.22.132.250 from 10.22.132.250 ens3
Sent 3 probes (3 broadcast(s))
Received 0 response(s)
[tcp-client] Starting on edge-node-1...
[tcp-client] Waiting for established TCP connection...
✓ TCP client connected (PID: 96452)
[tcp-client] Logs: multipass exec edge-node-1 -- tail -f /home/ubuntu/tcp_client.out
[exit=0]

$ python3 /home/ivo/Documents/University/4to/Thesis-AAAAAAAa/Container-vs-Wasm-Service-Migration/Network-live-migration/scripts/orchestrators/tcp_client_benchmark.py cold --source edge-node-1 --dest edge-node-2 --server edge-host-1 --transfer-mode direct --run-id 12-04-2026-direct-cold-0001 --csv /home/ivo/Documents/University/4to/Thesis-AAAAAAAa/Container-vs-Wasm-Service-Migration/Network-live-migration/metrics/migration_metrics.csv
[00:23:17] === TCP CLIENT MIGRATION ===
[00:23:17] Run ID: 12-04-2026-direct-cold-0001
[00:23:17] Source: edge-node-1, Dest: edge-node-2
[00:23:17] Server: edge-host-1
[00:23:17] Transfer mode: direct

[00:23:17] === TCP CLIENT COLD MIGRATION ===
[00:23:17] Step 1: Checking source client process...
[00:23:17]   Using PID from /home/ubuntu/tcp_client.pid: 96452
[00:23:18]   Server connections so far: 1
[00:23:19] Step 2: Dumping client with CRIU (--tcp-established)...
[00:23:19] Step 2.5: Moving VIP to destination...
[00:23:20]   Moving VIP 10.22.132.250 from edge-node-1:ens3 -> edge-node-2:ens3
[00:23:25] Step 3: Creating archive...
[00:23:26] Step 4: Transferring archive...
[00:23:26]   Setting up direct SSH trust...
Setting up SSH trust: edge-node-1 → ubuntu@10.22.132.170
  Adding public key to destination's authorized_keys...
  Testing SSH connectivity...
  ✓ SSH trust ready
Setting up SSH trust: edge-node-1 → ubuntu@10.22.132.170
  Adding public key to destination's authorized_keys...
  Testing SSH connectivity...
  ✓ SSH trust ready
  Transferring /home/ubuntu/CRIU-tcp-client.tar.gz via SCP...
[00:23:30] Step 5: Unpacking on destination...
[00:23:31] Step 6: Preparing restore environment...
[00:23:31] Step 7: Restoring client with CRIU (--tcp-established)...
[00:23:32]   Restored PID: 96452
[00:23:32] Step 8: Verifying connection continuity...
[00:23:35]   Client output (tail): PP 5 -> 5
[00:23:36]   Server connections so far: 1
[00:23:36] ✓ SUCCESS: Client restored and TCP socket appears established
[00:23:36] Total downtime: 3586 ms
[00:23:36] Metrics saved to /home/ivo/Documents/University/4to/Thesis-AAAAAAAa/Container-vs-Wasm-Service-Migration/Network-live-migration/metrics/migration_metrics.csv
[exit=0]

$ python3 /home/ivo/Documents/University/4to/Thesis-AAAAAAAa/Container-vs-Wasm-Service-Migration/Network-live-migration/scripts/setup/reset_nodes.py edge-node-1 edge-node-2 edge-host-1
[00:23:37] Resetting nodes: edge-node-1 -> edge-node-2 (server: edge-host-1, vip: 10.22.132.250)
[00:23:37] Step 1: Killing any existing processes on source...
[00:23:38]   Killing PID 96452 (from /home/ubuntu/tcp_client.pid)
[00:23:38]   Killing PID 96452 (from /home/ubuntu/client.pid)
[00:23:39]   Killing any remaining background processes...
[00:23:41] Step 2: Cleaning source node...
[00:23:43] Step 3: Cleaning destination node...
[00:23:43]   Killing PID 96452 on destination (from /home/ubuntu/tcp_client.pid)
[00:23:44]   Killing PID 96452 on destination (from /home/ubuntu/client.pid)
[00:23:44]   Killing all remaining TCP processes on destination...
[00:23:49] Step 4: Cleaning server node (edge-host-1)...
[00:23:49]   Killing PID 34619 on server (from /home/ubuntu/tcp_server.pid)
[00:23:53] ✓ Reset complete, nodes are clean
[00:23:53]   Next: Start your application
[exit=0]

$ bash /home/ivo/Documents/University/4to/Thesis-AAAAAAAa/Container-vs-Wasm-Service-Migration/Network-live-migration/scripts/workloads/start_tcp_server.sh edge-host-1 5000
[tcp-server] Transferring tcp-howto.c to edge-host-1...
[tcp-server] Compiling on edge-host-1...
[tcp-server] Starting on edge-host-1 (port 5000)...
[tcp-server] Waiting for listen...
✓ TCP server listening on edge-host-1:5000
[tcp-server] Logs: multipass exec edge-host-1 -- tail -f /home/ubuntu/tcp_server.out
[exit=0]

$ bash /home/ivo/Documents/University/4to/Thesis-AAAAAAAa/Container-vs-Wasm-Service-Migration/Network-live-migration/scripts/workloads/start_tcp_client.sh edge-node-1 edge-host-1 5000
[tcp-client] Server endpoint: 10.22.132.136:5000
[tcp-client] Client VIP: 10.22.132.250
[tcp-client] Transferring tcp-howto.c to edge-node-1...
[tcp-client] Compiling on edge-node-1...
[tcp-client] Ensuring VIP 10.22.132.250 is present on edge-node-1...
ARPING 10.22.132.250 from 10.22.132.250 ens3
Sent 3 probes (3 broadcast(s))
Received 0 response(s)
[tcp-client] Starting on edge-node-1...
[tcp-client] Waiting for established TCP connection...
✓ TCP client connected (PID: 98659)
[tcp-client] Logs: multipass exec edge-node-1 -- tail -f /home/ubuntu/tcp_client.out
[exit=0]

$ python3 /home/ivo/Documents/University/4to/Thesis-AAAAAAAa/Container-vs-Wasm-Service-Migration/Network-live-migration/scripts/orchestrators/tcp_client_benchmark.py precopy --source edge-node-1 --dest edge-node-2 --server edge-host-1 --transfer-mode host --run-id 12-04-2026-host-precopy-0000 --csv /home/ivo/Documents/University/4to/Thesis-AAAAAAAa/Container-vs-Wasm-Service-Migration/Network-live-migration/metrics/migration_metrics.csv --relay-node edge-host-1 --iterations 2
[00:24:03] === TCP CLIENT MIGRATION ===
[00:24:03] Run ID: 12-04-2026-host-precopy-0000
[00:24:03] Source: edge-node-1, Dest: edge-node-2
[00:24:03] Server: edge-host-1
[00:24:03] Transfer mode: host
[00:24:03] Relay node: edge-host-1

[00:24:03] === TCP CLIENT PRE-COPY MIGRATION (2 iterations) ===
[00:24:03] Step 1: Checking source client process...
[00:24:03]   Using PID from /home/ubuntu/tcp_client.pid: 98659
[00:24:04]   Server connections so far: 1
[00:24:05] Step 2: Preparing CRIU directory...
[00:24:05] Step 3: Running 2 pre-dumps (client keeps running)...
[00:24:05]   Pre-dump 1/2 complete
[00:24:07]   Pre-dump 2/2 complete
[00:24:08] Step 4: Final dump (freezing client)...
[00:24:08] Step 4.5: Moving VIP to destination...
[00:24:09]   Moving VIP 10.22.132.250 from edge-node-1:ens3 -> edge-node-2:ens3
[00:24:13] Step 5: Creating archive...
[00:24:14] Step 6: Transferring archive...
  Transferring /home/ubuntu/CRIU-tcp-client.tar.gz via relay node edge-host-1...
Setting up SSH trust: edge-node-1 → ubuntu@10.22.132.136
  Adding public key to destination's authorized_keys...
  Testing SSH connectivity...
  ✓ SSH trust ready
Setting up SSH trust: edge-host-1 → ubuntu@10.22.132.170
  Adding public key to destination's authorized_keys...
  Testing SSH connectivity...
  ✓ SSH trust ready
[00:24:20] Step 7: Unpacking on destination...
[00:24:20] Step 8: Preparing restore environment...
[00:24:21] Step 9: Restoring client (--tcp-established)...
[00:24:21] Step 10: Verifying connection continuity...
[00:24:25]   Client output (tail): PP 7 -> 7
[00:24:25]   Server connections so far: 1
[00:24:25] ✓ SUCCESS: Client restored and TCP socket appears established
[00:24:25] Metrics saved to /home/ivo/Documents/University/4to/Thesis-AAAAAAAa/Container-vs-Wasm-Service-Migration/Network-live-migration/metrics/migration_metrics.csv
[exit=0]

$ python3 /home/ivo/Documents/University/4to/Thesis-AAAAAAAa/Container-vs-Wasm-Service-Migration/Network-live-migration/scripts/setup/reset_nodes.py edge-node-1 edge-node-2 edge-host-1
[00:24:27] Resetting nodes: edge-node-1 -> edge-node-2 (server: edge-host-1, vip: 10.22.132.250)
[00:24:27] Step 1: Killing any existing processes on source...
[00:24:27]   Killing PID 98659 (from /home/ubuntu/tcp_client.pid)
[00:24:28]   Killing PID 98659 (from /home/ubuntu/client.pid)
[00:24:28]   Killing any remaining background processes...
[00:24:31] Step 2: Cleaning source node...
[00:24:33] Step 3: Cleaning destination node...
[00:24:33]   Killing PID 98659 on destination (from /home/ubuntu/tcp_client.pid)
[00:24:34]   Killing PID 98659 on destination (from /home/ubuntu/client.pid)
[00:24:35]   Killing all remaining TCP processes on destination...
[00:24:39] Step 4: Cleaning server node (edge-host-1)...
[00:24:39]   Killing PID 36002 on server (from /home/ubuntu/tcp_server.pid)
[00:24:43] ✓ Reset complete, nodes are clean
[00:24:43]   Next: Start your application
[exit=0]

$ bash /home/ivo/Documents/University/4to/Thesis-AAAAAAAa/Container-vs-Wasm-Service-Migration/Network-live-migration/scripts/workloads/start_tcp_server.sh edge-host-1 5000
[tcp-server] Transferring tcp-howto.c to edge-host-1...
[tcp-server] Compiling on edge-host-1...
[tcp-server] Starting on edge-host-1 (port 5000)...
[tcp-server] Waiting for listen...
✓ TCP server listening on edge-host-1:5000
[tcp-server] Logs: multipass exec edge-host-1 -- tail -f /home/ubuntu/tcp_server.out
[exit=0]

$ bash /home/ivo/Documents/University/4to/Thesis-AAAAAAAa/Container-vs-Wasm-Service-Migration/Network-live-migration/scripts/workloads/start_tcp_client.sh edge-node-1 edge-host-1 5000
[tcp-client] Server endpoint: 10.22.132.136:5000
[tcp-client] Client VIP: 10.22.132.250
[tcp-client] Transferring tcp-howto.c to edge-node-1...
[tcp-client] Compiling on edge-node-1...
[tcp-client] Ensuring VIP 10.22.132.250 is present on edge-node-1...
ARPING 10.22.132.250 from 10.22.132.250 ens3
Sent 3 probes (3 broadcast(s))
Received 0 response(s)
[tcp-client] Starting on edge-node-1...
[tcp-client] Waiting for established TCP connection...
✓ TCP client connected (PID: 100977)
[tcp-client] Logs: multipass exec edge-node-1 -- tail -f /home/ubuntu/tcp_client.out
[exit=0]

$ python3 /home/ivo/Documents/University/4to/Thesis-AAAAAAAa/Container-vs-Wasm-Service-Migration/Network-live-migration/scripts/orchestrators/tcp_client_benchmark.py precopy --source edge-node-1 --dest edge-node-2 --server edge-host-1 --transfer-mode direct --run-id 12-04-2026-direct-precopy-0000 --csv /home/ivo/Documents/University/4to/Thesis-AAAAAAAa/Container-vs-Wasm-Service-Migration/Network-live-migration/metrics/migration_metrics.csv --iterations 2
[00:24:53] === TCP CLIENT MIGRATION ===
[00:24:53] Run ID: 12-04-2026-direct-precopy-0000
[00:24:53] Source: edge-node-1, Dest: edge-node-2
[00:24:53] Server: edge-host-1
[00:24:53] Transfer mode: direct

[00:24:53] === TCP CLIENT PRE-COPY MIGRATION (2 iterations) ===
[00:24:53] Step 1: Checking source client process...
[00:24:54]   Using PID from /home/ubuntu/tcp_client.pid: 100977
[00:24:54]   Server connections so far: 1
[00:24:55] Step 2: Preparing CRIU directory...
[00:24:55] Step 3: Running 2 pre-dumps (client keeps running)...
[00:24:56]   Pre-dump 1/2 complete
[00:24:57]   Pre-dump 2/2 complete
[00:24:58] Step 4: Final dump (freezing client)...
[00:24:58] Step 4.5: Moving VIP to destination...
[00:24:59]   Moving VIP 10.22.132.250 from edge-node-1:ens3 -> edge-node-2:ens3
[00:25:04] Step 5: Creating archive...
[00:25:04] Step 6: Transferring archive...
[00:25:04]   Setting up direct SSH trust...
Setting up SSH trust: edge-node-1 → ubuntu@10.22.132.170
  Adding public key to destination's authorized_keys...
  Testing SSH connectivity...
  ✓ SSH trust ready
Setting up SSH trust: edge-node-1 → ubuntu@10.22.132.170
  Adding public key to destination's authorized_keys...
  Testing SSH connectivity...
  ✓ SSH trust ready
  Transferring /home/ubuntu/CRIU-tcp-client.tar.gz via SCP...
[00:25:09] Step 7: Unpacking on destination...
[00:25:09] Step 8: Preparing restore environment...
[00:25:10] Step 9: Restoring client (--tcp-established)...
[00:25:10] Step 10: Verifying connection continuity...
[00:25:14]   Client output (tail): PP 7 -> 7
[00:25:14]   Server connections so far: 1
[00:25:14] ✓ SUCCESS: Client restored and TCP socket appears established
[00:25:14] Metrics saved to /home/ivo/Documents/University/4to/Thesis-AAAAAAAa/Container-vs-Wasm-Service-Migration/Network-live-migration/metrics/migration_metrics.csv
[exit=0]

$ python3 /home/ivo/Documents/University/4to/Thesis-AAAAAAAa/Container-vs-Wasm-Service-Migration/Network-live-migration/scripts/setup/reset_nodes.py edge-node-1 edge-node-2 edge-host-1
[00:25:15] Resetting nodes: edge-node-1 -> edge-node-2 (server: edge-host-1, vip: 10.22.132.250)
[00:25:15] Step 1: Killing any existing processes on source...
[00:25:16]   Killing PID 100977 (from /home/ubuntu/tcp_client.pid)
[00:25:16]   Killing PID 100977 (from /home/ubuntu/client.pid)
[00:25:17]   Killing any remaining background processes...
[00:25:19] Step 2: Cleaning source node...
[00:25:21] Step 3: Cleaning destination node...
[00:25:21]   Killing PID 100977 on destination (from /home/ubuntu/tcp_client.pid)
[00:25:22]   Killing PID 100977 on destination (from /home/ubuntu/client.pid)
[00:25:23]   Killing all remaining TCP processes on destination...
[00:25:27] Step 4: Cleaning server node (edge-host-1)...
[00:25:27]   Killing PID 37894 on server (from /home/ubuntu/tcp_server.pid)
[00:25:31] ✓ Reset complete, nodes are clean
[00:25:31]   Next: Start your application
[exit=0]

$ bash /home/ivo/Documents/University/4to/Thesis-AAAAAAAa/Container-vs-Wasm-Service-Migration/Network-live-migration/scripts/workloads/start_tcp_server.sh edge-host-1 5000
[tcp-server] Transferring tcp-howto.c to edge-host-1...
[tcp-server] Compiling on edge-host-1...
[tcp-server] Starting on edge-host-1 (port 5000)...
[tcp-server] Waiting for listen...
✓ TCP server listening on edge-host-1:5000
[tcp-server] Logs: multipass exec edge-host-1 -- tail -f /home/ubuntu/tcp_server.out
[exit=0]

$ bash /home/ivo/Documents/University/4to/Thesis-AAAAAAAa/Container-vs-Wasm-Service-Migration/Network-live-migration/scripts/workloads/start_tcp_client.sh edge-node-1 edge-host-1 5000
[tcp-client] Server endpoint: 10.22.132.136:5000
[tcp-client] Client VIP: 10.22.132.250
[tcp-client] Transferring tcp-howto.c to edge-node-1...
[tcp-client] Compiling on edge-node-1...
[tcp-client] Ensuring VIP 10.22.132.250 is present on edge-node-1...
ARPING 10.22.132.250 from 10.22.132.250 ens3
Sent 3 probes (3 broadcast(s))
Received 0 response(s)
[tcp-client] Starting on edge-node-1...
[tcp-client] Waiting for established TCP connection...
✓ TCP client connected (PID: 103351)
[tcp-client] Logs: multipass exec edge-node-1 -- tail -f /home/ubuntu/tcp_client.out
[exit=0]

$ python3 /home/ivo/Documents/University/4to/Thesis-AAAAAAAa/Container-vs-Wasm-Service-Migration/Network-live-migration/scripts/orchestrators/tcp_client_benchmark.py postcopy --source edge-node-1 --dest edge-node-2 --server edge-host-1 --transfer-mode host --run-id 12-04-2026-host-postcopy-0000 --csv /home/ivo/Documents/University/4to/Thesis-AAAAAAAa/Container-vs-Wasm-Service-Migration/Network-live-migration/metrics/migration_metrics.csv --relay-node edge-host-1 --page-server-port 9999
[00:25:41] === TCP CLIENT MIGRATION ===
[00:25:41] Run ID: 12-04-2026-host-postcopy-0000
[00:25:41] Source: edge-node-1, Dest: edge-node-2
[00:25:41] Server: edge-host-1
[00:25:41] Transfer mode: host
[00:25:41] Relay node: edge-host-1

[00:25:41] === TCP CLIENT POST-COPY (LAZY-PAGES) MIGRATION ===
[00:25:41] Step 1: Checking source client process...
[00:25:42]   Using PID from /home/ubuntu/tcp_client.pid: 103351
[00:25:43]   Server connections so far: 1
[00:25:44]   Page-server endpoint: 10.22.132.11:9999
[00:25:44] Step 2: Final dump (freezing client) with --lazy-pages...
[00:25:44]   Dump PID: 103883
[00:25:44]   Final dump time (freeze duration): 724 ms
[00:25:44] Step 2.5: Moving VIP to destination...
[00:25:45]   Moving VIP 10.22.132.250 from edge-node-1:ens3 -> edge-node-2:ens3
[00:25:50] Step 3: Creating archive...
[00:25:51] Step 4: Transferring archive...
  Transferring /home/ubuntu/CRIU-tcp-client.tar.gz via relay node edge-host-1...
Setting up SSH trust: edge-node-1 → ubuntu@10.22.132.136
  Adding public key to destination's authorized_keys...
  Testing SSH connectivity...
  ✓ SSH trust ready
Setting up SSH trust: edge-host-1 → ubuntu@10.22.132.170
  Adding public key to destination's authorized_keys...
  Testing SSH connectivity...
  ✓ SSH trust ready
[00:25:56] Step 5: Unpacking on destination...
[00:25:57] Step 6: Starting lazy-pages daemon on destination...
[00:25:58] Step 7: Restoring client...
[00:25:59] Step 8: Verifying connection continuity...
[00:26:02]   Client output (tail): PP 6 -> 6
[00:26:03]   Server connections so far: 1
[00:26:03] ✓ SUCCESS: Client restored and TCP socket appears established
[00:26:03] Metrics saved to /home/ivo/Documents/University/4to/Thesis-AAAAAAAa/Container-vs-Wasm-Service-Migration/Network-live-migration/metrics/migration_metrics.csv
[exit=0]

$ python3 /home/ivo/Documents/University/4to/Thesis-AAAAAAAa/Container-vs-Wasm-Service-Migration/Network-live-migration/scripts/setup/reset_nodes.py edge-node-1 edge-node-2 edge-host-1
[00:26:04] Resetting nodes: edge-node-1 -> edge-node-2 (server: edge-host-1, vip: 10.22.132.250)
[00:26:04] Step 1: Killing any existing processes on source...
[00:26:05]   Killing PID 103351 (from /home/ubuntu/tcp_client.pid)
[00:26:06]   Killing PID 103351 (from /home/ubuntu/client.pid)
[00:26:06]   Killing any remaining background processes...
[00:26:08] Step 2: Cleaning source node...
[00:26:10] Step 3: Cleaning destination node...
[00:26:10]   Killing PID 103351 on destination (from /home/ubuntu/tcp_client.pid)
[00:26:11]   Killing PID 103351 on destination (from /home/ubuntu/client.pid)
[00:26:12]   Killing all remaining TCP processes on destination...
[00:26:16] Step 4: Cleaning server node (edge-host-1)...
[00:26:16]   Killing PID 39212 on server (from /home/ubuntu/tcp_server.pid)
[00:26:20] ✓ Reset complete, nodes are clean
[00:26:20]   Next: Start your application
[exit=0]

$ bash /home/ivo/Documents/University/4to/Thesis-AAAAAAAa/Container-vs-Wasm-Service-Migration/Network-live-migration/scripts/workloads/start_tcp_server.sh edge-host-1 5000
[tcp-server] Transferring tcp-howto.c to edge-host-1...
[tcp-server] Compiling on edge-host-1...
[tcp-server] Starting on edge-host-1 (port 5000)...
[tcp-server] Waiting for listen...
✓ TCP server listening on edge-host-1:5000
[tcp-server] Logs: multipass exec edge-host-1 -- tail -f /home/ubuntu/tcp_server.out
[exit=0]

$ bash /home/ivo/Documents/University/4to/Thesis-AAAAAAAa/Container-vs-Wasm-Service-Migration/Network-live-migration/scripts/workloads/start_tcp_client.sh edge-node-1 edge-host-1 5000
[tcp-client] Server endpoint: 10.22.132.136:5000
[tcp-client] Client VIP: 10.22.132.250
[tcp-client] Transferring tcp-howto.c to edge-node-1...
[tcp-client] Compiling on edge-node-1...
[tcp-client] Ensuring VIP 10.22.132.250 is present on edge-node-1...
ARPING 10.22.132.250 from 10.22.132.250 ens3
Sent 3 probes (3 broadcast(s))
Received 0 response(s)
[tcp-client] Starting on edge-node-1...
[tcp-client] Waiting for established TCP connection...
✓ TCP client connected (PID: 105613)
[tcp-client] Logs: multipass exec edge-node-1 -- tail -f /home/ubuntu/tcp_client.out
[exit=0]

$ python3 /home/ivo/Documents/University/4to/Thesis-AAAAAAAa/Container-vs-Wasm-Service-Migration/Network-live-migration/scripts/orchestrators/tcp_client_benchmark.py postcopy --source edge-node-1 --dest edge-node-2 --server edge-host-1 --transfer-mode direct --run-id 12-04-2026-direct-postcopy-0000 --csv /home/ivo/Documents/University/4to/Thesis-AAAAAAAa/Container-vs-Wasm-Service-Migration/Network-live-migration/metrics/migration_metrics.csv --page-server-port 9999
[00:26:30] === TCP CLIENT MIGRATION ===
[00:26:30] Run ID: 12-04-2026-direct-postcopy-0000
[00:26:30] Source: edge-node-1, Dest: edge-node-2
[00:26:30] Server: edge-host-1
[00:26:30] Transfer mode: direct

[00:26:30] === TCP CLIENT POST-COPY (LAZY-PAGES) MIGRATION ===
[00:26:30] Step 1: Checking source client process...
[00:26:30]   Using PID from /home/ubuntu/tcp_client.pid: 105613
[00:26:31]   Server connections so far: 1
[00:26:32]   Page-server endpoint: 10.22.132.11:9999
[00:26:32] Step 2: Final dump (freezing client) with --lazy-pages...
[00:26:33]   Dump PID: 106146
[00:26:33]   Final dump time (freeze duration): 734 ms
[00:26:33] Step 2.5: Moving VIP to destination...
[00:26:34]   Moving VIP 10.22.132.250 from edge-node-1:ens3 -> edge-node-2:ens3
[00:26:39] Step 3: Creating archive...
[00:26:39] Step 4: Transferring archive...
[00:26:39]   Setting up direct SSH trust...
Setting up SSH trust: edge-node-1 → ubuntu@10.22.132.170
  Adding public key to destination's authorized_keys...
  Testing SSH connectivity...
  ✓ SSH trust ready
Setting up SSH trust: edge-node-1 → ubuntu@10.22.132.170
  Adding public key to destination's authorized_keys...
  Testing SSH connectivity...
  ✓ SSH trust ready
  Transferring /home/ubuntu/CRIU-tcp-client.tar.gz via SCP...
[00:26:44] Step 5: Unpacking on destination...
[00:26:45] Step 6: Starting lazy-pages daemon on destination...
[00:26:45] Step 7: Restoring client...
[00:26:46] Step 8: Verifying connection continuity...
[00:26:49]   Client output (tail): PP 5 -> 5
[00:26:50]   Server connections so far: 1
[00:26:50] ✓ SUCCESS: Client restored and TCP socket appears established
[00:26:51] Metrics saved to /home/ivo/Documents/University/4to/Thesis-AAAAAAAa/Container-vs-Wasm-Service-Migration/Network-live-migration/metrics/migration_metrics.csv
[exit=0]
