
$ python3 /home/ivo/Documents/University/4to/Thesis-AAAAAAAa/Container-vs-Wasm-Service-Migration/Network-live-migration/scripts/setup/reset_nodes.py edge-node-1 edge-node-2 edge-host-1 10.22.132.250
[21:50:53] Resetting nodes: edge-node-1 -> edge-node-2 (server: edge-host-1, vip: 10.22.132.250)
[21:50:53] Step 1: Killing any existing processes on source...
[21:50:53]   Killing PID 2101243 (from /home/ubuntu/tcp_client.pid)
[21:50:54]   Killing PID 2101243 (from /home/ubuntu/client.pid)
[21:50:55]   Killing any remaining background processes...
[21:50:56] Step 2: Cleaning source node...
[21:50:58] Step 3: Cleaning destination node...
[21:50:58]   Killing all remaining TCP processes on destination...
[21:51:02] Step 4: Cleaning server node (edge-host-1)...
[21:51:02]   Killing PID 558933 on server (from /home/ubuntu/tcp_server.pid)
[21:51:05] ✓ Reset complete, nodes are clean
[21:51:05]   Next: Start your application
[exit=0]

$ bash /home/ivo/Documents/University/4to/Thesis-AAAAAAAa/Container-vs-Wasm-Service-Migration/Network-live-migration/scripts/workloads/start_tcp_server.sh edge-host-1 5000
[tcp-server] Transferring tcp-howto.c to edge-host-1...
[tcp-server] Compiling on edge-host-1...
[tcp-server] Starting on edge-host-1 (port 5000)...
[tcp-server] Waiting for listen...
✓ TCP server listening on edge-host-1:5000
[tcp-server] Logs: multipass exec edge-host-1 -- tail -f /home/ubuntu/tcp_server.out
[exit=0]

$ bash /home/ivo/Documents/University/4to/Thesis-AAAAAAAa/Container-vs-Wasm-Service-Migration/Network-live-migration/scripts/workloads/start_tcp_client.sh edge-node-1 edge-host-1 5000
[tcp-client] Server endpoint: 10.22.132.176:5000
[tcp-client] Client VIP: 10.22.132.250
[tcp-client] Transferring tcp-howto.c to edge-node-1...
[tcp-client] Compiling on edge-node-1...
[tcp-client] Ensuring VIP 10.22.132.250 is present on edge-node-1...
ARPING 10.22.132.250 from 10.22.132.250 ens3
Sent 3 probes (3 broadcast(s))
Received 0 response(s)
[tcp-client] Starting on edge-node-1...
[tcp-client] Waiting for established TCP connection...
✓ TCP client connected (PID: 2561221)
[tcp-client] Logs: multipass exec edge-node-1 -- tail -f /home/ubuntu/tcp_client.out
[exit=0]

$ python3 /home/ivo/Documents/University/4to/Thesis-AAAAAAAa/Container-vs-Wasm-Service-Migration/Network-live-migration/scripts/orchestrators/tcp_client_benchmark.py cold --source edge-node-1 --dest edge-node-2 --server edge-host-1 --transfer-mode host --run-id 22-04-2026-host-cold-0020 --csv /home/ivo/Documents/University/4to/Thesis-AAAAAAAa/Container-vs-Wasm-Service-Migration/Network-live-migration/metrics/migration_metrics.csv --profile-name SMOKE-2026-04-22 --relay-node edge-host-1
[21:51:15] === TCP CLIENT MIGRATION ===
[21:51:15] Run ID: 22-04-2026-host-cold-0020
[21:51:15] Source: edge-node-1, Dest: edge-node-2
[21:51:15] Server: edge-host-1
[21:51:15] Transfer mode: host
[21:51:15] Relay node: edge-host-1

[21:51:15] === TCP CLIENT COLD MIGRATION ===
[21:51:15] Step 1: Checking source client process...
[21:51:16]   Using PID from /home/ubuntu/tcp_client.pid: 2561221
[21:51:17]   Server connections so far: 1
[21:51:17] Step 2: Dumping client with CRIU (--tcp-established)...
[21:51:18] Step 2.5: Moving VIP to destination...
[21:51:18]   Moving VIP 10.22.132.250 from edge-node-1:ens3 -> edge-node-2:ens3
[21:51:23] Step 3: Creating archive...
[21:51:24] Step 4: Transferring archive...
  Transferring /home/ubuntu/CRIU-tcp-client.tar.gz via relay node edge-host-1...
Setting up SSH trust: edge-node-1 → ubuntu@10.22.132.176
  Adding public key to destination's authorized_keys...
  Testing SSH connectivity...
  ✓ SSH trust ready
Setting up SSH trust: edge-host-1 → ubuntu@10.22.132.239
  Adding public key to destination's authorized_keys...
  Testing SSH connectivity...
  ✓ SSH trust ready
[21:51:30] Step 5: Unpacking on destination...
[21:51:31] Step 6: Preparing restore environment...
[21:51:31] Step 7: Restoring client with CRIU (--tcp-established)...
[21:51:32]   Restored PID: 2561221
[21:51:32] Step 8: Verifying connection continuity...
[21:51:35]   Client output (tail): PP 5 -> 5
[21:51:36]   Server connections so far: 1
[21:51:36] ✓ SUCCESS: Client restored and TCP socket appears established
[21:51:36] Total downtime: 7163 ms
[21:51:36] Metrics saved to /home/ivo/Documents/University/4to/Thesis-AAAAAAAa/Container-vs-Wasm-Service-Migration/Network-live-migration/metrics/migration_metrics.csv
[exit=0]

$ python3 /home/ivo/Documents/University/4to/Thesis-AAAAAAAa/Container-vs-Wasm-Service-Migration/Network-live-migration/scripts/setup/reset_nodes.py edge-node-1 edge-node-2 edge-host-1 10.22.132.250
[21:51:37] Resetting nodes: edge-node-1 -> edge-node-2 (server: edge-host-1, vip: 10.22.132.250)
[21:51:37] Step 1: Killing any existing processes on source...
[21:51:37]   Killing PID 2561221 (from /home/ubuntu/tcp_client.pid)
[21:51:38]   Killing PID 2561221 (from /home/ubuntu/client.pid)
[21:51:38]   Killing any remaining background processes...
[21:51:40] Step 2: Cleaning source node...
[21:51:42] Step 3: Cleaning destination node...
[21:51:42]   Killing PID 2561221 on destination (from /home/ubuntu/tcp_client.pid)
[21:51:43]   Killing PID 2561221 on destination (from /home/ubuntu/client.pid)
[21:51:43]   Killing all remaining TCP processes on destination...
[21:51:47] Step 4: Cleaning server node (edge-host-1)...
[21:51:47]   Killing PID 635684 on server (from /home/ubuntu/tcp_server.pid)
[21:51:49] ✓ Reset complete, nodes are clean
[21:51:49]   Next: Start your application
[exit=0]

$ bash /home/ivo/Documents/University/4to/Thesis-AAAAAAAa/Container-vs-Wasm-Service-Migration/Network-live-migration/scripts/workloads/start_tcp_server.sh edge-host-1 5000
[tcp-server] Transferring tcp-howto.c to edge-host-1...
[tcp-server] Compiling on edge-host-1...
[tcp-server] Starting on edge-host-1 (port 5000)...
[tcp-server] Waiting for listen...
✓ TCP server listening on edge-host-1:5000
[tcp-server] Logs: multipass exec edge-host-1 -- tail -f /home/ubuntu/tcp_server.out
[exit=0]

$ bash /home/ivo/Documents/University/4to/Thesis-AAAAAAAa/Container-vs-Wasm-Service-Migration/Network-live-migration/scripts/workloads/start_tcp_client.sh edge-node-1 edge-host-1 5000
[tcp-client] Server endpoint: 10.22.132.176:5000
[tcp-client] Client VIP: 10.22.132.250
[tcp-client] Transferring tcp-howto.c to edge-node-1...
[tcp-client] Compiling on edge-node-1...
[tcp-client] Ensuring VIP 10.22.132.250 is present on edge-node-1...
ARPING 10.22.132.250 from 10.22.132.250 ens3
Sent 3 probes (3 broadcast(s))
Received 0 response(s)
[tcp-client] Starting on edge-node-1...
[tcp-client] Waiting for established TCP connection...
✓ TCP client connected (PID: 2563246)
[tcp-client] Logs: multipass exec edge-node-1 -- tail -f /home/ubuntu/tcp_client.out
[exit=0]

$ python3 /home/ivo/Documents/University/4to/Thesis-AAAAAAAa/Container-vs-Wasm-Service-Migration/Network-live-migration/scripts/orchestrators/tcp_client_benchmark.py cold --source edge-node-1 --dest edge-node-2 --server edge-host-1 --transfer-mode direct --run-id 22-04-2026-direct-cold-0020 --csv /home/ivo/Documents/University/4to/Thesis-AAAAAAAa/Container-vs-Wasm-Service-Migration/Network-live-migration/metrics/migration_metrics.csv --profile-name SMOKE-2026-04-22
[21:51:59] === TCP CLIENT MIGRATION ===
[21:51:59] Run ID: 22-04-2026-direct-cold-0020
[21:51:59] Source: edge-node-1, Dest: edge-node-2
[21:51:59] Server: edge-host-1
[21:51:59] Transfer mode: direct

[21:51:59] === TCP CLIENT COLD MIGRATION ===
[21:51:59] Step 1: Checking source client process...
[21:52:00]   Using PID from /home/ubuntu/tcp_client.pid: 2563246
[21:52:01]   Server connections so far: 1
[21:52:01] Step 2: Dumping client with CRIU (--tcp-established)...
[21:52:02] Step 2.5: Moving VIP to destination...
[21:52:02]   Moving VIP 10.22.132.250 from edge-node-1:ens3 -> edge-node-2:ens3
[21:52:07] Step 3: Creating archive...
[21:52:08] Step 4: Transferring archive...
[21:52:08]   Setting up direct SSH trust...
Setting up SSH trust: edge-node-1 → ubuntu@10.22.132.239
  Adding public key to destination's authorized_keys...
  Testing SSH connectivity...
  ✓ SSH trust ready
Setting up SSH trust: edge-node-1 → ubuntu@10.22.132.239
  Adding public key to destination's authorized_keys...
  Testing SSH connectivity...
  ✓ SSH trust ready
  Transferring /home/ubuntu/CRIU-tcp-client.tar.gz via SCP...
[21:52:13] Step 5: Unpacking on destination...
[21:52:13] Step 6: Preparing restore environment...
[21:52:14] Step 7: Restoring client with CRIU (--tcp-established)...
[21:52:15]   Restored PID: 2563246
[21:52:15] Step 8: Verifying connection continuity...
[21:52:18]   Client output (tail): PP 5 -> 5
[21:52:19]   Server connections so far: 1
[21:52:19] ✓ SUCCESS: Client restored and TCP socket appears established
[21:52:19] Total downtime: 3967 ms
[21:52:19] Metrics saved to /home/ivo/Documents/University/4to/Thesis-AAAAAAAa/Container-vs-Wasm-Service-Migration/Network-live-migration/metrics/migration_metrics.csv
[exit=0]

$ python3 /home/ivo/Documents/University/4to/Thesis-AAAAAAAa/Container-vs-Wasm-Service-Migration/Network-live-migration/scripts/setup/reset_nodes.py edge-node-1 edge-node-2 edge-host-1 10.22.132.250
[21:52:20] Resetting nodes: edge-node-1 -> edge-node-2 (server: edge-host-1, vip: 10.22.132.250)
[21:52:20] Step 1: Killing any existing processes on source...
[21:52:20]   Killing PID 2563246 (from /home/ubuntu/tcp_client.pid)
[21:52:21]   Killing PID 2563246 (from /home/ubuntu/client.pid)
[21:52:22]   Killing any remaining background processes...
[21:52:23] Step 2: Cleaning source node...
[21:52:25] Step 3: Cleaning destination node...
[21:52:25]   Killing PID 2563246 on destination (from /home/ubuntu/tcp_client.pid)
[21:52:26]   Killing PID 2563246 on destination (from /home/ubuntu/client.pid)
[21:52:27]   Killing all remaining TCP processes on destination...
[21:52:30] Step 4: Cleaning server node (edge-host-1)...
[21:52:30]   Killing PID 637319 on server (from /home/ubuntu/tcp_server.pid)
[21:52:33] ✓ Reset complete, nodes are clean
[21:52:33]   Next: Start your application
[exit=0]

$ bash /home/ivo/Documents/University/4to/Thesis-AAAAAAAa/Container-vs-Wasm-Service-Migration/Network-live-migration/scripts/workloads/start_tcp_server.sh edge-host-1 5000
[tcp-server] Transferring tcp-howto.c to edge-host-1...
[tcp-server] Compiling on edge-host-1...
[tcp-server] Starting on edge-host-1 (port 5000)...
[tcp-server] Waiting for listen...
✓ TCP server listening on edge-host-1:5000
[tcp-server] Logs: multipass exec edge-host-1 -- tail -f /home/ubuntu/tcp_server.out
[exit=0]

$ bash /home/ivo/Documents/University/4to/Thesis-AAAAAAAa/Container-vs-Wasm-Service-Migration/Network-live-migration/scripts/workloads/start_tcp_client.sh edge-node-1 edge-host-1 5000
[tcp-client] Server endpoint: 10.22.132.176:5000
[tcp-client] Client VIP: 10.22.132.250
[tcp-client] Transferring tcp-howto.c to edge-node-1...
[tcp-client] Compiling on edge-node-1...
[tcp-client] Ensuring VIP 10.22.132.250 is present on edge-node-1...
ARPING 10.22.132.250 from 10.22.132.250 ens3
Sent 3 probes (3 broadcast(s))
Received 0 response(s)
[tcp-client] Starting on edge-node-1...
[tcp-client] Waiting for established TCP connection...
✓ TCP client connected (PID: 2565377)
[tcp-client] Logs: multipass exec edge-node-1 -- tail -f /home/ubuntu/tcp_client.out
[exit=0]

$ python3 /home/ivo/Documents/University/4to/Thesis-AAAAAAAa/Container-vs-Wasm-Service-Migration/Network-live-migration/scripts/orchestrators/tcp_client_benchmark.py precopy --source edge-node-1 --dest edge-node-2 --server edge-host-1 --transfer-mode host --run-id 22-04-2026-host-precopy-0020 --csv /home/ivo/Documents/University/4to/Thesis-AAAAAAAa/Container-vs-Wasm-Service-Migration/Network-live-migration/metrics/migration_metrics.csv --profile-name SMOKE-2026-04-22 --relay-node edge-host-1 --iterations 1
[21:52:43] === TCP CLIENT MIGRATION ===
[21:52:43] Run ID: 22-04-2026-host-precopy-0020
[21:52:43] Source: edge-node-1, Dest: edge-node-2
[21:52:43] Server: edge-host-1
[21:52:43] Transfer mode: host
[21:52:43] Relay node: edge-host-1

[21:52:43] === TCP CLIENT PRE-COPY MIGRATION (1 iterations) ===
[21:52:43] Step 1: Checking source client process...
[21:52:44]   Using PID from /home/ubuntu/tcp_client.pid: 2565377
[21:52:44]   Server connections so far: 1
[21:52:45] Step 2: Preparing CRIU directory...
[21:52:45] Step 3: Running 1 pre-dumps (client keeps running)...
[21:52:46]   Pre-dump 1/1 complete
[21:52:47] Step 4: Final dump (freezing client)...
[21:52:47] Step 4.5: Moving VIP to destination...
[21:52:48]   Moving VIP 10.22.132.250 from edge-node-1:ens3 -> edge-node-2:ens3
[21:52:52] Step 5: Creating archive...
[21:52:53] Step 6: Transferring archive...
  Transferring /home/ubuntu/CRIU-tcp-client.tar.gz via relay node edge-host-1...
Setting up SSH trust: edge-node-1 → ubuntu@10.22.132.176
  Adding public key to destination's authorized_keys...
  Testing SSH connectivity...
  ✓ SSH trust ready
Setting up SSH trust: edge-host-1 → ubuntu@10.22.132.239
  Adding public key to destination's authorized_keys...
  Testing SSH connectivity...
  ✓ SSH trust ready
[21:53:00] Step 7: Unpacking on destination...
[21:53:00] Step 8: Preparing restore environment...
[21:53:01] Step 9: Restoring client (--tcp-established)...
[21:53:02] Step 10: Verifying connection continuity...
[21:53:05]   Client output (tail): PP 6 -> 6
[21:53:06]   Server connections so far: 1
[21:53:06] ✓ SUCCESS: Client restored and TCP socket appears established
[21:53:06] Metrics saved to /home/ivo/Documents/University/4to/Thesis-AAAAAAAa/Container-vs-Wasm-Service-Migration/Network-live-migration/metrics/migration_metrics.csv
[exit=0]

$ python3 /home/ivo/Documents/University/4to/Thesis-AAAAAAAa/Container-vs-Wasm-Service-Migration/Network-live-migration/scripts/setup/reset_nodes.py edge-node-1 edge-node-2 edge-host-1 10.22.132.250
[21:53:07] Resetting nodes: edge-node-1 -> edge-node-2 (server: edge-host-1, vip: 10.22.132.250)
[21:53:07] Step 1: Killing any existing processes on source...
[21:53:07]   Killing PID 2565377 (from /home/ubuntu/tcp_client.pid)
[21:53:08]   Killing PID 2565377 (from /home/ubuntu/client.pid)
[21:53:08]   Killing any remaining background processes...
[21:53:10] Step 2: Cleaning source node...
[21:53:12] Step 3: Cleaning destination node...
[21:53:12]   Killing PID 2565377 on destination (from /home/ubuntu/tcp_client.pid)
[21:53:13]   Killing PID 2565377 on destination (from /home/ubuntu/client.pid)
[21:53:13]   Killing all remaining TCP processes on destination...
[21:53:17] Step 4: Cleaning server node (edge-host-1)...
[21:53:18]   Killing PID 638432 on server (from /home/ubuntu/tcp_server.pid)
[21:53:20] ✓ Reset complete, nodes are clean
[21:53:20]   Next: Start your application
[exit=0]

$ bash /home/ivo/Documents/University/4to/Thesis-AAAAAAAa/Container-vs-Wasm-Service-Migration/Network-live-migration/scripts/workloads/start_tcp_server.sh edge-host-1 5000
[tcp-server] Transferring tcp-howto.c to edge-host-1...
[tcp-server] Compiling on edge-host-1...
[tcp-server] Starting on edge-host-1 (port 5000)...
[tcp-server] Waiting for listen...
✓ TCP server listening on edge-host-1:5000
[tcp-server] Logs: multipass exec edge-host-1 -- tail -f /home/ubuntu/tcp_server.out
[exit=0]

$ bash /home/ivo/Documents/University/4to/Thesis-AAAAAAAa/Container-vs-Wasm-Service-Migration/Network-live-migration/scripts/workloads/start_tcp_client.sh edge-node-1 edge-host-1 5000
[tcp-client] Server endpoint: 10.22.132.176:5000
[tcp-client] Client VIP: 10.22.132.250
[tcp-client] Transferring tcp-howto.c to edge-node-1...
[tcp-client] Compiling on edge-node-1...
[tcp-client] Ensuring VIP 10.22.132.250 is present on edge-node-1...
ARPING 10.22.132.250 from 10.22.132.250 ens3
Sent 3 probes (3 broadcast(s))
Received 0 response(s)
[tcp-client] Starting on edge-node-1...
[tcp-client] Waiting for established TCP connection...
✓ TCP client connected (PID: 2567520)
[tcp-client] Logs: multipass exec edge-node-1 -- tail -f /home/ubuntu/tcp_client.out
[exit=0]

$ python3 /home/ivo/Documents/University/4to/Thesis-AAAAAAAa/Container-vs-Wasm-Service-Migration/Network-live-migration/scripts/orchestrators/tcp_client_benchmark.py precopy --source edge-node-1 --dest edge-node-2 --server edge-host-1 --transfer-mode direct --run-id 22-04-2026-direct-precopy-0014 --csv /home/ivo/Documents/University/4to/Thesis-AAAAAAAa/Container-vs-Wasm-Service-Migration/Network-live-migration/metrics/migration_metrics.csv --profile-name SMOKE-2026-04-22 --iterations 1
[21:53:30] === TCP CLIENT MIGRATION ===
[21:53:30] Run ID: 22-04-2026-direct-precopy-0014
[21:53:30] Source: edge-node-1, Dest: edge-node-2
[21:53:30] Server: edge-host-1
[21:53:30] Transfer mode: direct

[21:53:30] === TCP CLIENT PRE-COPY MIGRATION (1 iterations) ===
[21:53:30] Step 1: Checking source client process...
[21:53:31]   Using PID from /home/ubuntu/tcp_client.pid: 2567520
[21:53:32]   Server connections so far: 1
[21:53:33] Step 2: Preparing CRIU directory...
[21:53:33] Step 3: Running 1 pre-dumps (client keeps running)...
[21:53:33]   Pre-dump 1/1 complete
[21:53:34] Step 4: Final dump (freezing client)...
[21:53:35] Step 4.5: Moving VIP to destination...
[21:53:35]   Moving VIP 10.22.132.250 from edge-node-1:ens3 -> edge-node-2:ens3
[21:53:40] Step 5: Creating archive...
[21:53:41] Step 6: Transferring archive...
[21:53:41]   Setting up direct SSH trust...
Setting up SSH trust: edge-node-1 → ubuntu@10.22.132.239
  Adding public key to destination's authorized_keys...
  Testing SSH connectivity...
  ✓ SSH trust ready
Setting up SSH trust: edge-node-1 → ubuntu@10.22.132.239
  Adding public key to destination's authorized_keys...
  Testing SSH connectivity...
  ✓ SSH trust ready
  Transferring /home/ubuntu/CRIU-tcp-client.tar.gz via SCP...
[21:53:46] Step 7: Unpacking on destination...
[21:53:47] Step 8: Preparing restore environment...
[21:53:47] Step 9: Restoring client (--tcp-established)...
[21:53:48] Step 10: Verifying connection continuity...
[21:53:51]   Client output (tail): PP 6 -> 6
[21:53:52]   Server connections so far: 1
[21:53:52] ✓ SUCCESS: Client restored and TCP socket appears established
[21:53:52] Metrics saved to /home/ivo/Documents/University/4to/Thesis-AAAAAAAa/Container-vs-Wasm-Service-Migration/Network-live-migration/metrics/migration_metrics.csv
[exit=0]

$ python3 /home/ivo/Documents/University/4to/Thesis-AAAAAAAa/Container-vs-Wasm-Service-Migration/Network-live-migration/scripts/setup/reset_nodes.py edge-node-1 edge-node-2 edge-host-1 10.22.132.250
[21:53:53] Resetting nodes: edge-node-1 -> edge-node-2 (server: edge-host-1, vip: 10.22.132.250)
[21:53:53] Step 1: Killing any existing processes on source...
[21:53:53]   Killing PID 2567520 (from /home/ubuntu/tcp_client.pid)
[21:53:54]   Killing PID 2567520 (from /home/ubuntu/client.pid)
[21:53:55]   Killing any remaining background processes...
[21:53:56] Step 2: Cleaning source node...
[21:53:58] Step 3: Cleaning destination node...
[21:53:58]   Killing PID 2567520 on destination (from /home/ubuntu/tcp_client.pid)
[21:53:59]   Killing PID 2567520 on destination (from /home/ubuntu/client.pid)
[21:53:59]   Killing all remaining TCP processes on destination...
[21:54:03] Step 4: Cleaning server node (edge-host-1)...
[21:54:03]   Killing PID 640083 on server (from /home/ubuntu/tcp_server.pid)
[21:54:06] ✓ Reset complete, nodes are clean
[21:54:06]   Next: Start your application
[exit=0]

$ bash /home/ivo/Documents/University/4to/Thesis-AAAAAAAa/Container-vs-Wasm-Service-Migration/Network-live-migration/scripts/workloads/start_tcp_server.sh edge-host-1 5000
[tcp-server] Transferring tcp-howto.c to edge-host-1...
[tcp-server] Compiling on edge-host-1...
[tcp-server] Starting on edge-host-1 (port 5000)...
[tcp-server] Waiting for listen...
✓ TCP server listening on edge-host-1:5000
[tcp-server] Logs: multipass exec edge-host-1 -- tail -f /home/ubuntu/tcp_server.out
[exit=0]

$ bash /home/ivo/Documents/University/4to/Thesis-AAAAAAAa/Container-vs-Wasm-Service-Migration/Network-live-migration/scripts/workloads/start_tcp_client.sh edge-node-1 edge-host-1 5000
[tcp-client] Server endpoint: 10.22.132.176:5000
[tcp-client] Client VIP: 10.22.132.250
[tcp-client] Transferring tcp-howto.c to edge-node-1...
[tcp-client] Compiling on edge-node-1...
[tcp-client] Ensuring VIP 10.22.132.250 is present on edge-node-1...
ARPING 10.22.132.250 from 10.22.132.250 ens3
Sent 3 probes (3 broadcast(s))
Received 0 response(s)
[tcp-client] Starting on edge-node-1...
[tcp-client] Waiting for established TCP connection...
✓ TCP client connected (PID: 2569752)
[tcp-client] Logs: multipass exec edge-node-1 -- tail -f /home/ubuntu/tcp_client.out
[exit=0]

$ python3 /home/ivo/Documents/University/4to/Thesis-AAAAAAAa/Container-vs-Wasm-Service-Migration/Network-live-migration/scripts/orchestrators/tcp_client_benchmark.py postcopy --source edge-node-1 --dest edge-node-2 --server edge-host-1 --transfer-mode host --run-id 22-04-2026-host-postcopy-0000 --csv /home/ivo/Documents/University/4to/Thesis-AAAAAAAa/Container-vs-Wasm-Service-Migration/Network-live-migration/metrics/migration_metrics.csv --profile-name SMOKE-2026-04-22 --relay-node edge-host-1 --page-server-port 9999
[21:54:16] === TCP CLIENT MIGRATION ===
[21:54:16] Run ID: 22-04-2026-host-postcopy-0000
[21:54:16] Source: edge-node-1, Dest: edge-node-2
[21:54:16] Server: edge-host-1
[21:54:16] Transfer mode: host
[21:54:16] Relay node: edge-host-1

[21:54:16] === TCP CLIENT POST-COPY (LAZY-PAGES) MIGRATION ===
[21:54:16] Step 1: Checking source client process...
[21:54:16]   Using PID from /home/ubuntu/tcp_client.pid: 2569752
[21:54:17]   Server connections so far: 1
[21:54:19]   Page-server endpoint: 10.22.132.29:9999
[21:54:19] Step 2: Final dump (freezing client) with --lazy-pages...
[21:54:19]   Dump PID: 2570305
[21:54:19]   Final dump time (freeze duration): 772 ms
[21:54:19] Step 2.5: Moving VIP to destination...
[21:54:20]   Moving VIP 10.22.132.250 from edge-node-1:ens3 -> edge-node-2:ens3
[21:54:25] Step 3: Creating archive...
[21:54:26] Step 4: Transferring archive...
  Transferring /home/ubuntu/CRIU-tcp-client.tar.gz via relay node edge-host-1...
Setting up SSH trust: edge-node-1 → ubuntu@10.22.132.176
  Adding public key to destination's authorized_keys...
  Testing SSH connectivity...
  ✓ SSH trust ready
Setting up SSH trust: edge-host-1 → ubuntu@10.22.132.239
  Adding public key to destination's authorized_keys...
  Testing SSH connectivity...
  ✓ SSH trust ready
[21:54:33] Step 5: Unpacking on destination...
[21:54:34] Step 6: Starting lazy-pages daemon on destination...
[21:54:35] Step 7: Restoring client...
[21:54:36] Step 8: Verifying connection continuity...
[21:54:39]   Client output (tail): PP 6 -> 6
[21:54:40]   Server connections so far: 1
[21:54:40] ✓ SUCCESS: Client restored and TCP socket appears established
[21:54:41] Metrics saved to /home/ivo/Documents/University/4to/Thesis-AAAAAAAa/Container-vs-Wasm-Service-Migration/Network-live-migration/metrics/migration_metrics.csv
[exit=0]

$ python3 /home/ivo/Documents/University/4to/Thesis-AAAAAAAa/Container-vs-Wasm-Service-Migration/Network-live-migration/scripts/setup/reset_nodes.py edge-node-1 edge-node-2 edge-host-1 10.22.132.250
[21:54:42] Resetting nodes: edge-node-1 -> edge-node-2 (server: edge-host-1, vip: 10.22.132.250)
[21:54:42] Step 1: Killing any existing processes on source...
[21:54:42]   Killing PID 2569752 (from /home/ubuntu/tcp_client.pid)
[21:54:43]   Killing PID 2569752 (from /home/ubuntu/client.pid)
[21:54:44]   Killing any remaining background processes...
[21:54:45] Step 2: Cleaning source node...
[21:54:47] Step 3: Cleaning destination node...
[21:54:47]   Killing PID 2569752 on destination (from /home/ubuntu/tcp_client.pid)
[21:54:48]   Killing PID 2569752 on destination (from /home/ubuntu/client.pid)
[21:54:49]   Killing all remaining TCP processes on destination...
[21:54:52] Step 4: Cleaning server node (edge-host-1)...
[21:54:52]   Killing PID 641189 on server (from /home/ubuntu/tcp_server.pid)
[21:54:55] ✓ Reset complete, nodes are clean
[21:54:55]   Next: Start your application
[exit=0]

$ bash /home/ivo/Documents/University/4to/Thesis-AAAAAAAa/Container-vs-Wasm-Service-Migration/Network-live-migration/scripts/workloads/start_tcp_server.sh edge-host-1 5000
[tcp-server] Transferring tcp-howto.c to edge-host-1...
[tcp-server] Compiling on edge-host-1...
[tcp-server] Starting on edge-host-1 (port 5000)...
[tcp-server] Waiting for listen...
✓ TCP server listening on edge-host-1:5000
[tcp-server] Logs: multipass exec edge-host-1 -- tail -f /home/ubuntu/tcp_server.out
[exit=0]

$ bash /home/ivo/Documents/University/4to/Thesis-AAAAAAAa/Container-vs-Wasm-Service-Migration/Network-live-migration/scripts/workloads/start_tcp_client.sh edge-node-1 edge-host-1 5000
[tcp-client] Server endpoint: 10.22.132.176:5000
[tcp-client] Client VIP: 10.22.132.250
[tcp-client] Transferring tcp-howto.c to edge-node-1...
[tcp-client] Compiling on edge-node-1...
[tcp-client] Ensuring VIP 10.22.132.250 is present on edge-node-1...
ARPING 10.22.132.250 from 10.22.132.250 ens3
Sent 3 probes (3 broadcast(s))
Received 0 response(s)
[tcp-client] Starting on edge-node-1...
[tcp-client] Waiting for established TCP connection...
✓ TCP client connected (PID: 2571958)
[tcp-client] Logs: multipass exec edge-node-1 -- tail -f /home/ubuntu/tcp_client.out
[exit=0]

$ python3 /home/ivo/Documents/University/4to/Thesis-AAAAAAAa/Container-vs-Wasm-Service-Migration/Network-live-migration/scripts/orchestrators/tcp_client_benchmark.py postcopy --source edge-node-1 --dest edge-node-2 --server edge-host-1 --transfer-mode direct --run-id 22-04-2026-direct-postcopy-0000 --csv /home/ivo/Documents/University/4to/Thesis-AAAAAAAa/Container-vs-Wasm-Service-Migration/Network-live-migration/metrics/migration_metrics.csv --profile-name SMOKE-2026-04-22 --page-server-port 9999
[21:55:05] === TCP CLIENT MIGRATION ===
[21:55:05] Run ID: 22-04-2026-direct-postcopy-0000
[21:55:05] Source: edge-node-1, Dest: edge-node-2
[21:55:05] Server: edge-host-1
[21:55:05] Transfer mode: direct

[21:55:05] === TCP CLIENT POST-COPY (LAZY-PAGES) MIGRATION ===
[21:55:05] Step 1: Checking source client process...
[21:55:06]   Using PID from /home/ubuntu/tcp_client.pid: 2571958
[21:55:07]   Server connections so far: 1
[21:55:08]   Page-server endpoint: 10.22.132.29:9999
[21:55:08] Step 2: Final dump (freezing client) with --lazy-pages...
[21:55:08]   Dump PID: 2572511
[21:55:09]   Final dump time (freeze duration): 754 ms
[21:55:09] Step 2.5: Moving VIP to destination...
[21:55:09]   Moving VIP 10.22.132.250 from edge-node-1:ens3 -> edge-node-2:ens3
[21:55:14] Step 3: Creating archive...
[21:55:15] Step 4: Transferring archive...
[21:55:15]   Setting up direct SSH trust...
Setting up SSH trust: edge-node-1 → ubuntu@10.22.132.239
  Adding public key to destination's authorized_keys...
  Testing SSH connectivity...
  ✓ SSH trust ready
Setting up SSH trust: edge-node-1 → ubuntu@10.22.132.239
  Adding public key to destination's authorized_keys...
  Testing SSH connectivity...
  ✓ SSH trust ready
  Transferring /home/ubuntu/CRIU-tcp-client.tar.gz via SCP...
[21:55:21] Step 5: Unpacking on destination...
[21:55:22] Step 6: Starting lazy-pages daemon on destination...
[21:55:23] Step 7: Restoring client...
[21:55:24] Step 8: Verifying connection continuity...
[21:55:27]   Client output (tail): PP 5 -> 5
[21:55:28]   Server connections so far: 1
[21:55:28] ✓ SUCCESS: Client restored and TCP socket appears established
[21:55:29] Metrics saved to /home/ivo/Documents/University/4to/Thesis-AAAAAAAa/Container-vs-Wasm-Service-Migration/Network-live-migration/metrics/migration_metrics.csv
[exit=0]
