
$ python3 /home/ivo/Evaluation-of-Live-Migration-Strategies-at-the-Edge/Network-live-migration/scripts/setup/reset_nodes.py edge-node-1 edge-node-2 edge-host-1 10.138.215.250
[00:15:07] Resetting nodes: edge-node-1 -> edge-node-2 (server: edge-host-1, vip: 10.138.215.250)
[00:15:07] Step 1: Killing any existing processes on source...
[00:15:08]   Killing PID 193692 (from /home/ubuntu/tcp_client.pid)
[00:15:08]   Killing PID 193692 (from /home/ubuntu/client.pid)
[00:15:09]   Killing any remaining background processes...
[00:15:10] Step 2: Cleaning source node...
[00:15:12] Step 3: Cleaning destination node...
[00:15:13]   Killing PID 193692 on destination (from /home/ubuntu/tcp_client.pid)
[00:15:13]   Killing PID 193692 on destination (from /home/ubuntu/client.pid)
[00:15:14]   Killing all remaining TCP processes on destination...
[00:15:17] Step 4: Cleaning server node (edge-host-1)...
[00:15:17]   Killing PID 80329 on server (from /home/ubuntu/tcp_server.pid)
[00:15:20] ✓ Reset complete, nodes are clean
[00:15:20]   Next: Start your application
[exit=0]

$ bash /home/ivo/Evaluation-of-Live-Migration-Strategies-at-the-Edge/Network-live-migration/scripts/workloads/start_tcp_server.sh edge-host-1 5000
[tcp-server] Ensuring tcp-howto binary on edge-host-1...
[tcp-server] Reusing existing /tmp/tcp-howto on edge-host-1
[tcp-server] Starting on edge-host-1 (port 5000)...
[tcp-server] Waiting for listen...
✓ TCP server listening on edge-host-1:5000
[tcp-server] Logs: multipass exec edge-host-1 -- tail -f /home/ubuntu/tcp_server.out
[exit=0]

$ bash /home/ivo/Evaluation-of-Live-Migration-Strategies-at-the-Edge/Network-live-migration/scripts/workloads/start_tcp_client.sh edge-node-1 edge-host-1 5000
[tcp-client] Server endpoint: 10.138.215.36:5000
[tcp-client] Client VIP: 10.138.215.250
[tcp-client] Ensuring tcp-howto binary on edge-node-1...
[tcp-client] Reusing existing /tmp/tcp-howto on edge-node-1
[tcp-client] Ensuring VIP 10.138.215.250 is present on edge-node-1...
ARPING 10.138.215.250 from 10.138.215.250 ens3
Sent 3 probes (3 broadcast(s))
Received 0 response(s)
[tcp-client] Starting on edge-node-1...
[tcp-client] Waiting for established TCP connection...
✓ TCP client connected (PID: 220143)
[tcp-client] Logs: multipass exec edge-node-1 -- tail -f /home/ubuntu/tcp_client.out
[exit=0]

$ python3 /home/ivo/Evaluation-of-Live-Migration-Strategies-at-the-Edge/Network-live-migration/scripts/orchestrators/tcp_client_benchmark.py cold --source edge-node-1 --dest edge-node-2 --server edge-host-1 --transfer-mode host --run-id 30-04-2026-host-cold-0000 --csv /home/ivo/Evaluation-of-Live-Migration-Strategies-at-the-Edge/Network-live-migration/metrics/migration_metrics.csv --profile-name 2_5G --relay-node edge-host-1
[00:15:28] === TCP CLIENT MIGRATION ===
[00:15:28] Run ID: 30-04-2026-host-cold-0000
[00:15:28] Source: edge-node-1, Dest: edge-node-2
[00:15:28] Server: edge-host-1
[00:15:28] Transfer mode: host
[00:15:28] Relay node: edge-host-1

[00:15:28] === TCP CLIENT COLD MIGRATION ===
[00:15:28] Step 1: Checking source client process...
[00:15:29]   Using PID from /home/ubuntu/tcp_client.pid: 220143
[00:15:30]   Server connections so far: 1
[00:15:30] Step 2: Dumping client with CRIU (--tcp-established)...
[00:15:31] Step 2.5: Moving VIP to destination...
[00:15:31]   Moving VIP 10.138.215.250 from edge-node-1:ens3 -> edge-node-2:ens3
[00:15:36] Step 3: Creating archive...
[00:15:36] Step 4: Transferring archive...
  Transferring /home/ubuntu/CRIU-tcp-client.tar.gz via relay node edge-host-1...
Setting up SSH trust: edge-node-1 → ubuntu@10.138.215.36
  Adding public key to destination's authorized_keys...
  Testing SSH connectivity...
  ✓ SSH trust ready
Setting up SSH trust: edge-host-1 → ubuntu@10.138.215.137
  Adding public key to destination's authorized_keys...
  Testing SSH connectivity...
  ✓ SSH trust ready
[00:15:44] Step 5: Unpacking on destination...
[00:15:44] Step 6: Preparing restore environment...
[00:15:45] Step 7: Restoring client with CRIU (--tcp-established)...
[00:15:45]   Restored PID: 220143
[00:15:45] Step 8: Verifying connection continuity...
[00:15:49]   Client output (tail): PP 5 -> 5
[00:15:49]   Server connections so far: 1
[00:15:49] ✓ SUCCESS: Client restored and TCP socket appears established
[00:15:49] Total downtime: 8100 ms
[00:15:49] Metrics saved to /home/ivo/Evaluation-of-Live-Migration-Strategies-at-the-Edge/Network-live-migration/metrics/migration_metrics.csv
[exit=0]

$ python3 /home/ivo/Evaluation-of-Live-Migration-Strategies-at-the-Edge/Network-live-migration/scripts/setup/reset_nodes.py edge-node-1 edge-node-2 edge-host-1 10.138.215.250
[00:15:50] Resetting nodes: edge-node-1 -> edge-node-2 (server: edge-host-1, vip: 10.138.215.250)
[00:15:50] Step 1: Killing any existing processes on source...
[00:15:50]   Killing PID 220143 (from /home/ubuntu/tcp_client.pid)
[00:15:51]   Killing PID 220143 (from /home/ubuntu/client.pid)
[00:15:51]   Killing any remaining background processes...
[00:15:53] Step 2: Cleaning source node...
[00:15:55] Step 3: Cleaning destination node...
[00:15:55]   Killing PID 220143 on destination (from /home/ubuntu/tcp_client.pid)
[00:15:56]   Killing PID 220143 on destination (from /home/ubuntu/client.pid)
[00:15:56]   Killing all remaining TCP processes on destination...
[00:15:59] Step 4: Cleaning server node (edge-host-1)...
[00:15:59]   Killing PID 86307 on server (from /home/ubuntu/tcp_server.pid)
[00:16:02] ✓ Reset complete, nodes are clean
[00:16:02]   Next: Start your application
[exit=0]

$ bash /home/ivo/Evaluation-of-Live-Migration-Strategies-at-the-Edge/Network-live-migration/scripts/workloads/start_tcp_server.sh edge-host-1 5000
[tcp-server] Ensuring tcp-howto binary on edge-host-1...
[tcp-server] Reusing existing /tmp/tcp-howto on edge-host-1
[tcp-server] Starting on edge-host-1 (port 5000)...
[tcp-server] Waiting for listen...
✓ TCP server listening on edge-host-1:5000
[tcp-server] Logs: multipass exec edge-host-1 -- tail -f /home/ubuntu/tcp_server.out
[exit=0]

$ bash /home/ivo/Evaluation-of-Live-Migration-Strategies-at-the-Edge/Network-live-migration/scripts/workloads/start_tcp_client.sh edge-node-1 edge-host-1 5000
[tcp-client] Server endpoint: 10.138.215.36:5000
[tcp-client] Client VIP: 10.138.215.250
[tcp-client] Ensuring tcp-howto binary on edge-node-1...
[tcp-client] Reusing existing /tmp/tcp-howto on edge-node-1
[tcp-client] Ensuring VIP 10.138.215.250 is present on edge-node-1...
ARPING 10.138.215.250 from 10.138.215.250 ens3
Sent 3 probes (3 broadcast(s))
Received 0 response(s)
[tcp-client] Starting on edge-node-1...
[tcp-client] Waiting for established TCP connection...
✓ TCP client connected (PID: 222067)
[tcp-client] Logs: multipass exec edge-node-1 -- tail -f /home/ubuntu/tcp_client.out
[exit=0]

$ python3 /home/ivo/Evaluation-of-Live-Migration-Strategies-at-the-Edge/Network-live-migration/scripts/orchestrators/tcp_client_benchmark.py cold --source edge-node-1 --dest edge-node-2 --server edge-host-1 --transfer-mode direct --run-id 30-04-2026-direct-cold-0000 --csv /home/ivo/Evaluation-of-Live-Migration-Strategies-at-the-Edge/Network-live-migration/metrics/migration_metrics.csv --profile-name 2_5G
[00:16:10] === TCP CLIENT MIGRATION ===
[00:16:10] Run ID: 30-04-2026-direct-cold-0000
[00:16:10] Source: edge-node-1, Dest: edge-node-2
[00:16:10] Server: edge-host-1
[00:16:10] Transfer mode: direct

[00:16:10] === TCP CLIENT COLD MIGRATION ===
[00:16:10] Step 1: Checking source client process...
[00:16:11]   Using PID from /home/ubuntu/tcp_client.pid: 222067
[00:16:12]   Server connections so far: 1
[00:16:12] Step 2: Dumping client with CRIU (--tcp-established)...
[00:16:13] Step 2.5: Moving VIP to destination...
[00:16:14]   Moving VIP 10.138.215.250 from edge-node-1:ens3 -> edge-node-2:ens3
[00:16:19] Step 3: Creating archive...
[00:16:19] Step 4: Transferring archive...
[00:16:19]   Setting up direct SSH trust...
Setting up SSH trust: edge-node-1 → ubuntu@10.138.215.137
  Adding public key to destination's authorized_keys...
  Testing SSH connectivity...
  ✓ SSH trust ready
Setting up SSH trust: edge-node-1 → ubuntu@10.138.215.137
  Adding public key to destination's authorized_keys...
  Testing SSH connectivity...
  ✓ SSH trust ready
  Transferring /home/ubuntu/CRIU-tcp-client.tar.gz via SCP...
[00:16:25] Step 5: Unpacking on destination...
[00:16:25] Step 6: Preparing restore environment...
[00:16:25] Step 7: Restoring client with CRIU (--tcp-established)...
[00:16:26]   Restored PID: 222067
[00:16:26] Step 8: Verifying connection continuity...
[00:16:29]   Client output (tail): PP 5 -> 5
[00:16:30]   Server connections so far: 1
[00:16:30] ✓ SUCCESS: Client restored and TCP socket appears established
[00:16:30] Total downtime: 4082 ms
[00:16:30] Metrics saved to /home/ivo/Evaluation-of-Live-Migration-Strategies-at-the-Edge/Network-live-migration/metrics/migration_metrics.csv
[exit=0]

$ python3 /home/ivo/Evaluation-of-Live-Migration-Strategies-at-the-Edge/Network-live-migration/scripts/setup/reset_nodes.py edge-node-1 edge-node-2 edge-host-1 10.138.215.250
[00:16:31] Resetting nodes: edge-node-1 -> edge-node-2 (server: edge-host-1, vip: 10.138.215.250)
[00:16:31] Step 1: Killing any existing processes on source...
[00:16:31]   Killing PID 222067 (from /home/ubuntu/tcp_client.pid)
[00:16:32]   Killing PID 222067 (from /home/ubuntu/client.pid)
[00:16:32]   Killing any remaining background processes...
[00:16:33] Step 2: Cleaning source node...
[00:16:35] Step 3: Cleaning destination node...
[00:16:35]   Killing PID 222067 on destination (from /home/ubuntu/tcp_client.pid)
[00:16:36]   Killing PID 222067 on destination (from /home/ubuntu/client.pid)
[00:16:37]   Killing all remaining TCP processes on destination...
[00:16:40] Step 4: Cleaning server node (edge-host-1)...
[00:16:40]   Killing PID 87857 on server (from /home/ubuntu/tcp_server.pid)
[00:16:42] ✓ Reset complete, nodes are clean
[00:16:42]   Next: Start your application
[exit=0]

$ bash /home/ivo/Evaluation-of-Live-Migration-Strategies-at-the-Edge/Network-live-migration/scripts/workloads/start_tcp_server.sh edge-host-1 5000
[tcp-server] Ensuring tcp-howto binary on edge-host-1...
[tcp-server] Reusing existing /tmp/tcp-howto on edge-host-1
[tcp-server] Starting on edge-host-1 (port 5000)...
[tcp-server] Waiting for listen...
✓ TCP server listening on edge-host-1:5000
[tcp-server] Logs: multipass exec edge-host-1 -- tail -f /home/ubuntu/tcp_server.out
[exit=0]

$ bash /home/ivo/Evaluation-of-Live-Migration-Strategies-at-the-Edge/Network-live-migration/scripts/workloads/start_tcp_client.sh edge-node-1 edge-host-1 5000
[tcp-client] Server endpoint: 10.138.215.36:5000
[tcp-client] Client VIP: 10.138.215.250
[tcp-client] Ensuring tcp-howto binary on edge-node-1...
[tcp-client] Reusing existing /tmp/tcp-howto on edge-node-1
[tcp-client] Ensuring VIP 10.138.215.250 is present on edge-node-1...
ARPING 10.138.215.250 from 10.138.215.250 ens3
Sent 3 probes (3 broadcast(s))
Received 0 response(s)
[tcp-client] Starting on edge-node-1...
[tcp-client] Waiting for established TCP connection...
✓ TCP client connected (PID: 224107)
[tcp-client] Logs: multipass exec edge-node-1 -- tail -f /home/ubuntu/tcp_client.out
[exit=0]

$ python3 /home/ivo/Evaluation-of-Live-Migration-Strategies-at-the-Edge/Network-live-migration/scripts/orchestrators/tcp_client_benchmark.py precopy --source edge-node-1 --dest edge-node-2 --server edge-host-1 --transfer-mode host --run-id 30-04-2026-host-precopy-0000 --csv /home/ivo/Evaluation-of-Live-Migration-Strategies-at-the-Edge/Network-live-migration/metrics/migration_metrics.csv --profile-name 2_5G --relay-node edge-host-1 --iterations 3
[00:16:50] === TCP CLIENT MIGRATION ===
[00:16:50] Run ID: 30-04-2026-host-precopy-0000
[00:16:50] Source: edge-node-1, Dest: edge-node-2
[00:16:50] Server: edge-host-1
[00:16:50] Transfer mode: host
[00:16:50] Relay node: edge-host-1

[00:16:50] === TCP CLIENT PRE-COPY MIGRATION (3 iterations) ===
[00:16:50] Step 1: Checking source client process...
[00:16:51]   Using PID from /home/ubuntu/tcp_client.pid: 224107
[00:16:52]   Server connections so far: 1
[00:16:52] Step 2: Preparing CRIU directory...
[00:16:53] Step 3: Running 3 pre-dumps (client keeps running)...
[00:16:53]   Pre-dump 1/3 complete
[00:16:54]   Pre-dump 2/3 complete
[00:16:56]   Pre-dump 3/3 complete
[00:16:57] Step 4: Final dump (freezing client)...
[00:16:57] Step 4.5: Moving VIP to destination...
[00:16:57]   Moving VIP 10.138.215.250 from edge-node-1:ens3 -> edge-node-2:ens3
[00:17:02] Step 5: Creating archive...
[00:17:03] Step 6: Transferring archive...
  Transferring /home/ubuntu/CRIU-tcp-client.tar.gz via relay node edge-host-1...
Setting up SSH trust: edge-node-1 → ubuntu@10.138.215.36
  Adding public key to destination's authorized_keys...
  Testing SSH connectivity...
  ✓ SSH trust ready
Setting up SSH trust: edge-host-1 → ubuntu@10.138.215.137
  Adding public key to destination's authorized_keys...
  Testing SSH connectivity...
  ✓ SSH trust ready
[00:17:11] Step 7: Unpacking on destination...
[00:17:11] Step 8: Preparing restore environment...
[00:17:11] Step 9: Restoring client (--tcp-established)...
[00:17:12] Step 10: Verifying connection continuity...
[00:17:16]   Client output (tail): PP 8 -> 8
[00:17:16]   Server connections so far: 1
[00:17:16] ✓ SUCCESS: Client restored and TCP socket appears established
[00:17:16] Metrics saved to /home/ivo/Evaluation-of-Live-Migration-Strategies-at-the-Edge/Network-live-migration/metrics/migration_metrics.csv
[exit=0]

$ python3 /home/ivo/Evaluation-of-Live-Migration-Strategies-at-the-Edge/Network-live-migration/scripts/setup/reset_nodes.py edge-node-1 edge-node-2 edge-host-1 10.138.215.250
[00:17:17] Resetting nodes: edge-node-1 -> edge-node-2 (server: edge-host-1, vip: 10.138.215.250)
[00:17:17] Step 1: Killing any existing processes on source...
[00:17:17]   Killing PID 224107 (from /home/ubuntu/tcp_client.pid)
[00:17:18]   Killing PID 224107 (from /home/ubuntu/client.pid)
[00:17:18]   Killing any remaining background processes...
[00:17:20] Step 2: Cleaning source node...
[00:17:22] Step 3: Cleaning destination node...
[00:17:22]   Killing PID 224107 on destination (from /home/ubuntu/tcp_client.pid)
[00:17:23]   Killing PID 224107 on destination (from /home/ubuntu/client.pid)
[00:17:23]   Killing all remaining TCP processes on destination...
[00:17:26] Step 4: Cleaning server node (edge-host-1)...
[00:17:27]   Killing PID 88897 on server (from /home/ubuntu/tcp_server.pid)
[00:17:29] ✓ Reset complete, nodes are clean
[00:17:29]   Next: Start your application
[exit=0]

$ bash /home/ivo/Evaluation-of-Live-Migration-Strategies-at-the-Edge/Network-live-migration/scripts/workloads/start_tcp_server.sh edge-host-1 5000
[tcp-server] Ensuring tcp-howto binary on edge-host-1...
[tcp-server] Reusing existing /tmp/tcp-howto on edge-host-1
[tcp-server] Starting on edge-host-1 (port 5000)...
[tcp-server] Waiting for listen...
✓ TCP server listening on edge-host-1:5000
[tcp-server] Logs: multipass exec edge-host-1 -- tail -f /home/ubuntu/tcp_server.out
[exit=0]

$ bash /home/ivo/Evaluation-of-Live-Migration-Strategies-at-the-Edge/Network-live-migration/scripts/workloads/start_tcp_client.sh edge-node-1 edge-host-1 5000
[tcp-client] Server endpoint: 10.138.215.36:5000
[tcp-client] Client VIP: 10.138.215.250
[tcp-client] Ensuring tcp-howto binary on edge-node-1...
[tcp-client] Reusing existing /tmp/tcp-howto on edge-node-1
[tcp-client] Ensuring VIP 10.138.215.250 is present on edge-node-1...
ARPING 10.138.215.250 from 10.138.215.250 ens3
Sent 3 probes (3 broadcast(s))
Received 0 response(s)
[tcp-client] Starting on edge-node-1...
[tcp-client] Waiting for established TCP connection...
✓ TCP client connected (PID: 226271)
[tcp-client] Logs: multipass exec edge-node-1 -- tail -f /home/ubuntu/tcp_client.out
[exit=0]

$ python3 /home/ivo/Evaluation-of-Live-Migration-Strategies-at-the-Edge/Network-live-migration/scripts/orchestrators/tcp_client_benchmark.py precopy --source edge-node-1 --dest edge-node-2 --server edge-host-1 --transfer-mode direct --run-id 30-04-2026-direct-precopy-0000 --csv /home/ivo/Evaluation-of-Live-Migration-Strategies-at-the-Edge/Network-live-migration/metrics/migration_metrics.csv --profile-name 2_5G --iterations 3
[00:17:37] === TCP CLIENT MIGRATION ===
[00:17:37] Run ID: 30-04-2026-direct-precopy-0000
[00:17:37] Source: edge-node-1, Dest: edge-node-2
[00:17:37] Server: edge-host-1
[00:17:37] Transfer mode: direct

[00:17:37] === TCP CLIENT PRE-COPY MIGRATION (3 iterations) ===
[00:17:37] Step 1: Checking source client process...
[00:17:38]   Using PID from /home/ubuntu/tcp_client.pid: 226271
[00:17:39]   Server connections so far: 1
[00:17:39] Step 2: Preparing CRIU directory...
[00:17:40] Step 3: Running 3 pre-dumps (client keeps running)...
[00:17:40]   Pre-dump 1/3 complete
[00:17:41]   Pre-dump 2/3 complete
[00:17:43]   Pre-dump 3/3 complete
[00:17:44] Step 4: Final dump (freezing client)...
[00:17:44] Step 4.5: Moving VIP to destination...
[00:17:45]   Moving VIP 10.138.215.250 from edge-node-1:ens3 -> edge-node-2:ens3
[00:17:49] Step 5: Creating archive...
[00:17:50] Step 6: Transferring archive...
[00:17:50]   Setting up direct SSH trust...
Setting up SSH trust: edge-node-1 → ubuntu@10.138.215.137
  Adding public key to destination's authorized_keys...
  Testing SSH connectivity...
  ✓ SSH trust ready
Setting up SSH trust: edge-node-1 → ubuntu@10.138.215.137
  Adding public key to destination's authorized_keys...
  Testing SSH connectivity...
  ✓ SSH trust ready
  Transferring /home/ubuntu/CRIU-tcp-client.tar.gz via SCP...
[00:17:56] Step 7: Unpacking on destination...
[00:17:56] Step 8: Preparing restore environment...
[00:17:56] Step 9: Restoring client (--tcp-established)...
[00:17:57] Step 10: Verifying connection continuity...
[00:18:00]   Client output (tail): PP 8 -> 8
[00:18:01]   Server connections so far: 1
[00:18:01] ✓ SUCCESS: Client restored and TCP socket appears established
[00:18:01] Metrics saved to /home/ivo/Evaluation-of-Live-Migration-Strategies-at-the-Edge/Network-live-migration/metrics/migration_metrics.csv
[exit=0]

$ python3 /home/ivo/Evaluation-of-Live-Migration-Strategies-at-the-Edge/Network-live-migration/scripts/setup/reset_nodes.py edge-node-1 edge-node-2 edge-host-1 10.138.215.250
[00:18:02] Resetting nodes: edge-node-1 -> edge-node-2 (server: edge-host-1, vip: 10.138.215.250)
[00:18:02] Step 1: Killing any existing processes on source...
[00:18:02]   Killing PID 226271 (from /home/ubuntu/tcp_client.pid)
[00:18:03]   Killing PID 226271 (from /home/ubuntu/client.pid)
[00:18:03]   Killing any remaining background processes...
[00:18:05] Step 2: Cleaning source node...
[00:18:06] Step 3: Cleaning destination node...
[00:18:06]   Killing PID 226271 on destination (from /home/ubuntu/tcp_client.pid)
[00:18:07]   Killing PID 226271 on destination (from /home/ubuntu/client.pid)
[00:18:08]   Killing all remaining TCP processes on destination...
[00:18:11] Step 4: Cleaning server node (edge-host-1)...
[00:18:11]   Killing PID 90460 on server (from /home/ubuntu/tcp_server.pid)
[00:18:13] ✓ Reset complete, nodes are clean
[00:18:13]   Next: Start your application
[exit=0]

$ bash /home/ivo/Evaluation-of-Live-Migration-Strategies-at-the-Edge/Network-live-migration/scripts/workloads/start_tcp_server.sh edge-host-1 5000
[tcp-server] Ensuring tcp-howto binary on edge-host-1...
[tcp-server] Reusing existing /tmp/tcp-howto on edge-host-1
[tcp-server] Starting on edge-host-1 (port 5000)...
[tcp-server] Waiting for listen...
✓ TCP server listening on edge-host-1:5000
[tcp-server] Logs: multipass exec edge-host-1 -- tail -f /home/ubuntu/tcp_server.out
[exit=0]

$ bash /home/ivo/Evaluation-of-Live-Migration-Strategies-at-the-Edge/Network-live-migration/scripts/workloads/start_tcp_client.sh edge-node-1 edge-host-1 5000
[tcp-client] Server endpoint: 10.138.215.36:5000
[tcp-client] Client VIP: 10.138.215.250
[tcp-client] Ensuring tcp-howto binary on edge-node-1...
[tcp-client] Reusing existing /tmp/tcp-howto on edge-node-1
[tcp-client] Ensuring VIP 10.138.215.250 is present on edge-node-1...
ARPING 10.138.215.250 from 10.138.215.250 ens3
Sent 3 probes (3 broadcast(s))
Received 0 response(s)
[tcp-client] Starting on edge-node-1...
[tcp-client] Waiting for established TCP connection...
✓ TCP client connected (PID: 228526)
[tcp-client] Logs: multipass exec edge-node-1 -- tail -f /home/ubuntu/tcp_client.out
[exit=0]

$ python3 /home/ivo/Evaluation-of-Live-Migration-Strategies-at-the-Edge/Network-live-migration/scripts/orchestrators/tcp_client_benchmark.py postcopy --source edge-node-1 --dest edge-node-2 --server edge-host-1 --transfer-mode host --run-id 30-04-2026-host-postcopy-0000 --csv /home/ivo/Evaluation-of-Live-Migration-Strategies-at-the-Edge/Network-live-migration/metrics/migration_metrics.csv --profile-name 2_5G --relay-node edge-host-1 --page-server-port 9999
[00:18:22] === TCP CLIENT MIGRATION ===
[00:18:22] Run ID: 30-04-2026-host-postcopy-0000
[00:18:22] Source: edge-node-1, Dest: edge-node-2
[00:18:22] Server: edge-host-1
[00:18:22] Transfer mode: host
[00:18:22] Relay node: edge-host-1

[00:18:22] === TCP CLIENT POST-COPY (LAZY-PAGES) MIGRATION ===
[00:18:22] Step 1: Checking source client process...
[00:18:23]   Using PID from /home/ubuntu/tcp_client.pid: 228526
[00:18:23]   Server connections so far: 1
[00:18:24]   Page-server endpoint: 10.138.215.218:9999
[00:18:24] Step 2: Final dump (freezing client) with --lazy-pages...
[00:18:25]   Dump PID: 229060
[00:18:25]   Final dump time (freeze duration): 686 ms
[00:18:25] Step 2.5: Moving VIP to destination...
[00:18:25]   Moving VIP 10.138.215.250 from edge-node-1:ens3 -> edge-node-2:ens3
[00:18:31] Step 3: Creating archive...
[00:18:31] Step 4: Transferring archive...
  Transferring /home/ubuntu/CRIU-tcp-client.tar.gz via relay node edge-host-1...
Setting up SSH trust: edge-node-1 → ubuntu@10.138.215.36
  Adding public key to destination's authorized_keys...
  Testing SSH connectivity...
  ✓ SSH trust ready
Setting up SSH trust: edge-host-1 → ubuntu@10.138.215.137
  Adding public key to destination's authorized_keys...
  Testing SSH connectivity...
  ✓ SSH trust ready
[00:18:39] Step 5: Unpacking on destination...
[00:18:39] Step 6: Starting lazy-pages daemon on destination...
[00:18:40] Step 7: Restoring client...
[00:18:41] Step 8: Verifying connection continuity...
[00:18:44]   Client output (tail): PP 5 -> 5
[00:18:45]   Server connections so far: 1
[00:18:45] ✓ SUCCESS: Client restored and TCP socket appears established
[00:18:46] Metrics saved to /home/ivo/Evaluation-of-Live-Migration-Strategies-at-the-Edge/Network-live-migration/metrics/migration_metrics.csv
[exit=0]

$ python3 /home/ivo/Evaluation-of-Live-Migration-Strategies-at-the-Edge/Network-live-migration/scripts/setup/reset_nodes.py edge-node-1 edge-node-2 edge-host-1 10.138.215.250
[00:18:46] Resetting nodes: edge-node-1 -> edge-node-2 (server: edge-host-1, vip: 10.138.215.250)
[00:18:46] Step 1: Killing any existing processes on source...
[00:18:46]   Killing PID 228526 (from /home/ubuntu/tcp_client.pid)
[00:18:47]   Killing PID 228526 (from /home/ubuntu/client.pid)
[00:18:48]   Killing any remaining background processes...
[00:18:49] Step 2: Cleaning source node...
[00:18:51] Step 3: Cleaning destination node...
[00:18:51]   Killing PID 228526 on destination (from /home/ubuntu/tcp_client.pid)
[00:18:52]   Killing PID 228526 on destination (from /home/ubuntu/client.pid)
[00:18:52]   Killing all remaining TCP processes on destination...
[00:18:55] Step 4: Cleaning server node (edge-host-1)...
[00:18:56]   Killing PID 91498 on server (from /home/ubuntu/tcp_server.pid)
[00:18:58] ✓ Reset complete, nodes are clean
[00:18:58]   Next: Start your application
[exit=0]

$ bash /home/ivo/Evaluation-of-Live-Migration-Strategies-at-the-Edge/Network-live-migration/scripts/workloads/start_tcp_server.sh edge-host-1 5000
[tcp-server] Ensuring tcp-howto binary on edge-host-1...
[tcp-server] Reusing existing /tmp/tcp-howto on edge-host-1
[tcp-server] Starting on edge-host-1 (port 5000)...
[tcp-server] Waiting for listen...
✓ TCP server listening on edge-host-1:5000
[tcp-server] Logs: multipass exec edge-host-1 -- tail -f /home/ubuntu/tcp_server.out
[exit=0]

$ bash /home/ivo/Evaluation-of-Live-Migration-Strategies-at-the-Edge/Network-live-migration/scripts/workloads/start_tcp_client.sh edge-node-1 edge-host-1 5000
[tcp-client] Server endpoint: 10.138.215.36:5000
[tcp-client] Client VIP: 10.138.215.250
[tcp-client] Ensuring tcp-howto binary on edge-node-1...
[tcp-client] Reusing existing /tmp/tcp-howto on edge-node-1
[tcp-client] Ensuring VIP 10.138.215.250 is present on edge-node-1...
ARPING 10.138.215.250 from 10.138.215.250 ens3
Sent 3 probes (3 broadcast(s))
Received 0 response(s)
[tcp-client] Starting on edge-node-1...
[tcp-client] Waiting for established TCP connection...
✓ TCP client connected (PID: 230618)
[tcp-client] Logs: multipass exec edge-node-1 -- tail -f /home/ubuntu/tcp_client.out
[exit=0]

$ python3 /home/ivo/Evaluation-of-Live-Migration-Strategies-at-the-Edge/Network-live-migration/scripts/orchestrators/tcp_client_benchmark.py postcopy --source edge-node-1 --dest edge-node-2 --server edge-host-1 --transfer-mode direct --run-id 30-04-2026-direct-postcopy-0000 --csv /home/ivo/Evaluation-of-Live-Migration-Strategies-at-the-Edge/Network-live-migration/metrics/migration_metrics.csv --profile-name 2_5G --page-server-port 9999
[00:19:06] === TCP CLIENT MIGRATION ===
[00:19:06] Run ID: 30-04-2026-direct-postcopy-0000
[00:19:06] Source: edge-node-1, Dest: edge-node-2
[00:19:06] Server: edge-host-1
[00:19:06] Transfer mode: direct

[00:19:06] === TCP CLIENT POST-COPY (LAZY-PAGES) MIGRATION ===
[00:19:06] Step 1: Checking source client process...
[00:19:07]   Using PID from /home/ubuntu/tcp_client.pid: 230618
[00:19:07]   Server connections so far: 1
[00:19:08]   Page-server endpoint: 10.138.215.218:9999
[00:19:08] Step 2: Final dump (freezing client) with --lazy-pages...
[00:19:09]   Dump PID: 231160
[00:19:09]   Final dump time (freeze duration): 828 ms
[00:19:09] Step 2.5: Moving VIP to destination...
[00:19:10]   Moving VIP 10.138.215.250 from edge-node-1:ens3 -> edge-node-2:ens3
[00:19:14] Step 3: Creating archive...
[00:19:15] Step 4: Transferring archive...
[00:19:15]   Setting up direct SSH trust...
Setting up SSH trust: edge-node-1 → ubuntu@10.138.215.137
  Adding public key to destination's authorized_keys...
  Testing SSH connectivity...
  ✓ SSH trust ready
Setting up SSH trust: edge-node-1 → ubuntu@10.138.215.137
  Adding public key to destination's authorized_keys...
  Testing SSH connectivity...
  ✓ SSH trust ready
  Transferring /home/ubuntu/CRIU-tcp-client.tar.gz via SCP...
[00:19:21] Step 5: Unpacking on destination...
[00:19:22] Step 6: Starting lazy-pages daemon on destination...
[00:19:23] Step 7: Restoring client...
[00:19:23] Step 8: Verifying connection continuity...
[00:19:27]   Client output (tail): PP 5 -> 5
[00:19:27]   Server connections so far: 1
[00:19:27] ✓ SUCCESS: Client restored and TCP socket appears established
[00:19:28] Metrics saved to /home/ivo/Evaluation-of-Live-Migration-Strategies-at-the-Edge/Network-live-migration/metrics/migration_metrics.csv
[exit=0]
