=== repeat_wasm_benchmarks.py 2026-05-01T05:44:43.497341 ===
base_run_id=01-05-2026-wasm-cold-h10-d10-snap-054443 source=edge-node-1 dest=edge-node-2 host_runs=10 direct_runs=10 relay_node=edge-host-1 profile_name=1_WiFi_6 module=/home/ivo/Evaluation-of-Live-Migration-Strategies-at-the-Edge/WASM-migration/wasm-migrate-commands/wasm_test_computation/3mm_with_cr.wasm snapshot_node_metrics=True

$ python3 /home/ivo/Evaluation-of-Live-Migration-Strategies-at-the-Edge/WASM-migration/scripts/orchestrators/wasm_benchmark.py --source edge-node-1 --dest edge-node-2 --transfer-mode host --run-id 01-05-2026-host-cold-0010 --module /home/ivo/Evaluation-of-Live-Migration-Strategies-at-the-Edge/WASM-migration/wasm-migrate-commands/wasm_test_computation/3mm_with_cr.wasm --commands-dir /home/ivo/Evaluation-of-Live-Migration-Strategies-at-the-Edge/WASM-migration/wasm-migrate-commands/build --csv /home/ivo/Evaluation-of-Live-Migration-Strategies-at-the-Edge/WASM-migration/metrics/migration_metrics.csv --profile-name 1_WiFi_6 --warmup-seconds 0.01 --timeout-seconds 20.0 --relay-node edge-host-1
  Transferring /home/ubuntu/wasm-migration/runs/01-05-2026-host-cold-0010/wasm-state.tar.gz via relay node edge-host-1...
Setting up SSH trust: edge-node-1 → ubuntu@10.138.215.36
  Adding public key to destination's authorized_keys...
  Testing SSH connectivity...
  ✓ SSH trust ready
Setting up SSH trust: edge-host-1 → ubuntu@10.138.215.137
  Adding public key to destination's authorized_keys...
  Testing SSH connectivity...
  ✓ SSH trust ready
run_id=01-05-2026-host-cold-0010
source=edge-node-1 dest=edge-node-2 transfer_mode=host
success=True
checkpoint_ms=1 transfer_ms=7125 restore_ms=2057 downtime_ms=9183
checkpoint_us=195 checkpoint_ns=194325
archive_bytes=2006
artifacts=/home/ivo/Evaluation-of-Live-Migration-Strategies-at-the-Edge/WASM-migration/metrics/run_artifacts/01-05-2026-host-cold-0010
csv=/home/ivo/Evaluation-of-Live-Migration-Strategies-at-the-Edge/WASM-migration/metrics/migration_metrics.csv
[exit=0]

$ python3 /home/ivo/Evaluation-of-Live-Migration-Strategies-at-the-Edge/WASM-migration/scripts/orchestrators/wasm_benchmark.py --source edge-node-1 --dest edge-node-2 --transfer-mode host --run-id 01-05-2026-host-cold-0011 --module /home/ivo/Evaluation-of-Live-Migration-Strategies-at-the-Edge/WASM-migration/wasm-migrate-commands/wasm_test_computation/3mm_with_cr.wasm --commands-dir /home/ivo/Evaluation-of-Live-Migration-Strategies-at-the-Edge/WASM-migration/wasm-migrate-commands/build --csv /home/ivo/Evaluation-of-Live-Migration-Strategies-at-the-Edge/WASM-migration/metrics/migration_metrics.csv --profile-name 1_WiFi_6 --warmup-seconds 0.01 --timeout-seconds 20.0 --relay-node edge-host-1
  Transferring /home/ubuntu/wasm-migration/runs/01-05-2026-host-cold-0011/wasm-state.tar.gz via relay node edge-host-1...
Setting up SSH trust: edge-node-1 → ubuntu@10.138.215.36
  Adding public key to destination's authorized_keys...
  Testing SSH connectivity...
  ✓ SSH trust ready
Setting up SSH trust: edge-host-1 → ubuntu@10.138.215.137
  Adding public key to destination's authorized_keys...
  Testing SSH connectivity...
  ✓ SSH trust ready
run_id=01-05-2026-host-cold-0011
source=edge-node-1 dest=edge-node-2 transfer_mode=host
success=True
checkpoint_ms=1 transfer_ms=6675 restore_ms=2080 downtime_ms=8756
checkpoint_us=182 checkpoint_ns=181403
archive_bytes=2012
artifacts=/home/ivo/Evaluation-of-Live-Migration-Strategies-at-the-Edge/WASM-migration/metrics/run_artifacts/01-05-2026-host-cold-0011
csv=/home/ivo/Evaluation-of-Live-Migration-Strategies-at-the-Edge/WASM-migration/metrics/migration_metrics.csv
[exit=0]

$ python3 /home/ivo/Evaluation-of-Live-Migration-Strategies-at-the-Edge/WASM-migration/scripts/orchestrators/wasm_benchmark.py --source edge-node-1 --dest edge-node-2 --transfer-mode host --run-id 01-05-2026-host-cold-0012 --module /home/ivo/Evaluation-of-Live-Migration-Strategies-at-the-Edge/WASM-migration/wasm-migrate-commands/wasm_test_computation/3mm_with_cr.wasm --commands-dir /home/ivo/Evaluation-of-Live-Migration-Strategies-at-the-Edge/WASM-migration/wasm-migrate-commands/build --csv /home/ivo/Evaluation-of-Live-Migration-Strategies-at-the-Edge/WASM-migration/metrics/migration_metrics.csv --profile-name 1_WiFi_6 --warmup-seconds 0.01 --timeout-seconds 20.0 --relay-node edge-host-1
  Transferring /home/ubuntu/wasm-migration/runs/01-05-2026-host-cold-0012/wasm-state.tar.gz via relay node edge-host-1...
Setting up SSH trust: edge-node-1 → ubuntu@10.138.215.36
  Adding public key to destination's authorized_keys...
  Testing SSH connectivity...
  ✓ SSH trust ready
Setting up SSH trust: edge-host-1 → ubuntu@10.138.215.137
  Adding public key to destination's authorized_keys...
  Testing SSH connectivity...
  ✓ SSH trust ready
run_id=01-05-2026-host-cold-0012
source=edge-node-1 dest=edge-node-2 transfer_mode=host
success=True
checkpoint_ms=1 transfer_ms=7267 restore_ms=1909 downtime_ms=9177
checkpoint_us=163 checkpoint_ns=162052
archive_bytes=2014
artifacts=/home/ivo/Evaluation-of-Live-Migration-Strategies-at-the-Edge/WASM-migration/metrics/run_artifacts/01-05-2026-host-cold-0012
csv=/home/ivo/Evaluation-of-Live-Migration-Strategies-at-the-Edge/WASM-migration/metrics/migration_metrics.csv
[exit=0]

$ python3 /home/ivo/Evaluation-of-Live-Migration-Strategies-at-the-Edge/WASM-migration/scripts/orchestrators/wasm_benchmark.py --source edge-node-1 --dest edge-node-2 --transfer-mode host --run-id 01-05-2026-host-cold-0013 --module /home/ivo/Evaluation-of-Live-Migration-Strategies-at-the-Edge/WASM-migration/wasm-migrate-commands/wasm_test_computation/3mm_with_cr.wasm --commands-dir /home/ivo/Evaluation-of-Live-Migration-Strategies-at-the-Edge/WASM-migration/wasm-migrate-commands/build --csv /home/ivo/Evaluation-of-Live-Migration-Strategies-at-the-Edge/WASM-migration/metrics/migration_metrics.csv --profile-name 1_WiFi_6 --warmup-seconds 0.01 --timeout-seconds 20.0 --relay-node edge-host-1
  Transferring /home/ubuntu/wasm-migration/runs/01-05-2026-host-cold-0013/wasm-state.tar.gz via relay node edge-host-1...
Setting up SSH trust: edge-node-1 → ubuntu@10.138.215.36
  Adding public key to destination's authorized_keys...
  Testing SSH connectivity...
  ✓ SSH trust ready
Setting up SSH trust: edge-host-1 → ubuntu@10.138.215.137
  Adding public key to destination's authorized_keys...
  Testing SSH connectivity...
  ✓ SSH trust ready
run_id=01-05-2026-host-cold-0013
source=edge-node-1 dest=edge-node-2 transfer_mode=host
success=True
checkpoint_ms=1 transfer_ms=7093 restore_ms=1908 downtime_ms=9002
checkpoint_us=177 checkpoint_ns=176700
archive_bytes=2012
artifacts=/home/ivo/Evaluation-of-Live-Migration-Strategies-at-the-Edge/WASM-migration/metrics/run_artifacts/01-05-2026-host-cold-0013
csv=/home/ivo/Evaluation-of-Live-Migration-Strategies-at-the-Edge/WASM-migration/metrics/migration_metrics.csv
[exit=0]

$ python3 /home/ivo/Evaluation-of-Live-Migration-Strategies-at-the-Edge/WASM-migration/scripts/orchestrators/wasm_benchmark.py --source edge-node-1 --dest edge-node-2 --transfer-mode host --run-id 01-05-2026-host-cold-0014 --module /home/ivo/Evaluation-of-Live-Migration-Strategies-at-the-Edge/WASM-migration/wasm-migrate-commands/wasm_test_computation/3mm_with_cr.wasm --commands-dir /home/ivo/Evaluation-of-Live-Migration-Strategies-at-the-Edge/WASM-migration/wasm-migrate-commands/build --csv /home/ivo/Evaluation-of-Live-Migration-Strategies-at-the-Edge/WASM-migration/metrics/migration_metrics.csv --profile-name 1_WiFi_6 --warmup-seconds 0.01 --timeout-seconds 20.0 --relay-node edge-host-1
  Transferring /home/ubuntu/wasm-migration/runs/01-05-2026-host-cold-0014/wasm-state.tar.gz via relay node edge-host-1...
Setting up SSH trust: edge-node-1 → ubuntu@10.138.215.36
  Adding public key to destination's authorized_keys...
  Testing SSH connectivity...
  ✓ SSH trust ready
Setting up SSH trust: edge-host-1 → ubuntu@10.138.215.137
  Adding public key to destination's authorized_keys...
  Testing SSH connectivity...
  ✓ SSH trust ready
run_id=01-05-2026-host-cold-0014
source=edge-node-1 dest=edge-node-2 transfer_mode=host
success=True
checkpoint_ms=1 transfer_ms=6842 restore_ms=1952 downtime_ms=8795
checkpoint_us=127 checkpoint_ns=126098
archive_bytes=2010
artifacts=/home/ivo/Evaluation-of-Live-Migration-Strategies-at-the-Edge/WASM-migration/metrics/run_artifacts/01-05-2026-host-cold-0014
csv=/home/ivo/Evaluation-of-Live-Migration-Strategies-at-the-Edge/WASM-migration/metrics/migration_metrics.csv
[exit=0]

$ python3 /home/ivo/Evaluation-of-Live-Migration-Strategies-at-the-Edge/WASM-migration/scripts/orchestrators/wasm_benchmark.py --source edge-node-1 --dest edge-node-2 --transfer-mode host --run-id 01-05-2026-host-cold-0015 --module /home/ivo/Evaluation-of-Live-Migration-Strategies-at-the-Edge/WASM-migration/wasm-migrate-commands/wasm_test_computation/3mm_with_cr.wasm --commands-dir /home/ivo/Evaluation-of-Live-Migration-Strategies-at-the-Edge/WASM-migration/wasm-migrate-commands/build --csv /home/ivo/Evaluation-of-Live-Migration-Strategies-at-the-Edge/WASM-migration/metrics/migration_metrics.csv --profile-name 1_WiFi_6 --warmup-seconds 0.01 --timeout-seconds 20.0 --relay-node edge-host-1
  Transferring /home/ubuntu/wasm-migration/runs/01-05-2026-host-cold-0015/wasm-state.tar.gz via relay node edge-host-1...
Setting up SSH trust: edge-node-1 → ubuntu@10.138.215.36
  Adding public key to destination's authorized_keys...
  Testing SSH connectivity...
  ✓ SSH trust ready
Setting up SSH trust: edge-host-1 → ubuntu@10.138.215.137
  Adding public key to destination's authorized_keys...
  Testing SSH connectivity...
  ✓ SSH trust ready
run_id=01-05-2026-host-cold-0015
source=edge-node-1 dest=edge-node-2 transfer_mode=host
success=True
checkpoint_ms=1 transfer_ms=7165 restore_ms=2160 downtime_ms=9326
checkpoint_us=154 checkpoint_ns=153972
archive_bytes=2015
artifacts=/home/ivo/Evaluation-of-Live-Migration-Strategies-at-the-Edge/WASM-migration/metrics/run_artifacts/01-05-2026-host-cold-0015
csv=/home/ivo/Evaluation-of-Live-Migration-Strategies-at-the-Edge/WASM-migration/metrics/migration_metrics.csv
[exit=0]

$ python3 /home/ivo/Evaluation-of-Live-Migration-Strategies-at-the-Edge/WASM-migration/scripts/orchestrators/wasm_benchmark.py --source edge-node-1 --dest edge-node-2 --transfer-mode host --run-id 01-05-2026-host-cold-0016 --module /home/ivo/Evaluation-of-Live-Migration-Strategies-at-the-Edge/WASM-migration/wasm-migrate-commands/wasm_test_computation/3mm_with_cr.wasm --commands-dir /home/ivo/Evaluation-of-Live-Migration-Strategies-at-the-Edge/WASM-migration/wasm-migrate-commands/build --csv /home/ivo/Evaluation-of-Live-Migration-Strategies-at-the-Edge/WASM-migration/metrics/migration_metrics.csv --profile-name 1_WiFi_6 --warmup-seconds 0.01 --timeout-seconds 20.0 --relay-node edge-host-1
  Transferring /home/ubuntu/wasm-migration/runs/01-05-2026-host-cold-0016/wasm-state.tar.gz via relay node edge-host-1...
Setting up SSH trust: edge-node-1 → ubuntu@10.138.215.36
  Adding public key to destination's authorized_keys...
  Testing SSH connectivity...
  ✓ SSH trust ready
Setting up SSH trust: edge-host-1 → ubuntu@10.138.215.137
  Adding public key to destination's authorized_keys...
  Testing SSH connectivity...
  ✓ SSH trust ready
run_id=01-05-2026-host-cold-0016
source=edge-node-1 dest=edge-node-2 transfer_mode=host
success=True
checkpoint_ms=1 transfer_ms=7201 restore_ms=1966 downtime_ms=9168
checkpoint_us=127 checkpoint_ns=126521
archive_bytes=2012
artifacts=/home/ivo/Evaluation-of-Live-Migration-Strategies-at-the-Edge/WASM-migration/metrics/run_artifacts/01-05-2026-host-cold-0016
csv=/home/ivo/Evaluation-of-Live-Migration-Strategies-at-the-Edge/WASM-migration/metrics/migration_metrics.csv
[exit=0]

$ python3 /home/ivo/Evaluation-of-Live-Migration-Strategies-at-the-Edge/WASM-migration/scripts/orchestrators/wasm_benchmark.py --source edge-node-1 --dest edge-node-2 --transfer-mode host --run-id 01-05-2026-host-cold-0017 --module /home/ivo/Evaluation-of-Live-Migration-Strategies-at-the-Edge/WASM-migration/wasm-migrate-commands/wasm_test_computation/3mm_with_cr.wasm --commands-dir /home/ivo/Evaluation-of-Live-Migration-Strategies-at-the-Edge/WASM-migration/wasm-migrate-commands/build --csv /home/ivo/Evaluation-of-Live-Migration-Strategies-at-the-Edge/WASM-migration/metrics/migration_metrics.csv --profile-name 1_WiFi_6 --warmup-seconds 0.01 --timeout-seconds 20.0 --relay-node edge-host-1
  Transferring /home/ubuntu/wasm-migration/runs/01-05-2026-host-cold-0017/wasm-state.tar.gz via relay node edge-host-1...
Setting up SSH trust: edge-node-1 → ubuntu@10.138.215.36
  Adding public key to destination's authorized_keys...
  Testing SSH connectivity...
  ✓ SSH trust ready
Setting up SSH trust: edge-host-1 → ubuntu@10.138.215.137
  Adding public key to destination's authorized_keys...
  Testing SSH connectivity...
  ✓ SSH trust ready
run_id=01-05-2026-host-cold-0017
source=edge-node-1 dest=edge-node-2 transfer_mode=host
success=True
checkpoint_ms=1 transfer_ms=6797 restore_ms=2039 downtime_ms=8837
checkpoint_us=182 checkpoint_ns=181994
archive_bytes=2015
artifacts=/home/ivo/Evaluation-of-Live-Migration-Strategies-at-the-Edge/WASM-migration/metrics/run_artifacts/01-05-2026-host-cold-0017
csv=/home/ivo/Evaluation-of-Live-Migration-Strategies-at-the-Edge/WASM-migration/metrics/migration_metrics.csv
[exit=0]

$ python3 /home/ivo/Evaluation-of-Live-Migration-Strategies-at-the-Edge/WASM-migration/scripts/orchestrators/wasm_benchmark.py --source edge-node-1 --dest edge-node-2 --transfer-mode host --run-id 01-05-2026-host-cold-0018 --module /home/ivo/Evaluation-of-Live-Migration-Strategies-at-the-Edge/WASM-migration/wasm-migrate-commands/wasm_test_computation/3mm_with_cr.wasm --commands-dir /home/ivo/Evaluation-of-Live-Migration-Strategies-at-the-Edge/WASM-migration/wasm-migrate-commands/build --csv /home/ivo/Evaluation-of-Live-Migration-Strategies-at-the-Edge/WASM-migration/metrics/migration_metrics.csv --profile-name 1_WiFi_6 --warmup-seconds 0.01 --timeout-seconds 20.0 --relay-node edge-host-1
  Transferring /home/ubuntu/wasm-migration/runs/01-05-2026-host-cold-0018/wasm-state.tar.gz via relay node edge-host-1...
Setting up SSH trust: edge-node-1 → ubuntu@10.138.215.36
  Adding public key to destination's authorized_keys...
  Testing SSH connectivity...
  ✓ SSH trust ready
Setting up SSH trust: edge-host-1 → ubuntu@10.138.215.137
  Adding public key to destination's authorized_keys...
  Testing SSH connectivity...
  ✓ SSH trust ready
run_id=01-05-2026-host-cold-0018
source=edge-node-1 dest=edge-node-2 transfer_mode=host
success=True
checkpoint_ms=1 transfer_ms=7040 restore_ms=1969 downtime_ms=9010
checkpoint_us=192 checkpoint_ns=191369
archive_bytes=2013
artifacts=/home/ivo/Evaluation-of-Live-Migration-Strategies-at-the-Edge/WASM-migration/metrics/run_artifacts/01-05-2026-host-cold-0018
csv=/home/ivo/Evaluation-of-Live-Migration-Strategies-at-the-Edge/WASM-migration/metrics/migration_metrics.csv
[exit=0]

$ python3 /home/ivo/Evaluation-of-Live-Migration-Strategies-at-the-Edge/WASM-migration/scripts/orchestrators/wasm_benchmark.py --source edge-node-1 --dest edge-node-2 --transfer-mode host --run-id 01-05-2026-host-cold-0019 --module /home/ivo/Evaluation-of-Live-Migration-Strategies-at-the-Edge/WASM-migration/wasm-migrate-commands/wasm_test_computation/3mm_with_cr.wasm --commands-dir /home/ivo/Evaluation-of-Live-Migration-Strategies-at-the-Edge/WASM-migration/wasm-migrate-commands/build --csv /home/ivo/Evaluation-of-Live-Migration-Strategies-at-the-Edge/WASM-migration/metrics/migration_metrics.csv --profile-name 1_WiFi_6 --warmup-seconds 0.01 --timeout-seconds 20.0 --relay-node edge-host-1
  Transferring /home/ubuntu/wasm-migration/runs/01-05-2026-host-cold-0019/wasm-state.tar.gz via relay node edge-host-1...
Setting up SSH trust: edge-node-1 → ubuntu@10.138.215.36
  Adding public key to destination's authorized_keys...
  Testing SSH connectivity...
  ✓ SSH trust ready
Setting up SSH trust: edge-host-1 → ubuntu@10.138.215.137
  Adding public key to destination's authorized_keys...
  Testing SSH connectivity...
  ✓ SSH trust ready
run_id=01-05-2026-host-cold-0019
source=edge-node-1 dest=edge-node-2 transfer_mode=host
success=True
checkpoint_ms=1 transfer_ms=6840 restore_ms=2014 downtime_ms=8855
checkpoint_us=175 checkpoint_ns=174391
archive_bytes=2009
artifacts=/home/ivo/Evaluation-of-Live-Migration-Strategies-at-the-Edge/WASM-migration/metrics/run_artifacts/01-05-2026-host-cold-0019
csv=/home/ivo/Evaluation-of-Live-Migration-Strategies-at-the-Edge/WASM-migration/metrics/migration_metrics.csv
[exit=0]

$ python3 /home/ivo/Evaluation-of-Live-Migration-Strategies-at-the-Edge/WASM-migration/scripts/orchestrators/wasm_benchmark.py --source edge-node-1 --dest edge-node-2 --transfer-mode direct --run-id 01-05-2026-direct-cold-0010 --module /home/ivo/Evaluation-of-Live-Migration-Strategies-at-the-Edge/WASM-migration/wasm-migrate-commands/wasm_test_computation/3mm_with_cr.wasm --commands-dir /home/ivo/Evaluation-of-Live-Migration-Strategies-at-the-Edge/WASM-migration/wasm-migrate-commands/build --csv /home/ivo/Evaluation-of-Live-Migration-Strategies-at-the-Edge/WASM-migration/metrics/migration_metrics.csv --profile-name 1_WiFi_6 --warmup-seconds 0.01 --timeout-seconds 20.0
Setting up SSH trust: edge-node-1 → ubuntu@10.138.215.137
  Adding public key to destination's authorized_keys...
  Testing SSH connectivity...
  ✓ SSH trust ready
  Transferring /home/ubuntu/wasm-migration/runs/01-05-2026-direct-cold-0010/wasm-state.tar.gz via SCP...
run_id=01-05-2026-direct-cold-0010
source=edge-node-1 dest=edge-node-2 transfer_mode=direct
success=True
checkpoint_ms=1 transfer_ms=3220 restore_ms=1989 downtime_ms=5210
checkpoint_us=202 checkpoint_ns=201779
archive_bytes=2015
artifacts=/home/ivo/Evaluation-of-Live-Migration-Strategies-at-the-Edge/WASM-migration/metrics/run_artifacts/01-05-2026-direct-cold-0010
csv=/home/ivo/Evaluation-of-Live-Migration-Strategies-at-the-Edge/WASM-migration/metrics/migration_metrics.csv
[exit=0]

$ python3 /home/ivo/Evaluation-of-Live-Migration-Strategies-at-the-Edge/WASM-migration/scripts/orchestrators/wasm_benchmark.py --source edge-node-1 --dest edge-node-2 --transfer-mode direct --run-id 01-05-2026-direct-cold-0011 --module /home/ivo/Evaluation-of-Live-Migration-Strategies-at-the-Edge/WASM-migration/wasm-migrate-commands/wasm_test_computation/3mm_with_cr.wasm --commands-dir /home/ivo/Evaluation-of-Live-Migration-Strategies-at-the-Edge/WASM-migration/wasm-migrate-commands/build --csv /home/ivo/Evaluation-of-Live-Migration-Strategies-at-the-Edge/WASM-migration/metrics/migration_metrics.csv --profile-name 1_WiFi_6 --warmup-seconds 0.01 --timeout-seconds 20.0
Setting up SSH trust: edge-node-1 → ubuntu@10.138.215.137
  Adding public key to destination's authorized_keys...
  Testing SSH connectivity...
  ✓ SSH trust ready
  Transferring /home/ubuntu/wasm-migration/runs/01-05-2026-direct-cold-0011/wasm-state.tar.gz via SCP...
run_id=01-05-2026-direct-cold-0011
source=edge-node-1 dest=edge-node-2 transfer_mode=direct
success=True
checkpoint_ms=1 transfer_ms=3522 restore_ms=2084 downtime_ms=5607
checkpoint_us=182 checkpoint_ns=181838
archive_bytes=2015
artifacts=/home/ivo/Evaluation-of-Live-Migration-Strategies-at-the-Edge/WASM-migration/metrics/run_artifacts/01-05-2026-direct-cold-0011
csv=/home/ivo/Evaluation-of-Live-Migration-Strategies-at-the-Edge/WASM-migration/metrics/migration_metrics.csv
[exit=0]

$ python3 /home/ivo/Evaluation-of-Live-Migration-Strategies-at-the-Edge/WASM-migration/scripts/orchestrators/wasm_benchmark.py --source edge-node-1 --dest edge-node-2 --transfer-mode direct --run-id 01-05-2026-direct-cold-0012 --module /home/ivo/Evaluation-of-Live-Migration-Strategies-at-the-Edge/WASM-migration/wasm-migrate-commands/wasm_test_computation/3mm_with_cr.wasm --commands-dir /home/ivo/Evaluation-of-Live-Migration-Strategies-at-the-Edge/WASM-migration/wasm-migrate-commands/build --csv /home/ivo/Evaluation-of-Live-Migration-Strategies-at-the-Edge/WASM-migration/metrics/migration_metrics.csv --profile-name 1_WiFi_6 --warmup-seconds 0.01 --timeout-seconds 20.0
Setting up SSH trust: edge-node-1 → ubuntu@10.138.215.137
  Adding public key to destination's authorized_keys...
  Testing SSH connectivity...
  ✓ SSH trust ready
  Transferring /home/ubuntu/wasm-migration/runs/01-05-2026-direct-cold-0012/wasm-state.tar.gz via SCP...
run_id=01-05-2026-direct-cold-0012
source=edge-node-1 dest=edge-node-2 transfer_mode=direct
success=True
checkpoint_ms=1 transfer_ms=3109 restore_ms=2076 downtime_ms=5186
checkpoint_us=197 checkpoint_ns=196369
archive_bytes=2012
artifacts=/home/ivo/Evaluation-of-Live-Migration-Strategies-at-the-Edge/WASM-migration/metrics/run_artifacts/01-05-2026-direct-cold-0012
csv=/home/ivo/Evaluation-of-Live-Migration-Strategies-at-the-Edge/WASM-migration/metrics/migration_metrics.csv
[exit=0]

$ python3 /home/ivo/Evaluation-of-Live-Migration-Strategies-at-the-Edge/WASM-migration/scripts/orchestrators/wasm_benchmark.py --source edge-node-1 --dest edge-node-2 --transfer-mode direct --run-id 01-05-2026-direct-cold-0013 --module /home/ivo/Evaluation-of-Live-Migration-Strategies-at-the-Edge/WASM-migration/wasm-migrate-commands/wasm_test_computation/3mm_with_cr.wasm --commands-dir /home/ivo/Evaluation-of-Live-Migration-Strategies-at-the-Edge/WASM-migration/wasm-migrate-commands/build --csv /home/ivo/Evaluation-of-Live-Migration-Strategies-at-the-Edge/WASM-migration/metrics/migration_metrics.csv --profile-name 1_WiFi_6 --warmup-seconds 0.01 --timeout-seconds 20.0
Setting up SSH trust: edge-node-1 → ubuntu@10.138.215.137
  Adding public key to destination's authorized_keys...
  Testing SSH connectivity...
  ✓ SSH trust ready
  Transferring /home/ubuntu/wasm-migration/runs/01-05-2026-direct-cold-0013/wasm-state.tar.gz via SCP...
run_id=01-05-2026-direct-cold-0013
source=edge-node-1 dest=edge-node-2 transfer_mode=direct
success=True
checkpoint_ms=1 transfer_ms=3155 restore_ms=2086 downtime_ms=5242
checkpoint_us=135 checkpoint_ns=134378
archive_bytes=2012
artifacts=/home/ivo/Evaluation-of-Live-Migration-Strategies-at-the-Edge/WASM-migration/metrics/run_artifacts/01-05-2026-direct-cold-0013
csv=/home/ivo/Evaluation-of-Live-Migration-Strategies-at-the-Edge/WASM-migration/metrics/migration_metrics.csv
[exit=0]

$ python3 /home/ivo/Evaluation-of-Live-Migration-Strategies-at-the-Edge/WASM-migration/scripts/orchestrators/wasm_benchmark.py --source edge-node-1 --dest edge-node-2 --transfer-mode direct --run-id 01-05-2026-direct-cold-0014 --module /home/ivo/Evaluation-of-Live-Migration-Strategies-at-the-Edge/WASM-migration/wasm-migrate-commands/wasm_test_computation/3mm_with_cr.wasm --commands-dir /home/ivo/Evaluation-of-Live-Migration-Strategies-at-the-Edge/WASM-migration/wasm-migrate-commands/build --csv /home/ivo/Evaluation-of-Live-Migration-Strategies-at-the-Edge/WASM-migration/metrics/migration_metrics.csv --profile-name 1_WiFi_6 --warmup-seconds 0.01 --timeout-seconds 20.0
Setting up SSH trust: edge-node-1 → ubuntu@10.138.215.137
  Adding public key to destination's authorized_keys...
  Testing SSH connectivity...
  ✓ SSH trust ready
  Transferring /home/ubuntu/wasm-migration/runs/01-05-2026-direct-cold-0014/wasm-state.tar.gz via SCP...
run_id=01-05-2026-direct-cold-0014
source=edge-node-1 dest=edge-node-2 transfer_mode=direct
success=True
checkpoint_ms=1 transfer_ms=3210 restore_ms=2066 downtime_ms=5277
checkpoint_us=198 checkpoint_ns=197625
archive_bytes=2015
artifacts=/home/ivo/Evaluation-of-Live-Migration-Strategies-at-the-Edge/WASM-migration/metrics/run_artifacts/01-05-2026-direct-cold-0014
csv=/home/ivo/Evaluation-of-Live-Migration-Strategies-at-the-Edge/WASM-migration/metrics/migration_metrics.csv
[exit=0]

$ python3 /home/ivo/Evaluation-of-Live-Migration-Strategies-at-the-Edge/WASM-migration/scripts/orchestrators/wasm_benchmark.py --source edge-node-1 --dest edge-node-2 --transfer-mode direct --run-id 01-05-2026-direct-cold-0015 --module /home/ivo/Evaluation-of-Live-Migration-Strategies-at-the-Edge/WASM-migration/wasm-migrate-commands/wasm_test_computation/3mm_with_cr.wasm --commands-dir /home/ivo/Evaluation-of-Live-Migration-Strategies-at-the-Edge/WASM-migration/wasm-migrate-commands/build --csv /home/ivo/Evaluation-of-Live-Migration-Strategies-at-the-Edge/WASM-migration/metrics/migration_metrics.csv --profile-name 1_WiFi_6 --warmup-seconds 0.01 --timeout-seconds 20.0
Setting up SSH trust: edge-node-1 → ubuntu@10.138.215.137
  Adding public key to destination's authorized_keys...
  Testing SSH connectivity...
  ✓ SSH trust ready
  Transferring /home/ubuntu/wasm-migration/runs/01-05-2026-direct-cold-0015/wasm-state.tar.gz via SCP...
run_id=01-05-2026-direct-cold-0015
source=edge-node-1 dest=edge-node-2 transfer_mode=direct
success=True
checkpoint_ms=1 transfer_ms=3003 restore_ms=2063 downtime_ms=5067
checkpoint_us=166 checkpoint_ns=165991
archive_bytes=2015
artifacts=/home/ivo/Evaluation-of-Live-Migration-Strategies-at-the-Edge/WASM-migration/metrics/run_artifacts/01-05-2026-direct-cold-0015
csv=/home/ivo/Evaluation-of-Live-Migration-Strategies-at-the-Edge/WASM-migration/metrics/migration_metrics.csv
[exit=0]

$ python3 /home/ivo/Evaluation-of-Live-Migration-Strategies-at-the-Edge/WASM-migration/scripts/orchestrators/wasm_benchmark.py --source edge-node-1 --dest edge-node-2 --transfer-mode direct --run-id 01-05-2026-direct-cold-0016 --module /home/ivo/Evaluation-of-Live-Migration-Strategies-at-the-Edge/WASM-migration/wasm-migrate-commands/wasm_test_computation/3mm_with_cr.wasm --commands-dir /home/ivo/Evaluation-of-Live-Migration-Strategies-at-the-Edge/WASM-migration/wasm-migrate-commands/build --csv /home/ivo/Evaluation-of-Live-Migration-Strategies-at-the-Edge/WASM-migration/metrics/migration_metrics.csv --profile-name 1_WiFi_6 --warmup-seconds 0.01 --timeout-seconds 20.0
Setting up SSH trust: edge-node-1 → ubuntu@10.138.215.137
  Adding public key to destination's authorized_keys...
  Testing SSH connectivity...
  ✓ SSH trust ready
  Transferring /home/ubuntu/wasm-migration/runs/01-05-2026-direct-cold-0016/wasm-state.tar.gz via SCP...
run_id=01-05-2026-direct-cold-0016
source=edge-node-1 dest=edge-node-2 transfer_mode=direct
success=True
checkpoint_ms=1 transfer_ms=3179 restore_ms=1916 downtime_ms=5096
checkpoint_us=127 checkpoint_ns=126352
archive_bytes=2014
artifacts=/home/ivo/Evaluation-of-Live-Migration-Strategies-at-the-Edge/WASM-migration/metrics/run_artifacts/01-05-2026-direct-cold-0016
csv=/home/ivo/Evaluation-of-Live-Migration-Strategies-at-the-Edge/WASM-migration/metrics/migration_metrics.csv
[exit=0]

$ python3 /home/ivo/Evaluation-of-Live-Migration-Strategies-at-the-Edge/WASM-migration/scripts/orchestrators/wasm_benchmark.py --source edge-node-1 --dest edge-node-2 --transfer-mode direct --run-id 01-05-2026-direct-cold-0017 --module /home/ivo/Evaluation-of-Live-Migration-Strategies-at-the-Edge/WASM-migration/wasm-migrate-commands/wasm_test_computation/3mm_with_cr.wasm --commands-dir /home/ivo/Evaluation-of-Live-Migration-Strategies-at-the-Edge/WASM-migration/wasm-migrate-commands/build --csv /home/ivo/Evaluation-of-Live-Migration-Strategies-at-the-Edge/WASM-migration/metrics/migration_metrics.csv --profile-name 1_WiFi_6 --warmup-seconds 0.01 --timeout-seconds 20.0
Setting up SSH trust: edge-node-1 → ubuntu@10.138.215.137
  Adding public key to destination's authorized_keys...
  Testing SSH connectivity...
  ✓ SSH trust ready
  Transferring /home/ubuntu/wasm-migration/runs/01-05-2026-direct-cold-0017/wasm-state.tar.gz via SCP...
run_id=01-05-2026-direct-cold-0017
source=edge-node-1 dest=edge-node-2 transfer_mode=direct
success=True
checkpoint_ms=1 transfer_ms=3084 restore_ms=1960 downtime_ms=5045
checkpoint_us=215 checkpoint_ns=214707
archive_bytes=2013
artifacts=/home/ivo/Evaluation-of-Live-Migration-Strategies-at-the-Edge/WASM-migration/metrics/run_artifacts/01-05-2026-direct-cold-0017
csv=/home/ivo/Evaluation-of-Live-Migration-Strategies-at-the-Edge/WASM-migration/metrics/migration_metrics.csv
[exit=0]

$ python3 /home/ivo/Evaluation-of-Live-Migration-Strategies-at-the-Edge/WASM-migration/scripts/orchestrators/wasm_benchmark.py --source edge-node-1 --dest edge-node-2 --transfer-mode direct --run-id 01-05-2026-direct-cold-0018 --module /home/ivo/Evaluation-of-Live-Migration-Strategies-at-the-Edge/WASM-migration/wasm-migrate-commands/wasm_test_computation/3mm_with_cr.wasm --commands-dir /home/ivo/Evaluation-of-Live-Migration-Strategies-at-the-Edge/WASM-migration/wasm-migrate-commands/build --csv /home/ivo/Evaluation-of-Live-Migration-Strategies-at-the-Edge/WASM-migration/metrics/migration_metrics.csv --profile-name 1_WiFi_6 --warmup-seconds 0.01 --timeout-seconds 20.0
Setting up SSH trust: edge-node-1 → ubuntu@10.138.215.137
  Adding public key to destination's authorized_keys...
  Testing SSH connectivity...
  ✓ SSH trust ready
  Transferring /home/ubuntu/wasm-migration/runs/01-05-2026-direct-cold-0018/wasm-state.tar.gz via SCP...
run_id=01-05-2026-direct-cold-0018
source=edge-node-1 dest=edge-node-2 transfer_mode=direct
success=True
checkpoint_ms=1 transfer_ms=3453 restore_ms=2251 downtime_ms=5705
checkpoint_us=171 checkpoint_ns=170116
archive_bytes=2016
artifacts=/home/ivo/Evaluation-of-Live-Migration-Strategies-at-the-Edge/WASM-migration/metrics/run_artifacts/01-05-2026-direct-cold-0018
csv=/home/ivo/Evaluation-of-Live-Migration-Strategies-at-the-Edge/WASM-migration/metrics/migration_metrics.csv
[exit=0]

$ python3 /home/ivo/Evaluation-of-Live-Migration-Strategies-at-the-Edge/WASM-migration/scripts/orchestrators/wasm_benchmark.py --source edge-node-1 --dest edge-node-2 --transfer-mode direct --run-id 01-05-2026-direct-cold-0019 --module /home/ivo/Evaluation-of-Live-Migration-Strategies-at-the-Edge/WASM-migration/wasm-migrate-commands/wasm_test_computation/3mm_with_cr.wasm --commands-dir /home/ivo/Evaluation-of-Live-Migration-Strategies-at-the-Edge/WASM-migration/wasm-migrate-commands/build --csv /home/ivo/Evaluation-of-Live-Migration-Strategies-at-the-Edge/WASM-migration/metrics/migration_metrics.csv --profile-name 1_WiFi_6 --warmup-seconds 0.01 --timeout-seconds 20.0
Setting up SSH trust: edge-node-1 → ubuntu@10.138.215.137
  Adding public key to destination's authorized_keys...
  Testing SSH connectivity...
  ✓ SSH trust ready
  Transferring /home/ubuntu/wasm-migration/runs/01-05-2026-direct-cold-0019/wasm-state.tar.gz via SCP...
run_id=01-05-2026-direct-cold-0019
source=edge-node-1 dest=edge-node-2 transfer_mode=direct
success=True
checkpoint_ms=1 transfer_ms=2824 restore_ms=2143 downtime_ms=4968
checkpoint_us=163 checkpoint_ns=162965
archive_bytes=2014
artifacts=/home/ivo/Evaluation-of-Live-Migration-Strategies-at-the-Edge/WASM-migration/metrics/run_artifacts/01-05-2026-direct-cold-0019
csv=/home/ivo/Evaluation-of-Live-Migration-Strategies-at-the-Edge/WASM-migration/metrics/migration_metrics.csv
[exit=0]
[repeat] run_ids_file=/home/ivo/Evaluation-of-Live-Migration-Strategies-at-the-Edge/WASM-migration/metrics/run_logs/01-05-2026-wasm-cold-h10-d10-snap-054443.run_ids.txt
