=== repeat_wasm_benchmarks.py 2026-05-06T19:44:16.956641 ===
base_run_id=06-05-2026-wasm-cold-h10-d10-snap-194416 source=edge-node-1 dest=edge-node-2 host_runs=10 direct_runs=10 relay_node=edge-host-1 profile_name=1_WiFi_6 module=/home/ivo/Evaluation-of-Live-Migration-Strategies-at-the-Edge/WASM-migration/wasm-migrate-commands/wasm_test_computation/3mm_with_cr.wasm snapshot_node_metrics=True

$ python3 /home/ivo/Evaluation-of-Live-Migration-Strategies-at-the-Edge/WASM-migration/scripts/orchestrators/wasm_benchmark.py --source edge-node-1 --dest edge-node-2 --transfer-mode host --run-id 06-05-2026-host-cold-0010 --module /home/ivo/Evaluation-of-Live-Migration-Strategies-at-the-Edge/WASM-migration/wasm-migrate-commands/wasm_test_computation/3mm_with_cr.wasm --commands-dir /home/ivo/Evaluation-of-Live-Migration-Strategies-at-the-Edge/WASM-migration/wasm-migrate-commands/build --csv /home/ivo/Evaluation-of-Live-Migration-Strategies-at-the-Edge/WASM-migration/metrics/migration_metrics.csv --profile-name 1_WiFi_6 --warmup-seconds 0.01 --timeout-seconds 20.0 --relay-node edge-host-1
  Transferring /home/ubuntu/wasm-migration/runs/06-05-2026-host-cold-0010/wasm-state.tar.gz via relay node edge-host-1...
Setting up SSH trust: edge-node-1 → ubuntu@10.138.215.36
  Adding public key to destination's authorized_keys...
  Testing SSH connectivity...
  ✓ SSH trust ready
Setting up SSH trust: edge-host-1 → ubuntu@10.138.215.137
  Adding public key to destination's authorized_keys...
  Testing SSH connectivity...
  ✓ SSH trust ready
run_id=06-05-2026-host-cold-0010
source=edge-node-1 dest=edge-node-2 transfer_mode=host
success=True
checkpoint_ms=1 transfer_ms=7483 restore_ms=2051 downtime_ms=9535
checkpoint_us=148 checkpoint_ns=147770
archive_bytes=2017
artifacts=/home/ivo/Evaluation-of-Live-Migration-Strategies-at-the-Edge/WASM-migration/metrics/run_artifacts/06-05-2026-host-cold-0010
csv=/home/ivo/Evaluation-of-Live-Migration-Strategies-at-the-Edge/WASM-migration/metrics/migration_metrics.csv
[exit=0]

$ python3 /home/ivo/Evaluation-of-Live-Migration-Strategies-at-the-Edge/WASM-migration/scripts/orchestrators/wasm_benchmark.py --source edge-node-1 --dest edge-node-2 --transfer-mode host --run-id 06-05-2026-host-cold-0011 --module /home/ivo/Evaluation-of-Live-Migration-Strategies-at-the-Edge/WASM-migration/wasm-migrate-commands/wasm_test_computation/3mm_with_cr.wasm --commands-dir /home/ivo/Evaluation-of-Live-Migration-Strategies-at-the-Edge/WASM-migration/wasm-migrate-commands/build --csv /home/ivo/Evaluation-of-Live-Migration-Strategies-at-the-Edge/WASM-migration/metrics/migration_metrics.csv --profile-name 1_WiFi_6 --warmup-seconds 0.01 --timeout-seconds 20.0 --relay-node edge-host-1
  Transferring /home/ubuntu/wasm-migration/runs/06-05-2026-host-cold-0011/wasm-state.tar.gz via relay node edge-host-1...
Setting up SSH trust: edge-node-1 → ubuntu@10.138.215.36
  Adding public key to destination's authorized_keys...
  Testing SSH connectivity...
  ✓ SSH trust ready
Setting up SSH trust: edge-host-1 → ubuntu@10.138.215.137
  Adding public key to destination's authorized_keys...
  Testing SSH connectivity...
  ✓ SSH trust ready
run_id=06-05-2026-host-cold-0011
source=edge-node-1 dest=edge-node-2 transfer_mode=host
success=True
checkpoint_ms=1 transfer_ms=6905 restore_ms=2006 downtime_ms=8912
checkpoint_us=170 checkpoint_ns=169534
archive_bytes=2015
artifacts=/home/ivo/Evaluation-of-Live-Migration-Strategies-at-the-Edge/WASM-migration/metrics/run_artifacts/06-05-2026-host-cold-0011
csv=/home/ivo/Evaluation-of-Live-Migration-Strategies-at-the-Edge/WASM-migration/metrics/migration_metrics.csv
[exit=0]

$ python3 /home/ivo/Evaluation-of-Live-Migration-Strategies-at-the-Edge/WASM-migration/scripts/orchestrators/wasm_benchmark.py --source edge-node-1 --dest edge-node-2 --transfer-mode host --run-id 06-05-2026-host-cold-0012 --module /home/ivo/Evaluation-of-Live-Migration-Strategies-at-the-Edge/WASM-migration/wasm-migrate-commands/wasm_test_computation/3mm_with_cr.wasm --commands-dir /home/ivo/Evaluation-of-Live-Migration-Strategies-at-the-Edge/WASM-migration/wasm-migrate-commands/build --csv /home/ivo/Evaluation-of-Live-Migration-Strategies-at-the-Edge/WASM-migration/metrics/migration_metrics.csv --profile-name 1_WiFi_6 --warmup-seconds 0.01 --timeout-seconds 20.0 --relay-node edge-host-1
  Transferring /home/ubuntu/wasm-migration/runs/06-05-2026-host-cold-0012/wasm-state.tar.gz via relay node edge-host-1...
Setting up SSH trust: edge-node-1 → ubuntu@10.138.215.36
  Adding public key to destination's authorized_keys...
  Testing SSH connectivity...
  ✓ SSH trust ready
Setting up SSH trust: edge-host-1 → ubuntu@10.138.215.137
  Adding public key to destination's authorized_keys...
  Testing SSH connectivity...
  ✓ SSH trust ready
run_id=06-05-2026-host-cold-0012
source=edge-node-1 dest=edge-node-2 transfer_mode=host
success=True
checkpoint_ms=1 transfer_ms=6846 restore_ms=2013 downtime_ms=8860
checkpoint_us=181 checkpoint_ns=180368
archive_bytes=2019
artifacts=/home/ivo/Evaluation-of-Live-Migration-Strategies-at-the-Edge/WASM-migration/metrics/run_artifacts/06-05-2026-host-cold-0012
csv=/home/ivo/Evaluation-of-Live-Migration-Strategies-at-the-Edge/WASM-migration/metrics/migration_metrics.csv
[exit=0]

$ python3 /home/ivo/Evaluation-of-Live-Migration-Strategies-at-the-Edge/WASM-migration/scripts/orchestrators/wasm_benchmark.py --source edge-node-1 --dest edge-node-2 --transfer-mode host --run-id 06-05-2026-host-cold-0013 --module /home/ivo/Evaluation-of-Live-Migration-Strategies-at-the-Edge/WASM-migration/wasm-migrate-commands/wasm_test_computation/3mm_with_cr.wasm --commands-dir /home/ivo/Evaluation-of-Live-Migration-Strategies-at-the-Edge/WASM-migration/wasm-migrate-commands/build --csv /home/ivo/Evaluation-of-Live-Migration-Strategies-at-the-Edge/WASM-migration/metrics/migration_metrics.csv --profile-name 1_WiFi_6 --warmup-seconds 0.01 --timeout-seconds 20.0 --relay-node edge-host-1
  Transferring /home/ubuntu/wasm-migration/runs/06-05-2026-host-cold-0013/wasm-state.tar.gz via relay node edge-host-1...
Setting up SSH trust: edge-node-1 → ubuntu@10.138.215.36
  Adding public key to destination's authorized_keys...
  Testing SSH connectivity...
  ✓ SSH trust ready
Setting up SSH trust: edge-host-1 → ubuntu@10.138.215.137
  Adding public key to destination's authorized_keys...
  Testing SSH connectivity...
  ✓ SSH trust ready
run_id=06-05-2026-host-cold-0013
source=edge-node-1 dest=edge-node-2 transfer_mode=host
success=True
checkpoint_ms=1 transfer_ms=7355 restore_ms=1975 downtime_ms=9331
checkpoint_us=127 checkpoint_ns=126324
archive_bytes=2016
artifacts=/home/ivo/Evaluation-of-Live-Migration-Strategies-at-the-Edge/WASM-migration/metrics/run_artifacts/06-05-2026-host-cold-0013
csv=/home/ivo/Evaluation-of-Live-Migration-Strategies-at-the-Edge/WASM-migration/metrics/migration_metrics.csv
[exit=0]

$ python3 /home/ivo/Evaluation-of-Live-Migration-Strategies-at-the-Edge/WASM-migration/scripts/orchestrators/wasm_benchmark.py --source edge-node-1 --dest edge-node-2 --transfer-mode host --run-id 06-05-2026-host-cold-0014 --module /home/ivo/Evaluation-of-Live-Migration-Strategies-at-the-Edge/WASM-migration/wasm-migrate-commands/wasm_test_computation/3mm_with_cr.wasm --commands-dir /home/ivo/Evaluation-of-Live-Migration-Strategies-at-the-Edge/WASM-migration/wasm-migrate-commands/build --csv /home/ivo/Evaluation-of-Live-Migration-Strategies-at-the-Edge/WASM-migration/metrics/migration_metrics.csv --profile-name 1_WiFi_6 --warmup-seconds 0.01 --timeout-seconds 20.0 --relay-node edge-host-1
  Transferring /home/ubuntu/wasm-migration/runs/06-05-2026-host-cold-0014/wasm-state.tar.gz via relay node edge-host-1...
Setting up SSH trust: edge-node-1 → ubuntu@10.138.215.36
  Adding public key to destination's authorized_keys...
  Testing SSH connectivity...
  ✓ SSH trust ready
Setting up SSH trust: edge-host-1 → ubuntu@10.138.215.137
  Adding public key to destination's authorized_keys...
  Testing SSH connectivity...
  ✓ SSH trust ready
run_id=06-05-2026-host-cold-0014
source=edge-node-1 dest=edge-node-2 transfer_mode=host
success=True
checkpoint_ms=1 transfer_ms=6952 restore_ms=1957 downtime_ms=8910
checkpoint_us=155 checkpoint_ns=154790
archive_bytes=2015
artifacts=/home/ivo/Evaluation-of-Live-Migration-Strategies-at-the-Edge/WASM-migration/metrics/run_artifacts/06-05-2026-host-cold-0014
csv=/home/ivo/Evaluation-of-Live-Migration-Strategies-at-the-Edge/WASM-migration/metrics/migration_metrics.csv
[exit=0]

$ python3 /home/ivo/Evaluation-of-Live-Migration-Strategies-at-the-Edge/WASM-migration/scripts/orchestrators/wasm_benchmark.py --source edge-node-1 --dest edge-node-2 --transfer-mode host --run-id 06-05-2026-host-cold-0015 --module /home/ivo/Evaluation-of-Live-Migration-Strategies-at-the-Edge/WASM-migration/wasm-migrate-commands/wasm_test_computation/3mm_with_cr.wasm --commands-dir /home/ivo/Evaluation-of-Live-Migration-Strategies-at-the-Edge/WASM-migration/wasm-migrate-commands/build --csv /home/ivo/Evaluation-of-Live-Migration-Strategies-at-the-Edge/WASM-migration/metrics/migration_metrics.csv --profile-name 1_WiFi_6 --warmup-seconds 0.01 --timeout-seconds 20.0 --relay-node edge-host-1
  Transferring /home/ubuntu/wasm-migration/runs/06-05-2026-host-cold-0015/wasm-state.tar.gz via relay node edge-host-1...
Setting up SSH trust: edge-node-1 → ubuntu@10.138.215.36
  Adding public key to destination's authorized_keys...
  Testing SSH connectivity...
  ✓ SSH trust ready
Setting up SSH trust: edge-host-1 → ubuntu@10.138.215.137
  Adding public key to destination's authorized_keys...
  Testing SSH connectivity...
  ✓ SSH trust ready
run_id=06-05-2026-host-cold-0015
source=edge-node-1 dest=edge-node-2 transfer_mode=host
success=True
checkpoint_ms=1 transfer_ms=6931 restore_ms=2359 downtime_ms=9291
checkpoint_us=198 checkpoint_ns=197741
archive_bytes=2016
artifacts=/home/ivo/Evaluation-of-Live-Migration-Strategies-at-the-Edge/WASM-migration/metrics/run_artifacts/06-05-2026-host-cold-0015
csv=/home/ivo/Evaluation-of-Live-Migration-Strategies-at-the-Edge/WASM-migration/metrics/migration_metrics.csv
[exit=0]

$ python3 /home/ivo/Evaluation-of-Live-Migration-Strategies-at-the-Edge/WASM-migration/scripts/orchestrators/wasm_benchmark.py --source edge-node-1 --dest edge-node-2 --transfer-mode host --run-id 06-05-2026-host-cold-0016 --module /home/ivo/Evaluation-of-Live-Migration-Strategies-at-the-Edge/WASM-migration/wasm-migrate-commands/wasm_test_computation/3mm_with_cr.wasm --commands-dir /home/ivo/Evaluation-of-Live-Migration-Strategies-at-the-Edge/WASM-migration/wasm-migrate-commands/build --csv /home/ivo/Evaluation-of-Live-Migration-Strategies-at-the-Edge/WASM-migration/metrics/migration_metrics.csv --profile-name 1_WiFi_6 --warmup-seconds 0.01 --timeout-seconds 20.0 --relay-node edge-host-1
  Transferring /home/ubuntu/wasm-migration/runs/06-05-2026-host-cold-0016/wasm-state.tar.gz via relay node edge-host-1...
Setting up SSH trust: edge-node-1 → ubuntu@10.138.215.36
  Adding public key to destination's authorized_keys...
  Testing SSH connectivity...
  ✓ SSH trust ready
Setting up SSH trust: edge-host-1 → ubuntu@10.138.215.137
  Adding public key to destination's authorized_keys...
  Testing SSH connectivity...
  ✓ SSH trust ready
run_id=06-05-2026-host-cold-0016
source=edge-node-1 dest=edge-node-2 transfer_mode=host
success=True
checkpoint_ms=1 transfer_ms=7218 restore_ms=2081 downtime_ms=9300
checkpoint_us=143 checkpoint_ns=142131
archive_bytes=2015
artifacts=/home/ivo/Evaluation-of-Live-Migration-Strategies-at-the-Edge/WASM-migration/metrics/run_artifacts/06-05-2026-host-cold-0016
csv=/home/ivo/Evaluation-of-Live-Migration-Strategies-at-the-Edge/WASM-migration/metrics/migration_metrics.csv
[exit=0]

$ python3 /home/ivo/Evaluation-of-Live-Migration-Strategies-at-the-Edge/WASM-migration/scripts/orchestrators/wasm_benchmark.py --source edge-node-1 --dest edge-node-2 --transfer-mode host --run-id 06-05-2026-host-cold-0017 --module /home/ivo/Evaluation-of-Live-Migration-Strategies-at-the-Edge/WASM-migration/wasm-migrate-commands/wasm_test_computation/3mm_with_cr.wasm --commands-dir /home/ivo/Evaluation-of-Live-Migration-Strategies-at-the-Edge/WASM-migration/wasm-migrate-commands/build --csv /home/ivo/Evaluation-of-Live-Migration-Strategies-at-the-Edge/WASM-migration/metrics/migration_metrics.csv --profile-name 1_WiFi_6 --warmup-seconds 0.01 --timeout-seconds 20.0 --relay-node edge-host-1
  Transferring /home/ubuntu/wasm-migration/runs/06-05-2026-host-cold-0017/wasm-state.tar.gz via relay node edge-host-1...
Setting up SSH trust: edge-node-1 → ubuntu@10.138.215.36
  Adding public key to destination's authorized_keys...
  Testing SSH connectivity...
  ✓ SSH trust ready
Setting up SSH trust: edge-host-1 → ubuntu@10.138.215.137
  Adding public key to destination's authorized_keys...
  Testing SSH connectivity...
  ✓ SSH trust ready
run_id=06-05-2026-host-cold-0017
source=edge-node-1 dest=edge-node-2 transfer_mode=host
success=True
checkpoint_ms=1 transfer_ms=6782 restore_ms=1956 downtime_ms=8739
checkpoint_us=191 checkpoint_ns=190058
archive_bytes=2017
artifacts=/home/ivo/Evaluation-of-Live-Migration-Strategies-at-the-Edge/WASM-migration/metrics/run_artifacts/06-05-2026-host-cold-0017
csv=/home/ivo/Evaluation-of-Live-Migration-Strategies-at-the-Edge/WASM-migration/metrics/migration_metrics.csv
[exit=0]

$ python3 /home/ivo/Evaluation-of-Live-Migration-Strategies-at-the-Edge/WASM-migration/scripts/orchestrators/wasm_benchmark.py --source edge-node-1 --dest edge-node-2 --transfer-mode host --run-id 06-05-2026-host-cold-0018 --module /home/ivo/Evaluation-of-Live-Migration-Strategies-at-the-Edge/WASM-migration/wasm-migrate-commands/wasm_test_computation/3mm_with_cr.wasm --commands-dir /home/ivo/Evaluation-of-Live-Migration-Strategies-at-the-Edge/WASM-migration/wasm-migrate-commands/build --csv /home/ivo/Evaluation-of-Live-Migration-Strategies-at-the-Edge/WASM-migration/metrics/migration_metrics.csv --profile-name 1_WiFi_6 --warmup-seconds 0.01 --timeout-seconds 20.0 --relay-node edge-host-1
  Transferring /home/ubuntu/wasm-migration/runs/06-05-2026-host-cold-0018/wasm-state.tar.gz via relay node edge-host-1...
Setting up SSH trust: edge-node-1 → ubuntu@10.138.215.36
  Adding public key to destination's authorized_keys...
  Testing SSH connectivity...
  ✓ SSH trust ready
Setting up SSH trust: edge-host-1 → ubuntu@10.138.215.137
  Adding public key to destination's authorized_keys...
  Testing SSH connectivity...
  ✓ SSH trust ready
run_id=06-05-2026-host-cold-0018
source=edge-node-1 dest=edge-node-2 transfer_mode=host
success=True
checkpoint_ms=1 transfer_ms=7235 restore_ms=2004 downtime_ms=9240
checkpoint_us=193 checkpoint_ns=192148
archive_bytes=2017
artifacts=/home/ivo/Evaluation-of-Live-Migration-Strategies-at-the-Edge/WASM-migration/metrics/run_artifacts/06-05-2026-host-cold-0018
csv=/home/ivo/Evaluation-of-Live-Migration-Strategies-at-the-Edge/WASM-migration/metrics/migration_metrics.csv
[exit=0]

$ python3 /home/ivo/Evaluation-of-Live-Migration-Strategies-at-the-Edge/WASM-migration/scripts/orchestrators/wasm_benchmark.py --source edge-node-1 --dest edge-node-2 --transfer-mode host --run-id 06-05-2026-host-cold-0019 --module /home/ivo/Evaluation-of-Live-Migration-Strategies-at-the-Edge/WASM-migration/wasm-migrate-commands/wasm_test_computation/3mm_with_cr.wasm --commands-dir /home/ivo/Evaluation-of-Live-Migration-Strategies-at-the-Edge/WASM-migration/wasm-migrate-commands/build --csv /home/ivo/Evaluation-of-Live-Migration-Strategies-at-the-Edge/WASM-migration/metrics/migration_metrics.csv --profile-name 1_WiFi_6 --warmup-seconds 0.01 --timeout-seconds 20.0 --relay-node edge-host-1
  Transferring /home/ubuntu/wasm-migration/runs/06-05-2026-host-cold-0019/wasm-state.tar.gz via relay node edge-host-1...
Setting up SSH trust: edge-node-1 → ubuntu@10.138.215.36
  Adding public key to destination's authorized_keys...
  Testing SSH connectivity...
  ✓ SSH trust ready
Setting up SSH trust: edge-host-1 → ubuntu@10.138.215.137
  Adding public key to destination's authorized_keys...
  Testing SSH connectivity...
  ✓ SSH trust ready
run_id=06-05-2026-host-cold-0019
source=edge-node-1 dest=edge-node-2 transfer_mode=host
success=True
checkpoint_ms=1 transfer_ms=7409 restore_ms=2036 downtime_ms=9446
checkpoint_us=176 checkpoint_ns=175786
archive_bytes=2017
artifacts=/home/ivo/Evaluation-of-Live-Migration-Strategies-at-the-Edge/WASM-migration/metrics/run_artifacts/06-05-2026-host-cold-0019
csv=/home/ivo/Evaluation-of-Live-Migration-Strategies-at-the-Edge/WASM-migration/metrics/migration_metrics.csv
[exit=0]

$ python3 /home/ivo/Evaluation-of-Live-Migration-Strategies-at-the-Edge/WASM-migration/scripts/orchestrators/wasm_benchmark.py --source edge-node-1 --dest edge-node-2 --transfer-mode direct --run-id 06-05-2026-direct-cold-0010 --module /home/ivo/Evaluation-of-Live-Migration-Strategies-at-the-Edge/WASM-migration/wasm-migrate-commands/wasm_test_computation/3mm_with_cr.wasm --commands-dir /home/ivo/Evaluation-of-Live-Migration-Strategies-at-the-Edge/WASM-migration/wasm-migrate-commands/build --csv /home/ivo/Evaluation-of-Live-Migration-Strategies-at-the-Edge/WASM-migration/metrics/migration_metrics.csv --profile-name 1_WiFi_6 --warmup-seconds 0.01 --timeout-seconds 20.0
Setting up SSH trust: edge-node-1 → ubuntu@10.138.215.137
  Adding public key to destination's authorized_keys...
  Testing SSH connectivity...
  ✓ SSH trust ready
  Transferring /home/ubuntu/wasm-migration/runs/06-05-2026-direct-cold-0010/wasm-state.tar.gz via SCP...
run_id=06-05-2026-direct-cold-0010
source=edge-node-1 dest=edge-node-2 transfer_mode=direct
success=True
checkpoint_ms=1 transfer_ms=3100 restore_ms=2063 downtime_ms=5164
checkpoint_us=123 checkpoint_ns=122347
archive_bytes=2017
artifacts=/home/ivo/Evaluation-of-Live-Migration-Strategies-at-the-Edge/WASM-migration/metrics/run_artifacts/06-05-2026-direct-cold-0010
csv=/home/ivo/Evaluation-of-Live-Migration-Strategies-at-the-Edge/WASM-migration/metrics/migration_metrics.csv
[exit=0]

$ python3 /home/ivo/Evaluation-of-Live-Migration-Strategies-at-the-Edge/WASM-migration/scripts/orchestrators/wasm_benchmark.py --source edge-node-1 --dest edge-node-2 --transfer-mode direct --run-id 06-05-2026-direct-cold-0011 --module /home/ivo/Evaluation-of-Live-Migration-Strategies-at-the-Edge/WASM-migration/wasm-migrate-commands/wasm_test_computation/3mm_with_cr.wasm --commands-dir /home/ivo/Evaluation-of-Live-Migration-Strategies-at-the-Edge/WASM-migration/wasm-migrate-commands/build --csv /home/ivo/Evaluation-of-Live-Migration-Strategies-at-the-Edge/WASM-migration/metrics/migration_metrics.csv --profile-name 1_WiFi_6 --warmup-seconds 0.01 --timeout-seconds 20.0
Setting up SSH trust: edge-node-1 → ubuntu@10.138.215.137
  Adding public key to destination's authorized_keys...
  Testing SSH connectivity...
  ✓ SSH trust ready
  Transferring /home/ubuntu/wasm-migration/runs/06-05-2026-direct-cold-0011/wasm-state.tar.gz via SCP...
run_id=06-05-2026-direct-cold-0011
source=edge-node-1 dest=edge-node-2 transfer_mode=direct
success=True
checkpoint_ms=1 transfer_ms=3012 restore_ms=1909 downtime_ms=4922
checkpoint_us=127 checkpoint_ns=126984
archive_bytes=2020
artifacts=/home/ivo/Evaluation-of-Live-Migration-Strategies-at-the-Edge/WASM-migration/metrics/run_artifacts/06-05-2026-direct-cold-0011
csv=/home/ivo/Evaluation-of-Live-Migration-Strategies-at-the-Edge/WASM-migration/metrics/migration_metrics.csv
[exit=0]

$ python3 /home/ivo/Evaluation-of-Live-Migration-Strategies-at-the-Edge/WASM-migration/scripts/orchestrators/wasm_benchmark.py --source edge-node-1 --dest edge-node-2 --transfer-mode direct --run-id 06-05-2026-direct-cold-0012 --module /home/ivo/Evaluation-of-Live-Migration-Strategies-at-the-Edge/WASM-migration/wasm-migrate-commands/wasm_test_computation/3mm_with_cr.wasm --commands-dir /home/ivo/Evaluation-of-Live-Migration-Strategies-at-the-Edge/WASM-migration/wasm-migrate-commands/build --csv /home/ivo/Evaluation-of-Live-Migration-Strategies-at-the-Edge/WASM-migration/metrics/migration_metrics.csv --profile-name 1_WiFi_6 --warmup-seconds 0.01 --timeout-seconds 20.0
Setting up SSH trust: edge-node-1 → ubuntu@10.138.215.137
  Adding public key to destination's authorized_keys...
  Testing SSH connectivity...
  ✓ SSH trust ready
  Transferring /home/ubuntu/wasm-migration/runs/06-05-2026-direct-cold-0012/wasm-state.tar.gz via SCP...
run_id=06-05-2026-direct-cold-0012
source=edge-node-1 dest=edge-node-2 transfer_mode=direct
success=True
checkpoint_ms=1 transfer_ms=3138 restore_ms=2078 downtime_ms=5217
checkpoint_us=178 checkpoint_ns=177637
archive_bytes=2021
artifacts=/home/ivo/Evaluation-of-Live-Migration-Strategies-at-the-Edge/WASM-migration/metrics/run_artifacts/06-05-2026-direct-cold-0012
csv=/home/ivo/Evaluation-of-Live-Migration-Strategies-at-the-Edge/WASM-migration/metrics/migration_metrics.csv
[exit=0]

$ python3 /home/ivo/Evaluation-of-Live-Migration-Strategies-at-the-Edge/WASM-migration/scripts/orchestrators/wasm_benchmark.py --source edge-node-1 --dest edge-node-2 --transfer-mode direct --run-id 06-05-2026-direct-cold-0013 --module /home/ivo/Evaluation-of-Live-Migration-Strategies-at-the-Edge/WASM-migration/wasm-migrate-commands/wasm_test_computation/3mm_with_cr.wasm --commands-dir /home/ivo/Evaluation-of-Live-Migration-Strategies-at-the-Edge/WASM-migration/wasm-migrate-commands/build --csv /home/ivo/Evaluation-of-Live-Migration-Strategies-at-the-Edge/WASM-migration/metrics/migration_metrics.csv --profile-name 1_WiFi_6 --warmup-seconds 0.01 --timeout-seconds 20.0
Setting up SSH trust: edge-node-1 → ubuntu@10.138.215.137
  Adding public key to destination's authorized_keys...
  Testing SSH connectivity...
  ✓ SSH trust ready
  Transferring /home/ubuntu/wasm-migration/runs/06-05-2026-direct-cold-0013/wasm-state.tar.gz via SCP...
run_id=06-05-2026-direct-cold-0013
source=edge-node-1 dest=edge-node-2 transfer_mode=direct
success=True
checkpoint_ms=1 transfer_ms=3057 restore_ms=2043 downtime_ms=5101
checkpoint_us=158 checkpoint_ns=157581
archive_bytes=2019
artifacts=/home/ivo/Evaluation-of-Live-Migration-Strategies-at-the-Edge/WASM-migration/metrics/run_artifacts/06-05-2026-direct-cold-0013
csv=/home/ivo/Evaluation-of-Live-Migration-Strategies-at-the-Edge/WASM-migration/metrics/migration_metrics.csv
[exit=0]

$ python3 /home/ivo/Evaluation-of-Live-Migration-Strategies-at-the-Edge/WASM-migration/scripts/orchestrators/wasm_benchmark.py --source edge-node-1 --dest edge-node-2 --transfer-mode direct --run-id 06-05-2026-direct-cold-0014 --module /home/ivo/Evaluation-of-Live-Migration-Strategies-at-the-Edge/WASM-migration/wasm-migrate-commands/wasm_test_computation/3mm_with_cr.wasm --commands-dir /home/ivo/Evaluation-of-Live-Migration-Strategies-at-the-Edge/WASM-migration/wasm-migrate-commands/build --csv /home/ivo/Evaluation-of-Live-Migration-Strategies-at-the-Edge/WASM-migration/metrics/migration_metrics.csv --profile-name 1_WiFi_6 --warmup-seconds 0.01 --timeout-seconds 20.0
Setting up SSH trust: edge-node-1 → ubuntu@10.138.215.137
  Adding public key to destination's authorized_keys...
  Testing SSH connectivity...
  ✓ SSH trust ready
  Transferring /home/ubuntu/wasm-migration/runs/06-05-2026-direct-cold-0014/wasm-state.tar.gz via SCP...
run_id=06-05-2026-direct-cold-0014
source=edge-node-1 dest=edge-node-2 transfer_mode=direct
success=True
checkpoint_ms=1 transfer_ms=3235 restore_ms=2012 downtime_ms=5248
checkpoint_us=182 checkpoint_ns=181045
archive_bytes=2020
artifacts=/home/ivo/Evaluation-of-Live-Migration-Strategies-at-the-Edge/WASM-migration/metrics/run_artifacts/06-05-2026-direct-cold-0014
csv=/home/ivo/Evaluation-of-Live-Migration-Strategies-at-the-Edge/WASM-migration/metrics/migration_metrics.csv
[exit=0]

$ python3 /home/ivo/Evaluation-of-Live-Migration-Strategies-at-the-Edge/WASM-migration/scripts/orchestrators/wasm_benchmark.py --source edge-node-1 --dest edge-node-2 --transfer-mode direct --run-id 06-05-2026-direct-cold-0015 --module /home/ivo/Evaluation-of-Live-Migration-Strategies-at-the-Edge/WASM-migration/wasm-migrate-commands/wasm_test_computation/3mm_with_cr.wasm --commands-dir /home/ivo/Evaluation-of-Live-Migration-Strategies-at-the-Edge/WASM-migration/wasm-migrate-commands/build --csv /home/ivo/Evaluation-of-Live-Migration-Strategies-at-the-Edge/WASM-migration/metrics/migration_metrics.csv --profile-name 1_WiFi_6 --warmup-seconds 0.01 --timeout-seconds 20.0
Setting up SSH trust: edge-node-1 → ubuntu@10.138.215.137
  Adding public key to destination's authorized_keys...
  Testing SSH connectivity...
  ✓ SSH trust ready
  Transferring /home/ubuntu/wasm-migration/runs/06-05-2026-direct-cold-0015/wasm-state.tar.gz via SCP...
run_id=06-05-2026-direct-cold-0015
source=edge-node-1 dest=edge-node-2 transfer_mode=direct
success=True
checkpoint_ms=1 transfer_ms=3390 restore_ms=2049 downtime_ms=5440
checkpoint_us=123 checkpoint_ns=122938
archive_bytes=2016
artifacts=/home/ivo/Evaluation-of-Live-Migration-Strategies-at-the-Edge/WASM-migration/metrics/run_artifacts/06-05-2026-direct-cold-0015
csv=/home/ivo/Evaluation-of-Live-Migration-Strategies-at-the-Edge/WASM-migration/metrics/migration_metrics.csv
[exit=0]

$ python3 /home/ivo/Evaluation-of-Live-Migration-Strategies-at-the-Edge/WASM-migration/scripts/orchestrators/wasm_benchmark.py --source edge-node-1 --dest edge-node-2 --transfer-mode direct --run-id 06-05-2026-direct-cold-0016 --module /home/ivo/Evaluation-of-Live-Migration-Strategies-at-the-Edge/WASM-migration/wasm-migrate-commands/wasm_test_computation/3mm_with_cr.wasm --commands-dir /home/ivo/Evaluation-of-Live-Migration-Strategies-at-the-Edge/WASM-migration/wasm-migrate-commands/build --csv /home/ivo/Evaluation-of-Live-Migration-Strategies-at-the-Edge/WASM-migration/metrics/migration_metrics.csv --profile-name 1_WiFi_6 --warmup-seconds 0.01 --timeout-seconds 20.0
Setting up SSH trust: edge-node-1 → ubuntu@10.138.215.137
  Adding public key to destination's authorized_keys...
  Testing SSH connectivity...
  ✓ SSH trust ready
  Transferring /home/ubuntu/wasm-migration/runs/06-05-2026-direct-cold-0016/wasm-state.tar.gz via SCP...
run_id=06-05-2026-direct-cold-0016
source=edge-node-1 dest=edge-node-2 transfer_mode=direct
success=True
checkpoint_ms=1 transfer_ms=3116 restore_ms=1978 downtime_ms=5095
checkpoint_us=120 checkpoint_ns=119472
archive_bytes=2020
artifacts=/home/ivo/Evaluation-of-Live-Migration-Strategies-at-the-Edge/WASM-migration/metrics/run_artifacts/06-05-2026-direct-cold-0016
csv=/home/ivo/Evaluation-of-Live-Migration-Strategies-at-the-Edge/WASM-migration/metrics/migration_metrics.csv
[exit=0]

$ python3 /home/ivo/Evaluation-of-Live-Migration-Strategies-at-the-Edge/WASM-migration/scripts/orchestrators/wasm_benchmark.py --source edge-node-1 --dest edge-node-2 --transfer-mode direct --run-id 06-05-2026-direct-cold-0017 --module /home/ivo/Evaluation-of-Live-Migration-Strategies-at-the-Edge/WASM-migration/wasm-migrate-commands/wasm_test_computation/3mm_with_cr.wasm --commands-dir /home/ivo/Evaluation-of-Live-Migration-Strategies-at-the-Edge/WASM-migration/wasm-migrate-commands/build --csv /home/ivo/Evaluation-of-Live-Migration-Strategies-at-the-Edge/WASM-migration/metrics/migration_metrics.csv --profile-name 1_WiFi_6 --warmup-seconds 0.01 --timeout-seconds 20.0
Setting up SSH trust: edge-node-1 → ubuntu@10.138.215.137
  Adding public key to destination's authorized_keys...
  Testing SSH connectivity...
  ✓ SSH trust ready
  Transferring /home/ubuntu/wasm-migration/runs/06-05-2026-direct-cold-0017/wasm-state.tar.gz via SCP...
run_id=06-05-2026-direct-cold-0017
source=edge-node-1 dest=edge-node-2 transfer_mode=direct
success=True
checkpoint_ms=1 transfer_ms=2957 restore_ms=1986 downtime_ms=4944
checkpoint_us=221 checkpoint_ns=220714
archive_bytes=2018
artifacts=/home/ivo/Evaluation-of-Live-Migration-Strategies-at-the-Edge/WASM-migration/metrics/run_artifacts/06-05-2026-direct-cold-0017
csv=/home/ivo/Evaluation-of-Live-Migration-Strategies-at-the-Edge/WASM-migration/metrics/migration_metrics.csv
[exit=0]

$ python3 /home/ivo/Evaluation-of-Live-Migration-Strategies-at-the-Edge/WASM-migration/scripts/orchestrators/wasm_benchmark.py --source edge-node-1 --dest edge-node-2 --transfer-mode direct --run-id 06-05-2026-direct-cold-0018 --module /home/ivo/Evaluation-of-Live-Migration-Strategies-at-the-Edge/WASM-migration/wasm-migrate-commands/wasm_test_computation/3mm_with_cr.wasm --commands-dir /home/ivo/Evaluation-of-Live-Migration-Strategies-at-the-Edge/WASM-migration/wasm-migrate-commands/build --csv /home/ivo/Evaluation-of-Live-Migration-Strategies-at-the-Edge/WASM-migration/metrics/migration_metrics.csv --profile-name 1_WiFi_6 --warmup-seconds 0.01 --timeout-seconds 20.0
Setting up SSH trust: edge-node-1 → ubuntu@10.138.215.137
  Adding public key to destination's authorized_keys...
  Testing SSH connectivity...
  ✓ SSH trust ready
  Transferring /home/ubuntu/wasm-migration/runs/06-05-2026-direct-cold-0018/wasm-state.tar.gz via SCP...
run_id=06-05-2026-direct-cold-0018
source=edge-node-1 dest=edge-node-2 transfer_mode=direct
success=True
checkpoint_ms=1 transfer_ms=3241 restore_ms=2312 downtime_ms=5554
checkpoint_us=131 checkpoint_ns=130450
archive_bytes=2018
artifacts=/home/ivo/Evaluation-of-Live-Migration-Strategies-at-the-Edge/WASM-migration/metrics/run_artifacts/06-05-2026-direct-cold-0018
csv=/home/ivo/Evaluation-of-Live-Migration-Strategies-at-the-Edge/WASM-migration/metrics/migration_metrics.csv
[exit=0]

$ python3 /home/ivo/Evaluation-of-Live-Migration-Strategies-at-the-Edge/WASM-migration/scripts/orchestrators/wasm_benchmark.py --source edge-node-1 --dest edge-node-2 --transfer-mode direct --run-id 06-05-2026-direct-cold-0019 --module /home/ivo/Evaluation-of-Live-Migration-Strategies-at-the-Edge/WASM-migration/wasm-migrate-commands/wasm_test_computation/3mm_with_cr.wasm --commands-dir /home/ivo/Evaluation-of-Live-Migration-Strategies-at-the-Edge/WASM-migration/wasm-migrate-commands/build --csv /home/ivo/Evaluation-of-Live-Migration-Strategies-at-the-Edge/WASM-migration/metrics/migration_metrics.csv --profile-name 1_WiFi_6 --warmup-seconds 0.01 --timeout-seconds 20.0
Setting up SSH trust: edge-node-1 → ubuntu@10.138.215.137
  Adding public key to destination's authorized_keys...
  Testing SSH connectivity...
  ✓ SSH trust ready
  Transferring /home/ubuntu/wasm-migration/runs/06-05-2026-direct-cold-0019/wasm-state.tar.gz via SCP...
run_id=06-05-2026-direct-cold-0019
source=edge-node-1 dest=edge-node-2 transfer_mode=direct
success=True
checkpoint_ms=1 transfer_ms=3099 restore_ms=2175 downtime_ms=5275
checkpoint_us=166 checkpoint_ns=165058
archive_bytes=2020
artifacts=/home/ivo/Evaluation-of-Live-Migration-Strategies-at-the-Edge/WASM-migration/metrics/run_artifacts/06-05-2026-direct-cold-0019
csv=/home/ivo/Evaluation-of-Live-Migration-Strategies-at-the-Edge/WASM-migration/metrics/migration_metrics.csv
[exit=0]
[repeat] run_ids_file=/home/ivo/Evaluation-of-Live-Migration-Strategies-at-the-Edge/WASM-migration/metrics/run_logs/06-05-2026-wasm-cold-h10-d10-snap-194416.run_ids.txt
