=== repeat_wasm_benchmarks.py 2026-05-12T14:09:11.655192 ===
base_run_id=12-05-2026-wasm-cold-h10-d10-snap-140911 source=edge-node-1 dest=edge-node-2 host_runs=10 direct_runs=10 relay_node=edge-host-1 profile_name=4_Starlink module=/home/ivo/Evaluation-of-Live-Migration-Strategies-at-the-Edge/WASM-migration/wasm-migrate-commands/wasm_test_computation/3mm_with_cr.wasm snapshot_node_metrics=True

$ python3 /home/ivo/Evaluation-of-Live-Migration-Strategies-at-the-Edge/WASM-migration/scripts/orchestrators/wasm_benchmark.py --source edge-node-1 --dest edge-node-2 --transfer-mode host --run-id 12-05-2026-host-cold-0000 --module /home/ivo/Evaluation-of-Live-Migration-Strategies-at-the-Edge/WASM-migration/wasm-migrate-commands/wasm_test_computation/3mm_with_cr.wasm --commands-dir /home/ivo/Evaluation-of-Live-Migration-Strategies-at-the-Edge/WASM-migration/wasm-migrate-commands/build --csv /home/ivo/Evaluation-of-Live-Migration-Strategies-at-the-Edge/WASM-migration/metrics/migration_metrics.csv --profile-name 4_Starlink --warmup-seconds 0.01 --timeout-seconds 20.0 --relay-node edge-host-1
  Transferring /home/ubuntu/wasm-migration/runs/12-05-2026-host-cold-0000/wasm-state.tar.gz via relay node edge-host-1...
Setting up SSH trust: edge-node-1 → ubuntu@10.138.215.36
  Adding public key to destination's authorized_keys...
  Testing SSH connectivity...
  ✓ SSH trust ready
Setting up SSH trust: edge-host-1 → ubuntu@10.138.215.137
  Adding public key to destination's authorized_keys...
  Testing SSH connectivity...
  ✓ SSH trust ready
run_id=12-05-2026-host-cold-0000
source=edge-node-1 dest=edge-node-2 transfer_mode=host
success=True
checkpoint_ms=1 transfer_ms=12679 restore_ms=1957 downtime_ms=14637
checkpoint_us=257 checkpoint_ns=256739
archive_bytes=2012
artifacts=/home/ivo/Evaluation-of-Live-Migration-Strategies-at-the-Edge/WASM-migration/metrics/run_artifacts/12-05-2026-host-cold-0000
csv=/home/ivo/Evaluation-of-Live-Migration-Strategies-at-the-Edge/WASM-migration/metrics/migration_metrics.csv
[exit=0]

$ python3 /home/ivo/Evaluation-of-Live-Migration-Strategies-at-the-Edge/WASM-migration/scripts/orchestrators/wasm_benchmark.py --source edge-node-1 --dest edge-node-2 --transfer-mode host --run-id 12-05-2026-host-cold-0001 --module /home/ivo/Evaluation-of-Live-Migration-Strategies-at-the-Edge/WASM-migration/wasm-migrate-commands/wasm_test_computation/3mm_with_cr.wasm --commands-dir /home/ivo/Evaluation-of-Live-Migration-Strategies-at-the-Edge/WASM-migration/wasm-migrate-commands/build --csv /home/ivo/Evaluation-of-Live-Migration-Strategies-at-the-Edge/WASM-migration/metrics/migration_metrics.csv --profile-name 4_Starlink --warmup-seconds 0.01 --timeout-seconds 20.0 --relay-node edge-host-1
  Transferring /home/ubuntu/wasm-migration/runs/12-05-2026-host-cold-0001/wasm-state.tar.gz via relay node edge-host-1...
Setting up SSH trust: edge-node-1 → ubuntu@10.138.215.36
  Adding public key to destination's authorized_keys...
  Testing SSH connectivity...
  ✓ SSH trust ready
Setting up SSH trust: edge-host-1 → ubuntu@10.138.215.137
  Adding public key to destination's authorized_keys...
  Testing SSH connectivity...
  ✓ SSH trust ready
run_id=12-05-2026-host-cold-0001
source=edge-node-1 dest=edge-node-2 transfer_mode=host
success=True
checkpoint_ms=1 transfer_ms=12364 restore_ms=1847 downtime_ms=14212
checkpoint_us=183 checkpoint_ns=182149
archive_bytes=2014
artifacts=/home/ivo/Evaluation-of-Live-Migration-Strategies-at-the-Edge/WASM-migration/metrics/run_artifacts/12-05-2026-host-cold-0001
csv=/home/ivo/Evaluation-of-Live-Migration-Strategies-at-the-Edge/WASM-migration/metrics/migration_metrics.csv
[exit=0]

$ python3 /home/ivo/Evaluation-of-Live-Migration-Strategies-at-the-Edge/WASM-migration/scripts/orchestrators/wasm_benchmark.py --source edge-node-1 --dest edge-node-2 --transfer-mode host --run-id 12-05-2026-host-cold-0002 --module /home/ivo/Evaluation-of-Live-Migration-Strategies-at-the-Edge/WASM-migration/wasm-migrate-commands/wasm_test_computation/3mm_with_cr.wasm --commands-dir /home/ivo/Evaluation-of-Live-Migration-Strategies-at-the-Edge/WASM-migration/wasm-migrate-commands/build --csv /home/ivo/Evaluation-of-Live-Migration-Strategies-at-the-Edge/WASM-migration/metrics/migration_metrics.csv --profile-name 4_Starlink --warmup-seconds 0.01 --timeout-seconds 20.0 --relay-node edge-host-1
  Transferring /home/ubuntu/wasm-migration/runs/12-05-2026-host-cold-0002/wasm-state.tar.gz via relay node edge-host-1...
Setting up SSH trust: edge-node-1 → ubuntu@10.138.215.36
  Adding public key to destination's authorized_keys...
  Testing SSH connectivity...
  ✓ SSH trust ready
Setting up SSH trust: edge-host-1 → ubuntu@10.138.215.137
  Adding public key to destination's authorized_keys...
  Testing SSH connectivity...
  ✓ SSH trust ready
run_id=12-05-2026-host-cold-0002
source=edge-node-1 dest=edge-node-2 transfer_mode=host
success=True
checkpoint_ms=1 transfer_ms=12712 restore_ms=2056 downtime_ms=14769
checkpoint_us=199 checkpoint_ns=198673
archive_bytes=2015
artifacts=/home/ivo/Evaluation-of-Live-Migration-Strategies-at-the-Edge/WASM-migration/metrics/run_artifacts/12-05-2026-host-cold-0002
csv=/home/ivo/Evaluation-of-Live-Migration-Strategies-at-the-Edge/WASM-migration/metrics/migration_metrics.csv
[exit=0]

$ python3 /home/ivo/Evaluation-of-Live-Migration-Strategies-at-the-Edge/WASM-migration/scripts/orchestrators/wasm_benchmark.py --source edge-node-1 --dest edge-node-2 --transfer-mode host --run-id 12-05-2026-host-cold-0003 --module /home/ivo/Evaluation-of-Live-Migration-Strategies-at-the-Edge/WASM-migration/wasm-migrate-commands/wasm_test_computation/3mm_with_cr.wasm --commands-dir /home/ivo/Evaluation-of-Live-Migration-Strategies-at-the-Edge/WASM-migration/wasm-migrate-commands/build --csv /home/ivo/Evaluation-of-Live-Migration-Strategies-at-the-Edge/WASM-migration/metrics/migration_metrics.csv --profile-name 4_Starlink --warmup-seconds 0.01 --timeout-seconds 20.0 --relay-node edge-host-1
  Transferring /home/ubuntu/wasm-migration/runs/12-05-2026-host-cold-0003/wasm-state.tar.gz via relay node edge-host-1...
Setting up SSH trust: edge-node-1 → ubuntu@10.138.215.36
  Adding public key to destination's authorized_keys...
  Testing SSH connectivity...
  ✓ SSH trust ready
Setting up SSH trust: edge-host-1 → ubuntu@10.138.215.137
  Adding public key to destination's authorized_keys...
  Testing SSH connectivity...
  ✓ SSH trust ready
run_id=12-05-2026-host-cold-0003
source=edge-node-1 dest=edge-node-2 transfer_mode=host
success=True
checkpoint_ms=1 transfer_ms=11978 restore_ms=2024 downtime_ms=14003
checkpoint_us=168 checkpoint_ns=167207
archive_bytes=2016
artifacts=/home/ivo/Evaluation-of-Live-Migration-Strategies-at-the-Edge/WASM-migration/metrics/run_artifacts/12-05-2026-host-cold-0003
csv=/home/ivo/Evaluation-of-Live-Migration-Strategies-at-the-Edge/WASM-migration/metrics/migration_metrics.csv
[exit=0]

$ python3 /home/ivo/Evaluation-of-Live-Migration-Strategies-at-the-Edge/WASM-migration/scripts/orchestrators/wasm_benchmark.py --source edge-node-1 --dest edge-node-2 --transfer-mode host --run-id 12-05-2026-host-cold-0004 --module /home/ivo/Evaluation-of-Live-Migration-Strategies-at-the-Edge/WASM-migration/wasm-migrate-commands/wasm_test_computation/3mm_with_cr.wasm --commands-dir /home/ivo/Evaluation-of-Live-Migration-Strategies-at-the-Edge/WASM-migration/wasm-migrate-commands/build --csv /home/ivo/Evaluation-of-Live-Migration-Strategies-at-the-Edge/WASM-migration/metrics/migration_metrics.csv --profile-name 4_Starlink --warmup-seconds 0.01 --timeout-seconds 20.0 --relay-node edge-host-1
  Transferring /home/ubuntu/wasm-migration/runs/12-05-2026-host-cold-0004/wasm-state.tar.gz via relay node edge-host-1...
Setting up SSH trust: edge-node-1 → ubuntu@10.138.215.36
  Adding public key to destination's authorized_keys...
  Testing SSH connectivity...
  ✓ SSH trust ready
Setting up SSH trust: edge-host-1 → ubuntu@10.138.215.137
  Adding public key to destination's authorized_keys...
  Testing SSH connectivity...
  ✓ SSH trust ready
run_id=12-05-2026-host-cold-0004
source=edge-node-1 dest=edge-node-2 transfer_mode=host
success=True
checkpoint_ms=1 transfer_ms=12131 restore_ms=2101 downtime_ms=14233
checkpoint_us=139 checkpoint_ns=138694
archive_bytes=2013
artifacts=/home/ivo/Evaluation-of-Live-Migration-Strategies-at-the-Edge/WASM-migration/metrics/run_artifacts/12-05-2026-host-cold-0004
csv=/home/ivo/Evaluation-of-Live-Migration-Strategies-at-the-Edge/WASM-migration/metrics/migration_metrics.csv
[exit=0]

$ python3 /home/ivo/Evaluation-of-Live-Migration-Strategies-at-the-Edge/WASM-migration/scripts/orchestrators/wasm_benchmark.py --source edge-node-1 --dest edge-node-2 --transfer-mode host --run-id 12-05-2026-host-cold-0005 --module /home/ivo/Evaluation-of-Live-Migration-Strategies-at-the-Edge/WASM-migration/wasm-migrate-commands/wasm_test_computation/3mm_with_cr.wasm --commands-dir /home/ivo/Evaluation-of-Live-Migration-Strategies-at-the-Edge/WASM-migration/wasm-migrate-commands/build --csv /home/ivo/Evaluation-of-Live-Migration-Strategies-at-the-Edge/WASM-migration/metrics/migration_metrics.csv --profile-name 4_Starlink --warmup-seconds 0.01 --timeout-seconds 20.0 --relay-node edge-host-1
  Transferring /home/ubuntu/wasm-migration/runs/12-05-2026-host-cold-0005/wasm-state.tar.gz via relay node edge-host-1...
Setting up SSH trust: edge-node-1 → ubuntu@10.138.215.36
  Adding public key to destination's authorized_keys...
  Testing SSH connectivity...
  ✓ SSH trust ready
Setting up SSH trust: edge-host-1 → ubuntu@10.138.215.137
  Adding public key to destination's authorized_keys...
  Testing SSH connectivity...
  ✓ SSH trust ready
run_id=12-05-2026-host-cold-0005
source=edge-node-1 dest=edge-node-2 transfer_mode=host
success=True
checkpoint_ms=1 transfer_ms=12321 restore_ms=1906 downtime_ms=14228
checkpoint_us=131 checkpoint_ns=130571
archive_bytes=2014
artifacts=/home/ivo/Evaluation-of-Live-Migration-Strategies-at-the-Edge/WASM-migration/metrics/run_artifacts/12-05-2026-host-cold-0005
csv=/home/ivo/Evaluation-of-Live-Migration-Strategies-at-the-Edge/WASM-migration/metrics/migration_metrics.csv
[exit=0]

$ python3 /home/ivo/Evaluation-of-Live-Migration-Strategies-at-the-Edge/WASM-migration/scripts/orchestrators/wasm_benchmark.py --source edge-node-1 --dest edge-node-2 --transfer-mode host --run-id 12-05-2026-host-cold-0006 --module /home/ivo/Evaluation-of-Live-Migration-Strategies-at-the-Edge/WASM-migration/wasm-migrate-commands/wasm_test_computation/3mm_with_cr.wasm --commands-dir /home/ivo/Evaluation-of-Live-Migration-Strategies-at-the-Edge/WASM-migration/wasm-migrate-commands/build --csv /home/ivo/Evaluation-of-Live-Migration-Strategies-at-the-Edge/WASM-migration/metrics/migration_metrics.csv --profile-name 4_Starlink --warmup-seconds 0.01 --timeout-seconds 20.0 --relay-node edge-host-1
  Transferring /home/ubuntu/wasm-migration/runs/12-05-2026-host-cold-0006/wasm-state.tar.gz via relay node edge-host-1...
Setting up SSH trust: edge-node-1 → ubuntu@10.138.215.36
  Adding public key to destination's authorized_keys...
  Testing SSH connectivity...
  ✓ SSH trust ready
Setting up SSH trust: edge-host-1 → ubuntu@10.138.215.137
  Adding public key to destination's authorized_keys...
  Testing SSH connectivity...
  ✓ SSH trust ready
run_id=12-05-2026-host-cold-0006
source=edge-node-1 dest=edge-node-2 transfer_mode=host
success=True
checkpoint_ms=1 transfer_ms=12879 restore_ms=1891 downtime_ms=14771
checkpoint_us=123 checkpoint_ns=122609
archive_bytes=2011
artifacts=/home/ivo/Evaluation-of-Live-Migration-Strategies-at-the-Edge/WASM-migration/metrics/run_artifacts/12-05-2026-host-cold-0006
csv=/home/ivo/Evaluation-of-Live-Migration-Strategies-at-the-Edge/WASM-migration/metrics/migration_metrics.csv
[exit=0]

$ python3 /home/ivo/Evaluation-of-Live-Migration-Strategies-at-the-Edge/WASM-migration/scripts/orchestrators/wasm_benchmark.py --source edge-node-1 --dest edge-node-2 --transfer-mode host --run-id 12-05-2026-host-cold-0007 --module /home/ivo/Evaluation-of-Live-Migration-Strategies-at-the-Edge/WASM-migration/wasm-migrate-commands/wasm_test_computation/3mm_with_cr.wasm --commands-dir /home/ivo/Evaluation-of-Live-Migration-Strategies-at-the-Edge/WASM-migration/wasm-migrate-commands/build --csv /home/ivo/Evaluation-of-Live-Migration-Strategies-at-the-Edge/WASM-migration/metrics/migration_metrics.csv --profile-name 4_Starlink --warmup-seconds 0.01 --timeout-seconds 20.0 --relay-node edge-host-1
  Transferring /home/ubuntu/wasm-migration/runs/12-05-2026-host-cold-0007/wasm-state.tar.gz via relay node edge-host-1...
Setting up SSH trust: edge-node-1 → ubuntu@10.138.215.36
  Adding public key to destination's authorized_keys...
  Testing SSH connectivity...
  ✓ SSH trust ready
Setting up SSH trust: edge-host-1 → ubuntu@10.138.215.137
  Adding public key to destination's authorized_keys...
  Testing SSH connectivity...
  ✓ SSH trust ready
run_id=12-05-2026-host-cold-0007
source=edge-node-1 dest=edge-node-2 transfer_mode=host
success=True
checkpoint_ms=1 transfer_ms=12937 restore_ms=1895 downtime_ms=14833
checkpoint_us=128 checkpoint_ns=127497
archive_bytes=2015
artifacts=/home/ivo/Evaluation-of-Live-Migration-Strategies-at-the-Edge/WASM-migration/metrics/run_artifacts/12-05-2026-host-cold-0007
csv=/home/ivo/Evaluation-of-Live-Migration-Strategies-at-the-Edge/WASM-migration/metrics/migration_metrics.csv
[exit=0]

$ python3 /home/ivo/Evaluation-of-Live-Migration-Strategies-at-the-Edge/WASM-migration/scripts/orchestrators/wasm_benchmark.py --source edge-node-1 --dest edge-node-2 --transfer-mode host --run-id 12-05-2026-host-cold-0008 --module /home/ivo/Evaluation-of-Live-Migration-Strategies-at-the-Edge/WASM-migration/wasm-migrate-commands/wasm_test_computation/3mm_with_cr.wasm --commands-dir /home/ivo/Evaluation-of-Live-Migration-Strategies-at-the-Edge/WASM-migration/wasm-migrate-commands/build --csv /home/ivo/Evaluation-of-Live-Migration-Strategies-at-the-Edge/WASM-migration/metrics/migration_metrics.csv --profile-name 4_Starlink --warmup-seconds 0.01 --timeout-seconds 20.0 --relay-node edge-host-1
  Transferring /home/ubuntu/wasm-migration/runs/12-05-2026-host-cold-0008/wasm-state.tar.gz via relay node edge-host-1...
Setting up SSH trust: edge-node-1 → ubuntu@10.138.215.36
  Adding public key to destination's authorized_keys...
  Testing SSH connectivity...
  ✓ SSH trust ready
Setting up SSH trust: edge-host-1 → ubuntu@10.138.215.137
  Adding public key to destination's authorized_keys...
  Testing SSH connectivity...
  ✓ SSH trust ready
run_id=12-05-2026-host-cold-0008
source=edge-node-1 dest=edge-node-2 transfer_mode=host
success=True
checkpoint_ms=1 transfer_ms=11831 restore_ms=2083 downtime_ms=13915
checkpoint_us=126 checkpoint_ns=125357
archive_bytes=2015
artifacts=/home/ivo/Evaluation-of-Live-Migration-Strategies-at-the-Edge/WASM-migration/metrics/run_artifacts/12-05-2026-host-cold-0008
csv=/home/ivo/Evaluation-of-Live-Migration-Strategies-at-the-Edge/WASM-migration/metrics/migration_metrics.csv
[exit=0]

$ python3 /home/ivo/Evaluation-of-Live-Migration-Strategies-at-the-Edge/WASM-migration/scripts/orchestrators/wasm_benchmark.py --source edge-node-1 --dest edge-node-2 --transfer-mode host --run-id 12-05-2026-host-cold-0009 --module /home/ivo/Evaluation-of-Live-Migration-Strategies-at-the-Edge/WASM-migration/wasm-migrate-commands/wasm_test_computation/3mm_with_cr.wasm --commands-dir /home/ivo/Evaluation-of-Live-Migration-Strategies-at-the-Edge/WASM-migration/wasm-migrate-commands/build --csv /home/ivo/Evaluation-of-Live-Migration-Strategies-at-the-Edge/WASM-migration/metrics/migration_metrics.csv --profile-name 4_Starlink --warmup-seconds 0.01 --timeout-seconds 20.0 --relay-node edge-host-1
  Transferring /home/ubuntu/wasm-migration/runs/12-05-2026-host-cold-0009/wasm-state.tar.gz via relay node edge-host-1...
Setting up SSH trust: edge-node-1 → ubuntu@10.138.215.36
  Adding public key to destination's authorized_keys...
  Testing SSH connectivity...
  ✓ SSH trust ready
Setting up SSH trust: edge-host-1 → ubuntu@10.138.215.137
  Adding public key to destination's authorized_keys...
  Testing SSH connectivity...
  ✓ SSH trust ready
run_id=12-05-2026-host-cold-0009
source=edge-node-1 dest=edge-node-2 transfer_mode=host
success=True
checkpoint_ms=1 transfer_ms=12560 restore_ms=1957 downtime_ms=14518
checkpoint_us=164 checkpoint_ns=163576
archive_bytes=2015
artifacts=/home/ivo/Evaluation-of-Live-Migration-Strategies-at-the-Edge/WASM-migration/metrics/run_artifacts/12-05-2026-host-cold-0009
csv=/home/ivo/Evaluation-of-Live-Migration-Strategies-at-the-Edge/WASM-migration/metrics/migration_metrics.csv
[exit=0]

$ python3 /home/ivo/Evaluation-of-Live-Migration-Strategies-at-the-Edge/WASM-migration/scripts/orchestrators/wasm_benchmark.py --source edge-node-1 --dest edge-node-2 --transfer-mode direct --run-id 12-05-2026-direct-cold-0000 --module /home/ivo/Evaluation-of-Live-Migration-Strategies-at-the-Edge/WASM-migration/wasm-migrate-commands/wasm_test_computation/3mm_with_cr.wasm --commands-dir /home/ivo/Evaluation-of-Live-Migration-Strategies-at-the-Edge/WASM-migration/wasm-migrate-commands/build --csv /home/ivo/Evaluation-of-Live-Migration-Strategies-at-the-Edge/WASM-migration/metrics/migration_metrics.csv --profile-name 4_Starlink --warmup-seconds 0.01 --timeout-seconds 20.0
Setting up SSH trust: edge-node-1 → ubuntu@10.138.215.137
  Adding public key to destination's authorized_keys...
  Testing SSH connectivity...
  ✓ SSH trust ready
  Transferring /home/ubuntu/wasm-migration/runs/12-05-2026-direct-cold-0000/wasm-state.tar.gz via SCP...
run_id=12-05-2026-direct-cold-0000
source=edge-node-1 dest=edge-node-2 transfer_mode=direct
success=True
checkpoint_ms=1 transfer_ms=5830 restore_ms=2037 downtime_ms=7868
checkpoint_us=195 checkpoint_ns=194948
archive_bytes=2017
artifacts=/home/ivo/Evaluation-of-Live-Migration-Strategies-at-the-Edge/WASM-migration/metrics/run_artifacts/12-05-2026-direct-cold-0000
csv=/home/ivo/Evaluation-of-Live-Migration-Strategies-at-the-Edge/WASM-migration/metrics/migration_metrics.csv
[exit=0]

$ python3 /home/ivo/Evaluation-of-Live-Migration-Strategies-at-the-Edge/WASM-migration/scripts/orchestrators/wasm_benchmark.py --source edge-node-1 --dest edge-node-2 --transfer-mode direct --run-id 12-05-2026-direct-cold-0001 --module /home/ivo/Evaluation-of-Live-Migration-Strategies-at-the-Edge/WASM-migration/wasm-migrate-commands/wasm_test_computation/3mm_with_cr.wasm --commands-dir /home/ivo/Evaluation-of-Live-Migration-Strategies-at-the-Edge/WASM-migration/wasm-migrate-commands/build --csv /home/ivo/Evaluation-of-Live-Migration-Strategies-at-the-Edge/WASM-migration/metrics/migration_metrics.csv --profile-name 4_Starlink --warmup-seconds 0.01 --timeout-seconds 20.0
Setting up SSH trust: edge-node-1 → ubuntu@10.138.215.137
  Adding public key to destination's authorized_keys...
  Testing SSH connectivity...
  ✓ SSH trust ready
  Transferring /home/ubuntu/wasm-migration/runs/12-05-2026-direct-cold-0001/wasm-state.tar.gz via SCP...
run_id=12-05-2026-direct-cold-0001
source=edge-node-1 dest=edge-node-2 transfer_mode=direct
success=True
checkpoint_ms=1 transfer_ms=6204 restore_ms=1973 downtime_ms=8178
checkpoint_us=165 checkpoint_ns=164179
archive_bytes=2016
artifacts=/home/ivo/Evaluation-of-Live-Migration-Strategies-at-the-Edge/WASM-migration/metrics/run_artifacts/12-05-2026-direct-cold-0001
csv=/home/ivo/Evaluation-of-Live-Migration-Strategies-at-the-Edge/WASM-migration/metrics/migration_metrics.csv
[exit=0]

$ python3 /home/ivo/Evaluation-of-Live-Migration-Strategies-at-the-Edge/WASM-migration/scripts/orchestrators/wasm_benchmark.py --source edge-node-1 --dest edge-node-2 --transfer-mode direct --run-id 12-05-2026-direct-cold-0002 --module /home/ivo/Evaluation-of-Live-Migration-Strategies-at-the-Edge/WASM-migration/wasm-migrate-commands/wasm_test_computation/3mm_with_cr.wasm --commands-dir /home/ivo/Evaluation-of-Live-Migration-Strategies-at-the-Edge/WASM-migration/wasm-migrate-commands/build --csv /home/ivo/Evaluation-of-Live-Migration-Strategies-at-the-Edge/WASM-migration/metrics/migration_metrics.csv --profile-name 4_Starlink --warmup-seconds 0.01 --timeout-seconds 20.0
Setting up SSH trust: edge-node-1 → ubuntu@10.138.215.137
  Adding public key to destination's authorized_keys...
  Testing SSH connectivity...
  ✓ SSH trust ready
  Transferring /home/ubuntu/wasm-migration/runs/12-05-2026-direct-cold-0002/wasm-state.tar.gz via SCP...
run_id=12-05-2026-direct-cold-0002
source=edge-node-1 dest=edge-node-2 transfer_mode=direct
success=True
checkpoint_ms=1 transfer_ms=6201 restore_ms=1949 downtime_ms=8151
checkpoint_us=125 checkpoint_ns=124737
archive_bytes=2018
artifacts=/home/ivo/Evaluation-of-Live-Migration-Strategies-at-the-Edge/WASM-migration/metrics/run_artifacts/12-05-2026-direct-cold-0002
csv=/home/ivo/Evaluation-of-Live-Migration-Strategies-at-the-Edge/WASM-migration/metrics/migration_metrics.csv
[exit=0]

$ python3 /home/ivo/Evaluation-of-Live-Migration-Strategies-at-the-Edge/WASM-migration/scripts/orchestrators/wasm_benchmark.py --source edge-node-1 --dest edge-node-2 --transfer-mode direct --run-id 12-05-2026-direct-cold-0003 --module /home/ivo/Evaluation-of-Live-Migration-Strategies-at-the-Edge/WASM-migration/wasm-migrate-commands/wasm_test_computation/3mm_with_cr.wasm --commands-dir /home/ivo/Evaluation-of-Live-Migration-Strategies-at-the-Edge/WASM-migration/wasm-migrate-commands/build --csv /home/ivo/Evaluation-of-Live-Migration-Strategies-at-the-Edge/WASM-migration/metrics/migration_metrics.csv --profile-name 4_Starlink --warmup-seconds 0.01 --timeout-seconds 20.0
Setting up SSH trust: edge-node-1 → ubuntu@10.138.215.137
  Adding public key to destination's authorized_keys...
  Testing SSH connectivity...
  ✓ SSH trust ready
  Transferring /home/ubuntu/wasm-migration/runs/12-05-2026-direct-cold-0003/wasm-state.tar.gz via SCP...
run_id=12-05-2026-direct-cold-0003
source=edge-node-1 dest=edge-node-2 transfer_mode=direct
success=True
checkpoint_ms=1 transfer_ms=5489 restore_ms=1987 downtime_ms=7477
checkpoint_us=135 checkpoint_ns=134544
archive_bytes=2016
artifacts=/home/ivo/Evaluation-of-Live-Migration-Strategies-at-the-Edge/WASM-migration/metrics/run_artifacts/12-05-2026-direct-cold-0003
csv=/home/ivo/Evaluation-of-Live-Migration-Strategies-at-the-Edge/WASM-migration/metrics/migration_metrics.csv
[exit=0]

$ python3 /home/ivo/Evaluation-of-Live-Migration-Strategies-at-the-Edge/WASM-migration/scripts/orchestrators/wasm_benchmark.py --source edge-node-1 --dest edge-node-2 --transfer-mode direct --run-id 12-05-2026-direct-cold-0004 --module /home/ivo/Evaluation-of-Live-Migration-Strategies-at-the-Edge/WASM-migration/wasm-migrate-commands/wasm_test_computation/3mm_with_cr.wasm --commands-dir /home/ivo/Evaluation-of-Live-Migration-Strategies-at-the-Edge/WASM-migration/wasm-migrate-commands/build --csv /home/ivo/Evaluation-of-Live-Migration-Strategies-at-the-Edge/WASM-migration/metrics/migration_metrics.csv --profile-name 4_Starlink --warmup-seconds 0.01 --timeout-seconds 20.0
Setting up SSH trust: edge-node-1 → ubuntu@10.138.215.137
  Adding public key to destination's authorized_keys...
  Testing SSH connectivity...
  ✓ SSH trust ready
  Transferring /home/ubuntu/wasm-migration/runs/12-05-2026-direct-cold-0004/wasm-state.tar.gz via SCP...
run_id=12-05-2026-direct-cold-0004
source=edge-node-1 dest=edge-node-2 transfer_mode=direct
success=True
checkpoint_ms=1 transfer_ms=5742 restore_ms=2065 downtime_ms=7808
checkpoint_us=174 checkpoint_ns=173200
archive_bytes=2014
artifacts=/home/ivo/Evaluation-of-Live-Migration-Strategies-at-the-Edge/WASM-migration/metrics/run_artifacts/12-05-2026-direct-cold-0004
csv=/home/ivo/Evaluation-of-Live-Migration-Strategies-at-the-Edge/WASM-migration/metrics/migration_metrics.csv
[exit=0]

$ python3 /home/ivo/Evaluation-of-Live-Migration-Strategies-at-the-Edge/WASM-migration/scripts/orchestrators/wasm_benchmark.py --source edge-node-1 --dest edge-node-2 --transfer-mode direct --run-id 12-05-2026-direct-cold-0005 --module /home/ivo/Evaluation-of-Live-Migration-Strategies-at-the-Edge/WASM-migration/wasm-migrate-commands/wasm_test_computation/3mm_with_cr.wasm --commands-dir /home/ivo/Evaluation-of-Live-Migration-Strategies-at-the-Edge/WASM-migration/wasm-migrate-commands/build --csv /home/ivo/Evaluation-of-Live-Migration-Strategies-at-the-Edge/WASM-migration/metrics/migration_metrics.csv --profile-name 4_Starlink --warmup-seconds 0.01 --timeout-seconds 20.0
Setting up SSH trust: edge-node-1 → ubuntu@10.138.215.137
  Adding public key to destination's authorized_keys...
  Testing SSH connectivity...
  ✓ SSH trust ready
  Transferring /home/ubuntu/wasm-migration/runs/12-05-2026-direct-cold-0005/wasm-state.tar.gz via SCP...
run_id=12-05-2026-direct-cold-0005
source=edge-node-1 dest=edge-node-2 transfer_mode=direct
success=True
checkpoint_ms=1 transfer_ms=5841 restore_ms=2177 downtime_ms=8019
checkpoint_us=160 checkpoint_ns=159667
archive_bytes=2017
artifacts=/home/ivo/Evaluation-of-Live-Migration-Strategies-at-the-Edge/WASM-migration/metrics/run_artifacts/12-05-2026-direct-cold-0005
csv=/home/ivo/Evaluation-of-Live-Migration-Strategies-at-the-Edge/WASM-migration/metrics/migration_metrics.csv
[exit=0]

$ python3 /home/ivo/Evaluation-of-Live-Migration-Strategies-at-the-Edge/WASM-migration/scripts/orchestrators/wasm_benchmark.py --source edge-node-1 --dest edge-node-2 --transfer-mode direct --run-id 12-05-2026-direct-cold-0006 --module /home/ivo/Evaluation-of-Live-Migration-Strategies-at-the-Edge/WASM-migration/wasm-migrate-commands/wasm_test_computation/3mm_with_cr.wasm --commands-dir /home/ivo/Evaluation-of-Live-Migration-Strategies-at-the-Edge/WASM-migration/wasm-migrate-commands/build --csv /home/ivo/Evaluation-of-Live-Migration-Strategies-at-the-Edge/WASM-migration/metrics/migration_metrics.csv --profile-name 4_Starlink --warmup-seconds 0.01 --timeout-seconds 20.0
Setting up SSH trust: edge-node-1 → ubuntu@10.138.215.137
  Adding public key to destination's authorized_keys...
  Testing SSH connectivity...
  ✓ SSH trust ready
  Transferring /home/ubuntu/wasm-migration/runs/12-05-2026-direct-cold-0006/wasm-state.tar.gz via SCP...
run_id=12-05-2026-direct-cold-0006
source=edge-node-1 dest=edge-node-2 transfer_mode=direct
success=True
checkpoint_ms=1 transfer_ms=5539 restore_ms=1950 downtime_ms=7490
checkpoint_us=140 checkpoint_ns=139309
archive_bytes=2017
artifacts=/home/ivo/Evaluation-of-Live-Migration-Strategies-at-the-Edge/WASM-migration/metrics/run_artifacts/12-05-2026-direct-cold-0006
csv=/home/ivo/Evaluation-of-Live-Migration-Strategies-at-the-Edge/WASM-migration/metrics/migration_metrics.csv
[exit=0]

$ python3 /home/ivo/Evaluation-of-Live-Migration-Strategies-at-the-Edge/WASM-migration/scripts/orchestrators/wasm_benchmark.py --source edge-node-1 --dest edge-node-2 --transfer-mode direct --run-id 12-05-2026-direct-cold-0007 --module /home/ivo/Evaluation-of-Live-Migration-Strategies-at-the-Edge/WASM-migration/wasm-migrate-commands/wasm_test_computation/3mm_with_cr.wasm --commands-dir /home/ivo/Evaluation-of-Live-Migration-Strategies-at-the-Edge/WASM-migration/wasm-migrate-commands/build --csv /home/ivo/Evaluation-of-Live-Migration-Strategies-at-the-Edge/WASM-migration/metrics/migration_metrics.csv --profile-name 4_Starlink --warmup-seconds 0.01 --timeout-seconds 20.0
Setting up SSH trust: edge-node-1 → ubuntu@10.138.215.137
  Adding public key to destination's authorized_keys...
  Testing SSH connectivity...
  ✓ SSH trust ready
  Transferring /home/ubuntu/wasm-migration/runs/12-05-2026-direct-cold-0007/wasm-state.tar.gz via SCP...
run_id=12-05-2026-direct-cold-0007
source=edge-node-1 dest=edge-node-2 transfer_mode=direct
success=True
checkpoint_ms=1 transfer_ms=5648 restore_ms=1968 downtime_ms=7617
checkpoint_us=147 checkpoint_ns=146843
archive_bytes=2017
artifacts=/home/ivo/Evaluation-of-Live-Migration-Strategies-at-the-Edge/WASM-migration/metrics/run_artifacts/12-05-2026-direct-cold-0007
csv=/home/ivo/Evaluation-of-Live-Migration-Strategies-at-the-Edge/WASM-migration/metrics/migration_metrics.csv
[exit=0]

$ python3 /home/ivo/Evaluation-of-Live-Migration-Strategies-at-the-Edge/WASM-migration/scripts/orchestrators/wasm_benchmark.py --source edge-node-1 --dest edge-node-2 --transfer-mode direct --run-id 12-05-2026-direct-cold-0008 --module /home/ivo/Evaluation-of-Live-Migration-Strategies-at-the-Edge/WASM-migration/wasm-migrate-commands/wasm_test_computation/3mm_with_cr.wasm --commands-dir /home/ivo/Evaluation-of-Live-Migration-Strategies-at-the-Edge/WASM-migration/wasm-migrate-commands/build --csv /home/ivo/Evaluation-of-Live-Migration-Strategies-at-the-Edge/WASM-migration/metrics/migration_metrics.csv --profile-name 4_Starlink --warmup-seconds 0.01 --timeout-seconds 20.0
Setting up SSH trust: edge-node-1 → ubuntu@10.138.215.137
  Adding public key to destination's authorized_keys...
  Testing SSH connectivity...
  ✓ SSH trust ready
  Transferring /home/ubuntu/wasm-migration/runs/12-05-2026-direct-cold-0008/wasm-state.tar.gz via SCP...
run_id=12-05-2026-direct-cold-0008
source=edge-node-1 dest=edge-node-2 transfer_mode=direct
success=True
checkpoint_ms=1 transfer_ms=5698 restore_ms=2420 downtime_ms=8119
checkpoint_us=125 checkpoint_ns=124481
archive_bytes=2017
artifacts=/home/ivo/Evaluation-of-Live-Migration-Strategies-at-the-Edge/WASM-migration/metrics/run_artifacts/12-05-2026-direct-cold-0008
csv=/home/ivo/Evaluation-of-Live-Migration-Strategies-at-the-Edge/WASM-migration/metrics/migration_metrics.csv
[exit=0]

$ python3 /home/ivo/Evaluation-of-Live-Migration-Strategies-at-the-Edge/WASM-migration/scripts/orchestrators/wasm_benchmark.py --source edge-node-1 --dest edge-node-2 --transfer-mode direct --run-id 12-05-2026-direct-cold-0009 --module /home/ivo/Evaluation-of-Live-Migration-Strategies-at-the-Edge/WASM-migration/wasm-migrate-commands/wasm_test_computation/3mm_with_cr.wasm --commands-dir /home/ivo/Evaluation-of-Live-Migration-Strategies-at-the-Edge/WASM-migration/wasm-migrate-commands/build --csv /home/ivo/Evaluation-of-Live-Migration-Strategies-at-the-Edge/WASM-migration/metrics/migration_metrics.csv --profile-name 4_Starlink --warmup-seconds 0.01 --timeout-seconds 20.0
Setting up SSH trust: edge-node-1 → ubuntu@10.138.215.137
  Adding public key to destination's authorized_keys...
  Testing SSH connectivity...
  ✓ SSH trust ready
  Transferring /home/ubuntu/wasm-migration/runs/12-05-2026-direct-cold-0009/wasm-state.tar.gz via SCP...
run_id=12-05-2026-direct-cold-0009
source=edge-node-1 dest=edge-node-2 transfer_mode=direct
success=True
checkpoint_ms=1 transfer_ms=5766 restore_ms=2031 downtime_ms=7798
checkpoint_us=217 checkpoint_ns=216091
archive_bytes=2017
artifacts=/home/ivo/Evaluation-of-Live-Migration-Strategies-at-the-Edge/WASM-migration/metrics/run_artifacts/12-05-2026-direct-cold-0009
csv=/home/ivo/Evaluation-of-Live-Migration-Strategies-at-the-Edge/WASM-migration/metrics/migration_metrics.csv
[exit=0]
[repeat] run_ids_file=/home/ivo/Evaluation-of-Live-Migration-Strategies-at-the-Edge/WASM-migration/metrics/run_logs/12-05-2026-wasm-cold-h10-d10-snap-140911.run_ids.txt
