=== repeat_wasm_benchmarks.py 2026-05-21T11:34:17.141723 ===
base_run_id=21-05-2026-wasm-cold-h10-d10-snap-113417 source=edge-node-1 dest=edge-node-2 host_runs=10 direct_runs=10 relay_node=edge-host-1 profile_name=6_TEE_Avg module=/home/ivo/Evaluation-of-Live-Migration-Strategies-at-the-Edge/WASM-migration/wasm-migrate-commands/wasm_test_computation/3mm_with_cr.wasm snapshot_node_metrics=True

$ python3 /home/ivo/Evaluation-of-Live-Migration-Strategies-at-the-Edge/WASM-migration/scripts/orchestrators/wasm_benchmark.py --source edge-node-1 --dest edge-node-2 --transfer-mode host --run-id 21-05-2026-host-cold-0000 --module /home/ivo/Evaluation-of-Live-Migration-Strategies-at-the-Edge/WASM-migration/wasm-migrate-commands/wasm_test_computation/3mm_with_cr.wasm --commands-dir /home/ivo/Evaluation-of-Live-Migration-Strategies-at-the-Edge/WASM-migration/wasm-migrate-commands/build --csv /home/ivo/Evaluation-of-Live-Migration-Strategies-at-the-Edge/WASM-migration/metrics/migration_metrics.csv --profile-name 6_TEE_Avg --warmup-seconds 0.01 --timeout-seconds 20.0 --relay-node edge-host-1
  Transferring /home/ubuntu/wasm-migration/runs/21-05-2026-host-cold-0000/wasm-state.tar.gz via relay node edge-host-1...
Setting up SSH trust: edge-node-1 → ubuntu@10.138.215.36
  Adding public key to destination's authorized_keys...
  Testing SSH connectivity...
  ✓ SSH trust ready
Setting up SSH trust: edge-host-1 → ubuntu@10.138.215.137
  Adding public key to destination's authorized_keys...
  Testing SSH connectivity...
  ✓ SSH trust ready
run_id=21-05-2026-host-cold-0000
source=edge-node-1 dest=edge-node-2 transfer_mode=host
success=True
checkpoint_ms=1 transfer_ms=73622 restore_ms=1961 downtime_ms=75584
checkpoint_us=233 checkpoint_ns=232388
archive_bytes=2016
artifacts=/home/ivo/Evaluation-of-Live-Migration-Strategies-at-the-Edge/WASM-migration/metrics/run_artifacts/21-05-2026-host-cold-0000
csv=/home/ivo/Evaluation-of-Live-Migration-Strategies-at-the-Edge/WASM-migration/metrics/migration_metrics.csv
[exit=0]

$ python3 /home/ivo/Evaluation-of-Live-Migration-Strategies-at-the-Edge/WASM-migration/scripts/orchestrators/wasm_benchmark.py --source edge-node-1 --dest edge-node-2 --transfer-mode host --run-id 21-05-2026-host-cold-0001 --module /home/ivo/Evaluation-of-Live-Migration-Strategies-at-the-Edge/WASM-migration/wasm-migrate-commands/wasm_test_computation/3mm_with_cr.wasm --commands-dir /home/ivo/Evaluation-of-Live-Migration-Strategies-at-the-Edge/WASM-migration/wasm-migrate-commands/build --csv /home/ivo/Evaluation-of-Live-Migration-Strategies-at-the-Edge/WASM-migration/metrics/migration_metrics.csv --profile-name 6_TEE_Avg --warmup-seconds 0.01 --timeout-seconds 20.0 --relay-node edge-host-1
