=== repeat_wasm_benchmarks.py 2026-04-28T14:53:21.596711 ===
base_run_id=28-04-2026-wasm-cold-h20-d20-snap-145321 source=edge-node-1 dest=edge-node-2 host_runs=20 direct_runs=20 relay_node=edge-host-1 profile_name= module=/home/ivo/Documents/University/4to/Thesis-AAAAAAAa/Container-vs-Wasm-Service-Migration/WASM-migration/wasm-migrate-commands/wasm_test_computation/3mm_with_cr.wasm snapshot_node_metrics=True

$ python3 /home/ivo/Documents/University/4to/Thesis-AAAAAAAa/Container-vs-Wasm-Service-Migration/WASM-migration/scripts/orchestrators/wasm_benchmark.py --source edge-node-1 --dest edge-node-2 --transfer-mode host --run-id 28-04-2026-host-cold-0000 --module /home/ivo/Documents/University/4to/Thesis-AAAAAAAa/Container-vs-Wasm-Service-Migration/WASM-migration/wasm-migrate-commands/wasm_test_computation/3mm_with_cr.wasm --commands-dir /home/ivo/Documents/University/4to/Thesis-AAAAAAAa/Container-vs-Wasm-Service-Migration/WASM-migration/wasm-migrate-commands/build --csv /home/ivo/Documents/University/4to/Thesis-AAAAAAAa/Container-vs-Wasm-Service-Migration/WASM-migration/metrics/migration_metrics.csv --profile-name  --warmup-seconds 0.01 --timeout-seconds 20.0 --relay-node edge-host-1
  Transferring /home/ubuntu/wasm-migration/runs/28-04-2026-host-cold-0000/wasm-state.tar.gz via relay node edge-host-1...
Setting up SSH trust: edge-node-1 → ubuntu@10.22.132.248
  Generating Ed25519 key pair on source...
  Adding public key to destination's authorized_keys...
  Testing SSH connectivity...
  ✓ SSH trust ready
Setting up SSH trust: edge-host-1 → ubuntu@10.22.132.197
  Generating Ed25519 key pair on source...
  Adding public key to destination's authorized_keys...
  Testing SSH connectivity...
  ✓ SSH trust ready
run_id=28-04-2026-host-cold-0000
source=edge-node-1 dest=edge-node-2 transfer_mode=host
success=True
checkpoint_ms=1 transfer_ms=6575 restore_ms=1987 downtime_ms=8563
archive_bytes=2015
artifacts=/home/ivo/Documents/University/4to/Thesis-AAAAAAAa/Container-vs-Wasm-Service-Migration/WASM-migration/metrics/run_artifacts/28-04-2026-host-cold-0000
csv=/home/ivo/Documents/University/4to/Thesis-AAAAAAAa/Container-vs-Wasm-Service-Migration/WASM-migration/metrics/migration_metrics.csv
[exit=0]

$ python3 /home/ivo/Documents/University/4to/Thesis-AAAAAAAa/Container-vs-Wasm-Service-Migration/WASM-migration/scripts/orchestrators/wasm_benchmark.py --source edge-node-1 --dest edge-node-2 --transfer-mode host --run-id 28-04-2026-host-cold-0001 --module /home/ivo/Documents/University/4to/Thesis-AAAAAAAa/Container-vs-Wasm-Service-Migration/WASM-migration/wasm-migrate-commands/wasm_test_computation/3mm_with_cr.wasm --commands-dir /home/ivo/Documents/University/4to/Thesis-AAAAAAAa/Container-vs-Wasm-Service-Migration/WASM-migration/wasm-migrate-commands/build --csv /home/ivo/Documents/University/4to/Thesis-AAAAAAAa/Container-vs-Wasm-Service-Migration/WASM-migration/metrics/migration_metrics.csv --profile-name  --warmup-seconds 0.01 --timeout-seconds 20.0 --relay-node edge-host-1
  Transferring /home/ubuntu/wasm-migration/runs/28-04-2026-host-cold-0001/wasm-state.tar.gz via relay node edge-host-1...
Setting up SSH trust: edge-node-1 → ubuntu@10.22.132.248
  Adding public key to destination's authorized_keys...
  Testing SSH connectivity...
  ✓ SSH trust ready
Setting up SSH trust: edge-host-1 → ubuntu@10.22.132.197
  Adding public key to destination's authorized_keys...
  Testing SSH connectivity...
  ✓ SSH trust ready
run_id=28-04-2026-host-cold-0001
source=edge-node-1 dest=edge-node-2 transfer_mode=host
success=True
checkpoint_ms=1 transfer_ms=5527 restore_ms=1984 downtime_ms=7512
archive_bytes=2015
artifacts=/home/ivo/Documents/University/4to/Thesis-AAAAAAAa/Container-vs-Wasm-Service-Migration/WASM-migration/metrics/run_artifacts/28-04-2026-host-cold-0001
csv=/home/ivo/Documents/University/4to/Thesis-AAAAAAAa/Container-vs-Wasm-Service-Migration/WASM-migration/metrics/migration_metrics.csv
[exit=0]

$ python3 /home/ivo/Documents/University/4to/Thesis-AAAAAAAa/Container-vs-Wasm-Service-Migration/WASM-migration/scripts/orchestrators/wasm_benchmark.py --source edge-node-1 --dest edge-node-2 --transfer-mode host --run-id 28-04-2026-host-cold-0002 --module /home/ivo/Documents/University/4to/Thesis-AAAAAAAa/Container-vs-Wasm-Service-Migration/WASM-migration/wasm-migrate-commands/wasm_test_computation/3mm_with_cr.wasm --commands-dir /home/ivo/Documents/University/4to/Thesis-AAAAAAAa/Container-vs-Wasm-Service-Migration/WASM-migration/wasm-migrate-commands/build --csv /home/ivo/Documents/University/4to/Thesis-AAAAAAAa/Container-vs-Wasm-Service-Migration/WASM-migration/metrics/migration_metrics.csv --profile-name  --warmup-seconds 0.01 --timeout-seconds 20.0 --relay-node edge-host-1
  Transferring /home/ubuntu/wasm-migration/runs/28-04-2026-host-cold-0002/wasm-state.tar.gz via relay node edge-host-1...
Setting up SSH trust: edge-node-1 → ubuntu@10.22.132.248
  Adding public key to destination's authorized_keys...
  Testing SSH connectivity...
  ✓ SSH trust ready
Setting up SSH trust: edge-host-1 → ubuntu@10.22.132.197
  Adding public key to destination's authorized_keys...
  Testing SSH connectivity...
  ✓ SSH trust ready
run_id=28-04-2026-host-cold-0002
source=edge-node-1 dest=edge-node-2 transfer_mode=host
success=True
checkpoint_ms=1 transfer_ms=5574 restore_ms=1983 downtime_ms=7558
archive_bytes=2015
artifacts=/home/ivo/Documents/University/4to/Thesis-AAAAAAAa/Container-vs-Wasm-Service-Migration/WASM-migration/metrics/run_artifacts/28-04-2026-host-cold-0002
csv=/home/ivo/Documents/University/4to/Thesis-AAAAAAAa/Container-vs-Wasm-Service-Migration/WASM-migration/metrics/migration_metrics.csv
[exit=0]

$ python3 /home/ivo/Documents/University/4to/Thesis-AAAAAAAa/Container-vs-Wasm-Service-Migration/WASM-migration/scripts/orchestrators/wasm_benchmark.py --source edge-node-1 --dest edge-node-2 --transfer-mode host --run-id 28-04-2026-host-cold-0003 --module /home/ivo/Documents/University/4to/Thesis-AAAAAAAa/Container-vs-Wasm-Service-Migration/WASM-migration/wasm-migrate-commands/wasm_test_computation/3mm_with_cr.wasm --commands-dir /home/ivo/Documents/University/4to/Thesis-AAAAAAAa/Container-vs-Wasm-Service-Migration/WASM-migration/wasm-migrate-commands/build --csv /home/ivo/Documents/University/4to/Thesis-AAAAAAAa/Container-vs-Wasm-Service-Migration/WASM-migration/metrics/migration_metrics.csv --profile-name  --warmup-seconds 0.01 --timeout-seconds 20.0 --relay-node edge-host-1
  Transferring /home/ubuntu/wasm-migration/runs/28-04-2026-host-cold-0003/wasm-state.tar.gz via relay node edge-host-1...
Setting up SSH trust: edge-node-1 → ubuntu@10.22.132.248
  Adding public key to destination's authorized_keys...
  Testing SSH connectivity...
  ✓ SSH trust ready
Setting up SSH trust: edge-host-1 → ubuntu@10.22.132.197
  Adding public key to destination's authorized_keys...
  Testing SSH connectivity...
  ✓ SSH trust ready
run_id=28-04-2026-host-cold-0003
source=edge-node-1 dest=edge-node-2 transfer_mode=host
success=True
checkpoint_ms=1 transfer_ms=5849 restore_ms=1977 downtime_ms=7827
archive_bytes=2016
artifacts=/home/ivo/Documents/University/4to/Thesis-AAAAAAAa/Container-vs-Wasm-Service-Migration/WASM-migration/metrics/run_artifacts/28-04-2026-host-cold-0003
csv=/home/ivo/Documents/University/4to/Thesis-AAAAAAAa/Container-vs-Wasm-Service-Migration/WASM-migration/metrics/migration_metrics.csv
[exit=0]

$ python3 /home/ivo/Documents/University/4to/Thesis-AAAAAAAa/Container-vs-Wasm-Service-Migration/WASM-migration/scripts/orchestrators/wasm_benchmark.py --source edge-node-1 --dest edge-node-2 --transfer-mode host --run-id 28-04-2026-host-cold-0004 --module /home/ivo/Documents/University/4to/Thesis-AAAAAAAa/Container-vs-Wasm-Service-Migration/WASM-migration/wasm-migrate-commands/wasm_test_computation/3mm_with_cr.wasm --commands-dir /home/ivo/Documents/University/4to/Thesis-AAAAAAAa/Container-vs-Wasm-Service-Migration/WASM-migration/wasm-migrate-commands/build --csv /home/ivo/Documents/University/4to/Thesis-AAAAAAAa/Container-vs-Wasm-Service-Migration/WASM-migration/metrics/migration_metrics.csv --profile-name  --warmup-seconds 0.01 --timeout-seconds 20.0 --relay-node edge-host-1
  Transferring /home/ubuntu/wasm-migration/runs/28-04-2026-host-cold-0004/wasm-state.tar.gz via relay node edge-host-1...
Setting up SSH trust: edge-node-1 → ubuntu@10.22.132.248
  Adding public key to destination's authorized_keys...
  Testing SSH connectivity...
  ✓ SSH trust ready
Setting up SSH trust: edge-host-1 → ubuntu@10.22.132.197
  Adding public key to destination's authorized_keys...
  Testing SSH connectivity...
  ✓ SSH trust ready
run_id=28-04-2026-host-cold-0004
source=edge-node-1 dest=edge-node-2 transfer_mode=host
success=True
checkpoint_ms=1 transfer_ms=5506 restore_ms=1933 downtime_ms=7440
archive_bytes=2016
artifacts=/home/ivo/Documents/University/4to/Thesis-AAAAAAAa/Container-vs-Wasm-Service-Migration/WASM-migration/metrics/run_artifacts/28-04-2026-host-cold-0004
csv=/home/ivo/Documents/University/4to/Thesis-AAAAAAAa/Container-vs-Wasm-Service-Migration/WASM-migration/metrics/migration_metrics.csv
[exit=0]

$ python3 /home/ivo/Documents/University/4to/Thesis-AAAAAAAa/Container-vs-Wasm-Service-Migration/WASM-migration/scripts/orchestrators/wasm_benchmark.py --source edge-node-1 --dest edge-node-2 --transfer-mode host --run-id 28-04-2026-host-cold-0005 --module /home/ivo/Documents/University/4to/Thesis-AAAAAAAa/Container-vs-Wasm-Service-Migration/WASM-migration/wasm-migrate-commands/wasm_test_computation/3mm_with_cr.wasm --commands-dir /home/ivo/Documents/University/4to/Thesis-AAAAAAAa/Container-vs-Wasm-Service-Migration/WASM-migration/wasm-migrate-commands/build --csv /home/ivo/Documents/University/4to/Thesis-AAAAAAAa/Container-vs-Wasm-Service-Migration/WASM-migration/metrics/migration_metrics.csv --profile-name  --warmup-seconds 0.01 --timeout-seconds 20.0 --relay-node edge-host-1
  Transferring /home/ubuntu/wasm-migration/runs/28-04-2026-host-cold-0005/wasm-state.tar.gz via relay node edge-host-1...
Setting up SSH trust: edge-node-1 → ubuntu@10.22.132.248
  Adding public key to destination's authorized_keys...
  Testing SSH connectivity...
  ✓ SSH trust ready
Setting up SSH trust: edge-host-1 → ubuntu@10.22.132.197
  Adding public key to destination's authorized_keys...
  Testing SSH connectivity...
  ✓ SSH trust ready
run_id=28-04-2026-host-cold-0005
source=edge-node-1 dest=edge-node-2 transfer_mode=host
success=True
checkpoint_ms=1 transfer_ms=5741 restore_ms=1979 downtime_ms=7721
archive_bytes=2014
artifacts=/home/ivo/Documents/University/4to/Thesis-AAAAAAAa/Container-vs-Wasm-Service-Migration/WASM-migration/metrics/run_artifacts/28-04-2026-host-cold-0005
csv=/home/ivo/Documents/University/4to/Thesis-AAAAAAAa/Container-vs-Wasm-Service-Migration/WASM-migration/metrics/migration_metrics.csv
[exit=0]

$ python3 /home/ivo/Documents/University/4to/Thesis-AAAAAAAa/Container-vs-Wasm-Service-Migration/WASM-migration/scripts/orchestrators/wasm_benchmark.py --source edge-node-1 --dest edge-node-2 --transfer-mode host --run-id 28-04-2026-host-cold-0006 --module /home/ivo/Documents/University/4to/Thesis-AAAAAAAa/Container-vs-Wasm-Service-Migration/WASM-migration/wasm-migrate-commands/wasm_test_computation/3mm_with_cr.wasm --commands-dir /home/ivo/Documents/University/4to/Thesis-AAAAAAAa/Container-vs-Wasm-Service-Migration/WASM-migration/wasm-migrate-commands/build --csv /home/ivo/Documents/University/4to/Thesis-AAAAAAAa/Container-vs-Wasm-Service-Migration/WASM-migration/metrics/migration_metrics.csv --profile-name  --warmup-seconds 0.01 --timeout-seconds 20.0 --relay-node edge-host-1
  Transferring /home/ubuntu/wasm-migration/runs/28-04-2026-host-cold-0006/wasm-state.tar.gz via relay node edge-host-1...
Setting up SSH trust: edge-node-1 → ubuntu@10.22.132.248
  Adding public key to destination's authorized_keys...
  Testing SSH connectivity...
  ✓ SSH trust ready
Setting up SSH trust: edge-host-1 → ubuntu@10.22.132.197
  Adding public key to destination's authorized_keys...
  Testing SSH connectivity...
  ✓ SSH trust ready
run_id=28-04-2026-host-cold-0006
source=edge-node-1 dest=edge-node-2 transfer_mode=host
success=True
checkpoint_ms=1 transfer_ms=5856 restore_ms=2103 downtime_ms=7960
archive_bytes=2016
artifacts=/home/ivo/Documents/University/4to/Thesis-AAAAAAAa/Container-vs-Wasm-Service-Migration/WASM-migration/metrics/run_artifacts/28-04-2026-host-cold-0006
csv=/home/ivo/Documents/University/4to/Thesis-AAAAAAAa/Container-vs-Wasm-Service-Migration/WASM-migration/metrics/migration_metrics.csv
[exit=0]

$ python3 /home/ivo/Documents/University/4to/Thesis-AAAAAAAa/Container-vs-Wasm-Service-Migration/WASM-migration/scripts/orchestrators/wasm_benchmark.py --source edge-node-1 --dest edge-node-2 --transfer-mode host --run-id 28-04-2026-host-cold-0007 --module /home/ivo/Documents/University/4to/Thesis-AAAAAAAa/Container-vs-Wasm-Service-Migration/WASM-migration/wasm-migrate-commands/wasm_test_computation/3mm_with_cr.wasm --commands-dir /home/ivo/Documents/University/4to/Thesis-AAAAAAAa/Container-vs-Wasm-Service-Migration/WASM-migration/wasm-migrate-commands/build --csv /home/ivo/Documents/University/4to/Thesis-AAAAAAAa/Container-vs-Wasm-Service-Migration/WASM-migration/metrics/migration_metrics.csv --profile-name  --warmup-seconds 0.01 --timeout-seconds 20.0 --relay-node edge-host-1
  Transferring /home/ubuntu/wasm-migration/runs/28-04-2026-host-cold-0007/wasm-state.tar.gz via relay node edge-host-1...
Setting up SSH trust: edge-node-1 → ubuntu@10.22.132.248
  Adding public key to destination's authorized_keys...
  Testing SSH connectivity...
  ✓ SSH trust ready
Setting up SSH trust: edge-host-1 → ubuntu@10.22.132.197
  Adding public key to destination's authorized_keys...
  Testing SSH connectivity...
  ✓ SSH trust ready
run_id=28-04-2026-host-cold-0007
source=edge-node-1 dest=edge-node-2 transfer_mode=host
success=True
checkpoint_ms=1 transfer_ms=5598 restore_ms=2042 downtime_ms=7641
archive_bytes=2016
artifacts=/home/ivo/Documents/University/4to/Thesis-AAAAAAAa/Container-vs-Wasm-Service-Migration/WASM-migration/metrics/run_artifacts/28-04-2026-host-cold-0007
csv=/home/ivo/Documents/University/4to/Thesis-AAAAAAAa/Container-vs-Wasm-Service-Migration/WASM-migration/metrics/migration_metrics.csv
[exit=0]

$ python3 /home/ivo/Documents/University/4to/Thesis-AAAAAAAa/Container-vs-Wasm-Service-Migration/WASM-migration/scripts/orchestrators/wasm_benchmark.py --source edge-node-1 --dest edge-node-2 --transfer-mode host --run-id 28-04-2026-host-cold-0008 --module /home/ivo/Documents/University/4to/Thesis-AAAAAAAa/Container-vs-Wasm-Service-Migration/WASM-migration/wasm-migrate-commands/wasm_test_computation/3mm_with_cr.wasm --commands-dir /home/ivo/Documents/University/4to/Thesis-AAAAAAAa/Container-vs-Wasm-Service-Migration/WASM-migration/wasm-migrate-commands/build --csv /home/ivo/Documents/University/4to/Thesis-AAAAAAAa/Container-vs-Wasm-Service-Migration/WASM-migration/metrics/migration_metrics.csv --profile-name  --warmup-seconds 0.01 --timeout-seconds 20.0 --relay-node edge-host-1
  Transferring /home/ubuntu/wasm-migration/runs/28-04-2026-host-cold-0008/wasm-state.tar.gz via relay node edge-host-1...
Setting up SSH trust: edge-node-1 → ubuntu@10.22.132.248
  Adding public key to destination's authorized_keys...
  Testing SSH connectivity...
  ✓ SSH trust ready
Setting up SSH trust: edge-host-1 → ubuntu@10.22.132.197
  Adding public key to destination's authorized_keys...
  Testing SSH connectivity...
  ✓ SSH trust ready
run_id=28-04-2026-host-cold-0008
source=edge-node-1 dest=edge-node-2 transfer_mode=host
success=True
checkpoint_ms=1 transfer_ms=5522 restore_ms=1998 downtime_ms=7521
archive_bytes=2018
artifacts=/home/ivo/Documents/University/4to/Thesis-AAAAAAAa/Container-vs-Wasm-Service-Migration/WASM-migration/metrics/run_artifacts/28-04-2026-host-cold-0008
csv=/home/ivo/Documents/University/4to/Thesis-AAAAAAAa/Container-vs-Wasm-Service-Migration/WASM-migration/metrics/migration_metrics.csv
[exit=0]

$ python3 /home/ivo/Documents/University/4to/Thesis-AAAAAAAa/Container-vs-Wasm-Service-Migration/WASM-migration/scripts/orchestrators/wasm_benchmark.py --source edge-node-1 --dest edge-node-2 --transfer-mode host --run-id 28-04-2026-host-cold-0009 --module /home/ivo/Documents/University/4to/Thesis-AAAAAAAa/Container-vs-Wasm-Service-Migration/WASM-migration/wasm-migrate-commands/wasm_test_computation/3mm_with_cr.wasm --commands-dir /home/ivo/Documents/University/4to/Thesis-AAAAAAAa/Container-vs-Wasm-Service-Migration/WASM-migration/wasm-migrate-commands/build --csv /home/ivo/Documents/University/4to/Thesis-AAAAAAAa/Container-vs-Wasm-Service-Migration/WASM-migration/metrics/migration_metrics.csv --profile-name  --warmup-seconds 0.01 --timeout-seconds 20.0 --relay-node edge-host-1
  Transferring /home/ubuntu/wasm-migration/runs/28-04-2026-host-cold-0009/wasm-state.tar.gz via relay node edge-host-1...
Setting up SSH trust: edge-node-1 → ubuntu@10.22.132.248
  Adding public key to destination's authorized_keys...
  Testing SSH connectivity...
  ✓ SSH trust ready
Setting up SSH trust: edge-host-1 → ubuntu@10.22.132.197
  Adding public key to destination's authorized_keys...
  Testing SSH connectivity...
  ✓ SSH trust ready
run_id=28-04-2026-host-cold-0009
source=edge-node-1 dest=edge-node-2 transfer_mode=host
success=True
checkpoint_ms=1 transfer_ms=5802 restore_ms=1972 downtime_ms=7775
archive_bytes=2017
artifacts=/home/ivo/Documents/University/4to/Thesis-AAAAAAAa/Container-vs-Wasm-Service-Migration/WASM-migration/metrics/run_artifacts/28-04-2026-host-cold-0009
csv=/home/ivo/Documents/University/4to/Thesis-AAAAAAAa/Container-vs-Wasm-Service-Migration/WASM-migration/metrics/migration_metrics.csv
[exit=0]

$ python3 /home/ivo/Documents/University/4to/Thesis-AAAAAAAa/Container-vs-Wasm-Service-Migration/WASM-migration/scripts/orchestrators/wasm_benchmark.py --source edge-node-1 --dest edge-node-2 --transfer-mode host --run-id 28-04-2026-host-cold-0010 --module /home/ivo/Documents/University/4to/Thesis-AAAAAAAa/Container-vs-Wasm-Service-Migration/WASM-migration/wasm-migrate-commands/wasm_test_computation/3mm_with_cr.wasm --commands-dir /home/ivo/Documents/University/4to/Thesis-AAAAAAAa/Container-vs-Wasm-Service-Migration/WASM-migration/wasm-migrate-commands/build --csv /home/ivo/Documents/University/4to/Thesis-AAAAAAAa/Container-vs-Wasm-Service-Migration/WASM-migration/metrics/migration_metrics.csv --profile-name  --warmup-seconds 0.01 --timeout-seconds 20.0 --relay-node edge-host-1
  Transferring /home/ubuntu/wasm-migration/runs/28-04-2026-host-cold-0010/wasm-state.tar.gz via relay node edge-host-1...
Setting up SSH trust: edge-node-1 → ubuntu@10.22.132.248
  Adding public key to destination's authorized_keys...
  Testing SSH connectivity...
  ✓ SSH trust ready
Setting up SSH trust: edge-host-1 → ubuntu@10.22.132.197
  Adding public key to destination's authorized_keys...
  Testing SSH connectivity...
  ✓ SSH trust ready
run_id=28-04-2026-host-cold-0010
source=edge-node-1 dest=edge-node-2 transfer_mode=host
success=True
checkpoint_ms=1 transfer_ms=5595 restore_ms=2015 downtime_ms=7611
archive_bytes=2017
artifacts=/home/ivo/Documents/University/4to/Thesis-AAAAAAAa/Container-vs-Wasm-Service-Migration/WASM-migration/metrics/run_artifacts/28-04-2026-host-cold-0010
csv=/home/ivo/Documents/University/4to/Thesis-AAAAAAAa/Container-vs-Wasm-Service-Migration/WASM-migration/metrics/migration_metrics.csv
[exit=0]

$ python3 /home/ivo/Documents/University/4to/Thesis-AAAAAAAa/Container-vs-Wasm-Service-Migration/WASM-migration/scripts/orchestrators/wasm_benchmark.py --source edge-node-1 --dest edge-node-2 --transfer-mode host --run-id 28-04-2026-host-cold-0011 --module /home/ivo/Documents/University/4to/Thesis-AAAAAAAa/Container-vs-Wasm-Service-Migration/WASM-migration/wasm-migrate-commands/wasm_test_computation/3mm_with_cr.wasm --commands-dir /home/ivo/Documents/University/4to/Thesis-AAAAAAAa/Container-vs-Wasm-Service-Migration/WASM-migration/wasm-migrate-commands/build --csv /home/ivo/Documents/University/4to/Thesis-AAAAAAAa/Container-vs-Wasm-Service-Migration/WASM-migration/metrics/migration_metrics.csv --profile-name  --warmup-seconds 0.01 --timeout-seconds 20.0 --relay-node edge-host-1
  Transferring /home/ubuntu/wasm-migration/runs/28-04-2026-host-cold-0011/wasm-state.tar.gz via relay node edge-host-1...
Setting up SSH trust: edge-node-1 → ubuntu@10.22.132.248
  Adding public key to destination's authorized_keys...
  Testing SSH connectivity...
  ✓ SSH trust ready
Setting up SSH trust: edge-host-1 → ubuntu@10.22.132.197
  Adding public key to destination's authorized_keys...
  Testing SSH connectivity...
  ✓ SSH trust ready
run_id=28-04-2026-host-cold-0011
source=edge-node-1 dest=edge-node-2 transfer_mode=host
success=True
checkpoint_ms=1 transfer_ms=5748 restore_ms=2015 downtime_ms=7764
archive_bytes=2017
artifacts=/home/ivo/Documents/University/4to/Thesis-AAAAAAAa/Container-vs-Wasm-Service-Migration/WASM-migration/metrics/run_artifacts/28-04-2026-host-cold-0011
csv=/home/ivo/Documents/University/4to/Thesis-AAAAAAAa/Container-vs-Wasm-Service-Migration/WASM-migration/metrics/migration_metrics.csv
[exit=0]

$ python3 /home/ivo/Documents/University/4to/Thesis-AAAAAAAa/Container-vs-Wasm-Service-Migration/WASM-migration/scripts/orchestrators/wasm_benchmark.py --source edge-node-1 --dest edge-node-2 --transfer-mode host --run-id 28-04-2026-host-cold-0012 --module /home/ivo/Documents/University/4to/Thesis-AAAAAAAa/Container-vs-Wasm-Service-Migration/WASM-migration/wasm-migrate-commands/wasm_test_computation/3mm_with_cr.wasm --commands-dir /home/ivo/Documents/University/4to/Thesis-AAAAAAAa/Container-vs-Wasm-Service-Migration/WASM-migration/wasm-migrate-commands/build --csv /home/ivo/Documents/University/4to/Thesis-AAAAAAAa/Container-vs-Wasm-Service-Migration/WASM-migration/metrics/migration_metrics.csv --profile-name  --warmup-seconds 0.01 --timeout-seconds 20.0 --relay-node edge-host-1
  Transferring /home/ubuntu/wasm-migration/runs/28-04-2026-host-cold-0012/wasm-state.tar.gz via relay node edge-host-1...
Setting up SSH trust: edge-node-1 → ubuntu@10.22.132.248
  Adding public key to destination's authorized_keys...
  Testing SSH connectivity...
  ✓ SSH trust ready
Setting up SSH trust: edge-host-1 → ubuntu@10.22.132.197
  Adding public key to destination's authorized_keys...
  Testing SSH connectivity...
  ✓ SSH trust ready
run_id=28-04-2026-host-cold-0012
source=edge-node-1 dest=edge-node-2 transfer_mode=host
success=True
checkpoint_ms=1 transfer_ms=5859 restore_ms=1994 downtime_ms=7854
archive_bytes=2019
artifacts=/home/ivo/Documents/University/4to/Thesis-AAAAAAAa/Container-vs-Wasm-Service-Migration/WASM-migration/metrics/run_artifacts/28-04-2026-host-cold-0012
csv=/home/ivo/Documents/University/4to/Thesis-AAAAAAAa/Container-vs-Wasm-Service-Migration/WASM-migration/metrics/migration_metrics.csv
[exit=0]

$ python3 /home/ivo/Documents/University/4to/Thesis-AAAAAAAa/Container-vs-Wasm-Service-Migration/WASM-migration/scripts/orchestrators/wasm_benchmark.py --source edge-node-1 --dest edge-node-2 --transfer-mode host --run-id 28-04-2026-host-cold-0013 --module /home/ivo/Documents/University/4to/Thesis-AAAAAAAa/Container-vs-Wasm-Service-Migration/WASM-migration/wasm-migrate-commands/wasm_test_computation/3mm_with_cr.wasm --commands-dir /home/ivo/Documents/University/4to/Thesis-AAAAAAAa/Container-vs-Wasm-Service-Migration/WASM-migration/wasm-migrate-commands/build --csv /home/ivo/Documents/University/4to/Thesis-AAAAAAAa/Container-vs-Wasm-Service-Migration/WASM-migration/metrics/migration_metrics.csv --profile-name  --warmup-seconds 0.01 --timeout-seconds 20.0 --relay-node edge-host-1
  Transferring /home/ubuntu/wasm-migration/runs/28-04-2026-host-cold-0013/wasm-state.tar.gz via relay node edge-host-1...
Setting up SSH trust: edge-node-1 → ubuntu@10.22.132.248
  Adding public key to destination's authorized_keys...
  Testing SSH connectivity...
  ✓ SSH trust ready
Setting up SSH trust: edge-host-1 → ubuntu@10.22.132.197
  Adding public key to destination's authorized_keys...
  Testing SSH connectivity...
  ✓ SSH trust ready
run_id=28-04-2026-host-cold-0013
source=edge-node-1 dest=edge-node-2 transfer_mode=host
success=True
checkpoint_ms=1 transfer_ms=5631 restore_ms=1984 downtime_ms=7616
archive_bytes=2016
artifacts=/home/ivo/Documents/University/4to/Thesis-AAAAAAAa/Container-vs-Wasm-Service-Migration/WASM-migration/metrics/run_artifacts/28-04-2026-host-cold-0013
csv=/home/ivo/Documents/University/4to/Thesis-AAAAAAAa/Container-vs-Wasm-Service-Migration/WASM-migration/metrics/migration_metrics.csv
[exit=0]

$ python3 /home/ivo/Documents/University/4to/Thesis-AAAAAAAa/Container-vs-Wasm-Service-Migration/WASM-migration/scripts/orchestrators/wasm_benchmark.py --source edge-node-1 --dest edge-node-2 --transfer-mode host --run-id 28-04-2026-host-cold-0014 --module /home/ivo/Documents/University/4to/Thesis-AAAAAAAa/Container-vs-Wasm-Service-Migration/WASM-migration/wasm-migrate-commands/wasm_test_computation/3mm_with_cr.wasm --commands-dir /home/ivo/Documents/University/4to/Thesis-AAAAAAAa/Container-vs-Wasm-Service-Migration/WASM-migration/wasm-migrate-commands/build --csv /home/ivo/Documents/University/4to/Thesis-AAAAAAAa/Container-vs-Wasm-Service-Migration/WASM-migration/metrics/migration_metrics.csv --profile-name  --warmup-seconds 0.01 --timeout-seconds 20.0 --relay-node edge-host-1
  Transferring /home/ubuntu/wasm-migration/runs/28-04-2026-host-cold-0014/wasm-state.tar.gz via relay node edge-host-1...
Setting up SSH trust: edge-node-1 → ubuntu@10.22.132.248
  Adding public key to destination's authorized_keys...
  Testing SSH connectivity...
  ✓ SSH trust ready
Setting up SSH trust: edge-host-1 → ubuntu@10.22.132.197
  Adding public key to destination's authorized_keys...
  Testing SSH connectivity...
  ✓ SSH trust ready
run_id=28-04-2026-host-cold-0014
source=edge-node-1 dest=edge-node-2 transfer_mode=host
success=True
checkpoint_ms=1 transfer_ms=5660 restore_ms=2040 downtime_ms=7701
archive_bytes=2019
artifacts=/home/ivo/Documents/University/4to/Thesis-AAAAAAAa/Container-vs-Wasm-Service-Migration/WASM-migration/metrics/run_artifacts/28-04-2026-host-cold-0014
csv=/home/ivo/Documents/University/4to/Thesis-AAAAAAAa/Container-vs-Wasm-Service-Migration/WASM-migration/metrics/migration_metrics.csv
[exit=0]

$ python3 /home/ivo/Documents/University/4to/Thesis-AAAAAAAa/Container-vs-Wasm-Service-Migration/WASM-migration/scripts/orchestrators/wasm_benchmark.py --source edge-node-1 --dest edge-node-2 --transfer-mode host --run-id 28-04-2026-host-cold-0015 --module /home/ivo/Documents/University/4to/Thesis-AAAAAAAa/Container-vs-Wasm-Service-Migration/WASM-migration/wasm-migrate-commands/wasm_test_computation/3mm_with_cr.wasm --commands-dir /home/ivo/Documents/University/4to/Thesis-AAAAAAAa/Container-vs-Wasm-Service-Migration/WASM-migration/wasm-migrate-commands/build --csv /home/ivo/Documents/University/4to/Thesis-AAAAAAAa/Container-vs-Wasm-Service-Migration/WASM-migration/metrics/migration_metrics.csv --profile-name  --warmup-seconds 0.01 --timeout-seconds 20.0 --relay-node edge-host-1
  Transferring /home/ubuntu/wasm-migration/runs/28-04-2026-host-cold-0015/wasm-state.tar.gz via relay node edge-host-1...
Setting up SSH trust: edge-node-1 → ubuntu@10.22.132.248
  Adding public key to destination's authorized_keys...
  Testing SSH connectivity...
  ✓ SSH trust ready
Setting up SSH trust: edge-host-1 → ubuntu@10.22.132.197
  Adding public key to destination's authorized_keys...
  Testing SSH connectivity...
  ✓ SSH trust ready
run_id=28-04-2026-host-cold-0015
source=edge-node-1 dest=edge-node-2 transfer_mode=host
success=True
checkpoint_ms=1 transfer_ms=5914 restore_ms=2060 downtime_ms=7975
archive_bytes=2016
artifacts=/home/ivo/Documents/University/4to/Thesis-AAAAAAAa/Container-vs-Wasm-Service-Migration/WASM-migration/metrics/run_artifacts/28-04-2026-host-cold-0015
csv=/home/ivo/Documents/University/4to/Thesis-AAAAAAAa/Container-vs-Wasm-Service-Migration/WASM-migration/metrics/migration_metrics.csv
[exit=0]

$ python3 /home/ivo/Documents/University/4to/Thesis-AAAAAAAa/Container-vs-Wasm-Service-Migration/WASM-migration/scripts/orchestrators/wasm_benchmark.py --source edge-node-1 --dest edge-node-2 --transfer-mode host --run-id 28-04-2026-host-cold-0016 --module /home/ivo/Documents/University/4to/Thesis-AAAAAAAa/Container-vs-Wasm-Service-Migration/WASM-migration/wasm-migrate-commands/wasm_test_computation/3mm_with_cr.wasm --commands-dir /home/ivo/Documents/University/4to/Thesis-AAAAAAAa/Container-vs-Wasm-Service-Migration/WASM-migration/wasm-migrate-commands/build --csv /home/ivo/Documents/University/4to/Thesis-AAAAAAAa/Container-vs-Wasm-Service-Migration/WASM-migration/metrics/migration_metrics.csv --profile-name  --warmup-seconds 0.01 --timeout-seconds 20.0 --relay-node edge-host-1
  Transferring /home/ubuntu/wasm-migration/runs/28-04-2026-host-cold-0016/wasm-state.tar.gz via relay node edge-host-1...
Setting up SSH trust: edge-node-1 → ubuntu@10.22.132.248
  Adding public key to destination's authorized_keys...
  Testing SSH connectivity...
  ✓ SSH trust ready
Setting up SSH trust: edge-host-1 → ubuntu@10.22.132.197
  Adding public key to destination's authorized_keys...
  Testing SSH connectivity...
  ✓ SSH trust ready
run_id=28-04-2026-host-cold-0016
source=edge-node-1 dest=edge-node-2 transfer_mode=host
success=True
checkpoint_ms=1 transfer_ms=6173 restore_ms=1986 downtime_ms=8160
archive_bytes=2017
artifacts=/home/ivo/Documents/University/4to/Thesis-AAAAAAAa/Container-vs-Wasm-Service-Migration/WASM-migration/metrics/run_artifacts/28-04-2026-host-cold-0016
csv=/home/ivo/Documents/University/4to/Thesis-AAAAAAAa/Container-vs-Wasm-Service-Migration/WASM-migration/metrics/migration_metrics.csv
[exit=0]

$ python3 /home/ivo/Documents/University/4to/Thesis-AAAAAAAa/Container-vs-Wasm-Service-Migration/WASM-migration/scripts/orchestrators/wasm_benchmark.py --source edge-node-1 --dest edge-node-2 --transfer-mode host --run-id 28-04-2026-host-cold-0017 --module /home/ivo/Documents/University/4to/Thesis-AAAAAAAa/Container-vs-Wasm-Service-Migration/WASM-migration/wasm-migrate-commands/wasm_test_computation/3mm_with_cr.wasm --commands-dir /home/ivo/Documents/University/4to/Thesis-AAAAAAAa/Container-vs-Wasm-Service-Migration/WASM-migration/wasm-migrate-commands/build --csv /home/ivo/Documents/University/4to/Thesis-AAAAAAAa/Container-vs-Wasm-Service-Migration/WASM-migration/metrics/migration_metrics.csv --profile-name  --warmup-seconds 0.01 --timeout-seconds 20.0 --relay-node edge-host-1
  Transferring /home/ubuntu/wasm-migration/runs/28-04-2026-host-cold-0017/wasm-state.tar.gz via relay node edge-host-1...
Setting up SSH trust: edge-node-1 → ubuntu@10.22.132.248
  Adding public key to destination's authorized_keys...
  Testing SSH connectivity...
  ✓ SSH trust ready
Setting up SSH trust: edge-host-1 → ubuntu@10.22.132.197
  Adding public key to destination's authorized_keys...
  Testing SSH connectivity...
  ✓ SSH trust ready
run_id=28-04-2026-host-cold-0017
source=edge-node-1 dest=edge-node-2 transfer_mode=host
success=True
checkpoint_ms=1 transfer_ms=5730 restore_ms=2061 downtime_ms=7792
archive_bytes=2019
artifacts=/home/ivo/Documents/University/4to/Thesis-AAAAAAAa/Container-vs-Wasm-Service-Migration/WASM-migration/metrics/run_artifacts/28-04-2026-host-cold-0017
csv=/home/ivo/Documents/University/4to/Thesis-AAAAAAAa/Container-vs-Wasm-Service-Migration/WASM-migration/metrics/migration_metrics.csv
[exit=0]

$ python3 /home/ivo/Documents/University/4to/Thesis-AAAAAAAa/Container-vs-Wasm-Service-Migration/WASM-migration/scripts/orchestrators/wasm_benchmark.py --source edge-node-1 --dest edge-node-2 --transfer-mode host --run-id 28-04-2026-host-cold-0018 --module /home/ivo/Documents/University/4to/Thesis-AAAAAAAa/Container-vs-Wasm-Service-Migration/WASM-migration/wasm-migrate-commands/wasm_test_computation/3mm_with_cr.wasm --commands-dir /home/ivo/Documents/University/4to/Thesis-AAAAAAAa/Container-vs-Wasm-Service-Migration/WASM-migration/wasm-migrate-commands/build --csv /home/ivo/Documents/University/4to/Thesis-AAAAAAAa/Container-vs-Wasm-Service-Migration/WASM-migration/metrics/migration_metrics.csv --profile-name  --warmup-seconds 0.01 --timeout-seconds 20.0 --relay-node edge-host-1
  Transferring /home/ubuntu/wasm-migration/runs/28-04-2026-host-cold-0018/wasm-state.tar.gz via relay node edge-host-1...
Setting up SSH trust: edge-node-1 → ubuntu@10.22.132.248
  Adding public key to destination's authorized_keys...
  Testing SSH connectivity...
  ✓ SSH trust ready
Setting up SSH trust: edge-host-1 → ubuntu@10.22.132.197
  Adding public key to destination's authorized_keys...
  Testing SSH connectivity...
  ✓ SSH trust ready
run_id=28-04-2026-host-cold-0018
source=edge-node-1 dest=edge-node-2 transfer_mode=host
success=True
checkpoint_ms=1 transfer_ms=6200 restore_ms=2038 downtime_ms=8239
archive_bytes=2019
artifacts=/home/ivo/Documents/University/4to/Thesis-AAAAAAAa/Container-vs-Wasm-Service-Migration/WASM-migration/metrics/run_artifacts/28-04-2026-host-cold-0018
csv=/home/ivo/Documents/University/4to/Thesis-AAAAAAAa/Container-vs-Wasm-Service-Migration/WASM-migration/metrics/migration_metrics.csv
[exit=0]

$ python3 /home/ivo/Documents/University/4to/Thesis-AAAAAAAa/Container-vs-Wasm-Service-Migration/WASM-migration/scripts/orchestrators/wasm_benchmark.py --source edge-node-1 --dest edge-node-2 --transfer-mode host --run-id 28-04-2026-host-cold-0019 --module /home/ivo/Documents/University/4to/Thesis-AAAAAAAa/Container-vs-Wasm-Service-Migration/WASM-migration/wasm-migrate-commands/wasm_test_computation/3mm_with_cr.wasm --commands-dir /home/ivo/Documents/University/4to/Thesis-AAAAAAAa/Container-vs-Wasm-Service-Migration/WASM-migration/wasm-migrate-commands/build --csv /home/ivo/Documents/University/4to/Thesis-AAAAAAAa/Container-vs-Wasm-Service-Migration/WASM-migration/metrics/migration_metrics.csv --profile-name  --warmup-seconds 0.01 --timeout-seconds 20.0 --relay-node edge-host-1
  Transferring /home/ubuntu/wasm-migration/runs/28-04-2026-host-cold-0019/wasm-state.tar.gz via relay node edge-host-1...
Setting up SSH trust: edge-node-1 → ubuntu@10.22.132.248
  Adding public key to destination's authorized_keys...
  Testing SSH connectivity...
  ✓ SSH trust ready
Setting up SSH trust: edge-host-1 → ubuntu@10.22.132.197
  Adding public key to destination's authorized_keys...
  Testing SSH connectivity...
  ✓ SSH trust ready
run_id=28-04-2026-host-cold-0019
source=edge-node-1 dest=edge-node-2 transfer_mode=host
success=True
checkpoint_ms=1 transfer_ms=5564 restore_ms=1954 downtime_ms=7519
archive_bytes=2017
artifacts=/home/ivo/Documents/University/4to/Thesis-AAAAAAAa/Container-vs-Wasm-Service-Migration/WASM-migration/metrics/run_artifacts/28-04-2026-host-cold-0019
csv=/home/ivo/Documents/University/4to/Thesis-AAAAAAAa/Container-vs-Wasm-Service-Migration/WASM-migration/metrics/migration_metrics.csv
[exit=0]

$ python3 /home/ivo/Documents/University/4to/Thesis-AAAAAAAa/Container-vs-Wasm-Service-Migration/WASM-migration/scripts/orchestrators/wasm_benchmark.py --source edge-node-1 --dest edge-node-2 --transfer-mode direct --run-id 28-04-2026-direct-cold-0000 --module /home/ivo/Documents/University/4to/Thesis-AAAAAAAa/Container-vs-Wasm-Service-Migration/WASM-migration/wasm-migrate-commands/wasm_test_computation/3mm_with_cr.wasm --commands-dir /home/ivo/Documents/University/4to/Thesis-AAAAAAAa/Container-vs-Wasm-Service-Migration/WASM-migration/wasm-migrate-commands/build --csv /home/ivo/Documents/University/4to/Thesis-AAAAAAAa/Container-vs-Wasm-Service-Migration/WASM-migration/metrics/migration_metrics.csv --profile-name  --warmup-seconds 0.01 --timeout-seconds 20.0
Setting up SSH trust: edge-node-1 → ubuntu@10.22.132.197
  Adding public key to destination's authorized_keys...
  Testing SSH connectivity...
  ✓ SSH trust ready
  Transferring /home/ubuntu/wasm-migration/runs/28-04-2026-direct-cold-0000/wasm-state.tar.gz via SCP...
run_id=28-04-2026-direct-cold-0000
source=edge-node-1 dest=edge-node-2 transfer_mode=direct
success=True
checkpoint_ms=1 transfer_ms=2825 restore_ms=2416 downtime_ms=5242
archive_bytes=2018
artifacts=/home/ivo/Documents/University/4to/Thesis-AAAAAAAa/Container-vs-Wasm-Service-Migration/WASM-migration/metrics/run_artifacts/28-04-2026-direct-cold-0000
csv=/home/ivo/Documents/University/4to/Thesis-AAAAAAAa/Container-vs-Wasm-Service-Migration/WASM-migration/metrics/migration_metrics.csv
[exit=0]

$ python3 /home/ivo/Documents/University/4to/Thesis-AAAAAAAa/Container-vs-Wasm-Service-Migration/WASM-migration/scripts/orchestrators/wasm_benchmark.py --source edge-node-1 --dest edge-node-2 --transfer-mode direct --run-id 28-04-2026-direct-cold-0001 --module /home/ivo/Documents/University/4to/Thesis-AAAAAAAa/Container-vs-Wasm-Service-Migration/WASM-migration/wasm-migrate-commands/wasm_test_computation/3mm_with_cr.wasm --commands-dir /home/ivo/Documents/University/4to/Thesis-AAAAAAAa/Container-vs-Wasm-Service-Migration/WASM-migration/wasm-migrate-commands/build --csv /home/ivo/Documents/University/4to/Thesis-AAAAAAAa/Container-vs-Wasm-Service-Migration/WASM-migration/metrics/migration_metrics.csv --profile-name  --warmup-seconds 0.01 --timeout-seconds 20.0
Setting up SSH trust: edge-node-1 → ubuntu@10.22.132.197
  Adding public key to destination's authorized_keys...
  Testing SSH connectivity...
  ✓ SSH trust ready
  Transferring /home/ubuntu/wasm-migration/runs/28-04-2026-direct-cold-0001/wasm-state.tar.gz via SCP...
run_id=28-04-2026-direct-cold-0001
source=edge-node-1 dest=edge-node-2 transfer_mode=direct
success=True
checkpoint_ms=1 transfer_ms=2637 restore_ms=2264 downtime_ms=4902
archive_bytes=2018
artifacts=/home/ivo/Documents/University/4to/Thesis-AAAAAAAa/Container-vs-Wasm-Service-Migration/WASM-migration/metrics/run_artifacts/28-04-2026-direct-cold-0001
csv=/home/ivo/Documents/University/4to/Thesis-AAAAAAAa/Container-vs-Wasm-Service-Migration/WASM-migration/metrics/migration_metrics.csv
[exit=0]

$ python3 /home/ivo/Documents/University/4to/Thesis-AAAAAAAa/Container-vs-Wasm-Service-Migration/WASM-migration/scripts/orchestrators/wasm_benchmark.py --source edge-node-1 --dest edge-node-2 --transfer-mode direct --run-id 28-04-2026-direct-cold-0002 --module /home/ivo/Documents/University/4to/Thesis-AAAAAAAa/Container-vs-Wasm-Service-Migration/WASM-migration/wasm-migrate-commands/wasm_test_computation/3mm_with_cr.wasm --commands-dir /home/ivo/Documents/University/4to/Thesis-AAAAAAAa/Container-vs-Wasm-Service-Migration/WASM-migration/wasm-migrate-commands/build --csv /home/ivo/Documents/University/4to/Thesis-AAAAAAAa/Container-vs-Wasm-Service-Migration/WASM-migration/metrics/migration_metrics.csv --profile-name  --warmup-seconds 0.01 --timeout-seconds 20.0
Setting up SSH trust: edge-node-1 → ubuntu@10.22.132.197
  Adding public key to destination's authorized_keys...
  Testing SSH connectivity...
  ✓ SSH trust ready
  Transferring /home/ubuntu/wasm-migration/runs/28-04-2026-direct-cold-0002/wasm-state.tar.gz via SCP...
run_id=28-04-2026-direct-cold-0002
source=edge-node-1 dest=edge-node-2 transfer_mode=direct
success=True
checkpoint_ms=1 transfer_ms=2499 restore_ms=1998 downtime_ms=4498
archive_bytes=2018
artifacts=/home/ivo/Documents/University/4to/Thesis-AAAAAAAa/Container-vs-Wasm-Service-Migration/WASM-migration/metrics/run_artifacts/28-04-2026-direct-cold-0002
csv=/home/ivo/Documents/University/4to/Thesis-AAAAAAAa/Container-vs-Wasm-Service-Migration/WASM-migration/metrics/migration_metrics.csv
[exit=0]

$ python3 /home/ivo/Documents/University/4to/Thesis-AAAAAAAa/Container-vs-Wasm-Service-Migration/WASM-migration/scripts/orchestrators/wasm_benchmark.py --source edge-node-1 --dest edge-node-2 --transfer-mode direct --run-id 28-04-2026-direct-cold-0003 --module /home/ivo/Documents/University/4to/Thesis-AAAAAAAa/Container-vs-Wasm-Service-Migration/WASM-migration/wasm-migrate-commands/wasm_test_computation/3mm_with_cr.wasm --commands-dir /home/ivo/Documents/University/4to/Thesis-AAAAAAAa/Container-vs-Wasm-Service-Migration/WASM-migration/wasm-migrate-commands/build --csv /home/ivo/Documents/University/4to/Thesis-AAAAAAAa/Container-vs-Wasm-Service-Migration/WASM-migration/metrics/migration_metrics.csv --profile-name  --warmup-seconds 0.01 --timeout-seconds 20.0
Setting up SSH trust: edge-node-1 → ubuntu@10.22.132.197
  Adding public key to destination's authorized_keys...
  Testing SSH connectivity...
  ✓ SSH trust ready
  Transferring /home/ubuntu/wasm-migration/runs/28-04-2026-direct-cold-0003/wasm-state.tar.gz via SCP...
run_id=28-04-2026-direct-cold-0003
source=edge-node-1 dest=edge-node-2 transfer_mode=direct
success=True
checkpoint_ms=1 transfer_ms=2655 restore_ms=2366 downtime_ms=5022
archive_bytes=2019
artifacts=/home/ivo/Documents/University/4to/Thesis-AAAAAAAa/Container-vs-Wasm-Service-Migration/WASM-migration/metrics/run_artifacts/28-04-2026-direct-cold-0003
csv=/home/ivo/Documents/University/4to/Thesis-AAAAAAAa/Container-vs-Wasm-Service-Migration/WASM-migration/metrics/migration_metrics.csv
[exit=0]

$ python3 /home/ivo/Documents/University/4to/Thesis-AAAAAAAa/Container-vs-Wasm-Service-Migration/WASM-migration/scripts/orchestrators/wasm_benchmark.py --source edge-node-1 --dest edge-node-2 --transfer-mode direct --run-id 28-04-2026-direct-cold-0004 --module /home/ivo/Documents/University/4to/Thesis-AAAAAAAa/Container-vs-Wasm-Service-Migration/WASM-migration/wasm-migrate-commands/wasm_test_computation/3mm_with_cr.wasm --commands-dir /home/ivo/Documents/University/4to/Thesis-AAAAAAAa/Container-vs-Wasm-Service-Migration/WASM-migration/wasm-migrate-commands/build --csv /home/ivo/Documents/University/4to/Thesis-AAAAAAAa/Container-vs-Wasm-Service-Migration/WASM-migration/metrics/migration_metrics.csv --profile-name  --warmup-seconds 0.01 --timeout-seconds 20.0
Setting up SSH trust: edge-node-1 → ubuntu@10.22.132.197
  Adding public key to destination's authorized_keys...
  Testing SSH connectivity...
  ✓ SSH trust ready
  Transferring /home/ubuntu/wasm-migration/runs/28-04-2026-direct-cold-0004/wasm-state.tar.gz via SCP...
run_id=28-04-2026-direct-cold-0004
source=edge-node-1 dest=edge-node-2 transfer_mode=direct
success=True
checkpoint_ms=1 transfer_ms=2729 restore_ms=1960 downtime_ms=4690
archive_bytes=2020
artifacts=/home/ivo/Documents/University/4to/Thesis-AAAAAAAa/Container-vs-Wasm-Service-Migration/WASM-migration/metrics/run_artifacts/28-04-2026-direct-cold-0004
csv=/home/ivo/Documents/University/4to/Thesis-AAAAAAAa/Container-vs-Wasm-Service-Migration/WASM-migration/metrics/migration_metrics.csv
[exit=0]

$ python3 /home/ivo/Documents/University/4to/Thesis-AAAAAAAa/Container-vs-Wasm-Service-Migration/WASM-migration/scripts/orchestrators/wasm_benchmark.py --source edge-node-1 --dest edge-node-2 --transfer-mode direct --run-id 28-04-2026-direct-cold-0005 --module /home/ivo/Documents/University/4to/Thesis-AAAAAAAa/Container-vs-Wasm-Service-Migration/WASM-migration/wasm-migrate-commands/wasm_test_computation/3mm_with_cr.wasm --commands-dir /home/ivo/Documents/University/4to/Thesis-AAAAAAAa/Container-vs-Wasm-Service-Migration/WASM-migration/wasm-migrate-commands/build --csv /home/ivo/Documents/University/4to/Thesis-AAAAAAAa/Container-vs-Wasm-Service-Migration/WASM-migration/metrics/migration_metrics.csv --profile-name  --warmup-seconds 0.01 --timeout-seconds 20.0
Setting up SSH trust: edge-node-1 → ubuntu@10.22.132.197
  Adding public key to destination's authorized_keys...
  Testing SSH connectivity...
  ✓ SSH trust ready
  Transferring /home/ubuntu/wasm-migration/runs/28-04-2026-direct-cold-0005/wasm-state.tar.gz via SCP...
run_id=28-04-2026-direct-cold-0005
source=edge-node-1 dest=edge-node-2 transfer_mode=direct
success=True
checkpoint_ms=1 transfer_ms=2502 restore_ms=1986 downtime_ms=4489
archive_bytes=2019
artifacts=/home/ivo/Documents/University/4to/Thesis-AAAAAAAa/Container-vs-Wasm-Service-Migration/WASM-migration/metrics/run_artifacts/28-04-2026-direct-cold-0005
csv=/home/ivo/Documents/University/4to/Thesis-AAAAAAAa/Container-vs-Wasm-Service-Migration/WASM-migration/metrics/migration_metrics.csv
[exit=0]

$ python3 /home/ivo/Documents/University/4to/Thesis-AAAAAAAa/Container-vs-Wasm-Service-Migration/WASM-migration/scripts/orchestrators/wasm_benchmark.py --source edge-node-1 --dest edge-node-2 --transfer-mode direct --run-id 28-04-2026-direct-cold-0006 --module /home/ivo/Documents/University/4to/Thesis-AAAAAAAa/Container-vs-Wasm-Service-Migration/WASM-migration/wasm-migrate-commands/wasm_test_computation/3mm_with_cr.wasm --commands-dir /home/ivo/Documents/University/4to/Thesis-AAAAAAAa/Container-vs-Wasm-Service-Migration/WASM-migration/wasm-migrate-commands/build --csv /home/ivo/Documents/University/4to/Thesis-AAAAAAAa/Container-vs-Wasm-Service-Migration/WASM-migration/metrics/migration_metrics.csv --profile-name  --warmup-seconds 0.01 --timeout-seconds 20.0
Setting up SSH trust: edge-node-1 → ubuntu@10.22.132.197
  Adding public key to destination's authorized_keys...
  Testing SSH connectivity...
  ✓ SSH trust ready
  Transferring /home/ubuntu/wasm-migration/runs/28-04-2026-direct-cold-0006/wasm-state.tar.gz via SCP...
run_id=28-04-2026-direct-cold-0006
source=edge-node-1 dest=edge-node-2 transfer_mode=direct
success=True
checkpoint_ms=1 transfer_ms=2523 restore_ms=1968 downtime_ms=4492
archive_bytes=2018
artifacts=/home/ivo/Documents/University/4to/Thesis-AAAAAAAa/Container-vs-Wasm-Service-Migration/WASM-migration/metrics/run_artifacts/28-04-2026-direct-cold-0006
csv=/home/ivo/Documents/University/4to/Thesis-AAAAAAAa/Container-vs-Wasm-Service-Migration/WASM-migration/metrics/migration_metrics.csv
[exit=0]

$ python3 /home/ivo/Documents/University/4to/Thesis-AAAAAAAa/Container-vs-Wasm-Service-Migration/WASM-migration/scripts/orchestrators/wasm_benchmark.py --source edge-node-1 --dest edge-node-2 --transfer-mode direct --run-id 28-04-2026-direct-cold-0007 --module /home/ivo/Documents/University/4to/Thesis-AAAAAAAa/Container-vs-Wasm-Service-Migration/WASM-migration/wasm-migrate-commands/wasm_test_computation/3mm_with_cr.wasm --commands-dir /home/ivo/Documents/University/4to/Thesis-AAAAAAAa/Container-vs-Wasm-Service-Migration/WASM-migration/wasm-migrate-commands/build --csv /home/ivo/Documents/University/4to/Thesis-AAAAAAAa/Container-vs-Wasm-Service-Migration/WASM-migration/metrics/migration_metrics.csv --profile-name  --warmup-seconds 0.01 --timeout-seconds 20.0
Setting up SSH trust: edge-node-1 → ubuntu@10.22.132.197
  Adding public key to destination's authorized_keys...
  Testing SSH connectivity...
  ✓ SSH trust ready
  Transferring /home/ubuntu/wasm-migration/runs/28-04-2026-direct-cold-0007/wasm-state.tar.gz via SCP...
run_id=28-04-2026-direct-cold-0007
source=edge-node-1 dest=edge-node-2 transfer_mode=direct
success=True
checkpoint_ms=1 transfer_ms=2474 restore_ms=1976 downtime_ms=4451
archive_bytes=2019
artifacts=/home/ivo/Documents/University/4to/Thesis-AAAAAAAa/Container-vs-Wasm-Service-Migration/WASM-migration/metrics/run_artifacts/28-04-2026-direct-cold-0007
csv=/home/ivo/Documents/University/4to/Thesis-AAAAAAAa/Container-vs-Wasm-Service-Migration/WASM-migration/metrics/migration_metrics.csv
[exit=0]

$ python3 /home/ivo/Documents/University/4to/Thesis-AAAAAAAa/Container-vs-Wasm-Service-Migration/WASM-migration/scripts/orchestrators/wasm_benchmark.py --source edge-node-1 --dest edge-node-2 --transfer-mode direct --run-id 28-04-2026-direct-cold-0008 --module /home/ivo/Documents/University/4to/Thesis-AAAAAAAa/Container-vs-Wasm-Service-Migration/WASM-migration/wasm-migrate-commands/wasm_test_computation/3mm_with_cr.wasm --commands-dir /home/ivo/Documents/University/4to/Thesis-AAAAAAAa/Container-vs-Wasm-Service-Migration/WASM-migration/wasm-migrate-commands/build --csv /home/ivo/Documents/University/4to/Thesis-AAAAAAAa/Container-vs-Wasm-Service-Migration/WASM-migration/metrics/migration_metrics.csv --profile-name  --warmup-seconds 0.01 --timeout-seconds 20.0
Setting up SSH trust: edge-node-1 → ubuntu@10.22.132.197
  Adding public key to destination's authorized_keys...
  Testing SSH connectivity...
  ✓ SSH trust ready
  Transferring /home/ubuntu/wasm-migration/runs/28-04-2026-direct-cold-0008/wasm-state.tar.gz via SCP...
run_id=28-04-2026-direct-cold-0008
source=edge-node-1 dest=edge-node-2 transfer_mode=direct
success=True
checkpoint_ms=1 transfer_ms=2494 restore_ms=1973 downtime_ms=4468
archive_bytes=2018
artifacts=/home/ivo/Documents/University/4to/Thesis-AAAAAAAa/Container-vs-Wasm-Service-Migration/WASM-migration/metrics/run_artifacts/28-04-2026-direct-cold-0008
csv=/home/ivo/Documents/University/4to/Thesis-AAAAAAAa/Container-vs-Wasm-Service-Migration/WASM-migration/metrics/migration_metrics.csv
[exit=0]

$ python3 /home/ivo/Documents/University/4to/Thesis-AAAAAAAa/Container-vs-Wasm-Service-Migration/WASM-migration/scripts/orchestrators/wasm_benchmark.py --source edge-node-1 --dest edge-node-2 --transfer-mode direct --run-id 28-04-2026-direct-cold-0009 --module /home/ivo/Documents/University/4to/Thesis-AAAAAAAa/Container-vs-Wasm-Service-Migration/WASM-migration/wasm-migrate-commands/wasm_test_computation/3mm_with_cr.wasm --commands-dir /home/ivo/Documents/University/4to/Thesis-AAAAAAAa/Container-vs-Wasm-Service-Migration/WASM-migration/wasm-migrate-commands/build --csv /home/ivo/Documents/University/4to/Thesis-AAAAAAAa/Container-vs-Wasm-Service-Migration/WASM-migration/metrics/migration_metrics.csv --profile-name  --warmup-seconds 0.01 --timeout-seconds 20.0
Setting up SSH trust: edge-node-1 → ubuntu@10.22.132.197
  Adding public key to destination's authorized_keys...
  Testing SSH connectivity...
  ✓ SSH trust ready
  Transferring /home/ubuntu/wasm-migration/runs/28-04-2026-direct-cold-0009/wasm-state.tar.gz via SCP...
run_id=28-04-2026-direct-cold-0009
source=edge-node-1 dest=edge-node-2 transfer_mode=direct
success=True
checkpoint_ms=1 transfer_ms=2452 restore_ms=2002 downtime_ms=4455
archive_bytes=2014
artifacts=/home/ivo/Documents/University/4to/Thesis-AAAAAAAa/Container-vs-Wasm-Service-Migration/WASM-migration/metrics/run_artifacts/28-04-2026-direct-cold-0009
csv=/home/ivo/Documents/University/4to/Thesis-AAAAAAAa/Container-vs-Wasm-Service-Migration/WASM-migration/metrics/migration_metrics.csv
[exit=0]

$ python3 /home/ivo/Documents/University/4to/Thesis-AAAAAAAa/Container-vs-Wasm-Service-Migration/WASM-migration/scripts/orchestrators/wasm_benchmark.py --source edge-node-1 --dest edge-node-2 --transfer-mode direct --run-id 28-04-2026-direct-cold-0010 --module /home/ivo/Documents/University/4to/Thesis-AAAAAAAa/Container-vs-Wasm-Service-Migration/WASM-migration/wasm-migrate-commands/wasm_test_computation/3mm_with_cr.wasm --commands-dir /home/ivo/Documents/University/4to/Thesis-AAAAAAAa/Container-vs-Wasm-Service-Migration/WASM-migration/wasm-migrate-commands/build --csv /home/ivo/Documents/University/4to/Thesis-AAAAAAAa/Container-vs-Wasm-Service-Migration/WASM-migration/metrics/migration_metrics.csv --profile-name  --warmup-seconds 0.01 --timeout-seconds 20.0
Setting up SSH trust: edge-node-1 → ubuntu@10.22.132.197
  Adding public key to destination's authorized_keys...
  Testing SSH connectivity...
  ✓ SSH trust ready
  Transferring /home/ubuntu/wasm-migration/runs/28-04-2026-direct-cold-0010/wasm-state.tar.gz via SCP...
run_id=28-04-2026-direct-cold-0010
source=edge-node-1 dest=edge-node-2 transfer_mode=direct
success=True
checkpoint_ms=1 transfer_ms=2482 restore_ms=1983 downtime_ms=4466
archive_bytes=2015
artifacts=/home/ivo/Documents/University/4to/Thesis-AAAAAAAa/Container-vs-Wasm-Service-Migration/WASM-migration/metrics/run_artifacts/28-04-2026-direct-cold-0010
csv=/home/ivo/Documents/University/4to/Thesis-AAAAAAAa/Container-vs-Wasm-Service-Migration/WASM-migration/metrics/migration_metrics.csv
[exit=0]

$ python3 /home/ivo/Documents/University/4to/Thesis-AAAAAAAa/Container-vs-Wasm-Service-Migration/WASM-migration/scripts/orchestrators/wasm_benchmark.py --source edge-node-1 --dest edge-node-2 --transfer-mode direct --run-id 28-04-2026-direct-cold-0011 --module /home/ivo/Documents/University/4to/Thesis-AAAAAAAa/Container-vs-Wasm-Service-Migration/WASM-migration/wasm-migrate-commands/wasm_test_computation/3mm_with_cr.wasm --commands-dir /home/ivo/Documents/University/4to/Thesis-AAAAAAAa/Container-vs-Wasm-Service-Migration/WASM-migration/wasm-migrate-commands/build --csv /home/ivo/Documents/University/4to/Thesis-AAAAAAAa/Container-vs-Wasm-Service-Migration/WASM-migration/metrics/migration_metrics.csv --profile-name  --warmup-seconds 0.01 --timeout-seconds 20.0
Setting up SSH trust: edge-node-1 → ubuntu@10.22.132.197
  Adding public key to destination's authorized_keys...
  Testing SSH connectivity...
  ✓ SSH trust ready
  Transferring /home/ubuntu/wasm-migration/runs/28-04-2026-direct-cold-0011/wasm-state.tar.gz via SCP...
run_id=28-04-2026-direct-cold-0011
source=edge-node-1 dest=edge-node-2 transfer_mode=direct
success=True
checkpoint_ms=1 transfer_ms=2742 restore_ms=2250 downtime_ms=4993
archive_bytes=2017
artifacts=/home/ivo/Documents/University/4to/Thesis-AAAAAAAa/Container-vs-Wasm-Service-Migration/WASM-migration/metrics/run_artifacts/28-04-2026-direct-cold-0011
csv=/home/ivo/Documents/University/4to/Thesis-AAAAAAAa/Container-vs-Wasm-Service-Migration/WASM-migration/metrics/migration_metrics.csv
[exit=0]

$ python3 /home/ivo/Documents/University/4to/Thesis-AAAAAAAa/Container-vs-Wasm-Service-Migration/WASM-migration/scripts/orchestrators/wasm_benchmark.py --source edge-node-1 --dest edge-node-2 --transfer-mode direct --run-id 28-04-2026-direct-cold-0012 --module /home/ivo/Documents/University/4to/Thesis-AAAAAAAa/Container-vs-Wasm-Service-Migration/WASM-migration/wasm-migrate-commands/wasm_test_computation/3mm_with_cr.wasm --commands-dir /home/ivo/Documents/University/4to/Thesis-AAAAAAAa/Container-vs-Wasm-Service-Migration/WASM-migration/wasm-migrate-commands/build --csv /home/ivo/Documents/University/4to/Thesis-AAAAAAAa/Container-vs-Wasm-Service-Migration/WASM-migration/metrics/migration_metrics.csv --profile-name  --warmup-seconds 0.01 --timeout-seconds 20.0
Setting up SSH trust: edge-node-1 → ubuntu@10.22.132.197
  Adding public key to destination's authorized_keys...
  Testing SSH connectivity...
  ✓ SSH trust ready
  Transferring /home/ubuntu/wasm-migration/runs/28-04-2026-direct-cold-0012/wasm-state.tar.gz via SCP...
run_id=28-04-2026-direct-cold-0012
source=edge-node-1 dest=edge-node-2 transfer_mode=direct
success=True
checkpoint_ms=1 transfer_ms=2529 restore_ms=1958 downtime_ms=4488
archive_bytes=2017
artifacts=/home/ivo/Documents/University/4to/Thesis-AAAAAAAa/Container-vs-Wasm-Service-Migration/WASM-migration/metrics/run_artifacts/28-04-2026-direct-cold-0012
csv=/home/ivo/Documents/University/4to/Thesis-AAAAAAAa/Container-vs-Wasm-Service-Migration/WASM-migration/metrics/migration_metrics.csv
[exit=0]

$ python3 /home/ivo/Documents/University/4to/Thesis-AAAAAAAa/Container-vs-Wasm-Service-Migration/WASM-migration/scripts/orchestrators/wasm_benchmark.py --source edge-node-1 --dest edge-node-2 --transfer-mode direct --run-id 28-04-2026-direct-cold-0013 --module /home/ivo/Documents/University/4to/Thesis-AAAAAAAa/Container-vs-Wasm-Service-Migration/WASM-migration/wasm-migrate-commands/wasm_test_computation/3mm_with_cr.wasm --commands-dir /home/ivo/Documents/University/4to/Thesis-AAAAAAAa/Container-vs-Wasm-Service-Migration/WASM-migration/wasm-migrate-commands/build --csv /home/ivo/Documents/University/4to/Thesis-AAAAAAAa/Container-vs-Wasm-Service-Migration/WASM-migration/metrics/migration_metrics.csv --profile-name  --warmup-seconds 0.01 --timeout-seconds 20.0
Setting up SSH trust: edge-node-1 → ubuntu@10.22.132.197
  Adding public key to destination's authorized_keys...
  Testing SSH connectivity...
  ✓ SSH trust ready
  Transferring /home/ubuntu/wasm-migration/runs/28-04-2026-direct-cold-0013/wasm-state.tar.gz via SCP...
run_id=28-04-2026-direct-cold-0013
source=edge-node-1 dest=edge-node-2 transfer_mode=direct
success=True
checkpoint_ms=1 transfer_ms=2481 restore_ms=1989 downtime_ms=4471
archive_bytes=2016
artifacts=/home/ivo/Documents/University/4to/Thesis-AAAAAAAa/Container-vs-Wasm-Service-Migration/WASM-migration/metrics/run_artifacts/28-04-2026-direct-cold-0013
csv=/home/ivo/Documents/University/4to/Thesis-AAAAAAAa/Container-vs-Wasm-Service-Migration/WASM-migration/metrics/migration_metrics.csv
[exit=0]

$ python3 /home/ivo/Documents/University/4to/Thesis-AAAAAAAa/Container-vs-Wasm-Service-Migration/WASM-migration/scripts/orchestrators/wasm_benchmark.py --source edge-node-1 --dest edge-node-2 --transfer-mode direct --run-id 28-04-2026-direct-cold-0014 --module /home/ivo/Documents/University/4to/Thesis-AAAAAAAa/Container-vs-Wasm-Service-Migration/WASM-migration/wasm-migrate-commands/wasm_test_computation/3mm_with_cr.wasm --commands-dir /home/ivo/Documents/University/4to/Thesis-AAAAAAAa/Container-vs-Wasm-Service-Migration/WASM-migration/wasm-migrate-commands/build --csv /home/ivo/Documents/University/4to/Thesis-AAAAAAAa/Container-vs-Wasm-Service-Migration/WASM-migration/metrics/migration_metrics.csv --profile-name  --warmup-seconds 0.01 --timeout-seconds 20.0
Setting up SSH trust: edge-node-1 → ubuntu@10.22.132.197
  Adding public key to destination's authorized_keys...
  Testing SSH connectivity...
  ✓ SSH trust ready
  Transferring /home/ubuntu/wasm-migration/runs/28-04-2026-direct-cold-0014/wasm-state.tar.gz via SCP...
run_id=28-04-2026-direct-cold-0014
source=edge-node-1 dest=edge-node-2 transfer_mode=direct
success=True
checkpoint_ms=1 transfer_ms=2518 restore_ms=1970 downtime_ms=4489
archive_bytes=2017
artifacts=/home/ivo/Documents/University/4to/Thesis-AAAAAAAa/Container-vs-Wasm-Service-Migration/WASM-migration/metrics/run_artifacts/28-04-2026-direct-cold-0014
csv=/home/ivo/Documents/University/4to/Thesis-AAAAAAAa/Container-vs-Wasm-Service-Migration/WASM-migration/metrics/migration_metrics.csv
[exit=0]

$ python3 /home/ivo/Documents/University/4to/Thesis-AAAAAAAa/Container-vs-Wasm-Service-Migration/WASM-migration/scripts/orchestrators/wasm_benchmark.py --source edge-node-1 --dest edge-node-2 --transfer-mode direct --run-id 28-04-2026-direct-cold-0015 --module /home/ivo/Documents/University/4to/Thesis-AAAAAAAa/Container-vs-Wasm-Service-Migration/WASM-migration/wasm-migrate-commands/wasm_test_computation/3mm_with_cr.wasm --commands-dir /home/ivo/Documents/University/4to/Thesis-AAAAAAAa/Container-vs-Wasm-Service-Migration/WASM-migration/wasm-migrate-commands/build --csv /home/ivo/Documents/University/4to/Thesis-AAAAAAAa/Container-vs-Wasm-Service-Migration/WASM-migration/metrics/migration_metrics.csv --profile-name  --warmup-seconds 0.01 --timeout-seconds 20.0
Setting up SSH trust: edge-node-1 → ubuntu@10.22.132.197
  Adding public key to destination's authorized_keys...
  Testing SSH connectivity...
  ✓ SSH trust ready
  Transferring /home/ubuntu/wasm-migration/runs/28-04-2026-direct-cold-0015/wasm-state.tar.gz via SCP...
run_id=28-04-2026-direct-cold-0015
source=edge-node-1 dest=edge-node-2 transfer_mode=direct
success=True
checkpoint_ms=1 transfer_ms=2734 restore_ms=2882 downtime_ms=5617
archive_bytes=2017
artifacts=/home/ivo/Documents/University/4to/Thesis-AAAAAAAa/Container-vs-Wasm-Service-Migration/WASM-migration/metrics/run_artifacts/28-04-2026-direct-cold-0015
csv=/home/ivo/Documents/University/4to/Thesis-AAAAAAAa/Container-vs-Wasm-Service-Migration/WASM-migration/metrics/migration_metrics.csv
[exit=0]

$ python3 /home/ivo/Documents/University/4to/Thesis-AAAAAAAa/Container-vs-Wasm-Service-Migration/WASM-migration/scripts/orchestrators/wasm_benchmark.py --source edge-node-1 --dest edge-node-2 --transfer-mode direct --run-id 28-04-2026-direct-cold-0016 --module /home/ivo/Documents/University/4to/Thesis-AAAAAAAa/Container-vs-Wasm-Service-Migration/WASM-migration/wasm-migrate-commands/wasm_test_computation/3mm_with_cr.wasm --commands-dir /home/ivo/Documents/University/4to/Thesis-AAAAAAAa/Container-vs-Wasm-Service-Migration/WASM-migration/wasm-migrate-commands/build --csv /home/ivo/Documents/University/4to/Thesis-AAAAAAAa/Container-vs-Wasm-Service-Migration/WASM-migration/metrics/migration_metrics.csv --profile-name  --warmup-seconds 0.01 --timeout-seconds 20.0
Setting up SSH trust: edge-node-1 → ubuntu@10.22.132.197
  Adding public key to destination's authorized_keys...
  Testing SSH connectivity...
  ✓ SSH trust ready
  Transferring /home/ubuntu/wasm-migration/runs/28-04-2026-direct-cold-0016/wasm-state.tar.gz via SCP...
run_id=28-04-2026-direct-cold-0016
source=edge-node-1 dest=edge-node-2 transfer_mode=direct
success=True
checkpoint_ms=1 transfer_ms=2472 restore_ms=2186 downtime_ms=4659
archive_bytes=2017
artifacts=/home/ivo/Documents/University/4to/Thesis-AAAAAAAa/Container-vs-Wasm-Service-Migration/WASM-migration/metrics/run_artifacts/28-04-2026-direct-cold-0016
csv=/home/ivo/Documents/University/4to/Thesis-AAAAAAAa/Container-vs-Wasm-Service-Migration/WASM-migration/metrics/migration_metrics.csv
[exit=0]

$ python3 /home/ivo/Documents/University/4to/Thesis-AAAAAAAa/Container-vs-Wasm-Service-Migration/WASM-migration/scripts/orchestrators/wasm_benchmark.py --source edge-node-1 --dest edge-node-2 --transfer-mode direct --run-id 28-04-2026-direct-cold-0017 --module /home/ivo/Documents/University/4to/Thesis-AAAAAAAa/Container-vs-Wasm-Service-Migration/WASM-migration/wasm-migrate-commands/wasm_test_computation/3mm_with_cr.wasm --commands-dir /home/ivo/Documents/University/4to/Thesis-AAAAAAAa/Container-vs-Wasm-Service-Migration/WASM-migration/wasm-migrate-commands/build --csv /home/ivo/Documents/University/4to/Thesis-AAAAAAAa/Container-vs-Wasm-Service-Migration/WASM-migration/metrics/migration_metrics.csv --profile-name  --warmup-seconds 0.01 --timeout-seconds 20.0
Setting up SSH trust: edge-node-1 → ubuntu@10.22.132.197
  Adding public key to destination's authorized_keys...
  Testing SSH connectivity...
  ✓ SSH trust ready
  Transferring /home/ubuntu/wasm-migration/runs/28-04-2026-direct-cold-0017/wasm-state.tar.gz via SCP...
run_id=28-04-2026-direct-cold-0017
source=edge-node-1 dest=edge-node-2 transfer_mode=direct
success=True
checkpoint_ms=1 transfer_ms=2884 restore_ms=2041 downtime_ms=4926
archive_bytes=2018
artifacts=/home/ivo/Documents/University/4to/Thesis-AAAAAAAa/Container-vs-Wasm-Service-Migration/WASM-migration/metrics/run_artifacts/28-04-2026-direct-cold-0017
csv=/home/ivo/Documents/University/4to/Thesis-AAAAAAAa/Container-vs-Wasm-Service-Migration/WASM-migration/metrics/migration_metrics.csv
[exit=0]

$ python3 /home/ivo/Documents/University/4to/Thesis-AAAAAAAa/Container-vs-Wasm-Service-Migration/WASM-migration/scripts/orchestrators/wasm_benchmark.py --source edge-node-1 --dest edge-node-2 --transfer-mode direct --run-id 28-04-2026-direct-cold-0018 --module /home/ivo/Documents/University/4to/Thesis-AAAAAAAa/Container-vs-Wasm-Service-Migration/WASM-migration/wasm-migrate-commands/wasm_test_computation/3mm_with_cr.wasm --commands-dir /home/ivo/Documents/University/4to/Thesis-AAAAAAAa/Container-vs-Wasm-Service-Migration/WASM-migration/wasm-migrate-commands/build --csv /home/ivo/Documents/University/4to/Thesis-AAAAAAAa/Container-vs-Wasm-Service-Migration/WASM-migration/metrics/migration_metrics.csv --profile-name  --warmup-seconds 0.01 --timeout-seconds 20.0
Setting up SSH trust: edge-node-1 → ubuntu@10.22.132.197
  Adding public key to destination's authorized_keys...
  Testing SSH connectivity...
  ✓ SSH trust ready
  Transferring /home/ubuntu/wasm-migration/runs/28-04-2026-direct-cold-0018/wasm-state.tar.gz via SCP...
run_id=28-04-2026-direct-cold-0018
source=edge-node-1 dest=edge-node-2 transfer_mode=direct
success=True
checkpoint_ms=1 transfer_ms=3242 restore_ms=2399 downtime_ms=5642
archive_bytes=2018
artifacts=/home/ivo/Documents/University/4to/Thesis-AAAAAAAa/Container-vs-Wasm-Service-Migration/WASM-migration/metrics/run_artifacts/28-04-2026-direct-cold-0018
csv=/home/ivo/Documents/University/4to/Thesis-AAAAAAAa/Container-vs-Wasm-Service-Migration/WASM-migration/metrics/migration_metrics.csv
[exit=0]

$ python3 /home/ivo/Documents/University/4to/Thesis-AAAAAAAa/Container-vs-Wasm-Service-Migration/WASM-migration/scripts/orchestrators/wasm_benchmark.py --source edge-node-1 --dest edge-node-2 --transfer-mode direct --run-id 28-04-2026-direct-cold-0019 --module /home/ivo/Documents/University/4to/Thesis-AAAAAAAa/Container-vs-Wasm-Service-Migration/WASM-migration/wasm-migrate-commands/wasm_test_computation/3mm_with_cr.wasm --commands-dir /home/ivo/Documents/University/4to/Thesis-AAAAAAAa/Container-vs-Wasm-Service-Migration/WASM-migration/wasm-migrate-commands/build --csv /home/ivo/Documents/University/4to/Thesis-AAAAAAAa/Container-vs-Wasm-Service-Migration/WASM-migration/metrics/migration_metrics.csv --profile-name  --warmup-seconds 0.01 --timeout-seconds 20.0
Setting up SSH trust: edge-node-1 → ubuntu@10.22.132.197
  Adding public key to destination's authorized_keys...
  Testing SSH connectivity...
  ✓ SSH trust ready
  Transferring /home/ubuntu/wasm-migration/runs/28-04-2026-direct-cold-0019/wasm-state.tar.gz via SCP...
run_id=28-04-2026-direct-cold-0019
source=edge-node-1 dest=edge-node-2 transfer_mode=direct
success=True
checkpoint_ms=1 transfer_ms=2441 restore_ms=1978 downtime_ms=4420
archive_bytes=2017
artifacts=/home/ivo/Documents/University/4to/Thesis-AAAAAAAa/Container-vs-Wasm-Service-Migration/WASM-migration/metrics/run_artifacts/28-04-2026-direct-cold-0019
csv=/home/ivo/Documents/University/4to/Thesis-AAAAAAAa/Container-vs-Wasm-Service-Migration/WASM-migration/metrics/migration_metrics.csv
[exit=0]
[repeat] run_ids_file=/home/ivo/Documents/University/4to/Thesis-AAAAAAAa/Container-vs-Wasm-Service-Migration/WASM-migration/metrics/run_logs/28-04-2026-wasm-cold-h20-d20-snap-145321.run_ids.txt
