=== repeat_wasm_benchmarks.py 2026-04-30T21:20:38.889105 ===
base_run_id=30-04-2026-wasm-cold-h10-d10-snap-212038 source=edge-node-1 dest=edge-node-2 host_runs=10 direct_runs=10 relay_node=edge-host-1 profile_name=1_WiFi_6 module=/home/ivo/Evaluation-of-Live-Migration-Strategies-at-the-Edge/WASM-migration/wasm-migrate-commands/wasm_test_computation/3mm_with_cr.wasm snapshot_node_metrics=True

$ python3 /home/ivo/Evaluation-of-Live-Migration-Strategies-at-the-Edge/WASM-migration/scripts/orchestrators/wasm_benchmark.py --source edge-node-1 --dest edge-node-2 --transfer-mode host --run-id 30-04-2026-host-cold-0012 --module /home/ivo/Evaluation-of-Live-Migration-Strategies-at-the-Edge/WASM-migration/wasm-migrate-commands/wasm_test_computation/3mm_with_cr.wasm --commands-dir /home/ivo/Evaluation-of-Live-Migration-Strategies-at-the-Edge/WASM-migration/wasm-migrate-commands/build --csv /home/ivo/Evaluation-of-Live-Migration-Strategies-at-the-Edge/WASM-migration/metrics/migration_metrics.csv --profile-name 1_WiFi_6 --warmup-seconds 0.01 --timeout-seconds 20.0 --relay-node edge-host-1
  Transferring /home/ubuntu/wasm-migration/runs/30-04-2026-host-cold-0012/wasm-state.tar.gz via relay node edge-host-1...
Setting up SSH trust: edge-node-1 → ubuntu@10.138.215.36
  Adding public key to destination's authorized_keys...
  Testing SSH connectivity...
  ✓ SSH trust ready
Setting up SSH trust: edge-host-1 → ubuntu@10.138.215.137
  Adding public key to destination's authorized_keys...
  Testing SSH connectivity...
  ✓ SSH trust ready
run_id=30-04-2026-host-cold-0012
source=edge-node-1 dest=edge-node-2 transfer_mode=host
success=True
checkpoint_ms=1 transfer_ms=7192 restore_ms=1912 downtime_ms=9105
checkpoint_us=210 checkpoint_ns=209666
archive_bytes=2018
artifacts=/home/ivo/Evaluation-of-Live-Migration-Strategies-at-the-Edge/WASM-migration/metrics/run_artifacts/30-04-2026-host-cold-0012
csv=/home/ivo/Evaluation-of-Live-Migration-Strategies-at-the-Edge/WASM-migration/metrics/migration_metrics.csv
[exit=0]

$ python3 /home/ivo/Evaluation-of-Live-Migration-Strategies-at-the-Edge/WASM-migration/scripts/orchestrators/wasm_benchmark.py --source edge-node-1 --dest edge-node-2 --transfer-mode host --run-id 30-04-2026-host-cold-0013 --module /home/ivo/Evaluation-of-Live-Migration-Strategies-at-the-Edge/WASM-migration/wasm-migrate-commands/wasm_test_computation/3mm_with_cr.wasm --commands-dir /home/ivo/Evaluation-of-Live-Migration-Strategies-at-the-Edge/WASM-migration/wasm-migrate-commands/build --csv /home/ivo/Evaluation-of-Live-Migration-Strategies-at-the-Edge/WASM-migration/metrics/migration_metrics.csv --profile-name 1_WiFi_6 --warmup-seconds 0.01 --timeout-seconds 20.0 --relay-node edge-host-1
  Transferring /home/ubuntu/wasm-migration/runs/30-04-2026-host-cold-0013/wasm-state.tar.gz via relay node edge-host-1...
Setting up SSH trust: edge-node-1 → ubuntu@10.138.215.36
  Adding public key to destination's authorized_keys...
  Testing SSH connectivity...
  ✓ SSH trust ready
Setting up SSH trust: edge-host-1 → ubuntu@10.138.215.137
  Adding public key to destination's authorized_keys...
  Testing SSH connectivity...
  ✓ SSH trust ready
run_id=30-04-2026-host-cold-0013
source=edge-node-1 dest=edge-node-2 transfer_mode=host
success=True
checkpoint_ms=1 transfer_ms=6927 restore_ms=2025 downtime_ms=8953
checkpoint_us=141 checkpoint_ns=140733
archive_bytes=2017
artifacts=/home/ivo/Evaluation-of-Live-Migration-Strategies-at-the-Edge/WASM-migration/metrics/run_artifacts/30-04-2026-host-cold-0013
csv=/home/ivo/Evaluation-of-Live-Migration-Strategies-at-the-Edge/WASM-migration/metrics/migration_metrics.csv
[exit=0]

$ python3 /home/ivo/Evaluation-of-Live-Migration-Strategies-at-the-Edge/WASM-migration/scripts/orchestrators/wasm_benchmark.py --source edge-node-1 --dest edge-node-2 --transfer-mode host --run-id 30-04-2026-host-cold-0014 --module /home/ivo/Evaluation-of-Live-Migration-Strategies-at-the-Edge/WASM-migration/wasm-migrate-commands/wasm_test_computation/3mm_with_cr.wasm --commands-dir /home/ivo/Evaluation-of-Live-Migration-Strategies-at-the-Edge/WASM-migration/wasm-migrate-commands/build --csv /home/ivo/Evaluation-of-Live-Migration-Strategies-at-the-Edge/WASM-migration/metrics/migration_metrics.csv --profile-name 1_WiFi_6 --warmup-seconds 0.01 --timeout-seconds 20.0 --relay-node edge-host-1
  Transferring /home/ubuntu/wasm-migration/runs/30-04-2026-host-cold-0014/wasm-state.tar.gz via relay node edge-host-1...
Setting up SSH trust: edge-node-1 → ubuntu@10.138.215.36
  Adding public key to destination's authorized_keys...
  Testing SSH connectivity...
  ✓ SSH trust ready
Setting up SSH trust: edge-host-1 → ubuntu@10.138.215.137
  Adding public key to destination's authorized_keys...
  Testing SSH connectivity...
  ✓ SSH trust ready
run_id=30-04-2026-host-cold-0014
source=edge-node-1 dest=edge-node-2 transfer_mode=host
success=True
checkpoint_ms=1 transfer_ms=6734 restore_ms=1894 downtime_ms=8629
checkpoint_us=180 checkpoint_ns=179512
archive_bytes=2018
artifacts=/home/ivo/Evaluation-of-Live-Migration-Strategies-at-the-Edge/WASM-migration/metrics/run_artifacts/30-04-2026-host-cold-0014
csv=/home/ivo/Evaluation-of-Live-Migration-Strategies-at-the-Edge/WASM-migration/metrics/migration_metrics.csv
[exit=0]

$ python3 /home/ivo/Evaluation-of-Live-Migration-Strategies-at-the-Edge/WASM-migration/scripts/orchestrators/wasm_benchmark.py --source edge-node-1 --dest edge-node-2 --transfer-mode host --run-id 30-04-2026-host-cold-0015 --module /home/ivo/Evaluation-of-Live-Migration-Strategies-at-the-Edge/WASM-migration/wasm-migrate-commands/wasm_test_computation/3mm_with_cr.wasm --commands-dir /home/ivo/Evaluation-of-Live-Migration-Strategies-at-the-Edge/WASM-migration/wasm-migrate-commands/build --csv /home/ivo/Evaluation-of-Live-Migration-Strategies-at-the-Edge/WASM-migration/metrics/migration_metrics.csv --profile-name 1_WiFi_6 --warmup-seconds 0.01 --timeout-seconds 20.0 --relay-node edge-host-1
  Transferring /home/ubuntu/wasm-migration/runs/30-04-2026-host-cold-0015/wasm-state.tar.gz via relay node edge-host-1...
Setting up SSH trust: edge-node-1 → ubuntu@10.138.215.36
  Adding public key to destination's authorized_keys...
  Testing SSH connectivity...
  ✓ SSH trust ready
Setting up SSH trust: edge-host-1 → ubuntu@10.138.215.137
  Adding public key to destination's authorized_keys...
  Testing SSH connectivity...
  ✓ SSH trust ready
run_id=30-04-2026-host-cold-0015
source=edge-node-1 dest=edge-node-2 transfer_mode=host
success=True
checkpoint_ms=1 transfer_ms=7189 restore_ms=1988 downtime_ms=9178
checkpoint_us=130 checkpoint_ns=129297
archive_bytes=2019
artifacts=/home/ivo/Evaluation-of-Live-Migration-Strategies-at-the-Edge/WASM-migration/metrics/run_artifacts/30-04-2026-host-cold-0015
csv=/home/ivo/Evaluation-of-Live-Migration-Strategies-at-the-Edge/WASM-migration/metrics/migration_metrics.csv
[exit=0]

$ python3 /home/ivo/Evaluation-of-Live-Migration-Strategies-at-the-Edge/WASM-migration/scripts/orchestrators/wasm_benchmark.py --source edge-node-1 --dest edge-node-2 --transfer-mode host --run-id 30-04-2026-host-cold-0016 --module /home/ivo/Evaluation-of-Live-Migration-Strategies-at-the-Edge/WASM-migration/wasm-migrate-commands/wasm_test_computation/3mm_with_cr.wasm --commands-dir /home/ivo/Evaluation-of-Live-Migration-Strategies-at-the-Edge/WASM-migration/wasm-migrate-commands/build --csv /home/ivo/Evaluation-of-Live-Migration-Strategies-at-the-Edge/WASM-migration/metrics/migration_metrics.csv --profile-name 1_WiFi_6 --warmup-seconds 0.01 --timeout-seconds 20.0 --relay-node edge-host-1
  Transferring /home/ubuntu/wasm-migration/runs/30-04-2026-host-cold-0016/wasm-state.tar.gz via relay node edge-host-1...
Setting up SSH trust: edge-node-1 → ubuntu@10.138.215.36
  Adding public key to destination's authorized_keys...
  Testing SSH connectivity...
  ✓ SSH trust ready
Setting up SSH trust: edge-host-1 → ubuntu@10.138.215.137
  Adding public key to destination's authorized_keys...
  Testing SSH connectivity...
  ✓ SSH trust ready
run_id=30-04-2026-host-cold-0016
source=edge-node-1 dest=edge-node-2 transfer_mode=host
success=True
checkpoint_ms=1 transfer_ms=6798 restore_ms=2104 downtime_ms=8903
checkpoint_us=193 checkpoint_ns=192393
archive_bytes=2019
artifacts=/home/ivo/Evaluation-of-Live-Migration-Strategies-at-the-Edge/WASM-migration/metrics/run_artifacts/30-04-2026-host-cold-0016
csv=/home/ivo/Evaluation-of-Live-Migration-Strategies-at-the-Edge/WASM-migration/metrics/migration_metrics.csv
[exit=0]

$ python3 /home/ivo/Evaluation-of-Live-Migration-Strategies-at-the-Edge/WASM-migration/scripts/orchestrators/wasm_benchmark.py --source edge-node-1 --dest edge-node-2 --transfer-mode host --run-id 30-04-2026-host-cold-0017 --module /home/ivo/Evaluation-of-Live-Migration-Strategies-at-the-Edge/WASM-migration/wasm-migrate-commands/wasm_test_computation/3mm_with_cr.wasm --commands-dir /home/ivo/Evaluation-of-Live-Migration-Strategies-at-the-Edge/WASM-migration/wasm-migrate-commands/build --csv /home/ivo/Evaluation-of-Live-Migration-Strategies-at-the-Edge/WASM-migration/metrics/migration_metrics.csv --profile-name 1_WiFi_6 --warmup-seconds 0.01 --timeout-seconds 20.0 --relay-node edge-host-1
  Transferring /home/ubuntu/wasm-migration/runs/30-04-2026-host-cold-0017/wasm-state.tar.gz via relay node edge-host-1...
Setting up SSH trust: edge-node-1 → ubuntu@10.138.215.36
  Adding public key to destination's authorized_keys...
  Testing SSH connectivity...
  ✓ SSH trust ready
Setting up SSH trust: edge-host-1 → ubuntu@10.138.215.137
  Adding public key to destination's authorized_keys...
  Testing SSH connectivity...
  ✓ SSH trust ready
run_id=30-04-2026-host-cold-0017
source=edge-node-1 dest=edge-node-2 transfer_mode=host
success=True
checkpoint_ms=1 transfer_ms=6722 restore_ms=2086 downtime_ms=8809
checkpoint_us=157 checkpoint_ns=156898
archive_bytes=2017
artifacts=/home/ivo/Evaluation-of-Live-Migration-Strategies-at-the-Edge/WASM-migration/metrics/run_artifacts/30-04-2026-host-cold-0017
csv=/home/ivo/Evaluation-of-Live-Migration-Strategies-at-the-Edge/WASM-migration/metrics/migration_metrics.csv
[exit=0]

$ python3 /home/ivo/Evaluation-of-Live-Migration-Strategies-at-the-Edge/WASM-migration/scripts/orchestrators/wasm_benchmark.py --source edge-node-1 --dest edge-node-2 --transfer-mode host --run-id 30-04-2026-host-cold-0018 --module /home/ivo/Evaluation-of-Live-Migration-Strategies-at-the-Edge/WASM-migration/wasm-migrate-commands/wasm_test_computation/3mm_with_cr.wasm --commands-dir /home/ivo/Evaluation-of-Live-Migration-Strategies-at-the-Edge/WASM-migration/wasm-migrate-commands/build --csv /home/ivo/Evaluation-of-Live-Migration-Strategies-at-the-Edge/WASM-migration/metrics/migration_metrics.csv --profile-name 1_WiFi_6 --warmup-seconds 0.01 --timeout-seconds 20.0 --relay-node edge-host-1
  Transferring /home/ubuntu/wasm-migration/runs/30-04-2026-host-cold-0018/wasm-state.tar.gz via relay node edge-host-1...
Setting up SSH trust: edge-node-1 → ubuntu@10.138.215.36
  Adding public key to destination's authorized_keys...
  Testing SSH connectivity...
  ✓ SSH trust ready
Setting up SSH trust: edge-host-1 → ubuntu@10.138.215.137
  Adding public key to destination's authorized_keys...
  Testing SSH connectivity...
  ✓ SSH trust ready
run_id=30-04-2026-host-cold-0018
source=edge-node-1 dest=edge-node-2 transfer_mode=host
success=True
checkpoint_ms=1 transfer_ms=7051 restore_ms=1988 downtime_ms=9040
checkpoint_us=157 checkpoint_ns=156412
archive_bytes=2015
artifacts=/home/ivo/Evaluation-of-Live-Migration-Strategies-at-the-Edge/WASM-migration/metrics/run_artifacts/30-04-2026-host-cold-0018
csv=/home/ivo/Evaluation-of-Live-Migration-Strategies-at-the-Edge/WASM-migration/metrics/migration_metrics.csv
[exit=0]

$ python3 /home/ivo/Evaluation-of-Live-Migration-Strategies-at-the-Edge/WASM-migration/scripts/orchestrators/wasm_benchmark.py --source edge-node-1 --dest edge-node-2 --transfer-mode host --run-id 30-04-2026-host-cold-0019 --module /home/ivo/Evaluation-of-Live-Migration-Strategies-at-the-Edge/WASM-migration/wasm-migrate-commands/wasm_test_computation/3mm_with_cr.wasm --commands-dir /home/ivo/Evaluation-of-Live-Migration-Strategies-at-the-Edge/WASM-migration/wasm-migrate-commands/build --csv /home/ivo/Evaluation-of-Live-Migration-Strategies-at-the-Edge/WASM-migration/metrics/migration_metrics.csv --profile-name 1_WiFi_6 --warmup-seconds 0.01 --timeout-seconds 20.0 --relay-node edge-host-1
  Transferring /home/ubuntu/wasm-migration/runs/30-04-2026-host-cold-0019/wasm-state.tar.gz via relay node edge-host-1...
Setting up SSH trust: edge-node-1 → ubuntu@10.138.215.36
  Adding public key to destination's authorized_keys...
  Testing SSH connectivity...
  ✓ SSH trust ready
Setting up SSH trust: edge-host-1 → ubuntu@10.138.215.137
  Adding public key to destination's authorized_keys...
  Testing SSH connectivity...
  ✓ SSH trust ready
run_id=30-04-2026-host-cold-0019
source=edge-node-1 dest=edge-node-2 transfer_mode=host
success=True
checkpoint_ms=1 transfer_ms=6828 restore_ms=1969 downtime_ms=8798
checkpoint_us=130 checkpoint_ns=129445
archive_bytes=2015
artifacts=/home/ivo/Evaluation-of-Live-Migration-Strategies-at-the-Edge/WASM-migration/metrics/run_artifacts/30-04-2026-host-cold-0019
csv=/home/ivo/Evaluation-of-Live-Migration-Strategies-at-the-Edge/WASM-migration/metrics/migration_metrics.csv
[exit=0]

$ python3 /home/ivo/Evaluation-of-Live-Migration-Strategies-at-the-Edge/WASM-migration/scripts/orchestrators/wasm_benchmark.py --source edge-node-1 --dest edge-node-2 --transfer-mode host --run-id 30-04-2026-host-cold-0020 --module /home/ivo/Evaluation-of-Live-Migration-Strategies-at-the-Edge/WASM-migration/wasm-migrate-commands/wasm_test_computation/3mm_with_cr.wasm --commands-dir /home/ivo/Evaluation-of-Live-Migration-Strategies-at-the-Edge/WASM-migration/wasm-migrate-commands/build --csv /home/ivo/Evaluation-of-Live-Migration-Strategies-at-the-Edge/WASM-migration/metrics/migration_metrics.csv --profile-name 1_WiFi_6 --warmup-seconds 0.01 --timeout-seconds 20.0 --relay-node edge-host-1
  Transferring /home/ubuntu/wasm-migration/runs/30-04-2026-host-cold-0020/wasm-state.tar.gz via relay node edge-host-1...
Setting up SSH trust: edge-node-1 → ubuntu@10.138.215.36
  Adding public key to destination's authorized_keys...
  Testing SSH connectivity...
  ✓ SSH trust ready
Setting up SSH trust: edge-host-1 → ubuntu@10.138.215.137
  Adding public key to destination's authorized_keys...
  Testing SSH connectivity...
  ✓ SSH trust ready
run_id=30-04-2026-host-cold-0020
source=edge-node-1 dest=edge-node-2 transfer_mode=host
success=True
checkpoint_ms=1 transfer_ms=6931 restore_ms=2244 downtime_ms=9176
checkpoint_us=138 checkpoint_ns=137940
archive_bytes=2014
artifacts=/home/ivo/Evaluation-of-Live-Migration-Strategies-at-the-Edge/WASM-migration/metrics/run_artifacts/30-04-2026-host-cold-0020
csv=/home/ivo/Evaluation-of-Live-Migration-Strategies-at-the-Edge/WASM-migration/metrics/migration_metrics.csv
[exit=0]

$ python3 /home/ivo/Evaluation-of-Live-Migration-Strategies-at-the-Edge/WASM-migration/scripts/orchestrators/wasm_benchmark.py --source edge-node-1 --dest edge-node-2 --transfer-mode host --run-id 30-04-2026-host-cold-0021 --module /home/ivo/Evaluation-of-Live-Migration-Strategies-at-the-Edge/WASM-migration/wasm-migrate-commands/wasm_test_computation/3mm_with_cr.wasm --commands-dir /home/ivo/Evaluation-of-Live-Migration-Strategies-at-the-Edge/WASM-migration/wasm-migrate-commands/build --csv /home/ivo/Evaluation-of-Live-Migration-Strategies-at-the-Edge/WASM-migration/metrics/migration_metrics.csv --profile-name 1_WiFi_6 --warmup-seconds 0.01 --timeout-seconds 20.0 --relay-node edge-host-1
  Transferring /home/ubuntu/wasm-migration/runs/30-04-2026-host-cold-0021/wasm-state.tar.gz via relay node edge-host-1...
Setting up SSH trust: edge-node-1 → ubuntu@10.138.215.36
  Adding public key to destination's authorized_keys...
  Testing SSH connectivity...
  ✓ SSH trust ready
Setting up SSH trust: edge-host-1 → ubuntu@10.138.215.137
  Adding public key to destination's authorized_keys...
  Testing SSH connectivity...
  ✓ SSH trust ready
run_id=30-04-2026-host-cold-0021
source=edge-node-1 dest=edge-node-2 transfer_mode=host
success=True
checkpoint_ms=1 transfer_ms=6993 restore_ms=2074 downtime_ms=9068
checkpoint_us=125 checkpoint_ns=124822
archive_bytes=2016
artifacts=/home/ivo/Evaluation-of-Live-Migration-Strategies-at-the-Edge/WASM-migration/metrics/run_artifacts/30-04-2026-host-cold-0021
csv=/home/ivo/Evaluation-of-Live-Migration-Strategies-at-the-Edge/WASM-migration/metrics/migration_metrics.csv
[exit=0]

$ python3 /home/ivo/Evaluation-of-Live-Migration-Strategies-at-the-Edge/WASM-migration/scripts/orchestrators/wasm_benchmark.py --source edge-node-1 --dest edge-node-2 --transfer-mode direct --run-id 30-04-2026-direct-cold-0012 --module /home/ivo/Evaluation-of-Live-Migration-Strategies-at-the-Edge/WASM-migration/wasm-migrate-commands/wasm_test_computation/3mm_with_cr.wasm --commands-dir /home/ivo/Evaluation-of-Live-Migration-Strategies-at-the-Edge/WASM-migration/wasm-migrate-commands/build --csv /home/ivo/Evaluation-of-Live-Migration-Strategies-at-the-Edge/WASM-migration/metrics/migration_metrics.csv --profile-name 1_WiFi_6 --warmup-seconds 0.01 --timeout-seconds 20.0
Setting up SSH trust: edge-node-1 → ubuntu@10.138.215.137
  Adding public key to destination's authorized_keys...
  Testing SSH connectivity...
  ✓ SSH trust ready
  Transferring /home/ubuntu/wasm-migration/runs/30-04-2026-direct-cold-0012/wasm-state.tar.gz via SCP...
run_id=30-04-2026-direct-cold-0012
source=edge-node-1 dest=edge-node-2 transfer_mode=direct
success=True
checkpoint_ms=1 transfer_ms=3261 restore_ms=1971 downtime_ms=5233
checkpoint_us=123 checkpoint_ns=122959
archive_bytes=2020
artifacts=/home/ivo/Evaluation-of-Live-Migration-Strategies-at-the-Edge/WASM-migration/metrics/run_artifacts/30-04-2026-direct-cold-0012
csv=/home/ivo/Evaluation-of-Live-Migration-Strategies-at-the-Edge/WASM-migration/metrics/migration_metrics.csv
[exit=0]

$ python3 /home/ivo/Evaluation-of-Live-Migration-Strategies-at-the-Edge/WASM-migration/scripts/orchestrators/wasm_benchmark.py --source edge-node-1 --dest edge-node-2 --transfer-mode direct --run-id 30-04-2026-direct-cold-0013 --module /home/ivo/Evaluation-of-Live-Migration-Strategies-at-the-Edge/WASM-migration/wasm-migrate-commands/wasm_test_computation/3mm_with_cr.wasm --commands-dir /home/ivo/Evaluation-of-Live-Migration-Strategies-at-the-Edge/WASM-migration/wasm-migrate-commands/build --csv /home/ivo/Evaluation-of-Live-Migration-Strategies-at-the-Edge/WASM-migration/metrics/migration_metrics.csv --profile-name 1_WiFi_6 --warmup-seconds 0.01 --timeout-seconds 20.0
Setting up SSH trust: edge-node-1 → ubuntu@10.138.215.137
  Adding public key to destination's authorized_keys...
  Testing SSH connectivity...
  ✓ SSH trust ready
  Transferring /home/ubuntu/wasm-migration/runs/30-04-2026-direct-cold-0013/wasm-state.tar.gz via SCP...
run_id=30-04-2026-direct-cold-0013
source=edge-node-1 dest=edge-node-2 transfer_mode=direct
success=True
checkpoint_ms=1 transfer_ms=2998 restore_ms=2029 downtime_ms=5028
checkpoint_us=154 checkpoint_ns=153257
archive_bytes=2021
artifacts=/home/ivo/Evaluation-of-Live-Migration-Strategies-at-the-Edge/WASM-migration/metrics/run_artifacts/30-04-2026-direct-cold-0013
csv=/home/ivo/Evaluation-of-Live-Migration-Strategies-at-the-Edge/WASM-migration/metrics/migration_metrics.csv
[exit=0]

$ python3 /home/ivo/Evaluation-of-Live-Migration-Strategies-at-the-Edge/WASM-migration/scripts/orchestrators/wasm_benchmark.py --source edge-node-1 --dest edge-node-2 --transfer-mode direct --run-id 30-04-2026-direct-cold-0014 --module /home/ivo/Evaluation-of-Live-Migration-Strategies-at-the-Edge/WASM-migration/wasm-migrate-commands/wasm_test_computation/3mm_with_cr.wasm --commands-dir /home/ivo/Evaluation-of-Live-Migration-Strategies-at-the-Edge/WASM-migration/wasm-migrate-commands/build --csv /home/ivo/Evaluation-of-Live-Migration-Strategies-at-the-Edge/WASM-migration/metrics/migration_metrics.csv --profile-name 1_WiFi_6 --warmup-seconds 0.01 --timeout-seconds 20.0
Setting up SSH trust: edge-node-1 → ubuntu@10.138.215.137
  Adding public key to destination's authorized_keys...
  Testing SSH connectivity...
  ✓ SSH trust ready
  Transferring /home/ubuntu/wasm-migration/runs/30-04-2026-direct-cold-0014/wasm-state.tar.gz via SCP...
run_id=30-04-2026-direct-cold-0014
source=edge-node-1 dest=edge-node-2 transfer_mode=direct
success=True
checkpoint_ms=1 transfer_ms=3067 restore_ms=1957 downtime_ms=5025
checkpoint_us=214 checkpoint_ns=213686
archive_bytes=2019
artifacts=/home/ivo/Evaluation-of-Live-Migration-Strategies-at-the-Edge/WASM-migration/metrics/run_artifacts/30-04-2026-direct-cold-0014
csv=/home/ivo/Evaluation-of-Live-Migration-Strategies-at-the-Edge/WASM-migration/metrics/migration_metrics.csv
[exit=0]

$ python3 /home/ivo/Evaluation-of-Live-Migration-Strategies-at-the-Edge/WASM-migration/scripts/orchestrators/wasm_benchmark.py --source edge-node-1 --dest edge-node-2 --transfer-mode direct --run-id 30-04-2026-direct-cold-0015 --module /home/ivo/Evaluation-of-Live-Migration-Strategies-at-the-Edge/WASM-migration/wasm-migrate-commands/wasm_test_computation/3mm_with_cr.wasm --commands-dir /home/ivo/Evaluation-of-Live-Migration-Strategies-at-the-Edge/WASM-migration/wasm-migrate-commands/build --csv /home/ivo/Evaluation-of-Live-Migration-Strategies-at-the-Edge/WASM-migration/metrics/migration_metrics.csv --profile-name 1_WiFi_6 --warmup-seconds 0.01 --timeout-seconds 20.0
Setting up SSH trust: edge-node-1 → ubuntu@10.138.215.137
  Adding public key to destination's authorized_keys...
  Testing SSH connectivity...
  ✓ SSH trust ready
  Transferring /home/ubuntu/wasm-migration/runs/30-04-2026-direct-cold-0015/wasm-state.tar.gz via SCP...
run_id=30-04-2026-direct-cold-0015
source=edge-node-1 dest=edge-node-2 transfer_mode=direct
success=True
checkpoint_ms=1 transfer_ms=3116 restore_ms=1942 downtime_ms=5059
checkpoint_us=134 checkpoint_ns=133524
archive_bytes=2020
artifacts=/home/ivo/Evaluation-of-Live-Migration-Strategies-at-the-Edge/WASM-migration/metrics/run_artifacts/30-04-2026-direct-cold-0015
csv=/home/ivo/Evaluation-of-Live-Migration-Strategies-at-the-Edge/WASM-migration/metrics/migration_metrics.csv
[exit=0]

$ python3 /home/ivo/Evaluation-of-Live-Migration-Strategies-at-the-Edge/WASM-migration/scripts/orchestrators/wasm_benchmark.py --source edge-node-1 --dest edge-node-2 --transfer-mode direct --run-id 30-04-2026-direct-cold-0016 --module /home/ivo/Evaluation-of-Live-Migration-Strategies-at-the-Edge/WASM-migration/wasm-migrate-commands/wasm_test_computation/3mm_with_cr.wasm --commands-dir /home/ivo/Evaluation-of-Live-Migration-Strategies-at-the-Edge/WASM-migration/wasm-migrate-commands/build --csv /home/ivo/Evaluation-of-Live-Migration-Strategies-at-the-Edge/WASM-migration/metrics/migration_metrics.csv --profile-name 1_WiFi_6 --warmup-seconds 0.01 --timeout-seconds 20.0
Setting up SSH trust: edge-node-1 → ubuntu@10.138.215.137
  Adding public key to destination's authorized_keys...
  Testing SSH connectivity...
  ✓ SSH trust ready
  Transferring /home/ubuntu/wasm-migration/runs/30-04-2026-direct-cold-0016/wasm-state.tar.gz via SCP...
run_id=30-04-2026-direct-cold-0016
source=edge-node-1 dest=edge-node-2 transfer_mode=direct
success=True
checkpoint_ms=1 transfer_ms=3035 restore_ms=2060 downtime_ms=5096
checkpoint_us=169 checkpoint_ns=168602
archive_bytes=2020
artifacts=/home/ivo/Evaluation-of-Live-Migration-Strategies-at-the-Edge/WASM-migration/metrics/run_artifacts/30-04-2026-direct-cold-0016
csv=/home/ivo/Evaluation-of-Live-Migration-Strategies-at-the-Edge/WASM-migration/metrics/migration_metrics.csv
[exit=0]

$ python3 /home/ivo/Evaluation-of-Live-Migration-Strategies-at-the-Edge/WASM-migration/scripts/orchestrators/wasm_benchmark.py --source edge-node-1 --dest edge-node-2 --transfer-mode direct --run-id 30-04-2026-direct-cold-0017 --module /home/ivo/Evaluation-of-Live-Migration-Strategies-at-the-Edge/WASM-migration/wasm-migrate-commands/wasm_test_computation/3mm_with_cr.wasm --commands-dir /home/ivo/Evaluation-of-Live-Migration-Strategies-at-the-Edge/WASM-migration/wasm-migrate-commands/build --csv /home/ivo/Evaluation-of-Live-Migration-Strategies-at-the-Edge/WASM-migration/metrics/migration_metrics.csv --profile-name 1_WiFi_6 --warmup-seconds 0.01 --timeout-seconds 20.0
Setting up SSH trust: edge-node-1 → ubuntu@10.138.215.137
  Adding public key to destination's authorized_keys...
  Testing SSH connectivity...
  ✓ SSH trust ready
  Transferring /home/ubuntu/wasm-migration/runs/30-04-2026-direct-cold-0017/wasm-state.tar.gz via SCP...
run_id=30-04-2026-direct-cold-0017
source=edge-node-1 dest=edge-node-2 transfer_mode=direct
success=True
checkpoint_ms=1 transfer_ms=2928 restore_ms=2267 downtime_ms=5196
checkpoint_us=128 checkpoint_ns=127744
archive_bytes=2018
artifacts=/home/ivo/Evaluation-of-Live-Migration-Strategies-at-the-Edge/WASM-migration/metrics/run_artifacts/30-04-2026-direct-cold-0017
csv=/home/ivo/Evaluation-of-Live-Migration-Strategies-at-the-Edge/WASM-migration/metrics/migration_metrics.csv
[exit=0]

$ python3 /home/ivo/Evaluation-of-Live-Migration-Strategies-at-the-Edge/WASM-migration/scripts/orchestrators/wasm_benchmark.py --source edge-node-1 --dest edge-node-2 --transfer-mode direct --run-id 30-04-2026-direct-cold-0018 --module /home/ivo/Evaluation-of-Live-Migration-Strategies-at-the-Edge/WASM-migration/wasm-migrate-commands/wasm_test_computation/3mm_with_cr.wasm --commands-dir /home/ivo/Evaluation-of-Live-Migration-Strategies-at-the-Edge/WASM-migration/wasm-migrate-commands/build --csv /home/ivo/Evaluation-of-Live-Migration-Strategies-at-the-Edge/WASM-migration/metrics/migration_metrics.csv --profile-name 1_WiFi_6 --warmup-seconds 0.01 --timeout-seconds 20.0
Setting up SSH trust: edge-node-1 → ubuntu@10.138.215.137
  Adding public key to destination's authorized_keys...
  Testing SSH connectivity...
  ✓ SSH trust ready
  Transferring /home/ubuntu/wasm-migration/runs/30-04-2026-direct-cold-0018/wasm-state.tar.gz via SCP...
run_id=30-04-2026-direct-cold-0018
source=edge-node-1 dest=edge-node-2 transfer_mode=direct
success=True
checkpoint_ms=1 transfer_ms=3094 restore_ms=1937 downtime_ms=5032
checkpoint_us=127 checkpoint_ns=126534
archive_bytes=2019
artifacts=/home/ivo/Evaluation-of-Live-Migration-Strategies-at-the-Edge/WASM-migration/metrics/run_artifacts/30-04-2026-direct-cold-0018
csv=/home/ivo/Evaluation-of-Live-Migration-Strategies-at-the-Edge/WASM-migration/metrics/migration_metrics.csv
[exit=0]

$ python3 /home/ivo/Evaluation-of-Live-Migration-Strategies-at-the-Edge/WASM-migration/scripts/orchestrators/wasm_benchmark.py --source edge-node-1 --dest edge-node-2 --transfer-mode direct --run-id 30-04-2026-direct-cold-0019 --module /home/ivo/Evaluation-of-Live-Migration-Strategies-at-the-Edge/WASM-migration/wasm-migrate-commands/wasm_test_computation/3mm_with_cr.wasm --commands-dir /home/ivo/Evaluation-of-Live-Migration-Strategies-at-the-Edge/WASM-migration/wasm-migrate-commands/build --csv /home/ivo/Evaluation-of-Live-Migration-Strategies-at-the-Edge/WASM-migration/metrics/migration_metrics.csv --profile-name 1_WiFi_6 --warmup-seconds 0.01 --timeout-seconds 20.0
Setting up SSH trust: edge-node-1 → ubuntu@10.138.215.137
  Adding public key to destination's authorized_keys...
  Testing SSH connectivity...
  ✓ SSH trust ready
  Transferring /home/ubuntu/wasm-migration/runs/30-04-2026-direct-cold-0019/wasm-state.tar.gz via SCP...
run_id=30-04-2026-direct-cold-0019
source=edge-node-1 dest=edge-node-2 transfer_mode=direct
success=True
checkpoint_ms=1 transfer_ms=3186 restore_ms=1905 downtime_ms=5092
checkpoint_us=147 checkpoint_ns=146072
archive_bytes=2019
artifacts=/home/ivo/Evaluation-of-Live-Migration-Strategies-at-the-Edge/WASM-migration/metrics/run_artifacts/30-04-2026-direct-cold-0019
csv=/home/ivo/Evaluation-of-Live-Migration-Strategies-at-the-Edge/WASM-migration/metrics/migration_metrics.csv
[exit=0]

$ python3 /home/ivo/Evaluation-of-Live-Migration-Strategies-at-the-Edge/WASM-migration/scripts/orchestrators/wasm_benchmark.py --source edge-node-1 --dest edge-node-2 --transfer-mode direct --run-id 30-04-2026-direct-cold-0020 --module /home/ivo/Evaluation-of-Live-Migration-Strategies-at-the-Edge/WASM-migration/wasm-migrate-commands/wasm_test_computation/3mm_with_cr.wasm --commands-dir /home/ivo/Evaluation-of-Live-Migration-Strategies-at-the-Edge/WASM-migration/wasm-migrate-commands/build --csv /home/ivo/Evaluation-of-Live-Migration-Strategies-at-the-Edge/WASM-migration/metrics/migration_metrics.csv --profile-name 1_WiFi_6 --warmup-seconds 0.01 --timeout-seconds 20.0
Setting up SSH trust: edge-node-1 → ubuntu@10.138.215.137
  Adding public key to destination's authorized_keys...
  Testing SSH connectivity...
  ✓ SSH trust ready
  Transferring /home/ubuntu/wasm-migration/runs/30-04-2026-direct-cold-0020/wasm-state.tar.gz via SCP...
run_id=30-04-2026-direct-cold-0020
source=edge-node-1 dest=edge-node-2 transfer_mode=direct
success=True
checkpoint_ms=1 transfer_ms=3189 restore_ms=1950 downtime_ms=5140
checkpoint_us=160 checkpoint_ns=159349
archive_bytes=2020
artifacts=/home/ivo/Evaluation-of-Live-Migration-Strategies-at-the-Edge/WASM-migration/metrics/run_artifacts/30-04-2026-direct-cold-0020
csv=/home/ivo/Evaluation-of-Live-Migration-Strategies-at-the-Edge/WASM-migration/metrics/migration_metrics.csv
[exit=0]

$ python3 /home/ivo/Evaluation-of-Live-Migration-Strategies-at-the-Edge/WASM-migration/scripts/orchestrators/wasm_benchmark.py --source edge-node-1 --dest edge-node-2 --transfer-mode direct --run-id 30-04-2026-direct-cold-0021 --module /home/ivo/Evaluation-of-Live-Migration-Strategies-at-the-Edge/WASM-migration/wasm-migrate-commands/wasm_test_computation/3mm_with_cr.wasm --commands-dir /home/ivo/Evaluation-of-Live-Migration-Strategies-at-the-Edge/WASM-migration/wasm-migrate-commands/build --csv /home/ivo/Evaluation-of-Live-Migration-Strategies-at-the-Edge/WASM-migration/metrics/migration_metrics.csv --profile-name 1_WiFi_6 --warmup-seconds 0.01 --timeout-seconds 20.0
Setting up SSH trust: edge-node-1 → ubuntu@10.138.215.137
  Adding public key to destination's authorized_keys...
  Testing SSH connectivity...
  ✓ SSH trust ready
  Transferring /home/ubuntu/wasm-migration/runs/30-04-2026-direct-cold-0021/wasm-state.tar.gz via SCP...
run_id=30-04-2026-direct-cold-0021
source=edge-node-1 dest=edge-node-2 transfer_mode=direct
success=True
checkpoint_ms=1 transfer_ms=3812 restore_ms=1978 downtime_ms=5791
checkpoint_us=122 checkpoint_ns=121371
archive_bytes=2019
artifacts=/home/ivo/Evaluation-of-Live-Migration-Strategies-at-the-Edge/WASM-migration/metrics/run_artifacts/30-04-2026-direct-cold-0021
csv=/home/ivo/Evaluation-of-Live-Migration-Strategies-at-the-Edge/WASM-migration/metrics/migration_metrics.csv
[exit=0]
[repeat] run_ids_file=/home/ivo/Evaluation-of-Live-Migration-Strategies-at-the-Edge/WASM-migration/metrics/run_logs/30-04-2026-wasm-cold-h10-d10-snap-212038.run_ids.txt
