=== repeat_benchmarks.py 2026-05-10T17:01:42.946418 ===
base_run_id=10-05-2026-counter-cold-precopy-postcopy-h10-d10-i3-relay-edge-host-1-snap-noplots-170142
strategies=cold,precopy,postcopy workload=counter source=edge-node-1 dest=edge-node-2 host_runs=10 direct_runs=10 iterations=3 relay_node=edge-host-1 profile_name=2_5G snapshot_node_metrics=True no_plots=True

$ python3 /home/ivo/Evaluation-of-Live-Migration-Strategies-at-the-Edge/Container/scripts/setup/reset_nodes.py edge-node-1 edge-node-2
[17:01:43] Resetting nodes: edge-node-1 -> edge-node-2
[17:01:43] Step 1: Killing any existing processes on source...
[17:01:43]   Killing PID 157023 (from /home/ubuntu/app.pid)
[17:01:44]   Killing PID 157023 (from /home/ubuntu/counter.pid)
[17:01:44]   Killing any remaining background processes...
[17:01:45] Step 2: Cleaning source node...
[17:01:46] Step 3: Cleaning destination node...
[17:01:47]   Killing PID 157023 on destination (from /home/ubuntu/app.pid)
[17:01:48]   Killing PID 157023 on destination (from /home/ubuntu/counter.pid)
[17:01:48]   Killing all remaining counter processes on destination...
[17:01:51] ✓ Reset complete, nodes are clean
[17:01:51]   Next: Start your application
[exit=0]

$ bash /home/ivo/Evaluation-of-Live-Migration-Strategies-at-the-Edge/Container/scripts/workloads/start_counter_c.sh edge-node-1
[17:01:51] Ensuring counter binary on edge-node-1...
[17:01:51] Transferring counter.c to edge-node-1...
[17:01:52] Compiling counter.c on edge-node-1...
[17:01:52] Starting counter on edge-node-1...
[17:01:54] ✓ Counter started
[exit=0]
[repeat] warmup 2s

$ python3 /home/ivo/Evaluation-of-Live-Migration-Strategies-at-the-Edge/Container/scripts/orchestrators/criu_benchmark.py cold --source edge-node-1 --dest edge-node-2 --transfer-mode host --run-id 10-05-2026-host-cold-0000 --relay-node edge-host-1 --profile-name 2_5G
[17:01:57] Starting cold migration...
[17:01:57] Source: edge-node-1, Dest: edge-node-2
[17:01:57] Transfer mode: host
[17:01:57] Relay node: edge-host-1

[17:01:57] === COLD MIGRATION ===
[17:01:57] Step 1: Checking source process...
[17:01:57]   Using PID from /home/ubuntu/counter.pid: 2675
[17:01:57]   Last counter value (pre-freeze): 4
[17:01:58]   Architecture: x86_64 (compatible)
[17:01:58] Step 2: Dumping process with CRIU...
[17:01:59]   Frozen last counter value: 5
[17:01:59]   Expected after restore: 6
[17:01:59]   Checkpoint time: 698 ms
[17:01:59] Step 3: Creating archive...
[17:01:59]   Archive size: 26014 bytes
[17:01:59] Step 4: Transferring archive...
  Transferring /home/ubuntu/CRIU-counter.tar.gz via relay node edge-host-1...
Setting up SSH trust: edge-node-1 → ubuntu@10.138.215.36
  Adding public key to destination's authorized_keys...
  Testing SSH connectivity...
  ✓ SSH trust ready
Setting up SSH trust: edge-host-1 → ubuntu@10.138.215.137
  Adding public key to destination's authorized_keys...
  Testing SSH connectivity...
  ✓ SSH trust ready
[17:02:06]   Transfer time: 6825 ms
[17:02:06] Step 5: Unpacking on destination...
[17:02:06] Step 6: Preparing restore environment...
[17:02:07] Step 6.5: Ensuring /tmp/counter binary is present on destination...
[17:02:07]   /tmp/counter missing on destination, copying from source...
[17:02:08] Step 7: Restoring process...
[17:02:08]   Restore time: 394 ms
[17:02:09]   Restored PID: 2675 (written to /home/ubuntu/counter.pid)
[17:02:09] Step 8: Verifying migration...
[17:02:12]   Expected min: 6 (after ~3.0s → ~9), Observed: 9
[17:02:12] ✓ SUCCESS: Counter continued correctly!
[17:02:12] Total downtime: 7917 ms
[17:02:12] Effective bandwidth: 0.03 Mbps
[17:02:12] Metrics saved to /home/ivo/Evaluation-of-Live-Migration-Strategies-at-the-Edge/Container/metrics/migration_metrics.csv
[exit=0]

$ python3 /home/ivo/Evaluation-of-Live-Migration-Strategies-at-the-Edge/Container/scripts/setup/reset_nodes.py edge-node-1 edge-node-2
[17:02:13] Resetting nodes: edge-node-1 -> edge-node-2
[17:02:13] Step 1: Killing any existing processes on source...
[17:02:13]   Killing PID 2675 (from /home/ubuntu/app.pid)
[17:02:14]   Killing PID 2675 (from /home/ubuntu/counter.pid)
[17:02:14]   Killing any remaining background processes...
[17:02:16] Step 2: Cleaning source node...
[17:02:17] Step 3: Cleaning destination node...
[17:02:17]   Killing PID 2675 on destination (from /home/ubuntu/app.pid)
[17:02:18]   Killing PID 2675 on destination (from /home/ubuntu/counter.pid)
[17:02:18]   Killing all remaining counter processes on destination...
[17:02:22] ✓ Reset complete, nodes are clean
[17:02:22]   Next: Start your application
[exit=0]

$ bash /home/ivo/Evaluation-of-Live-Migration-Strategies-at-the-Edge/Container/scripts/workloads/start_counter_c.sh edge-node-1
[17:02:22] Ensuring counter binary on edge-node-1...
[17:02:22] Reusing existing /tmp/counter on edge-node-1
[17:02:22] Starting counter on edge-node-1...
[17:02:23] ✓ Counter started
[exit=0]
[repeat] warmup 2s

$ python3 /home/ivo/Evaluation-of-Live-Migration-Strategies-at-the-Edge/Container/scripts/orchestrators/criu_benchmark.py cold --source edge-node-1 --dest edge-node-2 --transfer-mode host --run-id 10-05-2026-host-cold-0001 --relay-node edge-host-1 --profile-name 2_5G
[17:02:26] Starting cold migration...
[17:02:26] Source: edge-node-1, Dest: edge-node-2
[17:02:26] Transfer mode: host
[17:02:26] Relay node: edge-host-1

[17:02:26] === COLD MIGRATION ===
[17:02:26] Step 1: Checking source process...
[17:02:26]   Using PID from /home/ubuntu/counter.pid: 4214
[17:02:27]   Last counter value (pre-freeze): 4
[17:02:27]   Architecture: x86_64 (compatible)
[17:02:27] Step 2: Dumping process with CRIU...
[17:02:28]   Frozen last counter value: 5
[17:02:28]   Expected after restore: 6
[17:02:28]   Checkpoint time: 578 ms
[17:02:28] Step 3: Creating archive...
[17:02:28]   Archive size: 25361 bytes
[17:02:28] Step 4: Transferring archive...
  Transferring /home/ubuntu/CRIU-counter.tar.gz via relay node edge-host-1...
Setting up SSH trust: edge-node-1 → ubuntu@10.138.215.36
  Adding public key to destination's authorized_keys...
  Testing SSH connectivity...
  ✓ SSH trust ready
Setting up SSH trust: edge-host-1 → ubuntu@10.138.215.137
  Adding public key to destination's authorized_keys...
  Testing SSH connectivity...
  ✓ SSH trust ready
[17:02:36]   Transfer time: 7505 ms
[17:02:36] Step 5: Unpacking on destination...
[17:02:36] Step 6: Preparing restore environment...
[17:02:37] Step 6.5: Ensuring /tmp/counter binary is present on destination...
[17:02:37] Step 7: Restoring process...
[17:02:37]   Restore time: 309 ms
[17:02:38]   Restored PID: 4214 (written to /home/ubuntu/counter.pid)
[17:02:38] Step 8: Verifying migration...
[17:02:41]   Expected min: 6 (after ~3.0s → ~9), Observed: 9
[17:02:41] ✓ SUCCESS: Counter continued correctly!
[17:02:41] Total downtime: 8392 ms
[17:02:41] Effective bandwidth: 0.03 Mbps
[17:02:41] Metrics saved to /home/ivo/Evaluation-of-Live-Migration-Strategies-at-the-Edge/Container/metrics/migration_metrics.csv
[exit=0]

$ python3 /home/ivo/Evaluation-of-Live-Migration-Strategies-at-the-Edge/Container/scripts/setup/reset_nodes.py edge-node-1 edge-node-2
[17:02:42] Resetting nodes: edge-node-1 -> edge-node-2
[17:02:42] Step 1: Killing any existing processes on source...
[17:02:42]   Killing PID 4214 (from /home/ubuntu/app.pid)
[17:02:43]   Killing PID 4214 (from /home/ubuntu/counter.pid)
[17:02:43]   Killing any remaining background processes...
[17:02:45] Step 2: Cleaning source node...
[17:02:46] Step 3: Cleaning destination node...
[17:02:46]   Killing PID 4214 on destination (from /home/ubuntu/app.pid)
[17:02:47]   Killing PID 4214 on destination (from /home/ubuntu/counter.pid)
[17:02:47]   Killing all remaining counter processes on destination...
[17:02:51] ✓ Reset complete, nodes are clean
[17:02:51]   Next: Start your application
[exit=0]

$ bash /home/ivo/Evaluation-of-Live-Migration-Strategies-at-the-Edge/Container/scripts/workloads/start_counter_c.sh edge-node-1
[17:02:51] Ensuring counter binary on edge-node-1...
[17:02:51] Reusing existing /tmp/counter on edge-node-1
[17:02:51] Starting counter on edge-node-1...
[17:02:52] ✓ Counter started
[exit=0]
[repeat] warmup 2s

$ python3 /home/ivo/Evaluation-of-Live-Migration-Strategies-at-the-Edge/Container/scripts/orchestrators/criu_benchmark.py cold --source edge-node-1 --dest edge-node-2 --transfer-mode host --run-id 10-05-2026-host-cold-0002 --relay-node edge-host-1 --profile-name 2_5G
[17:02:55] Starting cold migration...
[17:02:55] Source: edge-node-1, Dest: edge-node-2
[17:02:55] Transfer mode: host
[17:02:55] Relay node: edge-host-1

[17:02:55] === COLD MIGRATION ===
[17:02:55] Step 1: Checking source process...
[17:02:55]   Using PID from /home/ubuntu/counter.pid: 5669
[17:02:55]   Last counter value (pre-freeze): 4
[17:02:56]   Architecture: x86_64 (compatible)
[17:02:56] Step 2: Dumping process with CRIU...
[17:02:57]   Frozen last counter value: 5
[17:02:57]   Expected after restore: 6
[17:02:57]   Checkpoint time: 669 ms
[17:02:57] Step 3: Creating archive...
[17:02:57]   Archive size: 25171 bytes
[17:02:57] Step 4: Transferring archive...
  Transferring /home/ubuntu/CRIU-counter.tar.gz via relay node edge-host-1...
Setting up SSH trust: edge-node-1 → ubuntu@10.138.215.36
  Adding public key to destination's authorized_keys...
  Testing SSH connectivity...
  ✓ SSH trust ready
Setting up SSH trust: edge-host-1 → ubuntu@10.138.215.137
  Adding public key to destination's authorized_keys...
  Testing SSH connectivity...
  ✓ SSH trust ready
[17:03:04]   Transfer time: 6894 ms
[17:03:04] Step 5: Unpacking on destination...
[17:03:05] Step 6: Preparing restore environment...
[17:03:05] Step 6.5: Ensuring /tmp/counter binary is present on destination...
[17:03:05] Step 7: Restoring process...
[17:03:06]   Restore time: 297 ms
[17:03:06]   Restored PID: 5669 (written to /home/ubuntu/counter.pid)
[17:03:06] Step 8: Verifying migration...
[17:03:09]   Expected min: 6 (after ~3.0s → ~9), Observed: 9
[17:03:09] ✓ SUCCESS: Counter continued correctly!
[17:03:09] Total downtime: 7860 ms
[17:03:09] Effective bandwidth: 0.03 Mbps
[17:03:09] Metrics saved to /home/ivo/Evaluation-of-Live-Migration-Strategies-at-the-Edge/Container/metrics/migration_metrics.csv
[exit=0]

$ python3 /home/ivo/Evaluation-of-Live-Migration-Strategies-at-the-Edge/Container/scripts/setup/reset_nodes.py edge-node-1 edge-node-2
[17:03:10] Resetting nodes: edge-node-1 -> edge-node-2
[17:03:10] Step 1: Killing any existing processes on source...
[17:03:10]   Killing PID 5669 (from /home/ubuntu/app.pid)
[17:03:11]   Killing PID 5669 (from /home/ubuntu/counter.pid)
[17:03:12]   Killing any remaining background processes...
[17:03:13] Step 2: Cleaning source node...
[17:03:15] Step 3: Cleaning destination node...
[17:03:15]   Killing PID 5669 on destination (from /home/ubuntu/app.pid)
[17:03:16]   Killing PID 5669 on destination (from /home/ubuntu/counter.pid)
[17:03:16]   Killing all remaining counter processes on destination...
[17:03:19] ✓ Reset complete, nodes are clean
[17:03:19]   Next: Start your application
[exit=0]

$ bash /home/ivo/Evaluation-of-Live-Migration-Strategies-at-the-Edge/Container/scripts/workloads/start_counter_c.sh edge-node-1
[17:03:19] Ensuring counter binary on edge-node-1...
[17:03:20] Reusing existing /tmp/counter on edge-node-1
[17:03:20] Starting counter on edge-node-1...
[17:03:21] ✓ Counter started
[exit=0]
[repeat] warmup 2s

$ python3 /home/ivo/Evaluation-of-Live-Migration-Strategies-at-the-Edge/Container/scripts/orchestrators/criu_benchmark.py cold --source edge-node-1 --dest edge-node-2 --transfer-mode host --run-id 10-05-2026-host-cold-0003 --relay-node edge-host-1 --profile-name 2_5G
[17:03:23] Starting cold migration...
[17:03:23] Source: edge-node-1, Dest: edge-node-2
[17:03:23] Transfer mode: host
[17:03:23] Relay node: edge-host-1

[17:03:23] === COLD MIGRATION ===
[17:03:23] Step 1: Checking source process...
[17:03:24]   Using PID from /home/ubuntu/counter.pid: 7126
[17:03:24]   Last counter value (pre-freeze): 4
[17:03:25]   Architecture: x86_64 (compatible)
[17:03:25] Step 2: Dumping process with CRIU...
[17:03:25]   Frozen last counter value: 5
[17:03:25]   Expected after restore: 6
[17:03:25]   Checkpoint time: 544 ms
[17:03:25] Step 3: Creating archive...
[17:03:26]   Archive size: 25165 bytes
[17:03:26] Step 4: Transferring archive...
  Transferring /home/ubuntu/CRIU-counter.tar.gz via relay node edge-host-1...
Setting up SSH trust: edge-node-1 → ubuntu@10.138.215.36
  Adding public key to destination's authorized_keys...
  Testing SSH connectivity...
  ✓ SSH trust ready
Setting up SSH trust: edge-host-1 → ubuntu@10.138.215.137
  Adding public key to destination's authorized_keys...
  Testing SSH connectivity...
  ✓ SSH trust ready
[17:03:33]   Transfer time: 6791 ms
[17:03:33] Step 5: Unpacking on destination...
[17:03:33] Step 6: Preparing restore environment...
[17:03:34] Step 6.5: Ensuring /tmp/counter binary is present on destination...
[17:03:34] Step 7: Restoring process...
[17:03:34]   Restore time: 322 ms
[17:03:35]   Restored PID: 7126 (written to /home/ubuntu/counter.pid)
[17:03:35] Step 8: Verifying migration...
[17:03:38]   Expected min: 6 (after ~3.0s → ~9), Observed: 10
[17:03:38] ✓ SUCCESS: Counter continued correctly!
[17:03:38] Total downtime: 7657 ms
[17:03:38] Effective bandwidth: 0.03 Mbps
[17:03:38] Metrics saved to /home/ivo/Evaluation-of-Live-Migration-Strategies-at-the-Edge/Container/metrics/migration_metrics.csv
[exit=0]

$ python3 /home/ivo/Evaluation-of-Live-Migration-Strategies-at-the-Edge/Container/scripts/setup/reset_nodes.py edge-node-1 edge-node-2
[17:03:39] Resetting nodes: edge-node-1 -> edge-node-2
[17:03:39] Step 1: Killing any existing processes on source...
[17:03:39]   Killing PID 7126 (from /home/ubuntu/app.pid)
[17:03:40]   Killing PID 7126 (from /home/ubuntu/counter.pid)
[17:03:40]   Killing any remaining background processes...
[17:03:42] Step 2: Cleaning source node...
[17:03:43] Step 3: Cleaning destination node...
[17:03:43]   Killing PID 7126 on destination (from /home/ubuntu/app.pid)
[17:03:44]   Killing PID 7126 on destination (from /home/ubuntu/counter.pid)
[17:03:44]   Killing all remaining counter processes on destination...
[17:03:48] ✓ Reset complete, nodes are clean
[17:03:48]   Next: Start your application
[exit=0]

$ bash /home/ivo/Evaluation-of-Live-Migration-Strategies-at-the-Edge/Container/scripts/workloads/start_counter_c.sh edge-node-1
[17:03:48] Ensuring counter binary on edge-node-1...
[17:03:48] Reusing existing /tmp/counter on edge-node-1
[17:03:48] Starting counter on edge-node-1...
[17:03:49] ✓ Counter started
[exit=0]
[repeat] warmup 2s

$ python3 /home/ivo/Evaluation-of-Live-Migration-Strategies-at-the-Edge/Container/scripts/orchestrators/criu_benchmark.py cold --source edge-node-1 --dest edge-node-2 --transfer-mode host --run-id 10-05-2026-host-cold-0004 --relay-node edge-host-1 --profile-name 2_5G
[17:03:52] Starting cold migration...
[17:03:52] Source: edge-node-1, Dest: edge-node-2
[17:03:52] Transfer mode: host
[17:03:52] Relay node: edge-host-1

[17:03:52] === COLD MIGRATION ===
[17:03:52] Step 1: Checking source process...
[17:03:52]   Using PID from /home/ubuntu/counter.pid: 8580
[17:03:53]   Last counter value (pre-freeze): 4
[17:03:53]   Architecture: x86_64 (compatible)
[17:03:53] Step 2: Dumping process with CRIU...
[17:03:54]   Frozen last counter value: 5
[17:03:54]   Expected after restore: 6
[17:03:54]   Checkpoint time: 580 ms
[17:03:54] Step 3: Creating archive...
[17:03:54]   Archive size: 25164 bytes
[17:03:54] Step 4: Transferring archive...
  Transferring /home/ubuntu/CRIU-counter.tar.gz via relay node edge-host-1...
Setting up SSH trust: edge-node-1 → ubuntu@10.138.215.36
  Adding public key to destination's authorized_keys...
  Testing SSH connectivity...
  ✓ SSH trust ready
Setting up SSH trust: edge-host-1 → ubuntu@10.138.215.137
  Adding public key to destination's authorized_keys...
  Testing SSH connectivity...
  ✓ SSH trust ready
[17:04:02]   Transfer time: 7231 ms
[17:04:02] Step 5: Unpacking on destination...
[17:04:02] Step 6: Preparing restore environment...
[17:04:03] Step 6.5: Ensuring /tmp/counter binary is present on destination...
[17:04:03] Step 7: Restoring process...
[17:04:03]   Restore time: 302 ms
[17:04:03]   Restored PID: 8580 (written to /home/ubuntu/counter.pid)
[17:04:03] Step 8: Verifying migration...
[17:04:07]   Expected min: 6 (after ~3.0s → ~9), Observed: 9
[17:04:07] ✓ SUCCESS: Counter continued correctly!
[17:04:07] Total downtime: 8113 ms
[17:04:07] Effective bandwidth: 0.03 Mbps
[17:04:07] Metrics saved to /home/ivo/Evaluation-of-Live-Migration-Strategies-at-the-Edge/Container/metrics/migration_metrics.csv
[exit=0]

$ python3 /home/ivo/Evaluation-of-Live-Migration-Strategies-at-the-Edge/Container/scripts/setup/reset_nodes.py edge-node-1 edge-node-2
[17:04:08] Resetting nodes: edge-node-1 -> edge-node-2
[17:04:08] Step 1: Killing any existing processes on source...
[17:04:08]   Killing PID 8580 (from /home/ubuntu/app.pid)
[17:04:09]   Killing PID 8580 (from /home/ubuntu/counter.pid)
[17:04:09]   Killing any remaining background processes...
[17:04:10] Step 2: Cleaning source node...
[17:04:12] Step 3: Cleaning destination node...
[17:04:12]   Killing PID 8580 on destination (from /home/ubuntu/app.pid)
[17:04:13]   Killing PID 8580 on destination (from /home/ubuntu/counter.pid)
[17:04:13]   Killing all remaining counter processes on destination...
[17:04:16] ✓ Reset complete, nodes are clean
[17:04:16]   Next: Start your application
[exit=0]

$ bash /home/ivo/Evaluation-of-Live-Migration-Strategies-at-the-Edge/Container/scripts/workloads/start_counter_c.sh edge-node-1
[17:04:16] Ensuring counter binary on edge-node-1...
[17:04:17] Reusing existing /tmp/counter on edge-node-1
[17:04:17] Starting counter on edge-node-1...
[17:04:18] ✓ Counter started
[exit=0]
[repeat] warmup 2s
