=== repeat_benchmarks.py 2026-04-11T03:51:50.711742 ===
base_run_id=11-04-2026-counter-cold-precopy-postcopy-h2-d2-i2-relay-edge-host-1-snap-plots-035150
strategies=cold,precopy,postcopy workload=counter source=edge-node-1 dest=edge-node-2 host_runs=2 direct_runs=2 iterations=2 relay_node=edge-host-1 snapshot_node_metrics=True no_plots=False

$ python3 /home/ivo/Documents/University/4to/Thesis-AAAAAAAa/Container-vs-Wasm-Service-Migration/Container/scripts/setup/reset_nodes.py edge-node-1 edge-node-2
[03:51:50] Resetting nodes: edge-node-1 -> edge-node-2
[03:51:50] Step 1: Killing any existing processes on source...
[03:51:51]   Killing PID 111866 (from /home/ubuntu/app.pid)
[03:51:52]   Killing any remaining background processes...
[03:51:53] Step 2: Cleaning source node...
[03:51:54] Step 3: Cleaning destination node...
[03:51:55]   Killing all remaining counter processes on destination...
[03:51:59] ✓ Reset complete, nodes are clean
[03:51:59]   Next: Start your application
[exit=0]

$ bash /home/ivo/Documents/University/4to/Thesis-AAAAAAAa/Container-vs-Wasm-Service-Migration/Container/scripts/workloads/start_counter_c.sh edge-node-1
[03:51:59] Transferring counter.c to edge-node-1...
[03:51:59] Compiling counter.c on edge-node-1...
[03:51:59] Starting counter on edge-node-1...
✓ C counter running (PID: 113030)
[03:52:01] ✓ Counter started
[exit=0]
[repeat] warmup 2s
[repeat] WARNING: node_exporter snapshot failed: edge-node-1 (before)
[repeat] WARNING: node_exporter snapshot failed: edge-node-2 (before)

$ python3 /home/ivo/Documents/University/4to/Thesis-AAAAAAAa/Container-vs-Wasm-Service-Migration/Container/scripts/orchestrators/criu_benchmark.py cold --source edge-node-1 --dest edge-node-2 --transfer-mode host --run-id 11-04-2026-host-cold-0000 --relay-node edge-host-1
[03:52:03] Starting cold migration...
[03:52:03] Source: edge-node-1, Dest: edge-node-2
[03:52:03] Transfer mode: host
[03:52:03] Relay node: edge-host-1

[03:52:03] === COLD MIGRATION ===
[03:52:03] Step 1: Checking source process...
[03:52:04]   Using PID from /home/ubuntu/counter.pid: 113030
[03:52:04]   Last counter value (pre-freeze): 4
[03:52:05]   Architecture: x86_64 (compatible)
[03:52:05] Step 2: Dumping process with CRIU...
[03:52:06]   Frozen last counter value: 5
[03:52:06]   Expected after restore: 6
[03:52:06]   Checkpoint time: 628 ms
[03:52:06] Step 3: Creating archive...
[03:52:06]   Archive size: 25411 bytes
[03:52:06] Step 4: Transferring archive...
  Transferring /home/ubuntu/CRIU-counter.tar.gz via relay node edge-host-1...
Setting up SSH trust: edge-node-1 → ubuntu@10.22.132.75
  Adding public key to destination's authorized_keys...
  Testing SSH connectivity...
  ✓ SSH trust ready
Setting up SSH trust: edge-host-1 → ubuntu@10.22.132.147
  Adding public key to destination's authorized_keys...
  Testing SSH connectivity...
  ✓ SSH trust ready
[03:52:13]   Transfer time: 7074 ms
[03:52:13] Step 5: Unpacking on destination...
[03:52:14] Step 6: Preparing restore environment...
[03:52:14] Step 6.5: Ensuring /tmp/counter binary is present on destination...
[03:52:15]   /tmp/counter missing on destination, copying from source...
[03:52:15] Step 7: Restoring process...
[03:52:16]   Restore time: 348 ms
[03:52:16]   Restored PID: 113030 (written to /home/ubuntu/counter.pid)
[03:52:16] Step 8: Verifying migration...
[03:52:20]   Expected min: 6 (after ~3.0s → ~9), Observed: 10
[03:52:20] ✓ SUCCESS: Counter continued correctly!
[03:52:20] Total downtime: 8050 ms
[03:52:20] Effective bandwidth: 0.03 Mbps
[03:52:20] Metrics saved to /home/ivo/Documents/University/4to/Thesis-AAAAAAAa/Container-vs-Wasm-Service-Migration/Container/metrics/migration_metrics.csv
[exit=0]
[repeat] WARNING: node_exporter snapshot failed: edge-node-1 (after)
[repeat] WARNING: node_exporter snapshot failed: edge-node-2 (after)
[repeat] WARNING: node_exporter CSV row not written (missing snapshots)

$ python3 /home/ivo/Documents/University/4to/Thesis-AAAAAAAa/Container-vs-Wasm-Service-Migration/Container/scripts/setup/reset_nodes.py edge-node-1 edge-node-2
[03:52:20] Resetting nodes: edge-node-1 -> edge-node-2
[03:52:20] Step 1: Killing any existing processes on source...
[03:52:21]   Killing PID 113030 (from /home/ubuntu/app.pid)
[03:52:21]   Killing PID 113030 (from /home/ubuntu/counter.pid)
[03:52:22]   Killing any remaining background processes...
[03:52:24] Step 2: Cleaning source node...
[03:52:25] Step 3: Cleaning destination node...
[03:52:25]   Killing PID 113030 on destination (from /home/ubuntu/app.pid)
[03:52:26]   Killing PID 113030 on destination (from /home/ubuntu/counter.pid)
[03:52:26]   Killing all remaining counter processes on destination...
[03:52:30] ✓ Reset complete, nodes are clean
[03:52:30]   Next: Start your application
[exit=0]

$ bash /home/ivo/Documents/University/4to/Thesis-AAAAAAAa/Container-vs-Wasm-Service-Migration/Container/scripts/workloads/start_counter_c.sh edge-node-1
[03:52:30] Transferring counter.c to edge-node-1...
[03:52:31] Compiling counter.c on edge-node-1...
[03:52:31] Starting counter on edge-node-1...
