=== repeat_benchmarks.py 2026-04-11T03:57:31.411212 ===
base_run_id=11-04-2026-counter-cold-precopy-postcopy-h2-d2-i2-relay-edge-host-1-snap-plots-035731
strategies=cold,precopy,postcopy workload=counter source=edge-node-1 dest=edge-node-2 host_runs=2 direct_runs=2 iterations=2 relay_node=edge-host-1 snapshot_node_metrics=True no_plots=False

$ python3 /home/ivo/Documents/University/4to/Thesis-AAAAAAAa/Container-vs-Wasm-Service-Migration/Container/scripts/setup/reset_nodes.py edge-node-1 edge-node-2
[03:57:31] Resetting nodes: edge-node-1 -> edge-node-2
[03:57:31] Step 1: Killing any existing processes on source...
[03:57:32]   Killing PID 114619 (from /home/ubuntu/app.pid)
[03:57:33]   Killing PID 114619 (from /home/ubuntu/counter.pid)
[03:57:33]   Killing any remaining background processes...
[03:57:34] Step 2: Cleaning source node...
[03:57:36] Step 3: Cleaning destination node...
[03:57:37]   Killing all remaining counter processes on destination...
[03:57:40] ✓ Reset complete, nodes are clean
[03:57:40]   Next: Start your application
[exit=0]

$ bash /home/ivo/Documents/University/4to/Thesis-AAAAAAAa/Container-vs-Wasm-Service-Migration/Container/scripts/workloads/start_counter_c.sh edge-node-1
[03:57:41] Transferring counter.c to edge-node-1...
[03:57:41] Compiling counter.c on edge-node-1...
[03:57:41] Starting counter on edge-node-1...
✓ C counter running (PID: 117900)
[03:57:43] ✓ Counter started
[exit=0]
[repeat] warmup 2s

$ python3 /home/ivo/Documents/University/4to/Thesis-AAAAAAAa/Container-vs-Wasm-Service-Migration/Container/scripts/orchestrators/criu_benchmark.py cold --source edge-node-1 --dest edge-node-2 --transfer-mode host --run-id 11-04-2026-host-cold-0001 --relay-node edge-host-1
[03:57:45] Starting cold migration...
[03:57:45] Source: edge-node-1, Dest: edge-node-2
[03:57:45] Transfer mode: host
[03:57:45] Relay node: edge-host-1

[03:57:45] === COLD MIGRATION ===
[03:57:45] Step 1: Checking source process...
[03:57:46]   Using PID from /home/ubuntu/counter.pid: 117900
[03:57:46]   Last counter value (pre-freeze): 4
[03:57:47]   Architecture: x86_64 (compatible)
[03:57:47] Step 2: Dumping process with CRIU...
[03:57:48]   Frozen last counter value: 5
[03:57:48]   Expected after restore: 6
[03:57:48]   Checkpoint time: 675 ms
[03:57:48] Step 3: Creating archive...
[03:57:48]   Archive size: 25425 bytes
[03:57:48] Step 4: Transferring archive...
  Transferring /home/ubuntu/CRIU-counter.tar.gz via relay node edge-host-1...
Setting up SSH trust: edge-node-1 → ubuntu@10.22.132.75
  Adding public key to destination's authorized_keys...
  Testing SSH connectivity...
  ✓ SSH trust ready
Setting up SSH trust: edge-host-1 → ubuntu@10.22.132.147
  Adding public key to destination's authorized_keys...
  Testing SSH connectivity...
  ✓ SSH trust ready
[03:57:55]   Transfer time: 6758 ms
[03:57:55] Step 5: Unpacking on destination...
[03:57:56] Step 6: Preparing restore environment...
[03:57:56] Step 6.5: Ensuring /tmp/counter binary is present on destination...
[03:57:56] Step 7: Restoring process...
[03:57:57]   Restore time: 391 ms
[03:57:57]   Restored PID: 117900 (written to /home/ubuntu/counter.pid)
[03:57:57] Step 8: Verifying migration...
[03:58:01]   Expected min: 6 (after ~3.0s → ~9), Observed: 9
[03:58:01] ✓ SUCCESS: Counter continued correctly!
[03:58:01] Total downtime: 7824 ms
[03:58:01] Effective bandwidth: 0.03 Mbps
[03:58:01] Metrics saved to /home/ivo/Documents/University/4to/Thesis-AAAAAAAa/Container-vs-Wasm-Service-Migration/Container/metrics/migration_metrics.csv
[exit=0]

$ python3 /home/ivo/Documents/University/4to/Thesis-AAAAAAAa/Container-vs-Wasm-Service-Migration/Container/scripts/setup/reset_nodes.py edge-node-1 edge-node-2
[03:58:02] Resetting nodes: edge-node-1 -> edge-node-2
[03:58:02] Step 1: Killing any existing processes on source...
[03:58:02]   Killing PID 117900 (from /home/ubuntu/app.pid)
[03:58:03]   Killing PID 117900 (from /home/ubuntu/counter.pid)
[03:58:04]   Killing any remaining background processes...
[03:58:05] Step 2: Cleaning source node...
[03:58:06] Step 3: Cleaning destination node...
[03:58:07]   Killing PID 117900 on destination (from /home/ubuntu/app.pid)
[03:58:07]   Killing PID 117900 on destination (from /home/ubuntu/counter.pid)
[03:58:08]   Killing all remaining counter processes on destination...
[03:58:12] ✓ Reset complete, nodes are clean
[03:58:12]   Next: Start your application
[exit=0]

$ bash /home/ivo/Documents/University/4to/Thesis-AAAAAAAa/Container-vs-Wasm-Service-Migration/Container/scripts/workloads/start_counter_c.sh edge-node-1
[03:58:12] Transferring counter.c to edge-node-1...
[03:58:12] Compiling counter.c on edge-node-1...
[03:58:13] Starting counter on edge-node-1...
✓ C counter running (PID: 119446)
[03:58:14] ✓ Counter started
[exit=0]
[repeat] warmup 2s

$ python3 /home/ivo/Documents/University/4to/Thesis-AAAAAAAa/Container-vs-Wasm-Service-Migration/Container/scripts/orchestrators/criu_benchmark.py cold --source edge-node-1 --dest edge-node-2 --transfer-mode host --run-id 11-04-2026-host-cold-0002 --relay-node edge-host-1
[03:58:17] Starting cold migration...
[03:58:17] Source: edge-node-1, Dest: edge-node-2
[03:58:17] Transfer mode: host
[03:58:17] Relay node: edge-host-1

[03:58:17] === COLD MIGRATION ===
[03:58:17] Step 1: Checking source process...
[03:58:18]   Using PID from /home/ubuntu/counter.pid: 119446
[03:58:18]   Last counter value (pre-freeze): 4
[03:58:19]   Architecture: x86_64 (compatible)
[03:58:19] Step 2: Dumping process with CRIU...
[03:58:20]   Frozen last counter value: 6
[03:58:20]   Expected after restore: 7
[03:58:20]   Checkpoint time: 789 ms
[03:58:20] Step 3: Creating archive...
[03:58:21]   Archive size: 25506 bytes
[03:58:21] Step 4: Transferring archive...
  Transferring /home/ubuntu/CRIU-counter.tar.gz via relay node edge-host-1...
Setting up SSH trust: edge-node-1 → ubuntu@10.22.132.75
  Adding public key to destination's authorized_keys...
  Testing SSH connectivity...
  ✓ SSH trust ready
Setting up SSH trust: edge-host-1 → ubuntu@10.22.132.147
  Adding public key to destination's authorized_keys...
  Testing SSH connectivity...
  ✓ SSH trust ready
[03:58:27]   Transfer time: 6506 ms
[03:58:27] Step 5: Unpacking on destination...
[03:58:27] Step 6: Preparing restore environment...
[03:58:28] Step 6.5: Ensuring /tmp/counter binary is present on destination...
[03:58:29] Step 7: Restoring process...
[03:58:29]   Restore time: 366 ms
[03:58:29]   Restored PID: 119446 (written to /home/ubuntu/counter.pid)
[03:58:29] Step 8: Verifying migration...
[03:58:33]   Expected min: 7 (after ~3.0s → ~10), Observed: 11
[03:58:33] ✓ SUCCESS: Counter continued correctly!
[03:58:33] Total downtime: 7661 ms
[03:58:33] Effective bandwidth: 0.03 Mbps
[03:58:33] Metrics saved to /home/ivo/Documents/University/4to/Thesis-AAAAAAAa/Container-vs-Wasm-Service-Migration/Container/metrics/migration_metrics.csv
[exit=0]

$ python3 /home/ivo/Documents/University/4to/Thesis-AAAAAAAa/Container-vs-Wasm-Service-Migration/Container/scripts/setup/reset_nodes.py edge-node-1 edge-node-2
[03:58:34] Resetting nodes: edge-node-1 -> edge-node-2
[03:58:34] Step 1: Killing any existing processes on source...
[03:58:34]   Killing PID 119446 (from /home/ubuntu/app.pid)
[03:58:35]   Killing PID 119446 (from /home/ubuntu/counter.pid)
[03:58:36]   Killing any remaining background processes...
[03:58:37] Step 2: Cleaning source node...
[03:58:39] Step 3: Cleaning destination node...
[03:58:39]   Killing PID 119446 on destination (from /home/ubuntu/app.pid)
[03:58:40]   Killing PID 119446 on destination (from /home/ubuntu/counter.pid)
[03:58:41]   Killing all remaining counter processes on destination...
[03:58:45] ✓ Reset complete, nodes are clean
[03:58:45]   Next: Start your application
[exit=0]

$ bash /home/ivo/Documents/University/4to/Thesis-AAAAAAAa/Container-vs-Wasm-Service-Migration/Container/scripts/workloads/start_counter_c.sh edge-node-1
[03:58:45] Transferring counter.c to edge-node-1...
[03:58:45] Compiling counter.c on edge-node-1...
[03:58:45] Starting counter on edge-node-1...
✓ C counter running (PID: 120991)
[03:58:47] ✓ Counter started
[exit=0]
[repeat] warmup 2s

$ python3 /home/ivo/Documents/University/4to/Thesis-AAAAAAAa/Container-vs-Wasm-Service-Migration/Container/scripts/orchestrators/criu_benchmark.py cold --source edge-node-1 --dest edge-node-2 --transfer-mode direct --run-id 11-04-2026-direct-cold-0000
[03:58:49] Starting cold migration...
[03:58:49] Source: edge-node-1, Dest: edge-node-2
[03:58:49] Transfer mode: direct

[03:58:49] === COLD MIGRATION ===
[03:58:49] Step 1: Checking source process...
[03:58:50]   Using PID from /home/ubuntu/counter.pid: 120991
[03:58:50]   Last counter value (pre-freeze): 4
[03:58:51]   Architecture: x86_64 (compatible)
[03:58:51] Step 2: Dumping process with CRIU...
[03:58:52]   Frozen last counter value: 5
[03:58:52]   Expected after restore: 6
[03:58:52]   Checkpoint time: 719 ms
[03:58:52] Step 3: Creating archive...
[03:58:53]   Archive size: 25631 bytes
[03:58:53] Step 4: Transferring archive...
[03:58:53]   Setting up direct SSH trust...
Setting up SSH trust: edge-node-1 → ubuntu@10.22.132.147
  Adding public key to destination's authorized_keys...
  Testing SSH connectivity...
  ✓ SSH trust ready
Setting up SSH trust: edge-node-1 → ubuntu@10.22.132.147
  Adding public key to destination's authorized_keys...
  Testing SSH connectivity...
  ✓ SSH trust ready
  Transferring /home/ubuntu/CRIU-counter.tar.gz via SCP...
[03:58:57]   Transfer time: 2985 ms
[03:58:57] Step 5: Unpacking on destination...
[03:58:58] Step 6: Preparing restore environment...
[03:58:58] Step 6.5: Ensuring /tmp/counter binary is present on destination...
[03:58:59] Step 7: Restoring process...
[03:58:59]   Restore time: 385 ms
[03:59:00]   Restored PID: 120991 (written to /home/ubuntu/counter.pid)
[03:59:00] Step 8: Verifying migration...
[03:59:03]   Expected min: 6 (after ~3.0s → ~9), Observed: 10
[03:59:03] ✓ SUCCESS: Counter continued correctly!
[03:59:03] Total downtime: 4089 ms
[03:59:03] Effective bandwidth: 0.07 Mbps
[03:59:03] Metrics saved to /home/ivo/Documents/University/4to/Thesis-AAAAAAAa/Container-vs-Wasm-Service-Migration/Container/metrics/migration_metrics.csv
[exit=0]

$ python3 /home/ivo/Documents/University/4to/Thesis-AAAAAAAa/Container-vs-Wasm-Service-Migration/Container/scripts/setup/reset_nodes.py edge-node-1 edge-node-2
[03:59:04] Resetting nodes: edge-node-1 -> edge-node-2
[03:59:04] Step 1: Killing any existing processes on source...
[03:59:05]   Killing PID 120991 (from /home/ubuntu/app.pid)
[03:59:06]   Killing PID 120991 (from /home/ubuntu/counter.pid)
[03:59:06]   Killing any remaining background processes...
[03:59:07] Step 2: Cleaning source node...
[03:59:09] Step 3: Cleaning destination node...
[03:59:09]   Killing PID 120991 on destination (from /home/ubuntu/app.pid)
[03:59:10]   Killing PID 120991 on destination (from /home/ubuntu/counter.pid)
[03:59:10]   Killing all remaining counter processes on destination...
[03:59:14] ✓ Reset complete, nodes are clean
[03:59:14]   Next: Start your application
[exit=0]

$ bash /home/ivo/Documents/University/4to/Thesis-AAAAAAAa/Container-vs-Wasm-Service-Migration/Container/scripts/workloads/start_counter_c.sh edge-node-1
[03:59:14] Transferring counter.c to edge-node-1...
[03:59:14] Compiling counter.c on edge-node-1...
[03:59:15] Starting counter on edge-node-1...
✓ C counter running (PID: 122633)
[03:59:16] ✓ Counter started
[exit=0]
[repeat] warmup 2s

$ python3 /home/ivo/Documents/University/4to/Thesis-AAAAAAAa/Container-vs-Wasm-Service-Migration/Container/scripts/orchestrators/criu_benchmark.py cold --source edge-node-1 --dest edge-node-2 --transfer-mode direct --run-id 11-04-2026-direct-cold-0001
[03:59:19] Starting cold migration...
[03:59:19] Source: edge-node-1, Dest: edge-node-2
[03:59:19] Transfer mode: direct

[03:59:19] === COLD MIGRATION ===
[03:59:19] Step 1: Checking source process...
[03:59:19]   Using PID from /home/ubuntu/counter.pid: 122633
[03:59:20]   Last counter value (pre-freeze): 4
[03:59:20]   Architecture: x86_64 (compatible)
[03:59:20] Step 2: Dumping process with CRIU...
[03:59:21]   Frozen last counter value: 5
[03:59:21]   Expected after restore: 6
[03:59:21]   Checkpoint time: 651 ms
[03:59:21] Step 3: Creating archive...
[03:59:22]   Archive size: 25453 bytes
[03:59:22] Step 4: Transferring archive...
[03:59:22]   Setting up direct SSH trust...
Setting up SSH trust: edge-node-1 → ubuntu@10.22.132.147
  Adding public key to destination's authorized_keys...
  Testing SSH connectivity...
  ✓ SSH trust ready
Setting up SSH trust: edge-node-1 → ubuntu@10.22.132.147
  Adding public key to destination's authorized_keys...
  Testing SSH connectivity...
  ✓ SSH trust ready
  Transferring /home/ubuntu/CRIU-counter.tar.gz via SCP...
[03:59:27]   Transfer time: 2832 ms
[03:59:27] Step 5: Unpacking on destination...
[03:59:27] Step 6: Preparing restore environment...
[03:59:28] Step 6.5: Ensuring /tmp/counter binary is present on destination...
[03:59:28] Step 7: Restoring process...
[03:59:28]   Restore time: 433 ms
[03:59:29]   Restored PID: 122633 (written to /home/ubuntu/counter.pid)
[03:59:29] Step 8: Verifying migration...
[03:59:32]   Expected min: 6 (after ~3.0s → ~9), Observed: 10
[03:59:32] ✓ SUCCESS: Counter continued correctly!
[03:59:32] Total downtime: 3916 ms
[03:59:32] Effective bandwidth: 0.07 Mbps
[03:59:32] Metrics saved to /home/ivo/Documents/University/4to/Thesis-AAAAAAAa/Container-vs-Wasm-Service-Migration/Container/metrics/migration_metrics.csv
[exit=0]

$ python3 /home/ivo/Documents/University/4to/Thesis-AAAAAAAa/Container-vs-Wasm-Service-Migration/Container/scripts/setup/reset_nodes.py edge-node-1 edge-node-2
[03:59:33] Resetting nodes: edge-node-1 -> edge-node-2
[03:59:33] Step 1: Killing any existing processes on source...
[03:59:33]   Killing PID 122633 (from /home/ubuntu/app.pid)
[03:59:34]   Killing PID 122633 (from /home/ubuntu/counter.pid)
[03:59:35]   Killing any remaining background processes...
[03:59:36] Step 2: Cleaning source node...
[03:59:37] Step 3: Cleaning destination node...
[03:59:38]   Killing PID 122633 on destination (from /home/ubuntu/app.pid)
[03:59:38]   Killing PID 122633 on destination (from /home/ubuntu/counter.pid)
[03:59:39]   Killing all remaining counter processes on destination...
[03:59:42] ✓ Reset complete, nodes are clean
[03:59:42]   Next: Start your application
[exit=0]

$ bash /home/ivo/Documents/University/4to/Thesis-AAAAAAAa/Container-vs-Wasm-Service-Migration/Container/scripts/workloads/start_counter_c.sh edge-node-1
[03:59:42] Transferring counter.c to edge-node-1...
[03:59:43] Compiling counter.c on edge-node-1...
[03:59:43] Starting counter on edge-node-1...
✓ C counter running (PID: 124274)
[03:59:44] ✓ Counter started
[exit=0]
[repeat] warmup 2s

$ python3 /home/ivo/Documents/University/4to/Thesis-AAAAAAAa/Container-vs-Wasm-Service-Migration/Container/scripts/orchestrators/criu_benchmark.py precopy --source edge-node-1 --dest edge-node-2 --transfer-mode host --run-id 11-04-2026-host-precopy-0000 --relay-node edge-host-1 --iterations 2
[03:59:47] Starting precopy migration...
[03:59:47] Source: edge-node-1, Dest: edge-node-2
[03:59:47] Transfer mode: host
[03:59:47] Relay node: edge-host-1

[03:59:47] === PRE-COPY LIVE MIGRATION ===
[03:59:47] Step 1: Checking source process...
[03:59:48]   Using PID from /home/ubuntu/counter.pid: 124274
[03:59:48]   Last counter value (pre-dumps start): 4
[03:59:49]   Architecture: x86_64 (compatible)
[03:59:49] Step 2: Preparing dump directory...
[03:59:49] Step 3: Running 2 pre-dumps...
[03:59:49]   Pre-dump 1/2...
[03:59:50]   Pre-dump 2/2...
[03:59:52]   Total pre-dump time: 2621 ms
[03:59:52] Step 4: Final dump (freezing service)...
[03:59:52]   Frozen last counter value: 9
[03:59:52]   Expected after restore: 10
[03:59:52]   Final dump time (freeze duration): 570 ms
[03:59:52] Step 5: Creating archive...
[03:59:53]   Archive size: 29232 bytes
[03:59:53] Step 6: Transferring archive...
  Transferring /tmp/CRIU-counter.tar.gz via relay node edge-host-1...
Setting up SSH trust: edge-node-1 → ubuntu@10.22.132.75
  Adding public key to destination's authorized_keys...
  Testing SSH connectivity...
  ✓ SSH trust ready
Setting up SSH trust: edge-host-1 → ubuntu@10.22.132.147
  Adding public key to destination's authorized_keys...
  Testing SSH connectivity...
  ✓ SSH trust ready
[03:59:59]   Transfer time: 5885 ms
[03:59:59] Step 7: Unpacking on destination...
[03:59:59] Step 7.5: Ensuring counter output file exists on destination...
[03:59:59] Step 7.8: Ensuring /tmp/counter binary is present on destination...
[03:59:59] Step 8: Restoring process...
[04:00:00]   Restore time: 306 ms
[04:00:00]   Restored PID: 124274 (written to /home/ubuntu/counter.pid)
[04:00:00] Step 9: Verifying migration...
[04:00:03]   Expected min: 10 (after ~3.0s → ~13), Observed: 13
[04:00:03] ✓ SUCCESS: Counter continued correctly!
[04:00:03] Total downtime: 6761 ms (final_dump: 570 + transfer: 5885 + restore: 306)
[04:00:03] Pre-dump time (not counted as downtime): 2621 ms
[04:00:03] Effective bandwidth: 0.04 Mbps
[04:00:03] Metrics saved to /home/ivo/Documents/University/4to/Thesis-AAAAAAAa/Container-vs-Wasm-Service-Migration/Container/metrics/migration_metrics.csv
[exit=0]

$ python3 /home/ivo/Documents/University/4to/Thesis-AAAAAAAa/Container-vs-Wasm-Service-Migration/Container/scripts/setup/reset_nodes.py edge-node-1 edge-node-2
[04:00:04] Resetting nodes: edge-node-1 -> edge-node-2
[04:00:04] Step 1: Killing any existing processes on source...
[04:00:04]   Killing PID 124274 (from /home/ubuntu/app.pid)
[04:00:05]   Killing PID 124274 (from /home/ubuntu/counter.pid)
[04:00:06]   Killing any remaining background processes...
[04:00:07] Step 2: Cleaning source node...
[04:00:08] Step 3: Cleaning destination node...
[04:00:08]   Killing PID 124274 on destination (from /home/ubuntu/app.pid)
[04:00:09]   Killing PID 124274 on destination (from /home/ubuntu/counter.pid)
[04:00:10]   Killing all remaining counter processes on destination...
[04:00:13] ✓ Reset complete, nodes are clean
[04:00:13]   Next: Start your application
[exit=0]

$ bash /home/ivo/Documents/University/4to/Thesis-AAAAAAAa/Container-vs-Wasm-Service-Migration/Container/scripts/workloads/start_counter_c.sh edge-node-1
[04:00:13] Transferring counter.c to edge-node-1...
[04:00:13] Compiling counter.c on edge-node-1...
[04:00:14] Starting counter on edge-node-1...
✓ C counter running (PID: 125970)
[04:00:15] ✓ Counter started
[exit=0]
[repeat] warmup 2s

$ python3 /home/ivo/Documents/University/4to/Thesis-AAAAAAAa/Container-vs-Wasm-Service-Migration/Container/scripts/orchestrators/criu_benchmark.py precopy --source edge-node-1 --dest edge-node-2 --transfer-mode host --run-id 11-04-2026-host-precopy-0001 --relay-node edge-host-1 --iterations 2
[04:00:18] Starting precopy migration...
[04:00:18] Source: edge-node-1, Dest: edge-node-2
[04:00:18] Transfer mode: host
[04:00:18] Relay node: edge-host-1

[04:00:18] === PRE-COPY LIVE MIGRATION ===
[04:00:18] Step 1: Checking source process...
[04:00:19]   Using PID from /home/ubuntu/counter.pid: 125970
[04:00:19]   Last counter value (pre-dumps start): 5
[04:00:19]   Architecture: x86_64 (compatible)
[04:00:19] Step 2: Preparing dump directory...
[04:00:20] Step 3: Running 2 pre-dumps...
[04:00:20]   Pre-dump 1/2...
[04:00:21]   Pre-dump 2/2...
[04:00:22]   Total pre-dump time: 2629 ms
[04:00:22] Step 4: Final dump (freezing service)...
[04:00:23]   Frozen last counter value: 10
[04:00:23]   Expected after restore: 11
[04:00:23]   Final dump time (freeze duration): 585 ms
[04:00:23] Step 5: Creating archive...
[04:00:24]   Archive size: 29593 bytes
[04:00:24] Step 6: Transferring archive...
  Transferring /tmp/CRIU-counter.tar.gz via relay node edge-host-1...
Setting up SSH trust: edge-node-1 → ubuntu@10.22.132.75
  Adding public key to destination's authorized_keys...
  Testing SSH connectivity...
  ✓ SSH trust ready
Setting up SSH trust: edge-host-1 → ubuntu@10.22.132.147
  Adding public key to destination's authorized_keys...
  Testing SSH connectivity...
  ✓ SSH trust ready
[04:00:29]   Transfer time: 5647 ms
[04:00:29] Step 7: Unpacking on destination...
[04:00:30] Step 7.5: Ensuring counter output file exists on destination...
[04:00:30] Step 7.8: Ensuring /tmp/counter binary is present on destination...
[04:00:30] Step 8: Restoring process...
[04:00:30]   Restore time: 301 ms
[04:00:31]   Restored PID: 125970 (written to /home/ubuntu/counter.pid)
[04:00:31] Step 9: Verifying migration...
[04:00:34]   Expected min: 11 (after ~3.0s → ~14), Observed: 14
[04:00:34] ✓ SUCCESS: Counter continued correctly!
[04:00:34] Total downtime: 6533 ms (final_dump: 585 + transfer: 5647 + restore: 301)
[04:00:34] Pre-dump time (not counted as downtime): 2629 ms
[04:00:34] Effective bandwidth: 0.04 Mbps
[04:00:34] Metrics saved to /home/ivo/Documents/University/4to/Thesis-AAAAAAAa/Container-vs-Wasm-Service-Migration/Container/metrics/migration_metrics.csv
[exit=0]

$ python3 /home/ivo/Documents/University/4to/Thesis-AAAAAAAa/Container-vs-Wasm-Service-Migration/Container/scripts/setup/reset_nodes.py edge-node-1 edge-node-2
[04:00:35] Resetting nodes: edge-node-1 -> edge-node-2
[04:00:35] Step 1: Killing any existing processes on source...
[04:00:35]   Killing PID 125970 (from /home/ubuntu/app.pid)
[04:00:36]   Killing PID 125970 (from /home/ubuntu/counter.pid)
[04:00:37]   Killing any remaining background processes...
[04:00:38] Step 2: Cleaning source node...
[04:00:39] Step 3: Cleaning destination node...
[04:00:39]   Killing PID 125970 on destination (from /home/ubuntu/app.pid)
[04:00:40]   Killing PID 125970 on destination (from /home/ubuntu/counter.pid)
[04:00:41]   Killing all remaining counter processes on destination...
[04:00:44] ✓ Reset complete, nodes are clean
[04:00:44]   Next: Start your application
[exit=0]

$ bash /home/ivo/Documents/University/4to/Thesis-AAAAAAAa/Container-vs-Wasm-Service-Migration/Container/scripts/workloads/start_counter_c.sh edge-node-1
[04:00:44] Transferring counter.c to edge-node-1...
[04:00:45] Compiling counter.c on edge-node-1...
[04:00:45] Starting counter on edge-node-1...
✓ C counter running (PID: 127671)
[04:00:46] ✓ Counter started
[exit=0]
[repeat] warmup 2s

$ python3 /home/ivo/Documents/University/4to/Thesis-AAAAAAAa/Container-vs-Wasm-Service-Migration/Container/scripts/orchestrators/criu_benchmark.py precopy --source edge-node-1 --dest edge-node-2 --transfer-mode direct --run-id 11-04-2026-direct-precopy-0000 --iterations 2
[04:00:49] Starting precopy migration...
[04:00:49] Source: edge-node-1, Dest: edge-node-2
[04:00:49] Transfer mode: direct

[04:00:49] === PRE-COPY LIVE MIGRATION ===
[04:00:49] Step 1: Checking source process...
[04:00:50]   Using PID from /home/ubuntu/counter.pid: 127671
[04:00:50]   Last counter value (pre-dumps start): 4
[04:00:50]   Architecture: x86_64 (compatible)
[04:00:50] Step 2: Preparing dump directory...
[04:00:51] Step 3: Running 2 pre-dumps...
[04:00:51]   Pre-dump 1/2...
[04:00:52]   Pre-dump 2/2...
[04:00:53]   Total pre-dump time: 2622 ms
[04:00:53] Step 4: Final dump (freezing service)...
[04:00:54]   Frozen last counter value: 9
[04:00:54]   Expected after restore: 10
[04:00:54]   Final dump time (freeze duration): 601 ms
[04:00:54] Step 5: Creating archive...
[04:00:55]   Archive size: 29392 bytes
[04:00:55] Step 6: Transferring archive...
[04:00:55]   Setting up direct SSH trust...
Setting up SSH trust: edge-node-1 → ubuntu@10.22.132.147
  Adding public key to destination's authorized_keys...
  Testing SSH connectivity...
  ✓ SSH trust ready
Setting up SSH trust: edge-node-1 → ubuntu@10.22.132.147
  Adding public key to destination's authorized_keys...
  Testing SSH connectivity...
  ✓ SSH trust ready
  Transferring /tmp/CRIU-counter.tar.gz via SCP...
[04:00:59]   Transfer time: 2513 ms
[04:00:59] Step 7: Unpacking on destination...
[04:00:59] Step 7.5: Ensuring counter output file exists on destination...
[04:00:59] Step 7.8: Ensuring /tmp/counter binary is present on destination...
[04:01:00] Step 8: Restoring process...
[04:01:00]   Restore time: 307 ms
[04:01:00]   Restored PID: 127671 (written to /home/ubuntu/counter.pid)
[04:01:00] Step 9: Verifying migration...
[04:01:04]   Expected min: 10 (after ~3.0s → ~13), Observed: 13
[04:01:04] ✓ SUCCESS: Counter continued correctly!
[04:01:04] Total downtime: 3421 ms (final_dump: 601 + transfer: 2513 + restore: 307)
[04:01:04] Pre-dump time (not counted as downtime): 2622 ms
[04:01:04] Effective bandwidth: 0.09 Mbps
[04:01:04] Metrics saved to /home/ivo/Documents/University/4to/Thesis-AAAAAAAa/Container-vs-Wasm-Service-Migration/Container/metrics/migration_metrics.csv
[exit=0]

$ python3 /home/ivo/Documents/University/4to/Thesis-AAAAAAAa/Container-vs-Wasm-Service-Migration/Container/scripts/setup/reset_nodes.py edge-node-1 edge-node-2
[04:01:04] Resetting nodes: edge-node-1 -> edge-node-2
[04:01:04] Step 1: Killing any existing processes on source...
[04:01:05]   Killing PID 127671 (from /home/ubuntu/app.pid)
[04:01:05]   Killing PID 127671 (from /home/ubuntu/counter.pid)
[04:01:06]   Killing any remaining background processes...
[04:01:07] Step 2: Cleaning source node...
[04:01:08] Step 3: Cleaning destination node...
[04:01:09]   Killing PID 127671 on destination (from /home/ubuntu/app.pid)
[04:01:09]   Killing PID 127671 on destination (from /home/ubuntu/counter.pid)
[04:01:10]   Killing all remaining counter processes on destination...
[04:01:13] ✓ Reset complete, nodes are clean
[04:01:13]   Next: Start your application
[exit=0]

$ bash /home/ivo/Documents/University/4to/Thesis-AAAAAAAa/Container-vs-Wasm-Service-Migration/Container/scripts/workloads/start_counter_c.sh edge-node-1
[04:01:13] Transferring counter.c to edge-node-1...
[04:01:13] Compiling counter.c on edge-node-1...
[04:01:14] Starting counter on edge-node-1...
✓ C counter running (PID: 129467)
[04:01:15] ✓ Counter started
[exit=0]
[repeat] warmup 2s

$ python3 /home/ivo/Documents/University/4to/Thesis-AAAAAAAa/Container-vs-Wasm-Service-Migration/Container/scripts/orchestrators/criu_benchmark.py precopy --source edge-node-1 --dest edge-node-2 --transfer-mode direct --run-id 11-04-2026-direct-precopy-0001 --iterations 2
[04:01:18] Starting precopy migration...
[04:01:18] Source: edge-node-1, Dest: edge-node-2
[04:01:18] Transfer mode: direct

[04:01:18] === PRE-COPY LIVE MIGRATION ===
[04:01:18] Step 1: Checking source process...
[04:01:18]   Using PID from /home/ubuntu/counter.pid: 129467
[04:01:19]   Last counter value (pre-dumps start): 4
[04:01:19]   Architecture: x86_64 (compatible)
[04:01:19] Step 2: Preparing dump directory...
[04:01:19] Step 3: Running 2 pre-dumps...
[04:01:19]   Pre-dump 1/2...
[04:01:21]   Pre-dump 2/2...
[04:01:22]   Total pre-dump time: 2620 ms
[04:01:22] Step 4: Final dump (freezing service)...
[04:01:23]   Frozen last counter value: 9
[04:01:23]   Expected after restore: 10
[04:01:23]   Final dump time (freeze duration): 578 ms
[04:01:23] Step 5: Creating archive...
[04:01:23]   Archive size: 29450 bytes
[04:01:23] Step 6: Transferring archive...
[04:01:23]   Setting up direct SSH trust...
Setting up SSH trust: edge-node-1 → ubuntu@10.22.132.147
  Adding public key to destination's authorized_keys...
  Testing SSH connectivity...
  ✓ SSH trust ready
Setting up SSH trust: edge-node-1 → ubuntu@10.22.132.147
  Adding public key to destination's authorized_keys...
  Testing SSH connectivity...
  ✓ SSH trust ready
  Transferring /tmp/CRIU-counter.tar.gz via SCP...
[04:01:27]   Transfer time: 2476 ms
[04:01:27] Step 7: Unpacking on destination...
[04:01:28] Step 7.5: Ensuring counter output file exists on destination...
[04:01:28] Step 7.8: Ensuring /tmp/counter binary is present on destination...
[04:01:28] Step 8: Restoring process...
[04:01:29]   Restore time: 318 ms
[04:01:29]   Restored PID: 129467 (written to /home/ubuntu/counter.pid)
[04:01:29] Step 9: Verifying migration...
[04:01:32]   Expected min: 10 (after ~3.0s → ~13), Observed: 13
[04:01:32] ✓ SUCCESS: Counter continued correctly!
[04:01:32] Total downtime: 3372 ms (final_dump: 578 + transfer: 2476 + restore: 318)
[04:01:32] Pre-dump time (not counted as downtime): 2620 ms
[04:01:32] Effective bandwidth: 0.10 Mbps
[04:01:32] Metrics saved to /home/ivo/Documents/University/4to/Thesis-AAAAAAAa/Container-vs-Wasm-Service-Migration/Container/metrics/migration_metrics.csv
[exit=0]

$ python3 /home/ivo/Documents/University/4to/Thesis-AAAAAAAa/Container-vs-Wasm-Service-Migration/Container/scripts/setup/reset_nodes.py edge-node-1 edge-node-2
[04:01:33] Resetting nodes: edge-node-1 -> edge-node-2
[04:01:33] Step 1: Killing any existing processes on source...
[04:01:33]   Killing PID 129467 (from /home/ubuntu/app.pid)
[04:01:34]   Killing PID 129467 (from /home/ubuntu/counter.pid)
[04:01:35]   Killing any remaining background processes...
[04:01:36] Step 2: Cleaning source node...
[04:01:37] Step 3: Cleaning destination node...
[04:01:38]   Killing PID 129467 on destination (from /home/ubuntu/app.pid)
[04:01:38]   Killing PID 129467 on destination (from /home/ubuntu/counter.pid)
[04:01:39]   Killing all remaining counter processes on destination...
[04:01:42] ✓ Reset complete, nodes are clean
[04:01:42]   Next: Start your application
[exit=0]

$ bash /home/ivo/Documents/University/4to/Thesis-AAAAAAAa/Container-vs-Wasm-Service-Migration/Container/scripts/workloads/start_counter_c.sh edge-node-1
[04:01:42] Transferring counter.c to edge-node-1...
[04:01:43] Compiling counter.c on edge-node-1...
[04:01:43] Starting counter on edge-node-1...
✓ C counter running (PID: 131273)
[04:01:44] ✓ Counter started
[exit=0]
[repeat] warmup 2s

$ python3 /home/ivo/Documents/University/4to/Thesis-AAAAAAAa/Container-vs-Wasm-Service-Migration/Container/scripts/orchestrators/criu_benchmark.py postcopy --source edge-node-1 --dest edge-node-2 --transfer-mode host --run-id 11-04-2026-host-postcopy-0000 --relay-node edge-host-1 --page-server-port 9999
[04:01:47] Starting postcopy migration...
[04:01:47] Source: edge-node-1, Dest: edge-node-2
[04:01:47] Transfer mode: host
[04:01:47] Relay node: edge-host-1

[04:01:47] === POST-COPY (LAZY-PAGES) MIGRATION ===
[04:01:47] Step 1: Checking source process...
[04:01:48]   Using PID from /home/ubuntu/counter.pid: 131273
[04:01:48]   Last counter value (pre-freeze): 4
[04:01:49]   Page-server endpoint: 10.22.132.67:9999
[04:01:49] Step 2: Final dump (freezing service) with --lazy-pages...
[04:01:50]   Dump PID: 131765
[04:01:50]   Dump init time (approx freeze duration): 993 ms
[04:01:51]   Frozen last counter value: 6
[04:01:51]   Expected after restore: 7
[04:01:51] Step 3: Page-server ready on source (served by dump process)
[04:01:51] Step 4: Creating archive...
[04:01:51]   Archive size: 22660 bytes
[04:01:51] Step 5: Transferring archive...
  Transferring /home/ubuntu/CRIU-counter.tar.gz via relay node edge-host-1...
Setting up SSH trust: edge-node-1 → ubuntu@10.22.132.75
  Adding public key to destination's authorized_keys...
  Testing SSH connectivity...
  ✓ SSH trust ready
Setting up SSH trust: edge-host-1 → ubuntu@10.22.132.147
  Adding public key to destination's authorized_keys...
  Testing SSH connectivity...
  ✓ SSH trust ready
[04:01:57]   Transfer time: 5844 ms
[04:01:57] Step 6: Unpacking on destination...
[04:01:58] Step 6.8: Ensuring /tmp/counter binary is present on destination...
[04:01:58] Step 7: Starting lazy-pages daemon on destination...
[04:01:58]   Lazy-pages PID: 140379
[04:01:59] Step 8: Restoring process...
[04:01:59]   Restore time: 299 ms
[04:01:59]   Restored PID: 131273 (written to /home/ubuntu/counter.pid)
[04:02:00] Step 9: Verifying migration...
[04:02:03]   Expected min: 7 (after ~3.0s → ~10), Observed: 11
[04:02:03] ✓ SUCCESS: Counter continued correctly!
[04:02:03] Total downtime: 7136 ms (dump: 993 + transfer: 5844 + restore: 299)
[04:02:04] Metrics saved to /home/ivo/Documents/University/4to/Thesis-AAAAAAAa/Container-vs-Wasm-Service-Migration/Container/metrics/migration_metrics.csv
[exit=0]

$ python3 /home/ivo/Documents/University/4to/Thesis-AAAAAAAa/Container-vs-Wasm-Service-Migration/Container/scripts/setup/reset_nodes.py edge-node-1 edge-node-2
[04:02:05] Resetting nodes: edge-node-1 -> edge-node-2
[04:02:05] Step 1: Killing any existing processes on source...
[04:02:05]   Killing PID 131273 (from /home/ubuntu/app.pid)
[04:02:06]   Killing PID 131273 (from /home/ubuntu/counter.pid)
[04:02:06]   Killing any remaining background processes...
[04:02:08] Step 2: Cleaning source node...
[04:02:09] Step 3: Cleaning destination node...
[04:02:09]   Killing PID 131273 on destination (from /home/ubuntu/app.pid)
[04:02:10]   Killing PID 131273 on destination (from /home/ubuntu/counter.pid)
[04:02:10]   Killing all remaining counter processes on destination...
[04:02:14] ✓ Reset complete, nodes are clean
[04:02:14]   Next: Start your application
[exit=0]

$ bash /home/ivo/Documents/University/4to/Thesis-AAAAAAAa/Container-vs-Wasm-Service-Migration/Container/scripts/workloads/start_counter_c.sh edge-node-1
[04:02:14] Transferring counter.c to edge-node-1...
[04:02:14] Compiling counter.c on edge-node-1...
[04:02:14] Starting counter on edge-node-1...
✓ C counter running (PID: 133187)
[04:02:15] ✓ Counter started
[exit=0]
[repeat] warmup 2s

$ python3 /home/ivo/Documents/University/4to/Thesis-AAAAAAAa/Container-vs-Wasm-Service-Migration/Container/scripts/orchestrators/criu_benchmark.py postcopy --source edge-node-1 --dest edge-node-2 --transfer-mode host --run-id 11-04-2026-host-postcopy-0001 --relay-node edge-host-1 --page-server-port 9999
[04:02:18] Starting postcopy migration...
[04:02:18] Source: edge-node-1, Dest: edge-node-2
[04:02:18] Transfer mode: host
[04:02:18] Relay node: edge-host-1

[04:02:18] === POST-COPY (LAZY-PAGES) MIGRATION ===
[04:02:18] Step 1: Checking source process...
[04:02:19]   Using PID from /home/ubuntu/counter.pid: 133187
[04:02:19]   Last counter value (pre-freeze): 4
[04:02:20]   Page-server endpoint: 10.22.132.67:9999
[04:02:20] Step 2: Final dump (freezing service) with --lazy-pages...
[04:02:21]   Dump PID: 133679
[04:02:21]   Dump init time (approx freeze duration): 984 ms
[04:02:22]   Frozen last counter value: 6
[04:02:22]   Expected after restore: 7
[04:02:22] Step 3: Page-server ready on source (served by dump process)
[04:02:22] Step 4: Creating archive...
[04:02:22]   Archive size: 22789 bytes
[04:02:22] Step 5: Transferring archive...
  Transferring /home/ubuntu/CRIU-counter.tar.gz via relay node edge-host-1...
Setting up SSH trust: edge-node-1 → ubuntu@10.22.132.75
  Adding public key to destination's authorized_keys...
  Testing SSH connectivity...
  ✓ SSH trust ready
Setting up SSH trust: edge-host-1 → ubuntu@10.22.132.147
  Adding public key to destination's authorized_keys...
  Testing SSH connectivity...
  ✓ SSH trust ready
[04:02:28]   Transfer time: 5606 ms
[04:02:28] Step 6: Unpacking on destination...
[04:02:29] Step 6.8: Ensuring /tmp/counter binary is present on destination...
[04:02:29] Step 7: Starting lazy-pages daemon on destination...
[04:02:29]   Lazy-pages PID: 142118
[04:02:30] Step 8: Restoring process...
[04:02:30]   Restore time: 305 ms
[04:02:30]   Restored PID: 133187 (written to /home/ubuntu/counter.pid)
[04:02:30] Step 9: Verifying migration...
[04:02:34]   Expected min: 7 (after ~3.0s → ~10), Observed: 11
[04:02:34] ✓ SUCCESS: Counter continued correctly!
[04:02:34] Total downtime: 6895 ms (dump: 984 + transfer: 5606 + restore: 305)
[04:02:35] Metrics saved to /home/ivo/Documents/University/4to/Thesis-AAAAAAAa/Container-vs-Wasm-Service-Migration/Container/metrics/migration_metrics.csv
[exit=0]

$ python3 /home/ivo/Documents/University/4to/Thesis-AAAAAAAa/Container-vs-Wasm-Service-Migration/Container/scripts/setup/reset_nodes.py edge-node-1 edge-node-2
[04:02:36] Resetting nodes: edge-node-1 -> edge-node-2
[04:02:36] Step 1: Killing any existing processes on source...
[04:02:36]   Killing PID 133187 (from /home/ubuntu/app.pid)
[04:02:37]   Killing PID 133187 (from /home/ubuntu/counter.pid)
[04:02:37]   Killing any remaining background processes...
[04:02:39] Step 2: Cleaning source node...
[04:02:40] Step 3: Cleaning destination node...
[04:02:40]   Killing PID 133187 on destination (from /home/ubuntu/app.pid)
[04:02:41]   Killing PID 133187 on destination (from /home/ubuntu/counter.pid)
[04:02:41]   Killing all remaining counter processes on destination...
[04:02:45] ✓ Reset complete, nodes are clean
[04:02:45]   Next: Start your application
[exit=0]

$ bash /home/ivo/Documents/University/4to/Thesis-AAAAAAAa/Container-vs-Wasm-Service-Migration/Container/scripts/workloads/start_counter_c.sh edge-node-1
[04:02:45] Transferring counter.c to edge-node-1...
[04:02:45] Compiling counter.c on edge-node-1...
[04:02:46] Starting counter on edge-node-1...
✓ C counter running (PID: 135110)
[04:02:47] ✓ Counter started
[exit=0]
[repeat] warmup 2s

$ python3 /home/ivo/Documents/University/4to/Thesis-AAAAAAAa/Container-vs-Wasm-Service-Migration/Container/scripts/orchestrators/criu_benchmark.py postcopy --source edge-node-1 --dest edge-node-2 --transfer-mode direct --run-id 11-04-2026-direct-postcopy-0000 --page-server-port 9999
[04:02:50] Starting postcopy migration...
[04:02:50] Source: edge-node-1, Dest: edge-node-2
[04:02:50] Transfer mode: direct

[04:02:50] === POST-COPY (LAZY-PAGES) MIGRATION ===
[04:02:50] Step 1: Checking source process...
[04:02:50]   Using PID from /home/ubuntu/counter.pid: 135110
[04:02:51]   Last counter value (pre-freeze): 4
[04:02:52]   Page-server endpoint: 10.22.132.67:9999
[04:02:52] Step 2: Final dump (freezing service) with --lazy-pages...
[04:02:53]   Dump PID: 135604
[04:02:53]   Dump init time (approx freeze duration): 1222 ms
[04:02:54]   Frozen last counter value: 6
[04:02:54]   Expected after restore: 7
[04:02:54] Step 3: Page-server ready on source (served by dump process)
[04:02:54] Step 4: Creating archive...
[04:02:54]   Archive size: 22745 bytes
[04:02:54] Step 5: Transferring archive...
[04:02:54]   Setting up direct SSH trust...
Setting up SSH trust: edge-node-1 → ubuntu@10.22.132.147
  Adding public key to destination's authorized_keys...
  Testing SSH connectivity...
  ✓ SSH trust ready
Setting up SSH trust: edge-node-1 → ubuntu@10.22.132.147
  Adding public key to destination's authorized_keys...
  Testing SSH connectivity...
  ✓ SSH trust ready
  Transferring /home/ubuntu/CRIU-counter.tar.gz via SCP...
[04:02:59]   Transfer time: 2506 ms
[04:02:59] Step 6: Unpacking on destination...
[04:02:59] Step 6.8: Ensuring /tmp/counter binary is present on destination...
[04:02:59] Step 7: Starting lazy-pages daemon on destination...
[04:03:00]   Lazy-pages PID: 144025
[04:03:00] Step 8: Restoring process...
[04:03:00]   Restore time: 307 ms
[04:03:01]   Restored PID: 135110 (written to /home/ubuntu/counter.pid)
[04:03:01] Step 9: Verifying migration...
[04:03:05]   Expected min: 7 (after ~3.0s → ~10), Observed: 11
[04:03:05] ✓ SUCCESS: Counter continued correctly!
[04:03:05] Total downtime: 4035 ms (dump: 1222 + transfer: 2506 + restore: 307)
[04:03:05] Metrics saved to /home/ivo/Documents/University/4to/Thesis-AAAAAAAa/Container-vs-Wasm-Service-Migration/Container/metrics/migration_metrics.csv
[exit=0]

$ python3 /home/ivo/Documents/University/4to/Thesis-AAAAAAAa/Container-vs-Wasm-Service-Migration/Container/scripts/setup/reset_nodes.py edge-node-1 edge-node-2
[04:03:06] Resetting nodes: edge-node-1 -> edge-node-2
[04:03:06] Step 1: Killing any existing processes on source...
[04:03:06]   Killing PID 135110 (from /home/ubuntu/app.pid)
[04:03:07]   Killing PID 135110 (from /home/ubuntu/counter.pid)
[04:03:08]   Killing any remaining background processes...
[04:03:09] Step 2: Cleaning source node...
[04:03:10] Step 3: Cleaning destination node...
[04:03:10]   Killing PID 135110 on destination (from /home/ubuntu/app.pid)
[04:03:11]   Killing PID 135110 on destination (from /home/ubuntu/counter.pid)
[04:03:12]   Killing all remaining counter processes on destination...
[04:03:15] ✓ Reset complete, nodes are clean
[04:03:15]   Next: Start your application
[exit=0]

$ bash /home/ivo/Documents/University/4to/Thesis-AAAAAAAa/Container-vs-Wasm-Service-Migration/Container/scripts/workloads/start_counter_c.sh edge-node-1
[04:03:15] Transferring counter.c to edge-node-1...
[04:03:15] Compiling counter.c on edge-node-1...
[04:03:16] Starting counter on edge-node-1...
✓ C counter running (PID: 137131)
[04:03:17] ✓ Counter started
[exit=0]
[repeat] warmup 2s

$ python3 /home/ivo/Documents/University/4to/Thesis-AAAAAAAa/Container-vs-Wasm-Service-Migration/Container/scripts/orchestrators/criu_benchmark.py postcopy --source edge-node-1 --dest edge-node-2 --transfer-mode direct --run-id 11-04-2026-direct-postcopy-0001 --page-server-port 9999
[04:03:20] Starting postcopy migration...
[04:03:20] Source: edge-node-1, Dest: edge-node-2
[04:03:20] Transfer mode: direct

[04:03:20] === POST-COPY (LAZY-PAGES) MIGRATION ===
[04:03:20] Step 1: Checking source process...
[04:03:20]   Using PID from /home/ubuntu/counter.pid: 137131
[04:03:21]   Last counter value (pre-freeze): 4
[04:03:22]   Page-server endpoint: 10.22.132.67:9999
[04:03:22] Step 2: Final dump (freezing service) with --lazy-pages...
[04:03:23]   Dump PID: 137625
[04:03:23]   Dump init time (approx freeze duration): 1005 ms
[04:03:24]   Frozen last counter value: 6
[04:03:24]   Expected after restore: 7
[04:03:24] Step 3: Page-server ready on source (served by dump process)
[04:03:24] Step 4: Creating archive...
[04:03:24]   Archive size: 22659 bytes
[04:03:24] Step 5: Transferring archive...
[04:03:24]   Setting up direct SSH trust...
Setting up SSH trust: edge-node-1 → ubuntu@10.22.132.147
  Adding public key to destination's authorized_keys...
  Testing SSH connectivity...
  ✓ SSH trust ready
Setting up SSH trust: edge-node-1 → ubuntu@10.22.132.147
  Adding public key to destination's authorized_keys...
  Testing SSH connectivity...
  ✓ SSH trust ready
  Transferring /home/ubuntu/CRIU-counter.tar.gz via SCP...
[04:03:28]   Transfer time: 2514 ms
[04:03:28] Step 6: Unpacking on destination...
[04:03:29] Step 6.8: Ensuring /tmp/counter binary is present on destination...
[04:03:29] Step 7: Starting lazy-pages daemon on destination...
[04:03:30]   Lazy-pages PID: 145923
[04:03:30] Step 8: Restoring process...
[04:03:30]   Restore time: 342 ms
[04:03:30]   Restored PID: 137131 (written to /home/ubuntu/counter.pid)
[04:03:31] Step 9: Verifying migration...
[04:03:34]   Expected min: 7 (after ~3.0s → ~10), Observed: 11
[04:03:34] ✓ SUCCESS: Counter continued correctly!
[04:03:34] Total downtime: 3861 ms (dump: 1005 + transfer: 2514 + restore: 342)
[04:03:35] Metrics saved to /home/ivo/Documents/University/4to/Thesis-AAAAAAAa/Container-vs-Wasm-Service-Migration/Container/metrics/migration_metrics.csv
[exit=0]
[repeat] run_ids_file=/home/ivo/Documents/University/4to/Thesis-AAAAAAAa/Container-vs-Wasm-Service-Migration/Container/metrics/run_logs/11-04-2026-counter-cold-precopy-postcopy-h2-d2-i2-relay-edge-host-1-snap-plots-035731.run_ids.txt
