=== repeat_benchmarks.py 2026-04-11T23:41:48.932620 ===
base_run_id=11-04-2026-counter-cold-precopy-postcopy-h1-d1-i2-relay-edge-host-1-snap-plots-234148
strategies=cold,precopy,postcopy workload=counter source=edge-node-1 dest=edge-node-2 host_runs=1 direct_runs=1 iterations=2 relay_node=edge-host-1 snapshot_node_metrics=True no_plots=False

$ python3 /home/ivo/Documents/University/4to/Thesis-AAAAAAAa/Container-vs-Wasm-Service-Migration/Container/scripts/setup/reset_nodes.py edge-node-1 edge-node-2
[23:41:48] Resetting nodes: edge-node-1 -> edge-node-2
[23:41:48] Step 1: Killing any existing processes on source...
[23:41:49]   Killing any remaining background processes...
[23:41:51] Step 2: Cleaning source node...
[23:41:52] Step 3: Cleaning destination node...
[23:41:53]   Killing all remaining counter processes on destination...
[23:41:56] ✓ Reset complete, nodes are clean
[23:41:56]   Next: Start your application
[exit=0]

$ bash /home/ivo/Documents/University/4to/Thesis-AAAAAAAa/Container-vs-Wasm-Service-Migration/Container/scripts/workloads/start_counter_c.sh edge-node-1
[23:41:56] Transferring counter.c to edge-node-1...
[23:41:57] Compiling counter.c on edge-node-1...
[23:41:57] Starting counter on edge-node-1...
✓ C counter running (PID: 233880)
[23:41:58] ✓ Counter started
[exit=0]
[repeat] warmup 2s

$ python3 /home/ivo/Documents/University/4to/Thesis-AAAAAAAa/Container-vs-Wasm-Service-Migration/Container/scripts/orchestrators/criu_benchmark.py cold --source edge-node-1 --dest edge-node-2 --transfer-mode host --run-id 11-04-2026-host-cold-0003 --relay-node edge-host-1
[23:42:01] Starting cold migration...
[23:42:01] Source: edge-node-1, Dest: edge-node-2
[23:42:01] Transfer mode: host
[23:42:01] Relay node: edge-host-1

[23:42:01] === COLD MIGRATION ===
[23:42:01] Step 1: Checking source process...
[23:42:02]   Using PID from /home/ubuntu/counter.pid: 233880
[23:42:02]   Last counter value (pre-freeze): 4
[23:42:03]   Architecture: x86_64 (compatible)
[23:42:03] Step 2: Dumping process with CRIU...
[23:42:03]   Frozen last counter value: 5
[23:42:03]   Expected after restore: 6
[23:42:03]   Checkpoint time: 611 ms
[23:42:03] Step 3: Creating archive...
[23:42:04]   Archive size: 25439 bytes
[23:42:04] Step 4: Transferring archive...
  Transferring /home/ubuntu/CRIU-counter.tar.gz via relay node edge-host-1...
Setting up SSH trust: edge-node-1 → ubuntu@10.22.132.75
  Adding public key to destination's authorized_keys...
  Testing SSH connectivity...
  ✓ SSH trust ready
Setting up SSH trust: edge-host-1 → ubuntu@10.22.132.147
  Adding public key to destination's authorized_keys...
  Testing SSH connectivity...
  ✓ SSH trust ready
[23:42:10]   Transfer time: 6517 ms
[23:42:10] Step 5: Unpacking on destination...
[23:42:11] Step 6: Preparing restore environment...
[23:42:11] Step 6.5: Ensuring /tmp/counter binary is present on destination...
[23:42:12] Step 7: Restoring process...
[23:42:12]   Restore time: 346 ms
[23:42:13]   Restored PID: 233880 (written to /home/ubuntu/counter.pid)
[23:42:13] Step 8: Verifying migration...
[23:42:16]   Expected min: 6 (after ~3.0s → ~9), Observed: 9
[23:42:16] ✓ SUCCESS: Counter continued correctly!
[23:42:16] Total downtime: 7474 ms
[23:42:16] Effective bandwidth: 0.03 Mbps
[23:42:16] Metrics saved to /home/ivo/Documents/University/4to/Thesis-AAAAAAAa/Container-vs-Wasm-Service-Migration/Container/metrics/migration_metrics.csv
[exit=0]

$ python3 /home/ivo/Documents/University/4to/Thesis-AAAAAAAa/Container-vs-Wasm-Service-Migration/Container/scripts/setup/reset_nodes.py edge-node-1 edge-node-2
[23:42:17] Resetting nodes: edge-node-1 -> edge-node-2
[23:42:17] Step 1: Killing any existing processes on source...
[23:42:17]   Killing PID 233880 (from /home/ubuntu/app.pid)
[23:42:18]   Killing PID 233880 (from /home/ubuntu/counter.pid)
[23:42:19]   Killing any remaining background processes...
[23:42:20] Step 2: Cleaning source node...
[23:42:21] Step 3: Cleaning destination node...
[23:42:21]   Killing PID 233880 on destination (from /home/ubuntu/app.pid)
[23:42:22]   Killing PID 233880 on destination (from /home/ubuntu/counter.pid)
[23:42:23]   Killing all remaining counter processes on destination...
[23:42:26] ✓ Reset complete, nodes are clean
[23:42:26]   Next: Start your application
[exit=0]

$ bash /home/ivo/Documents/University/4to/Thesis-AAAAAAAa/Container-vs-Wasm-Service-Migration/Container/scripts/workloads/start_counter_c.sh edge-node-1
[23:42:26] Transferring counter.c to edge-node-1...
[23:42:27] Compiling counter.c on edge-node-1...
[23:42:27] Starting counter on edge-node-1...
✓ C counter running (PID: 235448)
[23:42:28] ✓ Counter started
[exit=0]
[repeat] warmup 2s

$ python3 /home/ivo/Documents/University/4to/Thesis-AAAAAAAa/Container-vs-Wasm-Service-Migration/Container/scripts/orchestrators/criu_benchmark.py cold --source edge-node-1 --dest edge-node-2 --transfer-mode direct --run-id 11-04-2026-direct-cold-0002
[23:42:31] Starting cold migration...
[23:42:31] Source: edge-node-1, Dest: edge-node-2
[23:42:31] Transfer mode: direct

[23:42:31] === COLD MIGRATION ===
[23:42:31] Step 1: Checking source process...
[23:42:32]   Using PID from /home/ubuntu/counter.pid: 235448
[23:42:32]   Last counter value (pre-freeze): 4
[23:42:32]   Architecture: x86_64 (compatible)
[23:42:32] Step 2: Dumping process with CRIU...
[23:42:33]   Frozen last counter value: 5
[23:42:33]   Expected after restore: 6
[23:42:33]   Checkpoint time: 664 ms
[23:42:33] Step 3: Creating archive...
[23:42:34]   Archive size: 25287 bytes
[23:42:34] Step 4: Transferring archive...
[23:42:34]   Setting up direct SSH trust...
Setting up SSH trust: edge-node-1 → ubuntu@10.22.132.147
  Adding public key to destination's authorized_keys...
  Testing SSH connectivity...
  ✓ SSH trust ready
Setting up SSH trust: edge-node-1 → ubuntu@10.22.132.147
  Adding public key to destination's authorized_keys...
  Testing SSH connectivity...
  ✓ SSH trust ready
  Transferring /home/ubuntu/CRIU-counter.tar.gz via SCP...
[23:42:38]   Transfer time: 2661 ms
[23:42:38] Step 5: Unpacking on destination...
[23:42:39] Step 6: Preparing restore environment...
[23:42:39] Step 6.5: Ensuring /tmp/counter binary is present on destination...
[23:42:39] Step 7: Restoring process...
[23:42:40]   Restore time: 350 ms
[23:42:40]   Restored PID: 235448 (written to /home/ubuntu/counter.pid)
[23:42:40] Step 8: Verifying migration...
[23:42:44]   Expected min: 6 (after ~3.0s → ~9), Observed: 9
[23:42:44] ✓ SUCCESS: Counter continued correctly!
[23:42:44] Total downtime: 3675 ms
[23:42:44] Effective bandwidth: 0.08 Mbps
[23:42:44] Metrics saved to /home/ivo/Documents/University/4to/Thesis-AAAAAAAa/Container-vs-Wasm-Service-Migration/Container/metrics/migration_metrics.csv
[exit=0]

$ python3 /home/ivo/Documents/University/4to/Thesis-AAAAAAAa/Container-vs-Wasm-Service-Migration/Container/scripts/setup/reset_nodes.py edge-node-1 edge-node-2
[23:42:44] Resetting nodes: edge-node-1 -> edge-node-2
[23:42:44] Step 1: Killing any existing processes on source...
[23:42:45]   Killing PID 235448 (from /home/ubuntu/app.pid)
[23:42:46]   Killing PID 235448 (from /home/ubuntu/counter.pid)
[23:42:46]   Killing any remaining background processes...
[23:42:48] Step 2: Cleaning source node...
[23:42:49] Step 3: Cleaning destination node...
[23:42:49]   Killing PID 235448 on destination (from /home/ubuntu/app.pid)
[23:42:50]   Killing PID 235448 on destination (from /home/ubuntu/counter.pid)
[23:42:50]   Killing all remaining counter processes on destination...
[23:42:54] ✓ Reset complete, nodes are clean
[23:42:54]   Next: Start your application
[exit=0]

$ bash /home/ivo/Documents/University/4to/Thesis-AAAAAAAa/Container-vs-Wasm-Service-Migration/Container/scripts/workloads/start_counter_c.sh edge-node-1
[23:42:54] Transferring counter.c to edge-node-1...
[23:42:55] Compiling counter.c on edge-node-1...
[23:42:55] Starting counter on edge-node-1...
✓ C counter running (PID: 237128)
[23:42:57] ✓ Counter started
[exit=0]
[repeat] warmup 2s

$ python3 /home/ivo/Documents/University/4to/Thesis-AAAAAAAa/Container-vs-Wasm-Service-Migration/Container/scripts/orchestrators/criu_benchmark.py precopy --source edge-node-1 --dest edge-node-2 --transfer-mode host --run-id 11-04-2026-host-precopy-0002 --relay-node edge-host-1 --iterations 2
[23:43:00] Starting precopy migration...
[23:43:00] Source: edge-node-1, Dest: edge-node-2
[23:43:00] Transfer mode: host
[23:43:00] Relay node: edge-host-1

[23:43:00] === PRE-COPY LIVE MIGRATION ===
[23:43:00] Step 1: Checking source process...
[23:43:00]   Using PID from /home/ubuntu/counter.pid: 237128
[23:43:00]   Last counter value (pre-dumps start): 4
[23:43:01]   Architecture: x86_64 (compatible)
[23:43:01] Step 2: Preparing dump directory...
[23:43:02] Step 3: Running 2 pre-dumps...
[23:43:02]   Pre-dump 1/2...
[23:43:03]   Pre-dump 2/2...
[23:43:04]   Total pre-dump time: 2697 ms
[23:43:04] Step 4: Final dump (freezing service)...
[23:43:05]   Frozen last counter value: 10
[23:43:05]   Expected after restore: 11
[23:43:05]   Final dump time (freeze duration): 642 ms
[23:43:05] Step 5: Creating archive...
[23:43:05]   Archive size: 29374 bytes
[23:43:05] Step 6: Transferring archive...
  Transferring /tmp/CRIU-counter.tar.gz via relay node edge-host-1...
Setting up SSH trust: edge-node-1 → ubuntu@10.22.132.75
  Adding public key to destination's authorized_keys...
  Testing SSH connectivity...
  ✓ SSH trust ready
Setting up SSH trust: edge-host-1 → ubuntu@10.22.132.147
  Adding public key to destination's authorized_keys...
  Testing SSH connectivity...
  ✓ SSH trust ready
[23:43:12]   Transfer time: 6260 ms
[23:43:12] Step 7: Unpacking on destination...
[23:43:12] Step 7.5: Ensuring counter output file exists on destination...
[23:43:12] Step 7.8: Ensuring /tmp/counter binary is present on destination...
[23:43:13] Step 8: Restoring process...
[23:43:13]   Restore time: 360 ms
[23:43:13]   Restored PID: 237128 (written to /home/ubuntu/counter.pid)
[23:43:13] Step 9: Verifying migration...
[23:43:17]   Expected min: 11 (after ~3.0s → ~14), Observed: 14
[23:43:17] ✓ SUCCESS: Counter continued correctly!
[23:43:17] Total downtime: 7262 ms (final_dump: 642 + transfer: 6260 + restore: 360)
[23:43:17] Pre-dump time (not counted as downtime): 2697 ms
[23:43:17] Effective bandwidth: 0.04 Mbps
[23:43:17] Metrics saved to /home/ivo/Documents/University/4to/Thesis-AAAAAAAa/Container-vs-Wasm-Service-Migration/Container/metrics/migration_metrics.csv
[exit=0]

$ python3 /home/ivo/Documents/University/4to/Thesis-AAAAAAAa/Container-vs-Wasm-Service-Migration/Container/scripts/setup/reset_nodes.py edge-node-1 edge-node-2
[23:43:17] Resetting nodes: edge-node-1 -> edge-node-2
[23:43:17] Step 1: Killing any existing processes on source...
[23:43:18]   Killing PID 237128 (from /home/ubuntu/app.pid)
[23:43:19]   Killing PID 237128 (from /home/ubuntu/counter.pid)
[23:43:19]   Killing any remaining background processes...
[23:43:21] Step 2: Cleaning source node...
[23:43:22] Step 3: Cleaning destination node...
[23:43:22]   Killing PID 237128 on destination (from /home/ubuntu/app.pid)
[23:43:23]   Killing PID 237128 on destination (from /home/ubuntu/counter.pid)
[23:43:23]   Killing all remaining counter processes on destination...
[23:43:27] ✓ Reset complete, nodes are clean
[23:43:27]   Next: Start your application
[exit=0]

$ bash /home/ivo/Documents/University/4to/Thesis-AAAAAAAa/Container-vs-Wasm-Service-Migration/Container/scripts/workloads/start_counter_c.sh edge-node-1
[23:43:27] Transferring counter.c to edge-node-1...
[23:43:27] Compiling counter.c on edge-node-1...
[23:43:28] Starting counter on edge-node-1...
✓ C counter running (PID: 238852)
[23:43:29] ✓ Counter started
[exit=0]
[repeat] warmup 2s

$ python3 /home/ivo/Documents/University/4to/Thesis-AAAAAAAa/Container-vs-Wasm-Service-Migration/Container/scripts/orchestrators/criu_benchmark.py precopy --source edge-node-1 --dest edge-node-2 --transfer-mode direct --run-id 11-04-2026-direct-precopy-0002 --iterations 2
[23:43:32] Starting precopy migration...
[23:43:32] Source: edge-node-1, Dest: edge-node-2
[23:43:32] Transfer mode: direct

[23:43:32] === PRE-COPY LIVE MIGRATION ===
[23:43:32] Step 1: Checking source process...
[23:43:32]   Using PID from /home/ubuntu/counter.pid: 238852
[23:43:32]   Last counter value (pre-dumps start): 4
[23:43:33]   Architecture: x86_64 (compatible)
[23:43:33] Step 2: Preparing dump directory...
[23:43:33] Step 3: Running 2 pre-dumps...
[23:43:33]   Pre-dump 1/2...
[23:43:35]   Pre-dump 2/2...
[23:43:36]   Total pre-dump time: 2656 ms
[23:43:36] Step 4: Final dump (freezing service)...
[23:43:37]   Frozen last counter value: 9
[23:43:37]   Expected after restore: 10
[23:43:37]   Final dump time (freeze duration): 636 ms
[23:43:37] Step 5: Creating archive...
[23:43:37]   Archive size: 29757 bytes
[23:43:37] Step 6: Transferring archive...
[23:43:37]   Setting up direct SSH trust...
Setting up SSH trust: edge-node-1 → ubuntu@10.22.132.147
  Adding public key to destination's authorized_keys...
  Testing SSH connectivity...
  ✓ SSH trust ready
Setting up SSH trust: edge-node-1 → ubuntu@10.22.132.147
  Adding public key to destination's authorized_keys...
  Testing SSH connectivity...
  ✓ SSH trust ready
  Transferring /tmp/CRIU-counter.tar.gz via SCP...
[23:43:42]   Transfer time: 2653 ms
[23:43:42] Step 7: Unpacking on destination...
[23:43:42] Step 7.5: Ensuring counter output file exists on destination...
[23:43:42] Step 7.8: Ensuring /tmp/counter binary is present on destination...
[23:43:43] Step 8: Restoring process...
[23:43:43]   Restore time: 341 ms
[23:43:43]   Restored PID: 238852 (written to /home/ubuntu/counter.pid)
[23:43:43] Step 9: Verifying migration...
[23:43:47]   Expected min: 10 (after ~3.0s → ~13), Observed: 13
[23:43:47] ✓ SUCCESS: Counter continued correctly!
[23:43:47] Total downtime: 3630 ms (final_dump: 636 + transfer: 2653 + restore: 341)
[23:43:47] Pre-dump time (not counted as downtime): 2656 ms
[23:43:47] Effective bandwidth: 0.09 Mbps
[23:43:47] Metrics saved to /home/ivo/Documents/University/4to/Thesis-AAAAAAAa/Container-vs-Wasm-Service-Migration/Container/metrics/migration_metrics.csv
[exit=0]

$ python3 /home/ivo/Documents/University/4to/Thesis-AAAAAAAa/Container-vs-Wasm-Service-Migration/Container/scripts/setup/reset_nodes.py edge-node-1 edge-node-2
[23:43:47] Resetting nodes: edge-node-1 -> edge-node-2
[23:43:47] Step 1: Killing any existing processes on source...
[23:43:48]   Killing PID 238852 (from /home/ubuntu/app.pid)
[23:43:49]   Killing PID 238852 (from /home/ubuntu/counter.pid)
[23:43:49]   Killing any remaining background processes...
[23:43:50] Step 2: Cleaning source node...
[23:43:52] Step 3: Cleaning destination node...
[23:43:52]   Killing PID 238852 on destination (from /home/ubuntu/app.pid)
[23:43:53]   Killing PID 238852 on destination (from /home/ubuntu/counter.pid)
[23:43:53]   Killing all remaining counter processes on destination...
[23:43:57] ✓ Reset complete, nodes are clean
[23:43:57]   Next: Start your application
[exit=0]

$ bash /home/ivo/Documents/University/4to/Thesis-AAAAAAAa/Container-vs-Wasm-Service-Migration/Container/scripts/workloads/start_counter_c.sh edge-node-1
[23:43:57] Transferring counter.c to edge-node-1...
[23:43:58] Compiling counter.c on edge-node-1...
[23:43:58] Starting counter on edge-node-1...
✓ C counter running (PID: 240692)
[23:43:59] ✓ Counter started
[exit=0]
[repeat] warmup 2s

$ python3 /home/ivo/Documents/University/4to/Thesis-AAAAAAAa/Container-vs-Wasm-Service-Migration/Container/scripts/orchestrators/criu_benchmark.py postcopy --source edge-node-1 --dest edge-node-2 --transfer-mode host --run-id 11-04-2026-host-postcopy-0002 --relay-node edge-host-1 --page-server-port 9999
[23:44:02] Starting postcopy migration...
[23:44:02] Source: edge-node-1, Dest: edge-node-2
[23:44:02] Transfer mode: host
[23:44:02] Relay node: edge-host-1

[23:44:02] === POST-COPY (LAZY-PAGES) MIGRATION ===
[23:44:02] Step 1: Checking source process...
[23:44:03]   Using PID from /home/ubuntu/counter.pid: 240692
[23:44:03]   Last counter value (pre-freeze): 4
[23:44:05]   Page-server endpoint: 10.22.132.67:9999
[23:44:05] Step 2: Final dump (freezing service) with --lazy-pages...
[23:44:05]   Dump PID: 241185
[23:44:06]   Dump init time (approx freeze duration): 1123 ms
[23:44:06]   Frozen last counter value: 6
[23:44:06]   Expected after restore: 7
[23:44:06] Step 3: Page-server ready on source (served by dump process)
[23:44:06] Step 4: Creating archive...
[23:44:07]   Archive size: 22650 bytes
[23:44:07] Step 5: Transferring archive...
  Transferring /home/ubuntu/CRIU-counter.tar.gz via relay node edge-host-1...
Setting up SSH trust: edge-node-1 → ubuntu@10.22.132.75
  Adding public key to destination's authorized_keys...
  Testing SSH connectivity...
  ✓ SSH trust ready
Setting up SSH trust: edge-host-1 → ubuntu@10.22.132.147
  Adding public key to destination's authorized_keys...
  Testing SSH connectivity...
  ✓ SSH trust ready
[23:44:14]   Transfer time: 6676 ms
[23:44:14] Step 6: Unpacking on destination...
[23:44:14] Step 6.8: Ensuring /tmp/counter binary is present on destination...
[23:44:15] Step 7: Starting lazy-pages daemon on destination...
[23:44:15]   Lazy-pages PID: 222358
[23:44:16] Step 8: Restoring process...
[23:44:16]   Restore time: 331 ms
[23:44:16]   Restored PID: 240692 (written to /home/ubuntu/counter.pid)
[23:44:17] Step 9: Verifying migration...
[23:44:20]   Expected min: 7 (after ~3.0s → ~10), Observed: 11
[23:44:20] ✓ SUCCESS: Counter continued correctly!
[23:44:20] Total downtime: 8130 ms (dump: 1123 + transfer: 6676 + restore: 331)
[23:44:21] Metrics saved to /home/ivo/Documents/University/4to/Thesis-AAAAAAAa/Container-vs-Wasm-Service-Migration/Container/metrics/migration_metrics.csv
[exit=0]

$ python3 /home/ivo/Documents/University/4to/Thesis-AAAAAAAa/Container-vs-Wasm-Service-Migration/Container/scripts/setup/reset_nodes.py edge-node-1 edge-node-2
[23:44:22] Resetting nodes: edge-node-1 -> edge-node-2
[23:44:22] Step 1: Killing any existing processes on source...
[23:44:22]   Killing PID 240692 (from /home/ubuntu/app.pid)
[23:44:23]   Killing PID 240692 (from /home/ubuntu/counter.pid)
[23:44:24]   Killing any remaining background processes...
[23:44:25] Step 2: Cleaning source node...
[23:44:26] Step 3: Cleaning destination node...
[23:44:26]   Killing PID 240692 on destination (from /home/ubuntu/app.pid)
[23:44:27]   Killing PID 240692 on destination (from /home/ubuntu/counter.pid)
[23:44:28]   Killing all remaining counter processes on destination...
[23:44:31] ✓ Reset complete, nodes are clean
[23:44:31]   Next: Start your application
[exit=0]

$ bash /home/ivo/Documents/University/4to/Thesis-AAAAAAAa/Container-vs-Wasm-Service-Migration/Container/scripts/workloads/start_counter_c.sh edge-node-1
[23:44:31] Transferring counter.c to edge-node-1...
[23:44:32] Compiling counter.c on edge-node-1...
[23:44:32] Starting counter on edge-node-1...
✓ C counter running (PID: 242643)
[23:44:33] ✓ Counter started
[exit=0]
[repeat] warmup 2s

$ python3 /home/ivo/Documents/University/4to/Thesis-AAAAAAAa/Container-vs-Wasm-Service-Migration/Container/scripts/orchestrators/criu_benchmark.py postcopy --source edge-node-1 --dest edge-node-2 --transfer-mode direct --run-id 11-04-2026-direct-postcopy-0002 --page-server-port 9999
[23:44:36] Starting postcopy migration...
[23:44:36] Source: edge-node-1, Dest: edge-node-2
[23:44:36] Transfer mode: direct

[23:44:36] === POST-COPY (LAZY-PAGES) MIGRATION ===
[23:44:36] Step 1: Checking source process...
[23:44:37]   Using PID from /home/ubuntu/counter.pid: 242643
[23:44:37]   Last counter value (pre-freeze): 4
[23:44:39]   Page-server endpoint: 10.22.132.67:9999
[23:44:39] Step 2: Final dump (freezing service) with --lazy-pages...
[23:44:39]   Dump PID: 243144
[23:44:40]   Dump init time (approx freeze duration): 1081 ms
[23:44:40]   Frozen last counter value: 6
[23:44:40]   Expected after restore: 7
[23:44:40] Step 3: Page-server ready on source (served by dump process)
[23:44:40] Step 4: Creating archive...
[23:44:41]   Archive size: 22639 bytes
[23:44:41] Step 5: Transferring archive...
[23:44:41]   Setting up direct SSH trust...
Setting up SSH trust: edge-node-1 → ubuntu@10.22.132.147
  Adding public key to destination's authorized_keys...
  Testing SSH connectivity...
  ✓ SSH trust ready
Setting up SSH trust: edge-node-1 → ubuntu@10.22.132.147
  Adding public key to destination's authorized_keys...
  Testing SSH connectivity...
  ✓ SSH trust ready
  Transferring /home/ubuntu/CRIU-counter.tar.gz via SCP...
[23:44:45]   Transfer time: 2821 ms
[23:44:45] Step 6: Unpacking on destination...
[23:44:46] Step 6.8: Ensuring /tmp/counter binary is present on destination...
[23:44:46] Step 7: Starting lazy-pages daemon on destination...
[23:44:47]   Lazy-pages PID: 224292
[23:44:47] Step 8: Restoring process...
[23:44:47]   Restore time: 329 ms
[23:44:48]   Restored PID: 242643 (written to /home/ubuntu/counter.pid)
[23:44:48] Step 9: Verifying migration...
[23:44:52]   Expected min: 7 (after ~3.0s → ~10), Observed: 11
[23:44:52] ✓ SUCCESS: Counter continued correctly!
[23:44:52] Total downtime: 4231 ms (dump: 1081 + transfer: 2821 + restore: 329)
[23:44:53] Metrics saved to /home/ivo/Documents/University/4to/Thesis-AAAAAAAa/Container-vs-Wasm-Service-Migration/Container/metrics/migration_metrics.csv
[exit=0]
[repeat] run_ids_file=/home/ivo/Documents/University/4to/Thesis-AAAAAAAa/Container-vs-Wasm-Service-Migration/Container/metrics/run_logs/11-04-2026-counter-cold-precopy-postcopy-h1-d1-i2-relay-edge-host-1-snap-plots-234148.run_ids.txt
