=== repeat_benchmarks.py 2026-05-21T15:57:54.106497 ===
base_run_id=21-05-2026-counter-cold-precopy-postcopy-h15-d15-i3-relay-edge-host-1-snap-noplots-155754
strategies=cold,precopy,postcopy workload=counter source=edge-node-1 dest=edge-node-2 host_runs=15 direct_runs=15 iterations=3 relay_node=edge-host-1 profile_name=7_TEE_Worst snapshot_node_metrics=True no_plots=True

$ python3 /home/ivo/Evaluation-of-Live-Migration-Strategies-at-the-Edge/Container/scripts/setup/reset_nodes.py edge-node-1 edge-node-2
[15:57:54] Resetting nodes: edge-node-1 -> edge-node-2
[15:57:54] Step 1: Killing any existing processes on source...
[15:57:54]   Killing any remaining background processes...
[15:57:56] Step 2: Cleaning source node...
[15:57:57] Step 3: Cleaning destination node...
[15:57:57]   Killing all remaining counter processes on destination...
[15:58:01] ✓ Reset complete, nodes are clean
[15:58:01]   Next: Start your application
[exit=0]

$ bash /home/ivo/Evaluation-of-Live-Migration-Strategies-at-the-Edge/Container/scripts/workloads/start_counter_c.sh edge-node-1
[15:58:01] Ensuring counter binary on edge-node-1...
[15:58:01] Transferring counter.c to edge-node-1...
[15:58:01] Compiling counter.c on edge-node-1...
[15:58:02] Starting counter on edge-node-1...
[15:58:03] ✓ Counter started
[exit=0]
[repeat] warmup 2s

$ python3 /home/ivo/Evaluation-of-Live-Migration-Strategies-at-the-Edge/Container/scripts/orchestrators/criu_benchmark.py cold --source edge-node-1 --dest edge-node-2 --transfer-mode host --run-id 21-05-2026-host-cold-0000 --relay-node edge-host-1 --profile-name 7_TEE_Worst
[15:58:05] Starting cold migration...
[15:58:05] Source: edge-node-1, Dest: edge-node-2
[15:58:05] Transfer mode: host
[15:58:05] Relay node: edge-host-1

[15:58:05] === COLD MIGRATION ===
[15:58:05] Step 1: Checking source process...
[15:58:06]   Using PID from /home/ubuntu/counter.pid: 192280
[15:58:06]   Last counter value (pre-freeze): 4
[15:58:07]   Architecture: x86_64 (compatible)
[15:58:07] Step 2: Dumping process with CRIU...
[15:58:08]   Frozen last counter value: 5
[15:58:08]   Expected after restore: 6
[15:58:08]   Checkpoint time: 740 ms
[15:58:08] Step 3: Creating archive...
[15:58:08]   Archive size: 26171 bytes
[15:58:08] Step 4: Transferring archive...
  Transferring /home/ubuntu/CRIU-counter.tar.gz via relay node edge-host-1...
Setting up SSH trust: edge-node-1 → ubuntu@10.138.215.252
  Adding public key to destination's authorized_keys...
  Testing SSH connectivity...
  ✓ SSH trust ready
Setting up SSH trust: edge-host-1 → ubuntu@10.138.215.174
  Adding public key to destination's authorized_keys...
  Testing SSH connectivity...
  ✓ SSH trust ready
ERROR: Transfer from relay to destination failed
[16:06:40] Metrics saved to /home/ivo/Evaluation-of-Live-Migration-Strategies-at-the-Edge/Container/metrics/migration_metrics.csv
[exit=1]
[repeat] ERROR: benchmark failed for run_id=21-05-2026-host-cold-0000

$ python3 /home/ivo/Evaluation-of-Live-Migration-Strategies-at-the-Edge/Container/scripts/setup/reset_nodes.py edge-node-1 edge-node-2
[16:06:40] Resetting nodes: edge-node-1 -> edge-node-2
[16:06:40] Step 1: Killing any existing processes on source...
[16:06:41]   Killing PID 192280 (from /home/ubuntu/app.pid)
[16:06:41]   Killing PID 192280 (from /home/ubuntu/counter.pid)
[16:06:42]   Killing any remaining background processes...
[16:06:43] Step 2: Cleaning source node...
[16:06:45] Step 3: Cleaning destination node...
[16:06:45]   Killing all remaining counter processes on destination...
[16:06:49] ✓ Reset complete, nodes are clean
[16:06:49]   Next: Start your application
[exit=0]

$ bash /home/ivo/Evaluation-of-Live-Migration-Strategies-at-the-Edge/Container/scripts/workloads/start_counter_c.sh edge-node-1
[16:06:49] Ensuring counter binary on edge-node-1...
[16:06:49] Reusing existing /tmp/counter on edge-node-1
[16:06:49] Starting counter on edge-node-1...
[16:06:50] ✓ Counter started
[exit=0]
[repeat] warmup 2s

$ python3 /home/ivo/Evaluation-of-Live-Migration-Strategies-at-the-Edge/Container/scripts/orchestrators/criu_benchmark.py cold --source edge-node-1 --dest edge-node-2 --transfer-mode host --run-id 21-05-2026-host-cold-0001 --relay-node edge-host-1 --profile-name 7_TEE_Worst
