=== repeat_benchmarks.py 2026-04-22T21:47:05.747769 ===
base_run_id=22-04-2026-counter-cold-precopy-postcopy-h1-d1-i1-relay-edge-host-1-snap-plots-214705
strategies=cold,precopy,postcopy workload=counter source=edge-node-1 dest=edge-node-2 host_runs=1 direct_runs=1 iterations=1 relay_node=edge-host-1 profile_name=SMOKE-2026-04-22 snapshot_node_metrics=True no_plots=False

$ python3 /home/ivo/Documents/University/4to/Thesis-AAAAAAAa/Container-vs-Wasm-Service-Migration/Container/scripts/setup/reset_nodes.py edge-node-1 edge-node-2
[21:47:05] Resetting nodes: edge-node-1 -> edge-node-2
[21:47:05] Step 1: Killing any existing processes on source...
[21:47:06]   Killing PID 2546434 (from /home/ubuntu/app.pid)
[21:47:07]   Killing PID 2326504 (from /home/ubuntu/counter.pid)
[21:47:07]   Killing any remaining background processes...
[21:47:09] Step 2: Cleaning source node...
[21:47:10] Step 3: Cleaning destination node...
[21:47:10]   Killing PID 2546434 on destination (from /home/ubuntu/app.pid)
[21:47:11]   Killing PID 2326504 on destination (from /home/ubuntu/counter.pid)
[21:47:12]   Killing all remaining counter processes on destination...
[21:47:15] ✓ Reset complete, nodes are clean
[21:47:15]   Next: Start your application
[exit=0]

$ bash /home/ivo/Documents/University/4to/Thesis-AAAAAAAa/Container-vs-Wasm-Service-Migration/Container/scripts/workloads/start_counter_c.sh edge-node-1
[21:47:15] Transferring counter.c to edge-node-1...
[21:47:15] Compiling counter.c on edge-node-1...
[21:47:16] Starting counter on edge-node-1...
[21:47:17] ✓ Counter started
[exit=0]
[repeat] warmup 2s

$ python3 /home/ivo/Documents/University/4to/Thesis-AAAAAAAa/Container-vs-Wasm-Service-Migration/Container/scripts/orchestrators/criu_benchmark.py cold --source edge-node-1 --dest edge-node-2 --transfer-mode host --run-id 22-04-2026-host-cold-0021 --relay-node edge-host-1 --profile-name SMOKE-2026-04-22
[21:47:20] Starting cold migration...
[21:47:20] Source: edge-node-1, Dest: edge-node-2
[21:47:20] Transfer mode: host
[21:47:20] Relay node: edge-host-1

[21:47:20] === COLD MIGRATION ===
[21:47:20] Step 1: Checking source process...
[21:47:20]   Using PID from /home/ubuntu/counter.pid: 2550231
[21:47:21]   Last counter value (pre-freeze): 4
[21:47:21]   Architecture: x86_64 (compatible)
[21:47:21] Step 2: Dumping process with CRIU...
[21:47:22]   Frozen last counter value: 5
[21:47:22]   Expected after restore: 6
[21:47:22]   Checkpoint time: 624 ms
[21:47:22] Step 3: Creating archive...
[21:47:23]   Archive size: 25327 bytes
[21:47:23] Step 4: Transferring archive...
  Transferring /home/ubuntu/CRIU-counter.tar.gz via relay node edge-host-1...
Setting up SSH trust: edge-node-1 → ubuntu@10.22.132.176
  Adding public key to destination's authorized_keys...
  Testing SSH connectivity...
  ✓ SSH trust ready
Setting up SSH trust: edge-host-1 → ubuntu@10.22.132.239
  Adding public key to destination's authorized_keys...
  Testing SSH connectivity...
  ✓ SSH trust ready
[21:47:29]   Transfer time: 6843 ms
[21:47:29] Step 5: Unpacking on destination...
[21:47:30] Step 6: Preparing restore environment...
[21:47:30] Step 6.5: Ensuring /tmp/counter binary is present on destination...
[21:47:31] Step 7: Restoring process...
[21:47:31]   Restore time: 324 ms
[21:47:31]   Restored PID: 2550231 (written to /home/ubuntu/counter.pid)
[21:47:31] Step 8: Verifying migration...
[21:47:35]   Expected min: 6 (after ~3.0s → ~9), Observed: 9
[21:47:35] ✓ SUCCESS: Counter continued correctly!
[21:47:35] Total downtime: 7791 ms
[21:47:35] Effective bandwidth: 0.03 Mbps
[21:47:35] Metrics saved to /home/ivo/Documents/University/4to/Thesis-AAAAAAAa/Container-vs-Wasm-Service-Migration/Container/metrics/migration_metrics.csv
[exit=0]

$ python3 /home/ivo/Documents/University/4to/Thesis-AAAAAAAa/Container-vs-Wasm-Service-Migration/Container/scripts/setup/reset_nodes.py edge-node-1 edge-node-2
[21:47:36] Resetting nodes: edge-node-1 -> edge-node-2
[21:47:36] Step 1: Killing any existing processes on source...
[21:47:36]   Killing PID 2550231 (from /home/ubuntu/app.pid)
[21:47:37]   Killing PID 2550231 (from /home/ubuntu/counter.pid)
[21:47:37]   Killing any remaining background processes...
[21:47:39] Step 2: Cleaning source node...
[21:47:40] Step 3: Cleaning destination node...
[21:47:40]   Killing PID 2550231 on destination (from /home/ubuntu/app.pid)
[21:47:41]   Killing PID 2550231 on destination (from /home/ubuntu/counter.pid)
[21:47:41]   Killing all remaining counter processes on destination...
[21:47:45] ✓ Reset complete, nodes are clean
[21:47:45]   Next: Start your application
[exit=0]

$ bash /home/ivo/Documents/University/4to/Thesis-AAAAAAAa/Container-vs-Wasm-Service-Migration/Container/scripts/workloads/start_counter_c.sh edge-node-1
[21:47:45] Transferring counter.c to edge-node-1...
[21:47:45] Compiling counter.c on edge-node-1...
[21:47:46] Starting counter on edge-node-1...
[21:47:47] ✓ Counter started
[exit=0]
[repeat] warmup 2s

$ python3 /home/ivo/Documents/University/4to/Thesis-AAAAAAAa/Container-vs-Wasm-Service-Migration/Container/scripts/orchestrators/criu_benchmark.py cold --source edge-node-1 --dest edge-node-2 --transfer-mode direct --run-id 22-04-2026-direct-cold-0021 --profile-name SMOKE-2026-04-22
[21:47:50] Starting cold migration...
[21:47:50] Source: edge-node-1, Dest: edge-node-2
[21:47:50] Transfer mode: direct

[21:47:50] === COLD MIGRATION ===
[21:47:50] Step 1: Checking source process...
[21:47:50]   Using PID from /home/ubuntu/counter.pid: 2551795
[21:47:51]   Last counter value (pre-freeze): 4
[21:47:51]   Architecture: x86_64 (compatible)
[21:47:51] Step 2: Dumping process with CRIU...
[21:47:52]   Frozen last counter value: 5
[21:47:52]   Expected after restore: 6
[21:47:52]   Checkpoint time: 663 ms
[21:47:52] Step 3: Creating archive...
[21:47:52]   Archive size: 25182 bytes
[21:47:52] Step 4: Transferring archive...
[21:47:52]   Setting up direct SSH trust...
Setting up SSH trust: edge-node-1 → ubuntu@10.22.132.239
  Adding public key to destination's authorized_keys...
  Testing SSH connectivity...
  ✓ SSH trust ready
Setting up SSH trust: edge-node-1 → ubuntu@10.22.132.239
  Adding public key to destination's authorized_keys...
  Testing SSH connectivity...
  ✓ SSH trust ready
  Transferring /home/ubuntu/CRIU-counter.tar.gz via SCP...
[21:47:57]   Transfer time: 2903 ms
[21:47:57] Step 5: Unpacking on destination...
[21:47:58] Step 6: Preparing restore environment...
[21:47:58] Step 6.5: Ensuring /tmp/counter binary is present on destination...
[21:47:59] Step 7: Restoring process...
[21:47:59]   Restore time: 317 ms
[21:47:59]   Restored PID: 2551795 (written to /home/ubuntu/counter.pid)
[21:47:59] Step 8: Verifying migration...
[21:48:03]   Expected min: 6 (after ~3.0s → ~9), Observed: 9
[21:48:03] ✓ SUCCESS: Counter continued correctly!
[21:48:03] Total downtime: 3883 ms
[21:48:03] Effective bandwidth: 0.07 Mbps
[21:48:03] Metrics saved to /home/ivo/Documents/University/4to/Thesis-AAAAAAAa/Container-vs-Wasm-Service-Migration/Container/metrics/migration_metrics.csv
[exit=0]

$ python3 /home/ivo/Documents/University/4to/Thesis-AAAAAAAa/Container-vs-Wasm-Service-Migration/Container/scripts/setup/reset_nodes.py edge-node-1 edge-node-2
[21:48:04] Resetting nodes: edge-node-1 -> edge-node-2
[21:48:04] Step 1: Killing any existing processes on source...
[21:48:04]   Killing PID 2551795 (from /home/ubuntu/app.pid)
[21:48:05]   Killing PID 2551795 (from /home/ubuntu/counter.pid)
[21:48:05]   Killing any remaining background processes...
[21:48:07] Step 2: Cleaning source node...
[21:48:08] Step 3: Cleaning destination node...
[21:48:08]   Killing PID 2551795 on destination (from /home/ubuntu/app.pid)
[21:48:09]   Killing PID 2551795 on destination (from /home/ubuntu/counter.pid)
[21:48:10]   Killing all remaining counter processes on destination...
[21:48:13] ✓ Reset complete, nodes are clean
[21:48:13]   Next: Start your application
[exit=0]

$ bash /home/ivo/Documents/University/4to/Thesis-AAAAAAAa/Container-vs-Wasm-Service-Migration/Container/scripts/workloads/start_counter_c.sh edge-node-1
[21:48:14] Transferring counter.c to edge-node-1...
[21:48:14] Compiling counter.c on edge-node-1...
[21:48:14] Starting counter on edge-node-1...
[21:48:15] ✓ Counter started
[exit=0]
[repeat] warmup 2s

$ python3 /home/ivo/Documents/University/4to/Thesis-AAAAAAAa/Container-vs-Wasm-Service-Migration/Container/scripts/orchestrators/criu_benchmark.py precopy --source edge-node-1 --dest edge-node-2 --transfer-mode host --run-id 22-04-2026-host-precopy-0021 --relay-node edge-host-1 --iterations 1 --profile-name SMOKE-2026-04-22
[21:48:18] Starting precopy migration...
[21:48:18] Source: edge-node-1, Dest: edge-node-2
[21:48:18] Transfer mode: host
[21:48:18] Relay node: edge-host-1

[21:48:18] === PRE-COPY LIVE MIGRATION ===
[21:48:18] Step 1: Checking source process...
[21:48:19]   Using PID from /home/ubuntu/counter.pid: 2553476
[21:48:19]   Last counter value (pre-dumps start): 4
[21:48:20]   Architecture: x86_64 (compatible)
[21:48:20] Step 2: Preparing dump directory...
[21:48:20] Step 3: Running 1 pre-dumps...
[21:48:20]   Pre-dump 1/1...
[21:48:21]   Total pre-dump time: 1339 ms
[21:48:21] Step 4: Final dump (freezing service)...
[21:48:22]   Frozen last counter value: 7
[21:48:22]   Expected after restore: 8
[21:48:22]   Final dump time (freeze duration): 622 ms
[21:48:22] Step 5: Creating archive...
[21:48:23]   Archive size: 27035 bytes
[21:48:23] Step 6: Transferring archive...
  Transferring /tmp/CRIU-counter.tar.gz via relay node edge-host-1...
Setting up SSH trust: edge-node-1 → ubuntu@10.22.132.176
  Adding public key to destination's authorized_keys...
  Testing SSH connectivity...
  ✓ SSH trust ready
Setting up SSH trust: edge-host-1 → ubuntu@10.22.132.239
  Adding public key to destination's authorized_keys...
  Testing SSH connectivity...
  ✓ SSH trust ready
[21:48:30]   Transfer time: 7105 ms
[21:48:30] Step 7: Unpacking on destination...
[21:48:30] Step 7.5: Ensuring counter output file exists on destination...
[21:48:30] Step 7.8: Ensuring /tmp/counter binary is present on destination...
[21:48:31] Step 8: Restoring process...
[21:48:31]   Restore time: 331 ms
[21:48:31]   Restored PID: 2553476 (written to /home/ubuntu/counter.pid)
[21:48:31] Step 9: Verifying migration...
[21:48:35]   Expected min: 8 (after ~3.0s → ~11), Observed: 11
[21:48:35] ✓ SUCCESS: Counter continued correctly!
[21:48:35] Total downtime: 8058 ms (final_dump: 622 + transfer: 7105 + restore: 331)
[21:48:35] Pre-dump time (not counted as downtime): 1339 ms
[21:48:35] Effective bandwidth: 0.03 Mbps
[21:48:35] Metrics saved to /home/ivo/Documents/University/4to/Thesis-AAAAAAAa/Container-vs-Wasm-Service-Migration/Container/metrics/migration_metrics.csv
[exit=0]

$ python3 /home/ivo/Documents/University/4to/Thesis-AAAAAAAa/Container-vs-Wasm-Service-Migration/Container/scripts/setup/reset_nodes.py edge-node-1 edge-node-2
[21:48:36] Resetting nodes: edge-node-1 -> edge-node-2
[21:48:36] Step 1: Killing any existing processes on source...
[21:48:36]   Killing PID 2553476 (from /home/ubuntu/app.pid)
[21:48:37]   Killing PID 2553476 (from /home/ubuntu/counter.pid)
[21:48:37]   Killing any remaining background processes...
[21:48:39] Step 2: Cleaning source node...
[21:48:40] Step 3: Cleaning destination node...
[21:48:40]   Killing PID 2553476 on destination (from /home/ubuntu/app.pid)
[21:48:41]   Killing PID 2553476 on destination (from /home/ubuntu/counter.pid)
[21:48:42]   Killing all remaining counter processes on destination...
[21:48:45] ✓ Reset complete, nodes are clean
[21:48:45]   Next: Start your application
[exit=0]

$ bash /home/ivo/Documents/University/4to/Thesis-AAAAAAAa/Container-vs-Wasm-Service-Migration/Container/scripts/workloads/start_counter_c.sh edge-node-1
[21:48:45] Transferring counter.c to edge-node-1...
[21:48:45] Compiling counter.c on edge-node-1...
[21:48:46] Starting counter on edge-node-1...
[21:48:47] ✓ Counter started
[exit=0]
[repeat] warmup 2s

$ python3 /home/ivo/Documents/University/4to/Thesis-AAAAAAAa/Container-vs-Wasm-Service-Migration/Container/scripts/orchestrators/criu_benchmark.py precopy --source edge-node-1 --dest edge-node-2 --transfer-mode direct --run-id 22-04-2026-direct-precopy-0021 --iterations 1 --profile-name SMOKE-2026-04-22
[21:48:50] Starting precopy migration...
[21:48:50] Source: edge-node-1, Dest: edge-node-2
[21:48:50] Transfer mode: direct

[21:48:50] === PRE-COPY LIVE MIGRATION ===
[21:48:50] Step 1: Checking source process...
[21:48:50]   Using PID from /home/ubuntu/counter.pid: 2555144
[21:48:51]   Last counter value (pre-dumps start): 4
[21:48:51]   Architecture: x86_64 (compatible)
[21:48:51] Step 2: Preparing dump directory...
[21:48:52] Step 3: Running 1 pre-dumps...
[21:48:52]   Pre-dump 1/1...
[21:48:53]   Total pre-dump time: 1325 ms
[21:48:53] Step 4: Final dump (freezing service)...
[21:48:54]   Frozen last counter value: 7
[21:48:54]   Expected after restore: 8
[21:48:54]   Final dump time (freeze duration): 608 ms
[21:48:54] Step 5: Creating archive...
[21:48:54]   Archive size: 27078 bytes
[21:48:54] Step 6: Transferring archive...
[21:48:54]   Setting up direct SSH trust...
Setting up SSH trust: edge-node-1 → ubuntu@10.22.132.239
  Adding public key to destination's authorized_keys...
  Testing SSH connectivity...
  ✓ SSH trust ready
Setting up SSH trust: edge-node-1 → ubuntu@10.22.132.239
  Adding public key to destination's authorized_keys...
  Testing SSH connectivity...
  ✓ SSH trust ready
  Transferring /tmp/CRIU-counter.tar.gz via SCP...
[21:48:59]   Transfer time: 2926 ms
[21:48:59] Step 7: Unpacking on destination...
[21:48:59] Step 7.5: Ensuring counter output file exists on destination...
[21:49:00] Step 7.8: Ensuring /tmp/counter binary is present on destination...
[21:49:00] Step 8: Restoring process...
[21:49:00]   Restore time: 323 ms
[21:49:00]   Restored PID: 2555144 (written to /home/ubuntu/counter.pid)
[21:49:00] Step 9: Verifying migration...
[21:49:04]   Expected min: 8 (after ~3.0s → ~11), Observed: 11
[21:49:04] ✓ SUCCESS: Counter continued correctly!
[21:49:04] Total downtime: 3857 ms (final_dump: 608 + transfer: 2926 + restore: 323)
[21:49:04] Pre-dump time (not counted as downtime): 1325 ms
[21:49:04] Effective bandwidth: 0.07 Mbps
[21:49:04] Metrics saved to /home/ivo/Documents/University/4to/Thesis-AAAAAAAa/Container-vs-Wasm-Service-Migration/Container/metrics/migration_metrics.csv
[exit=0]

$ python3 /home/ivo/Documents/University/4to/Thesis-AAAAAAAa/Container-vs-Wasm-Service-Migration/Container/scripts/setup/reset_nodes.py edge-node-1 edge-node-2
[21:49:05] Resetting nodes: edge-node-1 -> edge-node-2
[21:49:05] Step 1: Killing any existing processes on source...
[21:49:05]   Killing PID 2555144 (from /home/ubuntu/app.pid)
[21:49:06]   Killing PID 2555144 (from /home/ubuntu/counter.pid)
[21:49:06]   Killing any remaining background processes...
[21:49:08] Step 2: Cleaning source node...
[21:49:09] Step 3: Cleaning destination node...
[21:49:09]   Killing PID 2555144 on destination (from /home/ubuntu/app.pid)
[21:49:10]   Killing PID 2555144 on destination (from /home/ubuntu/counter.pid)
[21:49:11]   Killing all remaining counter processes on destination...
[21:49:15] ✓ Reset complete, nodes are clean
[21:49:15]   Next: Start your application
[exit=0]

$ bash /home/ivo/Documents/University/4to/Thesis-AAAAAAAa/Container-vs-Wasm-Service-Migration/Container/scripts/workloads/start_counter_c.sh edge-node-1
[21:49:15] Transferring counter.c to edge-node-1...
[21:49:15] Compiling counter.c on edge-node-1...
[21:49:15] Starting counter on edge-node-1...
[21:49:17] ✓ Counter started
[exit=0]
[repeat] warmup 2s

$ python3 /home/ivo/Documents/University/4to/Thesis-AAAAAAAa/Container-vs-Wasm-Service-Migration/Container/scripts/orchestrators/criu_benchmark.py postcopy --source edge-node-1 --dest edge-node-2 --transfer-mode host --run-id 22-04-2026-host-postcopy-0021 --relay-node edge-host-1 --page-server-port 9999 --profile-name SMOKE-2026-04-22
[21:49:19] Starting postcopy migration...
[21:49:19] Source: edge-node-1, Dest: edge-node-2
[21:49:19] Transfer mode: host
[21:49:19] Relay node: edge-host-1

[21:49:19] === POST-COPY (LAZY-PAGES) MIGRATION ===
[21:49:19] Step 1: Checking source process...
[21:49:20]   Using PID from /home/ubuntu/counter.pid: 2556926
[21:49:20]   Last counter value (pre-freeze): 4
[21:49:22]   Page-server endpoint: 10.22.132.29:9999
[21:49:22] Step 2: Final dump (freezing service) with --lazy-pages...
[21:49:22]   Dump PID: 2557427
[21:49:23]   Dump init time (approx freeze duration): 1088 ms
[21:49:23]   Frozen last counter value: 6
[21:49:23]   Expected after restore: 7
[21:49:23] Step 3: Page-server ready on source (served by dump process)
[21:49:23] Step 4: Creating archive...
[21:49:24]   Archive size: 22638 bytes
[21:49:24] Step 5: Transferring archive...
  Transferring /home/ubuntu/CRIU-counter.tar.gz via relay node edge-host-1...
Setting up SSH trust: edge-node-1 → ubuntu@10.22.132.176
  Adding public key to destination's authorized_keys...
  Testing SSH connectivity...
  ✓ SSH trust ready
Setting up SSH trust: edge-host-1 → ubuntu@10.22.132.239
  Adding public key to destination's authorized_keys...
  Testing SSH connectivity...
  ✓ SSH trust ready
[21:49:31]   Transfer time: 6929 ms
[21:49:31] Step 6: Unpacking on destination...
[21:49:32] Step 6.8: Ensuring /tmp/counter binary is present on destination...
[21:49:32] Step 7: Starting lazy-pages daemon on destination...
[21:49:32]   Lazy-pages PID: 2377095
[21:49:33] Step 8: Restoring process...
[21:49:33]   Restore time: 362 ms
[21:49:33]   Restored PID: 2556926 (written to /home/ubuntu/counter.pid)
[21:49:34] Step 9: Verifying migration...
[21:49:37]   Expected min: 7 (after ~3.0s → ~10), Observed: 11
[21:49:37] ✓ SUCCESS: Counter continued correctly!
[21:49:37] Total downtime: 8379 ms (dump: 1088 + transfer: 6929 + restore: 362)
[21:49:38] Metrics saved to /home/ivo/Documents/University/4to/Thesis-AAAAAAAa/Container-vs-Wasm-Service-Migration/Container/metrics/migration_metrics.csv
[exit=0]

$ python3 /home/ivo/Documents/University/4to/Thesis-AAAAAAAa/Container-vs-Wasm-Service-Migration/Container/scripts/setup/reset_nodes.py edge-node-1 edge-node-2
[21:49:39] Resetting nodes: edge-node-1 -> edge-node-2
[21:49:39] Step 1: Killing any existing processes on source...
[21:49:40]   Killing PID 2556926 (from /home/ubuntu/app.pid)
[21:49:40]   Killing PID 2556926 (from /home/ubuntu/counter.pid)
[21:49:41]   Killing any remaining background processes...
[21:49:42] Step 2: Cleaning source node...
[21:49:43] Step 3: Cleaning destination node...
[21:49:44]   Killing PID 2556926 on destination (from /home/ubuntu/app.pid)
[21:49:45]   Killing PID 2556926 on destination (from /home/ubuntu/counter.pid)
[21:49:45]   Killing all remaining counter processes on destination...
[21:49:49] ✓ Reset complete, nodes are clean
[21:49:49]   Next: Start your application
[exit=0]

$ bash /home/ivo/Documents/University/4to/Thesis-AAAAAAAa/Container-vs-Wasm-Service-Migration/Container/scripts/workloads/start_counter_c.sh edge-node-1
[21:49:49] Transferring counter.c to edge-node-1...
[21:49:49] Compiling counter.c on edge-node-1...
[21:49:49] Starting counter on edge-node-1...
[21:49:51] ✓ Counter started
[exit=0]
[repeat] warmup 2s

$ python3 /home/ivo/Documents/University/4to/Thesis-AAAAAAAa/Container-vs-Wasm-Service-Migration/Container/scripts/orchestrators/criu_benchmark.py postcopy --source edge-node-1 --dest edge-node-2 --transfer-mode direct --run-id 22-04-2026-direct-postcopy-0021 --page-server-port 9999 --profile-name SMOKE-2026-04-22
[21:49:54] Starting postcopy migration...
[21:49:54] Source: edge-node-1, Dest: edge-node-2
[21:49:54] Transfer mode: direct

[21:49:54] === POST-COPY (LAZY-PAGES) MIGRATION ===
[21:49:54] Step 1: Checking source process...
[21:49:54]   Using PID from /home/ubuntu/counter.pid: 2558877
[21:49:55]   Last counter value (pre-freeze): 5
[21:49:56]   Page-server endpoint: 10.22.132.29:9999
[21:49:56] Step 2: Final dump (freezing service) with --lazy-pages...
[21:49:57]   Dump PID: 2559378
[21:49:57]   Dump init time (approx freeze duration): 1114 ms
[21:49:58]   Frozen last counter value: 7
[21:49:58]   Expected after restore: 8
[21:49:58] Step 3: Page-server ready on source (served by dump process)
[21:49:58] Step 4: Creating archive...
[21:49:59]   Archive size: 22538 bytes
[21:49:59] Step 5: Transferring archive...
[21:49:59]   Setting up direct SSH trust...
Setting up SSH trust: edge-node-1 → ubuntu@10.22.132.239
  Adding public key to destination's authorized_keys...
  Testing SSH connectivity...
  ✓ SSH trust ready
Setting up SSH trust: edge-node-1 → ubuntu@10.22.132.239
  Adding public key to destination's authorized_keys...
  Testing SSH connectivity...
  ✓ SSH trust ready
  Transferring /home/ubuntu/CRIU-counter.tar.gz via SCP...
[21:50:04]   Transfer time: 2920 ms
[21:50:04] Step 6: Unpacking on destination...
[21:50:04] Step 6.8: Ensuring /tmp/counter binary is present on destination...
[21:50:04] Step 7: Starting lazy-pages daemon on destination...
[21:50:05]   Lazy-pages PID: 2379095
[21:50:05] Step 8: Restoring process...
[21:50:06]   Restore time: 349 ms
[21:50:06]   Restored PID: 2558877 (written to /home/ubuntu/counter.pid)
[21:50:06] Step 9: Verifying migration...
[21:50:10]   Expected min: 8 (after ~3.0s → ~11), Observed: 12
[21:50:10] ✓ SUCCESS: Counter continued correctly!
[21:50:10] Total downtime: 4383 ms (dump: 1114 + transfer: 2920 + restore: 349)
[21:50:11] Metrics saved to /home/ivo/Documents/University/4to/Thesis-AAAAAAAa/Container-vs-Wasm-Service-Migration/Container/metrics/migration_metrics.csv
[exit=0]
[repeat] run_ids_file=/home/ivo/Documents/University/4to/Thesis-AAAAAAAa/Container-vs-Wasm-Service-Migration/Container/metrics/run_logs/22-04-2026-counter-cold-precopy-postcopy-h1-d1-i1-relay-edge-host-1-snap-plots-214705.run_ids.txt
