=== repeat_benchmarks.py 2026-04-30T00:26:32.969202 ===
base_run_id=30-04-2026-counter-cold-precopy-postcopy-h1-d1-i3-relay-edge-host-1-snap-noplots-002632
strategies=cold,precopy,postcopy workload=counter source=edge-node-1 dest=edge-node-2 host_runs=1 direct_runs=1 iterations=3 relay_node=edge-host-1 profile_name=3_LTE snapshot_node_metrics=True no_plots=True

$ python3 /home/ivo/Evaluation-of-Live-Migration-Strategies-at-the-Edge/Container/scripts/setup/reset_nodes.py edge-node-1 edge-node-2
[00:26:33] Resetting nodes: edge-node-1 -> edge-node-2
[00:26:33] Step 1: Killing any existing processes on source...
[00:26:33]   Killing PID 240592 (from /home/ubuntu/app.pid)
[00:26:34]   Killing PID 217882 (from /home/ubuntu/counter.pid)
[00:26:34]   Killing any remaining background processes...
[00:26:35] Step 2: Cleaning source node...
[00:26:36] Step 3: Cleaning destination node...
[00:26:37]   Killing PID 240592 on destination (from /home/ubuntu/app.pid)
[00:26:37]   Killing PID 217882 on destination (from /home/ubuntu/counter.pid)
[00:26:38]   Killing all remaining counter processes on destination...
[00:26:41] ✓ Reset complete, nodes are clean
[00:26:41]   Next: Start your application
[exit=0]

$ bash /home/ivo/Evaluation-of-Live-Migration-Strategies-at-the-Edge/Container/scripts/workloads/start_counter_c.sh edge-node-1
[00:26:41] Ensuring counter binary on edge-node-1...
[00:26:42] Reusing existing /tmp/counter on edge-node-1
[00:26:42] Starting counter on edge-node-1...
[00:26:43] ✓ Counter started
[exit=0]
[repeat] warmup 2s

$ python3 /home/ivo/Evaluation-of-Live-Migration-Strategies-at-the-Edge/Container/scripts/orchestrators/criu_benchmark.py cold --source edge-node-1 --dest edge-node-2 --transfer-mode host --run-id 30-04-2026-host-cold-0001 --relay-node edge-host-1 --profile-name 3_LTE
[00:26:45] Starting cold migration...
[00:26:45] Source: edge-node-1, Dest: edge-node-2
[00:26:45] Transfer mode: host
[00:26:45] Relay node: edge-host-1

[00:26:45] === COLD MIGRATION ===
[00:26:45] Step 1: Checking source process...
[00:26:46]   Using PID from /home/ubuntu/counter.pid: 246102
[00:26:46]   Last counter value (pre-freeze): 4
[00:26:47]   Architecture: x86_64 (compatible)
[00:26:47] Step 2: Dumping process with CRIU...
[00:26:47]   Frozen last counter value: 5
[00:26:47]   Expected after restore: 6
[00:26:47]   Checkpoint time: 601 ms
[00:26:47] Step 3: Creating archive...
[00:26:48]   Archive size: 25207 bytes
[00:26:48] Step 4: Transferring archive...
  Transferring /home/ubuntu/CRIU-counter.tar.gz via relay node edge-host-1...
Setting up SSH trust: edge-node-1 → ubuntu@10.138.215.36
  Adding public key to destination's authorized_keys...
  Testing SSH connectivity...
  ✓ SSH trust ready
Setting up SSH trust: edge-host-1 → ubuntu@10.138.215.137
  Adding public key to destination's authorized_keys...
  Testing SSH connectivity...
  ✓ SSH trust ready
[00:26:59]   Transfer time: 11339 ms
[00:26:59] Step 5: Unpacking on destination...
[00:27:00] Step 6: Preparing restore environment...
[00:27:00] Step 6.5: Ensuring /tmp/counter binary is present on destination...
[00:27:00] Step 7: Restoring process...
[00:27:01]   Restore time: 315 ms
[00:27:01]   Restored PID: 246102 (written to /home/ubuntu/counter.pid)
[00:27:01] Step 8: Verifying migration...
[00:27:05]   Expected min: 6 (after ~3.0s → ~9), Observed: 10
[00:27:05] ✓ SUCCESS: Counter continued correctly!
[00:27:05] Total downtime: 12255 ms
[00:27:05] Effective bandwidth: 0.02 Mbps
[00:27:05] Metrics saved to /home/ivo/Evaluation-of-Live-Migration-Strategies-at-the-Edge/Container/metrics/migration_metrics.csv
[exit=0]

$ python3 /home/ivo/Evaluation-of-Live-Migration-Strategies-at-the-Edge/Container/scripts/setup/reset_nodes.py edge-node-1 edge-node-2
[00:27:05] Resetting nodes: edge-node-1 -> edge-node-2
[00:27:05] Step 1: Killing any existing processes on source...
[00:27:06]   Killing PID 246102 (from /home/ubuntu/app.pid)
[00:27:06]   Killing PID 246102 (from /home/ubuntu/counter.pid)
[00:27:07]   Killing any remaining background processes...
[00:27:08] Step 2: Cleaning source node...
[00:27:09] Step 3: Cleaning destination node...
[00:27:10]   Killing PID 246102 on destination (from /home/ubuntu/app.pid)
[00:27:10]   Killing PID 246102 on destination (from /home/ubuntu/counter.pid)
[00:27:11]   Killing all remaining counter processes on destination...
[00:27:14] ✓ Reset complete, nodes are clean
[00:27:14]   Next: Start your application
[exit=0]

$ bash /home/ivo/Evaluation-of-Live-Migration-Strategies-at-the-Edge/Container/scripts/workloads/start_counter_c.sh edge-node-1
[00:27:14] Ensuring counter binary on edge-node-1...
[00:27:14] Reusing existing /tmp/counter on edge-node-1
[00:27:14] Starting counter on edge-node-1...
[00:27:16] ✓ Counter started
[exit=0]
[repeat] warmup 2s

$ python3 /home/ivo/Evaluation-of-Live-Migration-Strategies-at-the-Edge/Container/scripts/orchestrators/criu_benchmark.py cold --source edge-node-1 --dest edge-node-2 --transfer-mode direct --run-id 30-04-2026-direct-cold-0001 --profile-name 3_LTE
[00:27:18] Starting cold migration...
[00:27:18] Source: edge-node-1, Dest: edge-node-2
[00:27:18] Transfer mode: direct

[00:27:18] === COLD MIGRATION ===
[00:27:18] Step 1: Checking source process...
[00:27:19]   Using PID from /home/ubuntu/counter.pid: 247583
[00:27:19]   Last counter value (pre-freeze): 4
[00:27:20]   Architecture: x86_64 (compatible)
[00:27:20] Step 2: Dumping process with CRIU...
[00:27:20]   Frozen last counter value: 5
[00:27:20]   Expected after restore: 6
[00:27:20]   Checkpoint time: 586 ms
[00:27:20] Step 3: Creating archive...
[00:27:21]   Archive size: 25289 bytes
[00:27:21] Step 4: Transferring archive...
[00:27:21]   Setting up direct SSH trust...
Setting up SSH trust: edge-node-1 → ubuntu@10.138.215.137
  Adding public key to destination's authorized_keys...
  Testing SSH connectivity...
  ✓ SSH trust ready
Setting up SSH trust: edge-node-1 → ubuntu@10.138.215.137
  Adding public key to destination's authorized_keys...
  Testing SSH connectivity...
  ✓ SSH trust ready
  Transferring /home/ubuntu/CRIU-counter.tar.gz via SCP...
[00:27:30]   Transfer time: 5982 ms
[00:27:30] Step 5: Unpacking on destination...
[00:27:30] Step 6: Preparing restore environment...
[00:27:30] Step 6.5: Ensuring /tmp/counter binary is present on destination...
[00:27:31] Step 7: Restoring process...
[00:27:31]   Restore time: 321 ms
[00:27:31]   Restored PID: 247583 (written to /home/ubuntu/counter.pid)
[00:27:31] Step 8: Verifying migration...
[00:27:35]   Expected min: 6 (after ~3.0s → ~9), Observed: 9
[00:27:35] ✓ SUCCESS: Counter continued correctly!
[00:27:35] Total downtime: 6889 ms
[00:27:35] Effective bandwidth: 0.03 Mbps
[00:27:35] Metrics saved to /home/ivo/Evaluation-of-Live-Migration-Strategies-at-the-Edge/Container/metrics/migration_metrics.csv
[exit=0]

$ python3 /home/ivo/Evaluation-of-Live-Migration-Strategies-at-the-Edge/Container/scripts/setup/reset_nodes.py edge-node-1 edge-node-2
[00:27:35] Resetting nodes: edge-node-1 -> edge-node-2
[00:27:35] Step 1: Killing any existing processes on source...
[00:27:36]   Killing PID 247583 (from /home/ubuntu/app.pid)
[00:27:36]   Killing PID 247583 (from /home/ubuntu/counter.pid)
[00:27:37]   Killing any remaining background processes...
[00:27:38] Step 2: Cleaning source node...
[00:27:39] Step 3: Cleaning destination node...
[00:27:40]   Killing PID 247583 on destination (from /home/ubuntu/app.pid)
[00:27:40]   Killing PID 247583 on destination (from /home/ubuntu/counter.pid)
[00:27:41]   Killing all remaining counter processes on destination...
[00:27:44] ✓ Reset complete, nodes are clean
[00:27:44]   Next: Start your application
[exit=0]

$ bash /home/ivo/Evaluation-of-Live-Migration-Strategies-at-the-Edge/Container/scripts/workloads/start_counter_c.sh edge-node-1
[00:27:44] Ensuring counter binary on edge-node-1...
[00:27:44] Reusing existing /tmp/counter on edge-node-1
[00:27:44] Starting counter on edge-node-1...
[00:27:46] ✓ Counter started
[exit=0]
[repeat] warmup 2s

$ python3 /home/ivo/Evaluation-of-Live-Migration-Strategies-at-the-Edge/Container/scripts/orchestrators/criu_benchmark.py precopy --source edge-node-1 --dest edge-node-2 --transfer-mode host --run-id 30-04-2026-host-precopy-0001 --relay-node edge-host-1 --iterations 3 --profile-name 3_LTE
[00:27:48] Starting precopy migration...
[00:27:48] Source: edge-node-1, Dest: edge-node-2
[00:27:48] Transfer mode: host
[00:27:48] Relay node: edge-host-1

[00:27:48] === PRE-COPY LIVE MIGRATION ===
[00:27:48] Step 1: Checking source process...
[00:27:49]   Using PID from /home/ubuntu/counter.pid: 249432
[00:27:49]   Last counter value (pre-dumps start): 4
[00:27:50]   Architecture: x86_64 (compatible)
[00:27:50] Step 2: Preparing dump directory...
[00:27:50] Step 3: Running 3 pre-dumps...
[00:27:50]   Pre-dump 1/3...
[00:27:51]   Pre-dump 2/3...
[00:27:53]   Pre-dump 3/3...
[00:27:54]   Total pre-dump time: 3950 ms
[00:27:54] Step 4: Final dump (freezing service)...
[00:27:54]   Frozen last counter value: 11
[00:27:54]   Expected after restore: 12
[00:27:54]   Final dump time (freeze duration): 588 ms
[00:27:54] Step 5: Creating archive...
[00:27:55]   Archive size: 32099 bytes
[00:27:55] Step 6: Transferring archive...
  Transferring /tmp/CRIU-counter.tar.gz via relay node edge-host-1...
Setting up SSH trust: edge-node-1 → ubuntu@10.138.215.36
  Adding public key to destination's authorized_keys...
  Testing SSH connectivity...
  ✓ SSH trust ready
Setting up SSH trust: edge-host-1 → ubuntu@10.138.215.137
  Adding public key to destination's authorized_keys...
  Testing SSH connectivity...
  ✓ SSH trust ready
[00:28:06]   Transfer time: 11428 ms
[00:28:06] Step 7: Unpacking on destination...
[00:28:07] Step 7.5: Ensuring counter output file exists on destination...
[00:28:07] Step 7.8: Ensuring /tmp/counter binary is present on destination...
[00:28:07] Step 8: Restoring process...
[00:28:08]   Restore time: 318 ms
[00:28:08]   Restored PID: 249432 (written to /home/ubuntu/counter.pid)
[00:28:08] Step 9: Verifying migration...
[00:28:11]   Expected min: 12 (after ~3.0s → ~15), Observed: 15
[00:28:11] ✓ SUCCESS: Counter continued correctly!
[00:28:11] Total downtime: 12334 ms (final_dump: 588 + transfer: 11428 + restore: 318)
[00:28:11] Pre-dump time (not counted as downtime): 3950 ms
[00:28:11] Effective bandwidth: 0.02 Mbps
[00:28:11] Metrics saved to /home/ivo/Evaluation-of-Live-Migration-Strategies-at-the-Edge/Container/metrics/migration_metrics.csv
[exit=0]

$ python3 /home/ivo/Evaluation-of-Live-Migration-Strategies-at-the-Edge/Container/scripts/setup/reset_nodes.py edge-node-1 edge-node-2
[00:28:12] Resetting nodes: edge-node-1 -> edge-node-2
[00:28:12] Step 1: Killing any existing processes on source...
[00:28:12]   Killing PID 249432 (from /home/ubuntu/app.pid)
[00:28:13]   Killing PID 249432 (from /home/ubuntu/counter.pid)
[00:28:13]   Killing any remaining background processes...
[00:28:15] Step 2: Cleaning source node...
[00:28:16] Step 3: Cleaning destination node...
[00:28:16]   Killing PID 249432 on destination (from /home/ubuntu/app.pid)
[00:28:17]   Killing PID 249432 on destination (from /home/ubuntu/counter.pid)
[00:28:17]   Killing all remaining counter processes on destination...
[00:28:21] ✓ Reset complete, nodes are clean
[00:28:21]   Next: Start your application
[exit=0]

$ bash /home/ivo/Evaluation-of-Live-Migration-Strategies-at-the-Edge/Container/scripts/workloads/start_counter_c.sh edge-node-1
[00:28:21] Ensuring counter binary on edge-node-1...
[00:28:21] Reusing existing /tmp/counter on edge-node-1
[00:28:21] Starting counter on edge-node-1...
[00:28:22] ✓ Counter started
[exit=0]
[repeat] warmup 2s

$ python3 /home/ivo/Evaluation-of-Live-Migration-Strategies-at-the-Edge/Container/scripts/orchestrators/criu_benchmark.py precopy --source edge-node-1 --dest edge-node-2 --transfer-mode direct --run-id 30-04-2026-direct-precopy-0001 --iterations 3 --profile-name 3_LTE
[00:28:25] Starting precopy migration...
[00:28:25] Source: edge-node-1, Dest: edge-node-2
[00:28:25] Transfer mode: direct

[00:28:25] === PRE-COPY LIVE MIGRATION ===
[00:28:25] Step 1: Checking source process...
[00:28:25]   Using PID from /home/ubuntu/counter.pid: 251136
[00:28:26]   Last counter value (pre-dumps start): 4
[00:28:27]   Architecture: x86_64 (compatible)
[00:28:27] Step 2: Preparing dump directory...
[00:28:27] Step 3: Running 3 pre-dumps...
[00:28:27]   Pre-dump 1/3...
[00:28:28]   Pre-dump 2/3...
[00:28:30]   Pre-dump 3/3...
[00:28:31]   Total pre-dump time: 3917 ms
[00:28:31] Step 4: Final dump (freezing service)...
[00:28:31] ERROR: Final dump failed
[00:28:32] Dump log:
(00.012170) `- Expecting exit
(00.012188) 251136 was trapped
(00.012193) 251136 (native) is going to execute the syscall 15, required is 15
(00.012212) 251136 was stopped
(00.012323) 
(00.012328) Dumping mm (pid: 251136)
(00.012330) ----------------------------------------
(00.012333) 0x63f7347fc000-0x63f7347fd000 (4K) prot 0x1 flags 0x2 fdflags 0 st 0x41 off 0 reg fp  shmid: 0x1
(00.012337) 0x63f7347fd000-0x63f7347fe000 (4K) prot 0x5 flags 0x2 fdflags 0 st 0x41 off 0x1000 reg fp  shmid: 0x1
(00.012339) 0x63f7347fe000-0x63f7347ff000 (4K) prot 0x1 flags 0x2 fdflags 0 st 0x41 off 0x2000 reg fp  shmid: 0x1
(00.012342) 0x63f7347ff000-0x63f734800000 (4K) prot 0x1 flags 0x2 fdflags 0 st 0x41 off 0x2000 reg fp  shmid: 0x1
(00.012344) 0x63f734800000-0x63f734801000 (4K) prot 0x3 flags 0x2 fdflags 0 st 0x41 off 0x3000 reg fp  shmid: 0x1
(00.012347) 0x63f7702ce000-0x63f7702ef000 (132K) prot 0x3 flags 0x22 fdflags 0 st 0x221 off 0 reg heap ap  shmid: 0
(00.012350) 0x7eae4a200000-0x7eae4a228000 (160K) prot 0x1 flags 0x2 fdflags 0 st 0x41 off 0 reg fp  shmid: 0x2
(00.012352) 0x7eae4a228000-0x7eae4a3b0000 (1568K) prot 0x5 flags 0x2 fdflags 0 st 0x41 off 0x28000 reg fp  shmid: 0x2
(00.012355) 0x7eae4a3b0000-0x7eae4a3ff000 (316K) prot 0x1 flags 0x2 fdflags 0 st 0x41 off 0x1b0000 reg fp  shmid: 0x2
(00.012357) 0x7eae4a3ff000-0x7eae4a403000 (16K) prot 0x1 flags 0x2 fdflags 0 st 0x41 off 0x1fe000 reg fp  shmid: 0x2
(00.012360) 0x7eae4a403000-0x7eae4a405000 (8K) prot 0x3 flags 0x2 fdflags 0 st 0x41 off 0x202000 reg fp  shmid: 0x2
(00.012362) 0x7eae4a405000-0x7eae4a412000 (52K) prot 0x3 flags 0x22 fdflags 0 st 0x201 off 0 reg ap  shmid: 0
(00.012365) 0x7eae4a59c000-0x7eae4a59f000 (12K) prot 0x3 flags 0x22 fdflags 0 st 0x201 off 0 reg ap  shmid: 0
(00.012367) 0x7eae4a5a8000-0x7eae4a5aa000 (8K) prot 0x3 flags 0x22 fdflags 0 st 0x201 off 0 reg ap  shmid: 0
(00.012370) 0x7eae4a5aa000-0x7eae4a5ab000 (4K) prot 0x1 flags 0x2 fdflags 0 st 0x41 off 0 reg fp  shmid: 0x3
(00.012372) 0x7eae4a5ab000-0x7eae4a5d6000 (172K) prot 0x5 flags 0x2 fdflags 0 st 0x41 off 0x1000 reg fp  shmid: 0x3
(00.012375) 0x7eae4a5d6000-0x7eae4a5e0000 (40K) prot 0x1 flags 0x2 fdflags 0 st 0x41 off 0x2c000 reg fp  shmid: 0x3
(00.012377) 0x7eae4a5e0000-0x7eae4a5e2000 (8K) prot 0x1 flags 0x2 fdflags 0 st 0x41 off 0x36000 reg fp  shmid: 0x3
(00.012380) 0x7eae4a5e2000-0x7eae4a5e4000 (8K) prot 0x3 flags 0x2 fdflags 0 st 0x41 off 0x38000 reg fp  shmid: 0x3
(00.012382) 0x7ffd5b64f000-0x7ffd5b670000 (132K) prot 0x3 flags 0x122 fdflags 0 st 0x201 off 0 reg ap  shmid: 0
(00.012391) 0x7ffd5b6f9000-0x7ffd5b6fd000 (16K) prot 0x1 flags 0x22 fdflags 0 st 0x1201 off 0 reg vvar ap  shmid: 0
(00.012393) 0x7ffd5b6fd000-0x7ffd5b6ff000 (8K) prot 0x5 flags 0x22 fdflags 0 st 0x209 off 0 reg vdso ap  shmid: 0
(00.012396) 0xffffffffff600000-0xffffffffff601000 (4K) prot 0x4 flags 0x22 fdflags 0 st 0x204 off 0 vsys ap  shmid: 0
(00.012399) Obtaining task auvx ...
(00.012534) Dumping path for -3 fd via self 15 [/home/ubuntu]
(00.012576) Dumping path for -3 fd via self 15 [/]
(00.012584) Dumping task cwd id 0x6 root id 0x7
(00.012659) Dumping file-locks
(00.012662) 
(00.012664) Dumping pstree (pid: 251136)
(00.012666) ----------------------------------------
(00.012669) Process: 251136(251136)
(00.012689) ----------------------------------------
(00.012739) cg: Dumping 1 sets
(00.012742) cg:    `- Dumping  of /user.slice/user-1000.slice/session-4159.scope
(00.012749) cg: Writing CG image
(00.012770) unix: Dumping external sockets
(00.012779) Writing image inventory (version 1)
(00.013199) Running post-dump scripts
(00.013206) Unfreezing tasks into 2
(00.013208) 	Unseizing 251136 into 2
(00.013395) Writing stats
(00.013445) Dumping finished successfully
[00:28:32] Metrics saved to /home/ivo/Evaluation-of-Live-Migration-Strategies-at-the-Edge/Container/metrics/migration_metrics.csv
[exit=1]
[repeat] ERROR: benchmark failed for run_id=30-04-2026-direct-precopy-0001

$ python3 /home/ivo/Evaluation-of-Live-Migration-Strategies-at-the-Edge/Container/scripts/setup/reset_nodes.py edge-node-1 edge-node-2
[00:28:32] Resetting nodes: edge-node-1 -> edge-node-2
[00:28:32] Step 1: Killing any existing processes on source...
[00:28:32]   Killing PID 251136 (from /home/ubuntu/app.pid)
[00:28:33]   Killing PID 251136 (from /home/ubuntu/counter.pid)
[00:28:33]   Killing any remaining background processes...
[00:28:34] Step 2: Cleaning source node...
[00:28:36] Step 3: Cleaning destination node...
[00:28:37]   Killing all remaining counter processes on destination...
[00:28:40] ✓ Reset complete, nodes are clean
[00:28:40]   Next: Start your application
[exit=0]

$ bash /home/ivo/Evaluation-of-Live-Migration-Strategies-at-the-Edge/Container/scripts/workloads/start_counter_c.sh edge-node-1
[00:28:40] Ensuring counter binary on edge-node-1...
[00:28:40] Reusing existing /tmp/counter on edge-node-1
[00:28:40] Starting counter on edge-node-1...
[00:28:42] ✓ Counter started
[exit=0]
[repeat] warmup 2s

$ python3 /home/ivo/Evaluation-of-Live-Migration-Strategies-at-the-Edge/Container/scripts/orchestrators/criu_benchmark.py postcopy --source edge-node-1 --dest edge-node-2 --transfer-mode host --run-id 30-04-2026-host-postcopy-0001 --relay-node edge-host-1 --page-server-port 9999 --profile-name 3_LTE
[00:28:44] Starting postcopy migration...
[00:28:44] Source: edge-node-1, Dest: edge-node-2
[00:28:44] Transfer mode: host
[00:28:44] Relay node: edge-host-1

[00:28:44] === POST-COPY (LAZY-PAGES) MIGRATION ===
[00:28:44] Step 1: Checking source process...
[00:28:45]   Using PID from /home/ubuntu/counter.pid: 252414
[00:28:45]   Last counter value (pre-freeze): 4
[00:28:46]   Page-server endpoint: 10.138.215.218:9999
[00:28:46] Step 2: Final dump (freezing service) with --lazy-pages...
[00:28:47]   Dump PID: 252898
[00:28:47]   Dump init time (approx freeze duration): 1105 ms
[00:28:48]   Frozen last counter value: 6
[00:28:48]   Expected after restore: 7
[00:28:48] Step 3: Page-server ready on source (served by dump process)
[00:28:48] Step 4: Creating archive...
[00:28:48]   Archive size: 22621 bytes
[00:28:48] Step 5: Transferring archive...
  Transferring /home/ubuntu/CRIU-counter.tar.gz via relay node edge-host-1...
Setting up SSH trust: edge-node-1 → ubuntu@10.138.215.36
  Adding public key to destination's authorized_keys...
  Testing SSH connectivity...
  ✓ SSH trust ready
Setting up SSH trust: edge-host-1 → ubuntu@10.138.215.137
  Adding public key to destination's authorized_keys...
  Testing SSH connectivity...
  ✓ SSH trust ready
[00:29:00]   Transfer time: 11393 ms
[00:29:00] Step 6: Unpacking on destination...
[00:29:00] Step 6.8: Ensuring /tmp/counter binary is present on destination...
[00:29:01] Step 7: Starting lazy-pages daemon on destination...
[00:29:01]   Lazy-pages PID: 205174
[00:29:01] Step 8: Restoring process...
[00:29:02]   Restore time: 483 ms
[00:29:02]   Restored PID: 252414 (written to /home/ubuntu/counter.pid)
[00:29:04] Step 9: Verifying migration...
[00:29:07]   Expected min: 7 (after ~3.0s → ~10), Observed: 12
[00:29:07] ✓ SUCCESS: Counter continued correctly!
[00:29:07] Total downtime: 12981 ms (dump: 1105 + transfer: 11393 + restore: 483)
[00:29:08] Metrics saved to /home/ivo/Evaluation-of-Live-Migration-Strategies-at-the-Edge/Container/metrics/migration_metrics.csv
[exit=0]

$ python3 /home/ivo/Evaluation-of-Live-Migration-Strategies-at-the-Edge/Container/scripts/setup/reset_nodes.py edge-node-1 edge-node-2
[00:29:09] Resetting nodes: edge-node-1 -> edge-node-2
[00:29:09] Step 1: Killing any existing processes on source...
[00:29:09]   Killing PID 252414 (from /home/ubuntu/app.pid)
[00:29:10]   Killing PID 252414 (from /home/ubuntu/counter.pid)
[00:29:10]   Killing any remaining background processes...
[00:29:12] Step 2: Cleaning source node...
[00:29:13] Step 3: Cleaning destination node...
[00:29:13]   Killing PID 252414 on destination (from /home/ubuntu/app.pid)
[00:29:14]   Killing PID 252414 on destination (from /home/ubuntu/counter.pid)
[00:29:14]   Killing all remaining counter processes on destination...
[00:29:18] ✓ Reset complete, nodes are clean
[00:29:18]   Next: Start your application
[exit=0]

$ bash /home/ivo/Evaluation-of-Live-Migration-Strategies-at-the-Edge/Container/scripts/workloads/start_counter_c.sh edge-node-1
[00:29:18] Ensuring counter binary on edge-node-1...
[00:29:18] Reusing existing /tmp/counter on edge-node-1
[00:29:18] Starting counter on edge-node-1...
[00:29:19] ✓ Counter started
[exit=0]
[repeat] warmup 2s

$ python3 /home/ivo/Evaluation-of-Live-Migration-Strategies-at-the-Edge/Container/scripts/orchestrators/criu_benchmark.py postcopy --source edge-node-1 --dest edge-node-2 --transfer-mode direct --run-id 30-04-2026-direct-postcopy-0001 --page-server-port 9999 --profile-name 3_LTE
[00:29:22] Starting postcopy migration...
[00:29:22] Source: edge-node-1, Dest: edge-node-2
[00:29:22] Transfer mode: direct

[00:29:22] === POST-COPY (LAZY-PAGES) MIGRATION ===
[00:29:22] Step 1: Checking source process...
[00:29:22]   Using PID from /home/ubuntu/counter.pid: 254283
[00:29:22]   Last counter value (pre-freeze): 4
[00:29:24]   Page-server endpoint: 10.138.215.218:9999
[00:29:24] Step 2: Final dump (freezing service) with --lazy-pages...
[00:29:24]   Dump PID: 254767
[00:29:25]   Dump init time (approx freeze duration): 949 ms
[00:29:25]   Frozen last counter value: 6
[00:29:25]   Expected after restore: 7
[00:29:25] Step 3: Page-server ready on source (served by dump process)
[00:29:25] Step 4: Creating archive...
[00:29:26]   Archive size: 22666 bytes
[00:29:26] Step 5: Transferring archive...
[00:29:26]   Setting up direct SSH trust...
Setting up SSH trust: edge-node-1 → ubuntu@10.138.215.137
  Adding public key to destination's authorized_keys...
  Testing SSH connectivity...
  ✓ SSH trust ready
Setting up SSH trust: edge-node-1 → ubuntu@10.138.215.137
  Adding public key to destination's authorized_keys...
  Testing SSH connectivity...
  ✓ SSH trust ready
  Transferring /home/ubuntu/CRIU-counter.tar.gz via SCP...
[00:29:34]   Transfer time: 5319 ms
[00:29:34] Step 6: Unpacking on destination...
[00:29:35] Step 6.8: Ensuring /tmp/counter binary is present on destination...
[00:29:35] Step 7: Starting lazy-pages daemon on destination...
[00:29:35]   Lazy-pages PID: 207182
[00:29:36] Step 8: Restoring process...
[00:29:36]   Restore time: 495 ms
[00:29:37]   Restored PID: 254283 (written to /home/ubuntu/counter.pid)
[00:29:38] Step 9: Verifying migration...
[00:29:42]   Expected min: 7 (after ~3.0s → ~10), Observed: 12
[00:29:42] ✓ SUCCESS: Counter continued correctly!
[00:29:42] Total downtime: 6763 ms (dump: 949 + transfer: 5319 + restore: 495)
[00:29:43] Metrics saved to /home/ivo/Evaluation-of-Live-Migration-Strategies-at-the-Edge/Container/metrics/migration_metrics.csv
[exit=0]
[repeat] run_ids_file=/home/ivo/Evaluation-of-Live-Migration-Strategies-at-the-Edge/Container/metrics/run_logs/30-04-2026-counter-cold-precopy-postcopy-h1-d1-i3-relay-edge-host-1-snap-noplots-002632.run_ids.txt
