=== repeat_benchmarks.py 2026-04-30T00:10:59.187893 ===
base_run_id=30-04-2026-counter-cold-precopy-postcopy-h1-d1-i3-relay-edge-host-1-snap-noplots-001059
strategies=cold,precopy,postcopy workload=counter source=edge-node-1 dest=edge-node-2 host_runs=1 direct_runs=1 iterations=3 relay_node=edge-host-1 profile_name=2_5G snapshot_node_metrics=True no_plots=True

$ python3 /home/ivo/Evaluation-of-Live-Migration-Strategies-at-the-Edge/Container/scripts/setup/reset_nodes.py edge-node-1 edge-node-2
[00:10:59] Resetting nodes: edge-node-1 -> edge-node-2
[00:10:59] Step 1: Killing any existing processes on source...
[00:10:59]   Killing PID 203670 (from /home/ubuntu/app.pid)
[00:11:00]   Killing PID 180885 (from /home/ubuntu/counter.pid)
[00:11:00]   Killing any remaining background processes...
[00:11:02] Step 2: Cleaning source node...
[00:11:03] Step 3: Cleaning destination node...
[00:11:03]   Killing PID 203670 on destination (from /home/ubuntu/app.pid)
[00:11:04]   Killing PID 180885 on destination (from /home/ubuntu/counter.pid)
[00:11:04]   Killing all remaining counter processes on destination...
[00:11:08] ✓ Reset complete, nodes are clean
[00:11:08]   Next: Start your application
[exit=0]

$ bash /home/ivo/Evaluation-of-Live-Migration-Strategies-at-the-Edge/Container/scripts/workloads/start_counter_c.sh edge-node-1
[00:11:08] Ensuring counter binary on edge-node-1...
[00:11:08] Reusing existing /tmp/counter on edge-node-1
[00:11:08] Starting counter on edge-node-1...
[00:11:09] ✓ Counter started
[exit=0]
[repeat] warmup 2s

$ python3 /home/ivo/Evaluation-of-Live-Migration-Strategies-at-the-Edge/Container/scripts/orchestrators/criu_benchmark.py cold --source edge-node-1 --dest edge-node-2 --transfer-mode host --run-id 30-04-2026-host-cold-0000 --relay-node edge-host-1 --profile-name 2_5G
[00:11:12] Starting cold migration...
[00:11:12] Source: edge-node-1, Dest: edge-node-2
[00:11:12] Transfer mode: host
[00:11:12] Relay node: edge-host-1

[00:11:12] === COLD MIGRATION ===
[00:11:12] Step 1: Checking source process...
[00:11:12]   Using PID from /home/ubuntu/counter.pid: 209187
[00:11:13]   Last counter value (pre-freeze): 4
[00:11:13]   Architecture: x86_64 (compatible)
[00:11:13] Step 2: Dumping process with CRIU...
[00:11:14]   Frozen last counter value: 5
[00:11:14]   Expected after restore: 6
[00:11:14]   Checkpoint time: 649 ms
[00:11:14] Step 3: Creating archive...
[00:11:14]   Archive size: 25466 bytes
[00:11:14] Step 4: Transferring archive...
  Transferring /home/ubuntu/CRIU-counter.tar.gz via relay node edge-host-1...
Setting up SSH trust: edge-node-1 → ubuntu@10.138.215.36
  Adding public key to destination's authorized_keys...
  Testing SSH connectivity...
  ✓ SSH trust ready
Setting up SSH trust: edge-host-1 → ubuntu@10.138.215.137
  Adding public key to destination's authorized_keys...
  Testing SSH connectivity...
  ✓ SSH trust ready
[00:11:22]   Transfer time: 7514 ms
[00:11:22] Step 5: Unpacking on destination...
[00:11:22] Step 6: Preparing restore environment...
[00:11:23] Step 6.5: Ensuring /tmp/counter binary is present on destination...
[00:11:23] Step 7: Restoring process...
[00:11:23]   Restore time: 312 ms
[00:11:24]   Restored PID: 209187 (written to /home/ubuntu/counter.pid)
[00:11:24] Step 8: Verifying migration...
[00:11:27]   Expected min: 6 (after ~3.0s → ~9), Observed: 9
[00:11:27] ✓ SUCCESS: Counter continued correctly!
[00:11:27] Total downtime: 8475 ms
[00:11:27] Effective bandwidth: 0.03 Mbps
[00:11:27] Metrics saved to /home/ivo/Evaluation-of-Live-Migration-Strategies-at-the-Edge/Container/metrics/migration_metrics.csv
[exit=0]

$ python3 /home/ivo/Evaluation-of-Live-Migration-Strategies-at-the-Edge/Container/scripts/setup/reset_nodes.py edge-node-1 edge-node-2
[00:11:28] Resetting nodes: edge-node-1 -> edge-node-2
[00:11:28] Step 1: Killing any existing processes on source...
[00:11:28]   Killing PID 209187 (from /home/ubuntu/app.pid)
[00:11:29]   Killing PID 209187 (from /home/ubuntu/counter.pid)
[00:11:29]   Killing any remaining background processes...
[00:11:31] Step 2: Cleaning source node...
[00:11:32] Step 3: Cleaning destination node...
[00:11:32]   Killing PID 209187 on destination (from /home/ubuntu/app.pid)
[00:11:33]   Killing PID 209187 on destination (from /home/ubuntu/counter.pid)
[00:11:33]   Killing all remaining counter processes on destination...
[00:11:37] ✓ Reset complete, nodes are clean
[00:11:37]   Next: Start your application
[exit=0]

$ bash /home/ivo/Evaluation-of-Live-Migration-Strategies-at-the-Edge/Container/scripts/workloads/start_counter_c.sh edge-node-1
[00:11:37] Ensuring counter binary on edge-node-1...
[00:11:37] Reusing existing /tmp/counter on edge-node-1
[00:11:37] Starting counter on edge-node-1...
[00:11:38] ✓ Counter started
[exit=0]
[repeat] warmup 2s

$ python3 /home/ivo/Evaluation-of-Live-Migration-Strategies-at-the-Edge/Container/scripts/orchestrators/criu_benchmark.py cold --source edge-node-1 --dest edge-node-2 --transfer-mode direct --run-id 30-04-2026-direct-cold-0000 --profile-name 2_5G
[00:11:41] Starting cold migration...
[00:11:41] Source: edge-node-1, Dest: edge-node-2
[00:11:41] Transfer mode: direct

[00:11:41] === COLD MIGRATION ===
[00:11:41] Step 1: Checking source process...
[00:11:41]   Using PID from /home/ubuntu/counter.pid: 210664
[00:11:42]   Last counter value (pre-freeze): 4
[00:11:42]   Architecture: x86_64 (compatible)
[00:11:42] Step 2: Dumping process with CRIU...
[00:11:43]   Frozen last counter value: 5
[00:11:43]   Expected after restore: 6
[00:11:43]   Checkpoint time: 642 ms
[00:11:43] Step 3: Creating archive...
[00:11:44]   Archive size: 25473 bytes
[00:11:44] Step 4: Transferring archive...
[00:11:44]   Setting up direct SSH trust...
Setting up SSH trust: edge-node-1 → ubuntu@10.138.215.137
  Adding public key to destination's authorized_keys...
  Testing SSH connectivity...
  ✓ SSH trust ready
Setting up SSH trust: edge-node-1 → ubuntu@10.138.215.137
  Adding public key to destination's authorized_keys...
  Testing SSH connectivity...
  ✓ SSH trust ready
  Transferring /home/ubuntu/CRIU-counter.tar.gz via SCP...
[00:11:49]   Transfer time: 3489 ms
[00:11:49] Step 5: Unpacking on destination...
[00:11:50] Step 6: Preparing restore environment...
[00:11:50] Step 6.5: Ensuring /tmp/counter binary is present on destination...
[00:11:50] Step 7: Restoring process...
[00:11:51]   Restore time: 350 ms
[00:11:51]   Restored PID: 210664 (written to /home/ubuntu/counter.pid)
[00:11:51] Step 8: Verifying migration...
[00:11:55]   Expected min: 6 (after ~3.0s → ~9), Observed: 10
[00:11:55] ✓ SUCCESS: Counter continued correctly!
[00:11:55] Total downtime: 4481 ms
[00:11:55] Effective bandwidth: 0.06 Mbps
[00:11:55] Metrics saved to /home/ivo/Evaluation-of-Live-Migration-Strategies-at-the-Edge/Container/metrics/migration_metrics.csv
[exit=0]

$ python3 /home/ivo/Evaluation-of-Live-Migration-Strategies-at-the-Edge/Container/scripts/setup/reset_nodes.py edge-node-1 edge-node-2
[00:11:56] Resetting nodes: edge-node-1 -> edge-node-2
[00:11:56] Step 1: Killing any existing processes on source...
[00:11:56]   Killing PID 210664 (from /home/ubuntu/app.pid)
[00:11:57]   Killing PID 210664 (from /home/ubuntu/counter.pid)
[00:11:57]   Killing any remaining background processes...
[00:11:59] Step 2: Cleaning source node...
[00:12:00] Step 3: Cleaning destination node...
[00:12:00]   Killing PID 210664 on destination (from /home/ubuntu/app.pid)
[00:12:01]   Killing PID 210664 on destination (from /home/ubuntu/counter.pid)
[00:12:01]   Killing all remaining counter processes on destination...
[00:12:05] ✓ Reset complete, nodes are clean
[00:12:05]   Next: Start your application
[exit=0]

$ bash /home/ivo/Evaluation-of-Live-Migration-Strategies-at-the-Edge/Container/scripts/workloads/start_counter_c.sh edge-node-1
[00:12:05] Ensuring counter binary on edge-node-1...
[00:12:05] Reusing existing /tmp/counter on edge-node-1
[00:12:05] Starting counter on edge-node-1...
[00:12:06] ✓ Counter started
[exit=0]
[repeat] warmup 2s

$ python3 /home/ivo/Evaluation-of-Live-Migration-Strategies-at-the-Edge/Container/scripts/orchestrators/criu_benchmark.py precopy --source edge-node-1 --dest edge-node-2 --transfer-mode host --run-id 30-04-2026-host-precopy-0000 --relay-node edge-host-1 --iterations 3 --profile-name 2_5G
[00:12:09] Starting precopy migration...
[00:12:09] Source: edge-node-1, Dest: edge-node-2
[00:12:09] Transfer mode: host
[00:12:09] Relay node: edge-host-1

[00:12:09] === PRE-COPY LIVE MIGRATION ===
[00:12:09] Step 1: Checking source process...
[00:12:09]   Using PID from /home/ubuntu/counter.pid: 212258
[00:12:10]   Last counter value (pre-dumps start): 4
[00:12:10]   Architecture: x86_64 (compatible)
[00:12:10] Step 2: Preparing dump directory...
[00:12:10] Step 3: Running 3 pre-dumps...
[00:12:10]   Pre-dump 1/3...
[00:12:12]   Pre-dump 2/3...
[00:12:13]   Pre-dump 3/3...
[00:12:14]   Total pre-dump time: 3927 ms
[00:12:14] Step 4: Final dump (freezing service)...
[00:12:15]   Frozen last counter value: 11
[00:12:15]   Expected after restore: 12
[00:12:15]   Final dump time (freeze duration): 599 ms
[00:12:15] Step 5: Creating archive...
[00:12:16]   Archive size: 31996 bytes
[00:12:16] Step 6: Transferring archive...
  Transferring /tmp/CRIU-counter.tar.gz via relay node edge-host-1...
Setting up SSH trust: edge-node-1 → ubuntu@10.138.215.36
  Adding public key to destination's authorized_keys...
  Testing SSH connectivity...
  ✓ SSH trust ready
Setting up SSH trust: edge-host-1 → ubuntu@10.138.215.137
  Adding public key to destination's authorized_keys...
  Testing SSH connectivity...
  ✓ SSH trust ready
[00:12:24]   Transfer time: 7933 ms
[00:12:24] Step 7: Unpacking on destination...
[00:12:24] Step 7.5: Ensuring counter output file exists on destination...
[00:12:24] Step 7.8: Ensuring /tmp/counter binary is present on destination...
[00:12:24] Step 8: Restoring process...
[00:12:25]   Restore time: 287 ms
[00:12:25]   Restored PID: 212258 (written to /home/ubuntu/counter.pid)
[00:12:25] Step 9: Verifying migration...
[00:12:28]   Expected min: 12 (after ~3.0s → ~15), Observed: 15
[00:12:28] ✓ SUCCESS: Counter continued correctly!
[00:12:28] Total downtime: 8819 ms (final_dump: 599 + transfer: 7933 + restore: 287)
[00:12:28] Pre-dump time (not counted as downtime): 3927 ms
[00:12:28] Effective bandwidth: 0.03 Mbps
[00:12:28] Metrics saved to /home/ivo/Evaluation-of-Live-Migration-Strategies-at-the-Edge/Container/metrics/migration_metrics.csv
[exit=0]

$ python3 /home/ivo/Evaluation-of-Live-Migration-Strategies-at-the-Edge/Container/scripts/setup/reset_nodes.py edge-node-1 edge-node-2
[00:12:29] Resetting nodes: edge-node-1 -> edge-node-2
[00:12:29] Step 1: Killing any existing processes on source...
[00:12:29]   Killing PID 212258 (from /home/ubuntu/app.pid)
[00:12:30]   Killing PID 212258 (from /home/ubuntu/counter.pid)
[00:12:30]   Killing any remaining background processes...
[00:12:32] Step 2: Cleaning source node...
[00:12:33] Step 3: Cleaning destination node...
[00:12:33]   Killing PID 212258 on destination (from /home/ubuntu/app.pid)
[00:12:34]   Killing PID 212258 on destination (from /home/ubuntu/counter.pid)
[00:12:34]   Killing all remaining counter processes on destination...
[00:12:38] ✓ Reset complete, nodes are clean
[00:12:38]   Next: Start your application
[exit=0]

$ bash /home/ivo/Evaluation-of-Live-Migration-Strategies-at-the-Edge/Container/scripts/workloads/start_counter_c.sh edge-node-1
[00:12:38] Ensuring counter binary on edge-node-1...
[00:12:38] Reusing existing /tmp/counter on edge-node-1
[00:12:38] Starting counter on edge-node-1...
[00:12:39] ✓ Counter started
[exit=0]
[repeat] warmup 2s

$ python3 /home/ivo/Evaluation-of-Live-Migration-Strategies-at-the-Edge/Container/scripts/orchestrators/criu_benchmark.py precopy --source edge-node-1 --dest edge-node-2 --transfer-mode direct --run-id 30-04-2026-direct-precopy-0000 --iterations 3 --profile-name 2_5G
[00:12:42] Starting precopy migration...
[00:12:42] Source: edge-node-1, Dest: edge-node-2
[00:12:42] Transfer mode: direct

[00:12:42] === PRE-COPY LIVE MIGRATION ===
[00:12:42] Step 1: Checking source process...
[00:12:42]   Using PID from /home/ubuntu/counter.pid: 214206
[00:12:43]   Last counter value (pre-dumps start): 4
[00:12:43]   Architecture: x86_64 (compatible)
[00:12:43] Step 2: Preparing dump directory...
[00:12:43] Step 3: Running 3 pre-dumps...
[00:12:43]   Pre-dump 1/3...
[00:12:45]   Pre-dump 2/3...
[00:12:46]   Pre-dump 3/3...
[00:12:47]   Total pre-dump time: 3975 ms
[00:12:47] Step 4: Final dump (freezing service)...
[00:12:48]   Frozen last counter value: 11
[00:12:48]   Expected after restore: 12
[00:12:48]   Final dump time (freeze duration): 559 ms
[00:12:48] Step 5: Creating archive...
[00:12:49]   Archive size: 32643 bytes
[00:12:49] Step 6: Transferring archive...
[00:12:49]   Setting up direct SSH trust...
Setting up SSH trust: edge-node-1 → ubuntu@10.138.215.137
  Adding public key to destination's authorized_keys...
  Testing SSH connectivity...
  ✓ SSH trust ready
Setting up SSH trust: edge-node-1 → ubuntu@10.138.215.137
  Adding public key to destination's authorized_keys...
  Testing SSH connectivity...
  ✓ SSH trust ready
  Transferring /tmp/CRIU-counter.tar.gz via SCP...
[00:12:54]   Transfer time: 3499 ms
[00:12:54] Step 7: Unpacking on destination...
[00:12:55] Step 7.5: Ensuring counter output file exists on destination...
[00:12:55] Step 7.8: Ensuring /tmp/counter binary is present on destination...
[00:12:55] Step 8: Restoring process...
[00:12:56]   Restore time: 314 ms
[00:12:56]   Restored PID: 214206 (written to /home/ubuntu/counter.pid)
[00:12:56] Step 9: Verifying migration...
[00:12:59]   Expected min: 12 (after ~3.0s → ~15), Observed: 15
[00:12:59] ✓ SUCCESS: Counter continued correctly!
[00:12:59] Total downtime: 4372 ms (final_dump: 559 + transfer: 3499 + restore: 314)
[00:12:59] Pre-dump time (not counted as downtime): 3975 ms
[00:12:59] Effective bandwidth: 0.07 Mbps
[00:12:59] Metrics saved to /home/ivo/Evaluation-of-Live-Migration-Strategies-at-the-Edge/Container/metrics/migration_metrics.csv
[exit=0]

$ python3 /home/ivo/Evaluation-of-Live-Migration-Strategies-at-the-Edge/Container/scripts/setup/reset_nodes.py edge-node-1 edge-node-2
[00:13:00] Resetting nodes: edge-node-1 -> edge-node-2
[00:13:00] Step 1: Killing any existing processes on source...
[00:13:00]   Killing PID 214206 (from /home/ubuntu/app.pid)
[00:13:01]   Killing PID 214206 (from /home/ubuntu/counter.pid)
[00:13:02]   Killing any remaining background processes...
[00:13:03] Step 2: Cleaning source node...
[00:13:04] Step 3: Cleaning destination node...
[00:13:05]   Killing PID 214206 on destination (from /home/ubuntu/app.pid)
[00:13:05]   Killing PID 214206 on destination (from /home/ubuntu/counter.pid)
[00:13:06]   Killing all remaining counter processes on destination...
[00:13:09] ✓ Reset complete, nodes are clean
[00:13:09]   Next: Start your application
[exit=0]

$ bash /home/ivo/Evaluation-of-Live-Migration-Strategies-at-the-Edge/Container/scripts/workloads/start_counter_c.sh edge-node-1
[00:13:09] Ensuring counter binary on edge-node-1...
[00:13:09] Reusing existing /tmp/counter on edge-node-1
[00:13:09] Starting counter on edge-node-1...
[00:13:11] ✓ Counter started
[exit=0]
[repeat] warmup 2s

$ python3 /home/ivo/Evaluation-of-Live-Migration-Strategies-at-the-Edge/Container/scripts/orchestrators/criu_benchmark.py postcopy --source edge-node-1 --dest edge-node-2 --transfer-mode host --run-id 30-04-2026-host-postcopy-0000 --relay-node edge-host-1 --page-server-port 9999 --profile-name 2_5G
[00:13:13] Starting postcopy migration...
[00:13:13] Source: edge-node-1, Dest: edge-node-2
[00:13:13] Transfer mode: host
[00:13:13] Relay node: edge-host-1

[00:13:13] === POST-COPY (LAZY-PAGES) MIGRATION ===
[00:13:13] Step 1: Checking source process...
[00:13:14]   Using PID from /home/ubuntu/counter.pid: 216014
[00:13:14]   Last counter value (pre-freeze): 4
[00:13:15]   Page-server endpoint: 10.138.215.218:9999
[00:13:15] Step 2: Final dump (freezing service) with --lazy-pages...
[00:13:16]   Dump PID: 216506
[00:13:16]   Dump init time (approx freeze duration): 1033 ms
[00:13:17]   Frozen last counter value: 6
[00:13:17]   Expected after restore: 7
[00:13:17] Step 3: Page-server ready on source (served by dump process)
[00:13:17] Step 4: Creating archive...
[00:13:17]   Archive size: 22704 bytes
[00:13:17] Step 5: Transferring archive...
  Transferring /home/ubuntu/CRIU-counter.tar.gz via relay node edge-host-1...
Setting up SSH trust: edge-node-1 → ubuntu@10.138.215.36
  Adding public key to destination's authorized_keys...
  Testing SSH connectivity...
  ✓ SSH trust ready
Setting up SSH trust: edge-host-1 → ubuntu@10.138.215.137
  Adding public key to destination's authorized_keys...
  Testing SSH connectivity...
  ✓ SSH trust ready
[00:13:25]   Transfer time: 7890 ms
[00:13:25] Step 6: Unpacking on destination...
[00:13:26] Step 6.8: Ensuring /tmp/counter binary is present on destination...
[00:13:26] Step 7: Starting lazy-pages daemon on destination...
[00:13:27]   Lazy-pages PID: 170099
[00:13:27] Step 8: Restoring process...
[00:13:27]   Restore time: 371 ms
[00:13:28]   Restored PID: 216014 (written to /home/ubuntu/counter.pid)
[00:13:29] Step 9: Verifying migration...
[00:13:33]   Expected min: 7 (after ~3.0s → ~10), Observed: 12
[00:13:33] ✓ SUCCESS: Counter continued correctly!
[00:13:33] Total downtime: 9294 ms (dump: 1033 + transfer: 7890 + restore: 371)
[00:13:34] Metrics saved to /home/ivo/Evaluation-of-Live-Migration-Strategies-at-the-Edge/Container/metrics/migration_metrics.csv
[exit=0]

$ python3 /home/ivo/Evaluation-of-Live-Migration-Strategies-at-the-Edge/Container/scripts/setup/reset_nodes.py edge-node-1 edge-node-2
[00:13:34] Resetting nodes: edge-node-1 -> edge-node-2
[00:13:34] Step 1: Killing any existing processes on source...
[00:13:35]   Killing PID 216014 (from /home/ubuntu/app.pid)
[00:13:35]   Killing PID 216014 (from /home/ubuntu/counter.pid)
[00:13:36]   Killing any remaining background processes...
[00:13:37] Step 2: Cleaning source node...
[00:13:38] Step 3: Cleaning destination node...
[00:13:39]   Killing PID 216014 on destination (from /home/ubuntu/app.pid)
[00:13:39]   Killing PID 216014 on destination (from /home/ubuntu/counter.pid)
[00:13:40]   Killing all remaining counter processes on destination...
[00:13:43] ✓ Reset complete, nodes are clean
[00:13:43]   Next: Start your application
[exit=0]

$ bash /home/ivo/Evaluation-of-Live-Migration-Strategies-at-the-Edge/Container/scripts/workloads/start_counter_c.sh edge-node-1
[00:13:43] Ensuring counter binary on edge-node-1...
[00:13:44] Reusing existing /tmp/counter on edge-node-1
[00:13:44] Starting counter on edge-node-1...
[00:13:45] ✓ Counter started
[exit=0]
[repeat] warmup 2s

$ python3 /home/ivo/Evaluation-of-Live-Migration-Strategies-at-the-Edge/Container/scripts/orchestrators/criu_benchmark.py postcopy --source edge-node-1 --dest edge-node-2 --transfer-mode direct --run-id 30-04-2026-direct-postcopy-0000 --page-server-port 9999 --profile-name 2_5G
[00:13:47] Starting postcopy migration...
[00:13:47] Source: edge-node-1, Dest: edge-node-2
[00:13:47] Transfer mode: direct

[00:13:47] === POST-COPY (LAZY-PAGES) MIGRATION ===
[00:13:47] Step 1: Checking source process...
[00:13:48]   Using PID from /home/ubuntu/counter.pid: 217882
[00:13:48]   Last counter value (pre-freeze): 4
[00:13:50]   Page-server endpoint: 10.138.215.218:9999
[00:13:50] Step 2: Final dump (freezing service) with --lazy-pages...
[00:13:50]   Dump PID: 218366
[00:13:51]   Dump init time (approx freeze duration): 1015 ms
[00:13:51]   Frozen last counter value: 6
[00:13:51]   Expected after restore: 7
[00:13:51] Step 3: Page-server ready on source (served by dump process)
[00:13:51] Step 4: Creating archive...
[00:13:52]   Archive size: 22565 bytes
[00:13:52] Step 5: Transferring archive...
[00:13:52]   Setting up direct SSH trust...
Setting up SSH trust: edge-node-1 → ubuntu@10.138.215.137
  Adding public key to destination's authorized_keys...
  Testing SSH connectivity...
  ✓ SSH trust ready
Setting up SSH trust: edge-node-1 → ubuntu@10.138.215.137
  Adding public key to destination's authorized_keys...
  Testing SSH connectivity...
  ✓ SSH trust ready
  Transferring /home/ubuntu/CRIU-counter.tar.gz via SCP...
[00:13:58]   Transfer time: 3955 ms
[00:13:58] Step 6: Unpacking on destination...
[00:13:58] Step 6.8: Ensuring /tmp/counter binary is present on destination...
[00:13:59] Step 7: Starting lazy-pages daemon on destination...
[00:13:59]   Lazy-pages PID: 172369
[00:13:59] Step 8: Restoring process...
[00:14:00]   Restore time: 360 ms
[00:14:00]   Restored PID: 217882 (written to /home/ubuntu/counter.pid)
[00:14:01] Step 9: Verifying migration...
[00:14:05]   Expected min: 7 (after ~3.0s → ~10), Observed: 12
[00:14:05] ✓ SUCCESS: Counter continued correctly!
[00:14:05] Total downtime: 5330 ms (dump: 1015 + transfer: 3955 + restore: 360)
[00:14:07] Metrics saved to /home/ivo/Evaluation-of-Live-Migration-Strategies-at-the-Edge/Container/metrics/migration_metrics.csv
[exit=0]
[repeat] run_ids_file=/home/ivo/Evaluation-of-Live-Migration-Strategies-at-the-Edge/Container/metrics/run_logs/30-04-2026-counter-cold-precopy-postcopy-h1-d1-i3-relay-edge-host-1-snap-noplots-001059.run_ids.txt
