[ARTIFACTS] Session log: run_all_artifacts/run_all__2026-05-10_170132.log
[ARTIFACTS] Timing CSV : run_all_artifacts/benchmark_durations.csv
[ARTIFACTS] Bench logs : run_all_artifacts/logs/
[INFO] Restart between chunks enabled for nodes: edge-node-1, edge-node-2
[CMD] multipass exec edge-node-1 -- bash -lc "ip -o -4 route show default 2>/dev/null | awk '{print \$5; exit}'"
[CMD] multipass exec edge-node-2 -- bash -lc "ip -o -4 route show default 2>/dev/null | awk '{print \$5; exit}'"
[CMD] multipass exec edge-host-1 -- bash -lc "ip -o -4 route show default 2>/dev/null | awk '{print \$5; exit}'"
[CMD] multipass exec edge-node-1 -- hostname -I | awk '{print $1}'
[CMD] multipass exec edge-node-2 -- hostname -I | awk '{print $1}'
[CMD] multipass exec edge-host-1 -- hostname -I | awk '{print $1}'

[INFO] Nodes:
  - edge-node-1: ip=10.138.215.218 iface=ens3
  - edge-node-2: ip=10.138.215.137 iface=ens3
  - edge-host-1: ip=10.138.215.36 iface=ens3


>>>>>>>> INITIALIZING PROFILE: 2_5G <<<<<<<<
[edge-node-1] Applying TC: 400Mbps, 10ms, 0.01% loss on ens3
[CMD] multipass exec edge-node-1 -- sudo tc qdisc add dev ens3 root handle 1: htb default 20
[CMD] multipass exec edge-node-1 -- sudo tc class add dev ens3 parent 1: classid 1:1 htb rate 1000mbit
[CMD] multipass exec edge-node-1 -- sudo tc class add dev ens3 parent 1:1 classid 1:20 htb rate 1000mbit
[CMD] multipass exec edge-node-1 -- sudo tc class add dev ens3 parent 1:1 classid 1:10 htb rate 400mbit ceil 400mbit
[CMD] multipass exec edge-node-1 -- sudo tc qdisc add dev ens3 parent 1:10 handle 10: netem delay 10ms loss 0.01%
[CMD] multipass exec edge-node-1 -- sudo tc filter add dev ens3 protocol ip parent 1: prio 1 u32 match ip dst 10.138.215.137/32 flowid 1:10
[CMD] multipass exec edge-node-1 -- sudo tc filter add dev ens3 protocol ip parent 1: prio 1 u32 match ip dst 10.138.215.36/32 flowid 1:10
[edge-node-2] Applying TC: 400Mbps, 10ms, 0.01% loss on ens3
[CMD] multipass exec edge-node-2 -- sudo tc qdisc add dev ens3 root handle 1: htb default 20
[CMD] multipass exec edge-node-2 -- sudo tc class add dev ens3 parent 1: classid 1:1 htb rate 1000mbit
[CMD] multipass exec edge-node-2 -- sudo tc class add dev ens3 parent 1:1 classid 1:20 htb rate 1000mbit
[CMD] multipass exec edge-node-2 -- sudo tc class add dev ens3 parent 1:1 classid 1:10 htb rate 400mbit ceil 400mbit
[CMD] multipass exec edge-node-2 -- sudo tc qdisc add dev ens3 parent 1:10 handle 10: netem delay 10ms loss 0.01%
[CMD] multipass exec edge-node-2 -- sudo tc filter add dev ens3 protocol ip parent 1: prio 1 u32 match ip dst 10.138.215.218/32 flowid 1:10
[CMD] multipass exec edge-node-2 -- sudo tc filter add dev ens3 protocol ip parent 1: prio 1 u32 match ip dst 10.138.215.36/32 flowid 1:10
[edge-host-1] Applying TC: 400Mbps, 10ms, 0.01% loss on ens3
[CMD] multipass exec edge-host-1 -- sudo tc qdisc add dev ens3 root handle 1: htb default 20
[CMD] multipass exec edge-host-1 -- sudo tc class add dev ens3 parent 1: classid 1:1 htb rate 1000mbit
[CMD] multipass exec edge-host-1 -- sudo tc class add dev ens3 parent 1:1 classid 1:20 htb rate 1000mbit
[CMD] multipass exec edge-host-1 -- sudo tc class add dev ens3 parent 1:1 classid 1:10 htb rate 400mbit ceil 400mbit
[CMD] multipass exec edge-host-1 -- sudo tc qdisc add dev ens3 parent 1:10 handle 10: netem delay 10ms loss 0.01%
[CMD] multipass exec edge-host-1 -- sudo tc filter add dev ens3 protocol ip parent 1: prio 1 u32 match ip dst 10.138.215.218/32 flowid 1:10
[CMD] multipass exec edge-host-1 -- sudo tc filter add dev ens3 protocol ip parent 1: prio 1 u32 match ip dst 10.138.215.137/32 flowid 1:10

============================================================
[BENCHMARK] Running: Counter Migration | Profile: 2_5G
[CHUNK] 1/4 | host/direct runs per suite command: 10
[LOG] run_all_artifacts/logs/2026-05-10_170132__2_5g__01__counter-migration__chunk-01-of-04.log
============================================================

=== RUN 10-05-2026-host-cold-0000 ===

[17:01:43] Resetting nodes: edge-node-1 -> edge-node-2
[17:01:43] Step 1: Killing any existing processes on source...
[17:01:43]   Killing PID 157023 (from /home/ubuntu/app.pid)
[17:01:44]   Killing PID 157023 (from /home/ubuntu/counter.pid)
[17:01:44]   Killing any remaining background processes...
[17:01:45] Step 2: Cleaning source node...
[17:01:46] Step 3: Cleaning destination node...
[17:01:47]   Killing PID 157023 on destination (from /home/ubuntu/app.pid)
[17:01:48]   Killing PID 157023 on destination (from /home/ubuntu/counter.pid)
[17:01:48]   Killing all remaining counter processes on destination...
[17:01:51] ✓ Reset complete, nodes are clean
[17:01:51]   Next: Start your application
[17:01:51] Ensuring counter binary on edge-node-1...
[17:01:51] Transferring counter.c to edge-node-1...
[17:01:52] Compiling counter.c on edge-node-1...
[17:01:52] Starting counter on edge-node-1...
[17:01:54] ✓ Counter started
[17:01:57] Starting cold migration...
[17:01:57] Source: edge-node-1, Dest: edge-node-2
[17:01:57] Transfer mode: host
[17:01:57] Relay node: edge-host-1

[17:01:57] === COLD MIGRATION ===
[17:01:57] Step 1: Checking source process...
[17:01:57]   Using PID from /home/ubuntu/counter.pid: 2675
[17:01:57]   Last counter value (pre-freeze): 4
[17:01:58]   Architecture: x86_64 (compatible)
[17:01:58] Step 2: Dumping process with CRIU...
[17:01:59]   Frozen last counter value: 5
[17:01:59]   Expected after restore: 6
[17:01:59]   Checkpoint time: 698 ms
[17:01:59] Step 3: Creating archive...
[17:01:59]   Archive size: 26014 bytes
[17:01:59] Step 4: Transferring archive...
  Transferring /home/ubuntu/CRIU-counter.tar.gz via relay node edge-host-1...
Setting up SSH trust: edge-node-1 → ubuntu@10.138.215.36
  Adding public key to destination's authorized_keys...
  Testing SSH connectivity...
  ✓ SSH trust ready
Setting up SSH trust: edge-host-1 → ubuntu@10.138.215.137
  Adding public key to destination's authorized_keys...
  Testing SSH connectivity...
  ✓ SSH trust ready
[17:02:06]   Transfer time: 6825 ms
[17:02:06] Step 5: Unpacking on destination...
[17:02:06] Step 6: Preparing restore environment...
[17:02:07] Step 6.5: Ensuring /tmp/counter binary is present on destination...
[17:02:07]   /tmp/counter missing on destination, copying from source...
[17:02:08] Step 7: Restoring process...
[17:02:08]   Restore time: 394 ms
[17:02:09]   Restored PID: 2675 (written to /home/ubuntu/counter.pid)
[17:02:09] Step 8: Verifying migration...
[17:02:12]   Expected min: 6 (after ~3.0s → ~9), Observed: 9
[17:02:12] ✓ SUCCESS: Counter continued correctly!
[17:02:12] Total downtime: 7917 ms
[17:02:12] Effective bandwidth: 0.03 Mbps
[17:02:12] Metrics saved to /home/ivo/Evaluation-of-Live-Migration-Strategies-at-the-Edge/Container/metrics/migration_metrics.csv

=== RUN 10-05-2026-host-cold-0001 ===

[17:02:13] Resetting nodes: edge-node-1 -> edge-node-2
[17:02:13] Step 1: Killing any existing processes on source...
[17:02:13]   Killing PID 2675 (from /home/ubuntu/app.pid)
[17:02:14]   Killing PID 2675 (from /home/ubuntu/counter.pid)
[17:02:14]   Killing any remaining background processes...
[17:02:16] Step 2: Cleaning source node...
[17:02:17] Step 3: Cleaning destination node...
[17:02:17]   Killing PID 2675 on destination (from /home/ubuntu/app.pid)
[17:02:18]   Killing PID 2675 on destination (from /home/ubuntu/counter.pid)
[17:02:18]   Killing all remaining counter processes on destination...
[17:02:22] ✓ Reset complete, nodes are clean
[17:02:22]   Next: Start your application
[17:02:22] Ensuring counter binary on edge-node-1...
[17:02:22] Reusing existing /tmp/counter on edge-node-1
[17:02:22] Starting counter on edge-node-1...
[17:02:23] ✓ Counter started
[17:02:26] Starting cold migration...
[17:02:26] Source: edge-node-1, Dest: edge-node-2
[17:02:26] Transfer mode: host
[17:02:26] Relay node: edge-host-1

[17:02:26] === COLD MIGRATION ===
[17:02:26] Step 1: Checking source process...
[17:02:26]   Using PID from /home/ubuntu/counter.pid: 4214
[17:02:27]   Last counter value (pre-freeze): 4
[17:02:27]   Architecture: x86_64 (compatible)
[17:02:27] Step 2: Dumping process with CRIU...
[17:02:28]   Frozen last counter value: 5
[17:02:28]   Expected after restore: 6
[17:02:28]   Checkpoint time: 578 ms
[17:02:28] Step 3: Creating archive...
[17:02:28]   Archive size: 25361 bytes
[17:02:28] Step 4: Transferring archive...
  Transferring /home/ubuntu/CRIU-counter.tar.gz via relay node edge-host-1...
Setting up SSH trust: edge-node-1 → ubuntu@10.138.215.36
  Adding public key to destination's authorized_keys...
  Testing SSH connectivity...
  ✓ SSH trust ready
Setting up SSH trust: edge-host-1 → ubuntu@10.138.215.137
  Adding public key to destination's authorized_keys...
  Testing SSH connectivity...
  ✓ SSH trust ready
[17:02:36]   Transfer time: 7505 ms
[17:02:36] Step 5: Unpacking on destination...
[17:02:36] Step 6: Preparing restore environment...
[17:02:37] Step 6.5: Ensuring /tmp/counter binary is present on destination...
[17:02:37] Step 7: Restoring process...
[17:02:37]   Restore time: 309 ms
[17:02:38]   Restored PID: 4214 (written to /home/ubuntu/counter.pid)
[17:02:38] Step 8: Verifying migration...
[17:02:41]   Expected min: 6 (after ~3.0s → ~9), Observed: 9
[17:02:41] ✓ SUCCESS: Counter continued correctly!
[17:02:41] Total downtime: 8392 ms
[17:02:41] Effective bandwidth: 0.03 Mbps
[17:02:41] Metrics saved to /home/ivo/Evaluation-of-Live-Migration-Strategies-at-the-Edge/Container/metrics/migration_metrics.csv

=== RUN 10-05-2026-host-cold-0002 ===

[17:02:42] Resetting nodes: edge-node-1 -> edge-node-2
[17:02:42] Step 1: Killing any existing processes on source...
[17:02:42]   Killing PID 4214 (from /home/ubuntu/app.pid)
[17:02:43]   Killing PID 4214 (from /home/ubuntu/counter.pid)
[17:02:43]   Killing any remaining background processes...
[17:02:45] Step 2: Cleaning source node...
[17:02:46] Step 3: Cleaning destination node...
[17:02:46]   Killing PID 4214 on destination (from /home/ubuntu/app.pid)
[17:02:47]   Killing PID 4214 on destination (from /home/ubuntu/counter.pid)
[17:02:47]   Killing all remaining counter processes on destination...
[17:02:51] ✓ Reset complete, nodes are clean
[17:02:51]   Next: Start your application
[17:02:51] Ensuring counter binary on edge-node-1...
[17:02:51] Reusing existing /tmp/counter on edge-node-1
[17:02:51] Starting counter on edge-node-1...
[17:02:52] ✓ Counter started
[17:02:55] Starting cold migration...
[17:02:55] Source: edge-node-1, Dest: edge-node-2
[17:02:55] Transfer mode: host
[17:02:55] Relay node: edge-host-1

[17:02:55] === COLD MIGRATION ===
[17:02:55] Step 1: Checking source process...
[17:02:55]   Using PID from /home/ubuntu/counter.pid: 5669
[17:02:55]   Last counter value (pre-freeze): 4
[17:02:56]   Architecture: x86_64 (compatible)
[17:02:56] Step 2: Dumping process with CRIU...
[17:02:57]   Frozen last counter value: 5
[17:02:57]   Expected after restore: 6
[17:02:57]   Checkpoint time: 669 ms
[17:02:57] Step 3: Creating archive...
[17:02:57]   Archive size: 25171 bytes
[17:02:57] Step 4: Transferring archive...
  Transferring /home/ubuntu/CRIU-counter.tar.gz via relay node edge-host-1...
Setting up SSH trust: edge-node-1 → ubuntu@10.138.215.36
  Adding public key to destination's authorized_keys...
  Testing SSH connectivity...
  ✓ SSH trust ready
Setting up SSH trust: edge-host-1 → ubuntu@10.138.215.137
  Adding public key to destination's authorized_keys...
  Testing SSH connectivity...
  ✓ SSH trust ready
[17:03:04]   Transfer time: 6894 ms
[17:03:04] Step 5: Unpacking on destination...
[17:03:05] Step 6: Preparing restore environment...
[17:03:05] Step 6.5: Ensuring /tmp/counter binary is present on destination...
[17:03:05] Step 7: Restoring process...
[17:03:06]   Restore time: 297 ms
[17:03:06]   Restored PID: 5669 (written to /home/ubuntu/counter.pid)
[17:03:06] Step 8: Verifying migration...
[17:03:09]   Expected min: 6 (after ~3.0s → ~9), Observed: 9
[17:03:09] ✓ SUCCESS: Counter continued correctly!
[17:03:09] Total downtime: 7860 ms
