[ARTIFACTS] Session log: run_all_artifacts/run_all__2026-05-04_165009.log
[ARTIFACTS] Timing CSV : run_all_artifacts/benchmark_durations.csv
[ARTIFACTS] Bench logs : run_all_artifacts/logs/
[INFO] Restart between chunks enabled for nodes: edge-node-1, edge-node-2
[CMD] multipass exec edge-node-1 -- bash -lc "ip -o -4 route show default 2>/dev/null | awk '{print \$5; exit}'"
[CMD] multipass exec edge-node-2 -- bash -lc "ip -o -4 route show default 2>/dev/null | awk '{print \$5; exit}'"
[CMD] multipass exec edge-host-1 -- bash -lc "ip -o -4 route show default 2>/dev/null | awk '{print \$5; exit}'"
[CMD] multipass exec edge-node-1 -- hostname -I | awk '{print $1}'
[CMD] multipass exec edge-node-2 -- hostname -I | awk '{print $1}'
[CMD] multipass exec edge-host-1 -- hostname -I | awk '{print $1}'

[INFO] Nodes:
  - edge-node-1: ip=10.138.215.218 iface=ens3
  - edge-node-2: ip=10.138.215.137 iface=ens3
  - edge-host-1: ip=10.138.215.36 iface=ens3


>>>>>>>> INITIALIZING PROFILE: 4_Starlink <<<<<<<<
[edge-node-1] Applying TC: 100Mbps, 45ms, 1.0% loss on ens3
[CMD] multipass exec edge-node-1 -- sudo tc qdisc add dev ens3 root handle 1: htb default 20
[CMD] multipass exec edge-node-1 -- sudo tc class add dev ens3 parent 1: classid 1:1 htb rate 1000mbit
[CMD] multipass exec edge-node-1 -- sudo tc class add dev ens3 parent 1:1 classid 1:20 htb rate 1000mbit
[CMD] multipass exec edge-node-1 -- sudo tc class add dev ens3 parent 1:1 classid 1:10 htb rate 100mbit ceil 100mbit
[CMD] multipass exec edge-node-1 -- sudo tc qdisc add dev ens3 parent 1:10 handle 10: netem delay 45ms loss 1.0%
[CMD] multipass exec edge-node-1 -- sudo tc filter add dev ens3 protocol ip parent 1: prio 1 u32 match ip dst 10.138.215.137/32 flowid 1:10
[CMD] multipass exec edge-node-1 -- sudo tc filter add dev ens3 protocol ip parent 1: prio 1 u32 match ip dst 10.138.215.36/32 flowid 1:10
[edge-node-2] Applying TC: 100Mbps, 45ms, 1.0% loss on ens3
[CMD] multipass exec edge-node-2 -- sudo tc qdisc add dev ens3 root handle 1: htb default 20
[CMD] multipass exec edge-node-2 -- sudo tc class add dev ens3 parent 1: classid 1:1 htb rate 1000mbit
[CMD] multipass exec edge-node-2 -- sudo tc class add dev ens3 parent 1:1 classid 1:20 htb rate 1000mbit
[CMD] multipass exec edge-node-2 -- sudo tc class add dev ens3 parent 1:1 classid 1:10 htb rate 100mbit ceil 100mbit
[CMD] multipass exec edge-node-2 -- sudo tc qdisc add dev ens3 parent 1:10 handle 10: netem delay 45ms loss 1.0%
[CMD] multipass exec edge-node-2 -- sudo tc filter add dev ens3 protocol ip parent 1: prio 1 u32 match ip dst 10.138.215.218/32 flowid 1:10
[CMD] multipass exec edge-node-2 -- sudo tc filter add dev ens3 protocol ip parent 1: prio 1 u32 match ip dst 10.138.215.36/32 flowid 1:10
[edge-host-1] Applying TC: 100Mbps, 45ms, 1.0% loss on ens3
[CMD] multipass exec edge-host-1 -- sudo tc qdisc add dev ens3 root handle 1: htb default 20
[CMD] multipass exec edge-host-1 -- sudo tc class add dev ens3 parent 1: classid 1:1 htb rate 1000mbit
[CMD] multipass exec edge-host-1 -- sudo tc class add dev ens3 parent 1:1 classid 1:20 htb rate 1000mbit
[CMD] multipass exec edge-host-1 -- sudo tc class add dev ens3 parent 1:1 classid 1:10 htb rate 100mbit ceil 100mbit
[CMD] multipass exec edge-host-1 -- sudo tc qdisc add dev ens3 parent 1:10 handle 10: netem delay 45ms loss 1.0%
[CMD] multipass exec edge-host-1 -- sudo tc filter add dev ens3 protocol ip parent 1: prio 1 u32 match ip dst 10.138.215.218/32 flowid 1:10
[CMD] multipass exec edge-host-1 -- sudo tc filter add dev ens3 protocol ip parent 1: prio 1 u32 match ip dst 10.138.215.137/32 flowid 1:10

============================================================
[BENCHMARK] Running: Counter Migration | Profile: 4_Starlink
[CHUNK] 1/4 | host/direct runs per suite command: 10
[LOG] run_all_artifacts/logs/2026-05-04_165009__4_starlink__01__counter-migration__chunk-01-of-04.log
============================================================

=== RUN 04-05-2026-host-cold-0000 ===

[16:50:18] Resetting nodes: edge-node-1 -> edge-node-2
[16:50:18] Step 1: Killing any existing processes on source...
[16:50:18]   Killing PID 99363 (from /home/ubuntu/app.pid)
[16:50:19]   Killing any remaining background processes...
[16:50:20] Step 2: Cleaning source node...
[16:50:21] Step 3: Cleaning destination node...
[16:50:22]   Killing PID 99363 on destination (from /home/ubuntu/app.pid)
[16:50:22]   Killing PID 23670 on destination (from /home/ubuntu/counter.pid)
[16:50:23]   Killing all remaining counter processes on destination...
[16:50:26] ✓ Reset complete, nodes are clean
[16:50:26]   Next: Start your application
[16:50:26] Ensuring counter binary on edge-node-1...
[16:50:26] Transferring counter.c to edge-node-1...
[16:50:27] Compiling counter.c on edge-node-1...
[16:50:27] Starting counter on edge-node-1...
[16:50:28] ✓ Counter started
[16:50:31] Starting cold migration...
[16:50:31] Source: edge-node-1, Dest: edge-node-2
[16:50:31] Transfer mode: host
[16:50:31] Relay node: edge-host-1

[16:50:31] === COLD MIGRATION ===
[16:50:31] Step 1: Checking source process...
[16:50:32]   Using PID from /home/ubuntu/counter.pid: 2680
[16:50:32]   Last counter value (pre-freeze): 4
[16:50:33]   Architecture: x86_64 (compatible)
[16:50:33] Step 2: Dumping process with CRIU...
[16:50:33]   Frozen last counter value: 5
[16:50:33]   Expected after restore: 6
[16:50:33]   Checkpoint time: 689 ms
[16:50:33] Step 3: Creating archive...
[16:50:34]   Archive size: 25958 bytes
[16:50:34] Step 4: Transferring archive...
  Transferring /home/ubuntu/CRIU-counter.tar.gz via relay node edge-host-1...
Setting up SSH trust: edge-node-1 → ubuntu@10.138.215.36
  Adding public key to destination's authorized_keys...
  Testing SSH connectivity...
  ✓ SSH trust ready
Setting up SSH trust: edge-host-1 → ubuntu@10.138.215.137
  Adding public key to destination's authorized_keys...
  Testing SSH connectivity...
  ✓ SSH trust ready
[16:50:46]   Transfer time: 12036 ms
[16:50:46] Step 5: Unpacking on destination...
[16:50:46] Step 6: Preparing restore environment...
[16:50:47] Step 6.5: Ensuring /tmp/counter binary is present on destination...
[16:50:47]   /tmp/counter missing on destination, copying from source...
[16:50:48] Step 7: Restoring process...
[16:50:48]   Restore time: 412 ms
[16:50:49]   Restored PID: 2680 (written to /home/ubuntu/counter.pid)
[16:50:49] Step 8: Verifying migration...
[16:50:52]   Expected min: 6 (after ~3.0s → ~9), Observed: 9
[16:50:52] ✓ SUCCESS: Counter continued correctly!
[16:50:52] Total downtime: 13137 ms
[16:50:52] Effective bandwidth: 0.02 Mbps
[16:50:52] Metrics saved to /home/ivo/Evaluation-of-Live-Migration-Strategies-at-the-Edge/Container/metrics/migration_metrics.csv

=== RUN 04-05-2026-host-cold-0001 ===

[16:50:53] Resetting nodes: edge-node-1 -> edge-node-2
[16:50:53] Step 1: Killing any existing processes on source...
[16:50:53]   Killing PID 2680 (from /home/ubuntu/app.pid)
[16:50:54]   Killing PID 2680 (from /home/ubuntu/counter.pid)
[16:50:54]   Killing any remaining background processes...
[16:50:56] Step 2: Cleaning source node...
[16:50:57] Step 3: Cleaning destination node...
[16:50:57]   Killing PID 2680 on destination (from /home/ubuntu/app.pid)
[16:50:58]   Killing PID 2680 on destination (from /home/ubuntu/counter.pid)
[16:50:58]   Killing all remaining counter processes on destination...
[16:51:02] ✓ Reset complete, nodes are clean
[16:51:02]   Next: Start your application
[16:51:02] Ensuring counter binary on edge-node-1...
[16:51:02] Reusing existing /tmp/counter on edge-node-1
[16:51:02] Starting counter on edge-node-1...
[16:51:03] ✓ Counter started
[16:51:06] Starting cold migration...
[16:51:06] Source: edge-node-1, Dest: edge-node-2
[16:51:06] Transfer mode: host
[16:51:06] Relay node: edge-host-1

[16:51:06] === COLD MIGRATION ===
[16:51:06] Step 1: Checking source process...
[16:51:06]   Using PID from /home/ubuntu/counter.pid: 4208
[16:51:06]   Last counter value (pre-freeze): 4
[16:51:07]   Architecture: x86_64 (compatible)
[16:51:07] Step 2: Dumping process with CRIU...
[16:51:08]   Frozen last counter value: 5
[16:51:08]   Expected after restore: 6
[16:51:08]   Checkpoint time: 602 ms
[16:51:08] Step 3: Creating archive...
[16:51:08]   Archive size: 25352 bytes
[16:51:08] Step 4: Transferring archive...
  Transferring /home/ubuntu/CRIU-counter.tar.gz via relay node edge-host-1...
Setting up SSH trust: edge-node-1 → ubuntu@10.138.215.36
  Adding public key to destination's authorized_keys...
  Testing SSH connectivity...
  ✓ SSH trust ready
Setting up SSH trust: edge-host-1 → ubuntu@10.138.215.137
  Adding public key to destination's authorized_keys...
  Testing SSH connectivity...
  ✓ SSH trust ready
[16:51:22]   Transfer time: 13568 ms
[16:51:22] Step 5: Unpacking on destination...
[16:51:22] Step 6: Preparing restore environment...
[16:51:23] Step 6.5: Ensuring /tmp/counter binary is present on destination...
[16:51:23] Step 7: Restoring process...
[16:51:23]   Restore time: 285 ms
[16:51:24]   Restored PID: 4208 (written to /home/ubuntu/counter.pid)
[16:51:24] Step 8: Verifying migration...
[16:51:27]   Expected min: 6 (after ~3.0s → ~9), Observed: 9
[16:51:27] ✓ SUCCESS: Counter continued correctly!
[16:51:27] Total downtime: 14455 ms
[16:51:27] Effective bandwidth: 0.01 Mbps
[16:51:27] Metrics saved to /home/ivo/Evaluation-of-Live-Migration-Strategies-at-the-Edge/Container/metrics/migration_metrics.csv

=== RUN 04-05-2026-host-cold-0002 ===

[16:51:28] Resetting nodes: edge-node-1 -> edge-node-2
[16:51:28] Step 1: Killing any existing processes on source...
[16:51:28]   Killing PID 4208 (from /home/ubuntu/app.pid)
[16:51:29]   Killing PID 4208 (from /home/ubuntu/counter.pid)
[16:51:29]   Killing any remaining background processes...
[16:51:30] Step 2: Cleaning source node...
[16:51:31] Step 3: Cleaning destination node...
[16:51:32]   Killing PID 4208 on destination (from /home/ubuntu/app.pid)
[16:51:33]   Killing PID 4208 on destination (from /home/ubuntu/counter.pid)
[16:51:33]   Killing all remaining counter processes on destination...
[16:51:37] ✓ Reset complete, nodes are clean
[16:51:37]   Next: Start your application
[16:51:37] Ensuring counter binary on edge-node-1...
[16:51:37] Reusing existing /tmp/counter on edge-node-1
[16:51:37] Starting counter on edge-node-1...
[16:51:38] ✓ Counter started
[16:51:41] Starting cold migration...
[16:51:41] Source: edge-node-1, Dest: edge-node-2
[16:51:41] Transfer mode: host
[16:51:41] Relay node: edge-host-1

[16:51:41] === COLD MIGRATION ===
[16:51:41] Step 1: Checking source process...
[16:51:41]   Using PID from /home/ubuntu/counter.pid: 5680
[16:51:41]   Last counter value (pre-freeze): 4
[16:51:42]   Architecture: x86_64 (compatible)
[16:51:42] Step 2: Dumping process with CRIU...
[16:51:43]   Frozen last counter value: 5
[16:51:43]   Expected after restore: 6
[16:51:43]   Checkpoint time: 693 ms
[16:51:43] Step 3: Creating archive...
[16:51:43]   Archive size: 25169 bytes
[16:51:43] Step 4: Transferring archive...
  Transferring /home/ubuntu/CRIU-counter.tar.gz via relay node edge-host-1...
Setting up SSH trust: edge-node-1 → ubuntu@10.138.215.36
  Adding public key to destination's authorized_keys...
  Testing SSH connectivity...
  ✓ SSH trust ready
Setting up SSH trust: edge-host-1 → ubuntu@10.138.215.137
  Adding public key to destination's authorized_keys...
  Testing SSH connectivity...
  ✓ SSH trust ready
[16:51:56]   Transfer time: 12427 ms
[16:51:56] Step 5: Unpacking on destination...
[16:51:56] Step 6: Preparing restore environment...
[16:51:57] Step 6.5: Ensuring /tmp/counter binary is present on destination...
[16:51:57] Step 7: Restoring process...
[16:51:57]   Restore time: 315 ms
[16:51:57]   Restored PID: 5680 (written to /home/ubuntu/counter.pid)
[16:51:57] Step 8: Verifying migration...
[16:52:01]   Expected min: 6 (after ~3.0s → ~9), Observed: 9
[16:52:01] ✓ SUCCESS: Counter continued correctly!
[16:52:01] Total downtime: 13435 ms
[16:52:01] Effective bandwidth: 0.02 Mbps
[16:52:01] Metrics saved to /home/ivo/Evaluation-of-Live-Migration-Strategies-at-the-Edge/Container/metrics/migration_metrics.csv

=== RUN 04-05-2026-host-cold-0003 ===

[16:52:02] Resetting nodes: edge-node-1 -> edge-node-2
[16:52:02] Step 1: Killing any existing processes on source...
[16:52:02]   Killing PID 5680 (from /home/ubuntu/app.pid)
[16:52:03]   Killing PID 5680 (from /home/ubuntu/counter.pid)
[16:52:03]   Killing any remaining background processes...
[16:52:04] Step 2: Cleaning source node...
[16:52:06] Step 3: Cleaning destination node...
[16:52:06]   Killing PID 5680 on destination (from /home/ubuntu/app.pid)
[16:52:07]   Killing PID 5680 on destination (from /home/ubuntu/counter.pid)
[16:52:07]   Killing all remaining counter processes on destination...
[16:52:10] ✓ Reset complete, nodes are clean
[16:52:10]   Next: Start your application
[16:52:10] Ensuring counter binary on edge-node-1...
[16:52:11] Reusing existing /tmp/counter on edge-node-1
[16:52:11] Starting counter on edge-node-1...
[16:52:12] ✓ Counter started
[16:52:15] Starting cold migration...
[16:52:15] Source: edge-node-1, Dest: edge-node-2
[16:52:15] Transfer mode: host
[16:52:15] Relay node: edge-host-1

[16:52:15] === COLD MIGRATION ===
[16:52:15] Step 1: Checking source process...
[16:52:16]   Using PID from /home/ubuntu/counter.pid: 7142
[16:52:16]   Last counter value (pre-freeze): 4
[16:52:16]   Architecture: x86_64 (compatible)
[16:52:16] Step 2: Dumping process with CRIU...
[16:52:17]   Frozen last counter value: 5
[16:52:17]   Expected after restore: 6
[16:52:17]   Checkpoint time: 574 ms
[16:52:17] Step 3: Creating archive...
[16:52:18]   Archive size: 25184 bytes
[16:52:18] Step 4: Transferring archive...
  Transferring /home/ubuntu/CRIU-counter.tar.gz via relay node edge-host-1...
Setting up SSH trust: edge-node-1 → ubuntu@10.138.215.36
  Adding public key to destination's authorized_keys...
  Testing SSH connectivity...
  ✓ SSH trust ready
Setting up SSH trust: edge-host-1 → ubuntu@10.138.215.137
  Adding public key to destination's authorized_keys...
  Testing SSH connectivity...
  ✓ SSH trust ready
[16:52:30]   Transfer time: 12834 ms
[16:52:30] Step 5: Unpacking on destination...
[16:52:31] Step 6: Preparing restore environment...
[16:52:31] Step 6.5: Ensuring /tmp/counter binary is present on destination...
[16:52:32] Step 7: Restoring process...
[16:52:32]   Restore time: 297 ms
[16:52:33]   Restored PID: 7142 (written to /home/ubuntu/counter.pid)
[16:52:33] Step 8: Verifying migration...
[16:52:36]   Expected min: 6 (after ~3.0s → ~9), Observed: 10
[16:52:36] ✓ SUCCESS: Counter continued correctly!
[16:52:36] Total downtime: 13705 ms
[16:52:36] Effective bandwidth: 0.02 Mbps
[16:52:36] Metrics saved to /home/ivo/Evaluation-of-Live-Migration-Strategies-at-the-Edge/Container/metrics/migration_metrics.csv

=== RUN 04-05-2026-host-cold-0004 ===

[16:52:37] Resetting nodes: edge-node-1 -> edge-node-2
[16:52:37] Step 1: Killing any existing processes on source...
[16:52:37]   Killing PID 7142 (from /home/ubuntu/app.pid)
[16:52:38]   Killing PID 7142 (from /home/ubuntu/counter.pid)
[16:52:38]   Killing any remaining background processes...
[16:52:39] Step 2: Cleaning source node...
[16:52:41] Step 3: Cleaning destination node...
[16:52:41]   Killing PID 7142 on destination (from /home/ubuntu/app.pid)
[16:52:42]   Killing PID 7142 on destination (from /home/ubuntu/counter.pid)
[16:52:42]   Killing all remaining counter processes on destination...
[16:52:45] ✓ Reset complete, nodes are clean
[16:52:45]   Next: Start your application
[16:52:45] Ensuring counter binary on edge-node-1...
[16:52:46] Reusing existing /tmp/counter on edge-node-1
[16:52:46] Starting counter on edge-node-1...
[16:52:47] ✓ Counter started
[16:52:49] Starting cold migration...
[16:52:49] Source: edge-node-1, Dest: edge-node-2
[16:52:49] Transfer mode: host
[16:52:49] Relay node: edge-host-1

[16:52:49] === COLD MIGRATION ===
[16:52:49] Step 1: Checking source process...
[16:52:50]   Using PID from /home/ubuntu/counter.pid: 8595
[16:52:50]   Last counter value (pre-freeze): 4
[16:52:51]   Architecture: x86_64 (compatible)
[16:52:51] Step 2: Dumping process with CRIU...
[16:52:52]   Frozen last counter value: 5
[16:52:52]   Expected after restore: 6
[16:52:52]   Checkpoint time: 585 ms
[16:52:52] Step 3: Creating archive...
[16:52:52]   Archive size: 25258 bytes
[16:52:52] Step 4: Transferring archive...
  Transferring /home/ubuntu/CRIU-counter.tar.gz via relay node edge-host-1...
Setting up SSH trust: edge-node-1 → ubuntu@10.138.215.36
  Adding public key to destination's authorized_keys...
  Testing SSH connectivity...
  ✓ SSH trust ready
Setting up SSH trust: edge-host-1 → ubuntu@10.138.215.137
  Adding public key to destination's authorized_keys...
  Testing SSH connectivity...
  ✓ SSH trust ready
[16:53:04]   Transfer time: 11923 ms
[16:53:04] Step 5: Unpacking on destination...
[16:53:04] Step 6: Preparing restore environment...
[16:53:05] Step 6.5: Ensuring /tmp/counter binary is present on destination...
[16:53:05] Step 7: Restoring process...
[16:53:06]   Restore time: 357 ms
[16:53:06]   Restored PID: 8595 (written to /home/ubuntu/counter.pid)
[16:53:06] Step 8: Verifying migration...
[16:53:10]   Expected min: 6 (after ~3.0s → ~9), Observed: 9
[16:53:10] ✓ SUCCESS: Counter continued correctly!
[16:53:10] Total downtime: 12865 ms
[16:53:10] Effective bandwidth: 0.02 Mbps
[16:53:10] Metrics saved to /home/ivo/Evaluation-of-Live-Migration-Strategies-at-the-Edge/Container/metrics/migration_metrics.csv

=== RUN 04-05-2026-host-cold-0005 ===

[16:53:10] Resetting nodes: edge-node-1 -> edge-node-2
[16:53:10] Step 1: Killing any existing processes on source...
[16:53:10]   Killing PID 8595 (from /home/ubuntu/app.pid)
[16:53:11]   Killing PID 8595 (from /home/ubuntu/counter.pid)
[16:53:12]   Killing any remaining background processes...
[16:53:13] Step 2: Cleaning source node...
[16:53:14] Step 3: Cleaning destination node...
[16:53:15]   Killing PID 8595 on destination (from /home/ubuntu/app.pid)
[16:53:15]   Killing PID 8595 on destination (from /home/ubuntu/counter.pid)
[16:53:16]   Killing all remaining counter processes on destination...
[16:53:19] ✓ Reset complete, nodes are clean
[16:53:19]   Next: Start your application
[16:53:19] Ensuring counter binary on edge-node-1...
[16:53:19] Reusing existing /tmp/counter on edge-node-1
[16:53:19] Starting counter on edge-node-1...
[16:53:21] ✓ Counter started
[16:53:23] Starting cold migration...
[16:53:23] Source: edge-node-1, Dest: edge-node-2
[16:53:23] Transfer mode: host
[16:53:23] Relay node: edge-host-1

[16:53:23] === COLD MIGRATION ===
[16:53:23] Step 1: Checking source process...
[16:53:24]   Using PID from /home/ubuntu/counter.pid: 10067
[16:53:24]   Last counter value (pre-freeze): 4
[16:53:25]   Architecture: x86_64 (compatible)
[16:53:25] Step 2: Dumping process with CRIU...
[16:53:25]   Frozen last counter value: 5
[16:53:25]   Expected after restore: 6
[16:53:25]   Checkpoint time: 612 ms
[16:53:25] Step 3: Creating archive...
[16:53:26]   Archive size: 25251 bytes
[16:53:26] Step 4: Transferring archive...
  Transferring /home/ubuntu/CRIU-counter.tar.gz via relay node edge-host-1...
Setting up SSH trust: edge-node-1 → ubuntu@10.138.215.36
  Adding public key to destination's authorized_keys...
  Testing SSH connectivity...
  ✓ SSH trust ready
Setting up SSH trust: edge-host-1 → ubuntu@10.138.215.137
  Adding public key to destination's authorized_keys...
  Testing SSH connectivity...
  ✓ SSH trust ready
[16:53:39]   Transfer time: 13047 ms
[16:53:39] Step 5: Unpacking on destination...
[16:53:39] Step 6: Preparing restore environment...
[16:53:40] Step 6.5: Ensuring /tmp/counter binary is present on destination...
[16:53:40] Step 7: Restoring process...
[16:53:41]   Restore time: 321 ms
[16:53:41]   Restored PID: 10067 (written to /home/ubuntu/counter.pid)
[16:53:41] Step 8: Verifying migration...
[16:53:44]   Expected min: 6 (after ~3.0s → ~9), Observed: 9
[16:53:44] ✓ SUCCESS: Counter continued correctly!
[16:53:44] Total downtime: 13980 ms
[16:53:44] Effective bandwidth: 0.02 Mbps
[16:53:44] Metrics saved to /home/ivo/Evaluation-of-Live-Migration-Strategies-at-the-Edge/Container/metrics/migration_metrics.csv

=== RUN 04-05-2026-host-cold-0006 ===

[16:53:45] Resetting nodes: edge-node-1 -> edge-node-2
[16:53:45] Step 1: Killing any existing processes on source...
[16:53:45]   Killing PID 10067 (from /home/ubuntu/app.pid)
[16:53:46]   Killing PID 10067 (from /home/ubuntu/counter.pid)
[16:53:46]   Killing any remaining background processes...
[16:53:48] Step 2: Cleaning source node...
[16:53:49] Step 3: Cleaning destination node...
[16:53:49]   Killing PID 10067 on destination (from /home/ubuntu/app.pid)
[16:53:50]   Killing PID 10067 on destination (from /home/ubuntu/counter.pid)
[16:53:50]   Killing all remaining counter processes on destination...
[16:53:54] ✓ Reset complete, nodes are clean
[16:53:54]   Next: Start your application
[16:53:54] Ensuring counter binary on edge-node-1...
[16:53:54] Reusing existing /tmp/counter on edge-node-1
[16:53:54] Starting counter on edge-node-1...
[16:53:55] ✓ Counter started
[16:53:58] Starting cold migration...
[16:53:58] Source: edge-node-1, Dest: edge-node-2
[16:53:58] Transfer mode: host
[16:53:58] Relay node: edge-host-1

[16:53:58] === COLD MIGRATION ===
[16:53:58] Step 1: Checking source process...
[16:53:58]   Using PID from /home/ubuntu/counter.pid: 11520
[16:53:59]   Last counter value (pre-freeze): 4
[16:53:59]   Architecture: x86_64 (compatible)
[16:53:59] Step 2: Dumping process with CRIU...
[16:54:00]   Frozen last counter value: 5
[16:54:00]   Expected after restore: 6
[16:54:00]   Checkpoint time: 571 ms
[16:54:00] Step 3: Creating archive...
[16:54:00]   Archive size: 25141 bytes
[16:54:00] Step 4: Transferring archive...
  Transferring /home/ubuntu/CRIU-counter.tar.gz via relay node edge-host-1...
Setting up SSH trust: edge-node-1 → ubuntu@10.138.215.36
  Adding public key to destination's authorized_keys...
  Testing SSH connectivity...
  ✓ SSH trust ready
Setting up SSH trust: edge-host-1 → ubuntu@10.138.215.137
  Adding public key to destination's authorized_keys...
  Testing SSH connectivity...
  ✓ SSH trust ready
[16:54:13]   Transfer time: 12200 ms
[16:54:13] Step 5: Unpacking on destination...
[16:54:13] Step 6: Preparing restore environment...
[16:54:13] Step 6.5: Ensuring /tmp/counter binary is present on destination...
[16:54:14] Step 7: Restoring process...
[16:54:14]   Restore time: 313 ms
[16:54:14]   Restored PID: 11520 (written to /home/ubuntu/counter.pid)
[16:54:14] Step 8: Verifying migration...
[16:54:18]   Expected min: 6 (after ~3.0s → ~9), Observed: 9
[16:54:18] ✓ SUCCESS: Counter continued correctly!
[16:54:18] Total downtime: 13084 ms
[16:54:18] Effective bandwidth: 0.02 Mbps
[16:54:18] Metrics saved to /home/ivo/Evaluation-of-Live-Migration-Strategies-at-the-Edge/Container/metrics/migration_metrics.csv

=== RUN 04-05-2026-host-cold-0007 ===

[16:54:19] Resetting nodes: edge-node-1 -> edge-node-2
[16:54:19] Step 1: Killing any existing processes on source...
[16:54:19]   Killing PID 11520 (from /home/ubuntu/app.pid)
[16:54:20]   Killing PID 11520 (from /home/ubuntu/counter.pid)
[16:54:20]   Killing any remaining background processes...
[16:54:22] Step 2: Cleaning source node...
[16:54:23] Step 3: Cleaning destination node...
[16:54:23]   Killing PID 11520 on destination (from /home/ubuntu/app.pid)
[16:54:24]   Killing PID 11520 on destination (from /home/ubuntu/counter.pid)
[16:54:24]   Killing all remaining counter processes on destination...
[16:54:28] ✓ Reset complete, nodes are clean
[16:54:28]   Next: Start your application
[16:54:28] Ensuring counter binary on edge-node-1...
[16:54:28] Reusing existing /tmp/counter on edge-node-1
[16:54:28] Starting counter on edge-node-1...
[16:54:29] ✓ Counter started
[16:54:32] Starting cold migration...
[16:54:32] Source: edge-node-1, Dest: edge-node-2
[16:54:32] Transfer mode: host
[16:54:32] Relay node: edge-host-1

[16:54:32] === COLD MIGRATION ===
[16:54:32] Step 1: Checking source process...
[16:54:32]   Using PID from /home/ubuntu/counter.pid: 12982
[16:54:33]   Last counter value (pre-freeze): 4
[16:54:33]   Architecture: x86_64 (compatible)
[16:54:33] Step 2: Dumping process with CRIU...
[16:54:34]   Frozen last counter value: 5
[16:54:34]   Expected after restore: 6
[16:54:34]   Checkpoint time: 575 ms
[16:54:34] Step 3: Creating archive...
[16:54:35]   Archive size: 25151 bytes
[16:54:35] Step 4: Transferring archive...
  Transferring /home/ubuntu/CRIU-counter.tar.gz via relay node edge-host-1...
Setting up SSH trust: edge-node-1 → ubuntu@10.138.215.36
  Adding public key to destination's authorized_keys...
  Testing SSH connectivity...
  ✓ SSH trust ready
Setting up SSH trust: edge-host-1 → ubuntu@10.138.215.137
  Adding public key to destination's authorized_keys...
  Testing SSH connectivity...
  ✓ SSH trust ready
[16:54:47]   Transfer time: 12742 ms
[16:54:47] Step 5: Unpacking on destination...
[16:54:48] Step 6: Preparing restore environment...
[16:54:48] Step 6.5: Ensuring /tmp/counter binary is present on destination...
[16:54:49] Step 7: Restoring process...
[16:54:49]   Restore time: 312 ms
[16:54:49]   Restored PID: 12982 (written to /home/ubuntu/counter.pid)
[16:54:49] Step 8: Verifying migration...
[16:54:53]   Expected min: 6 (after ~3.0s → ~9), Observed: 9
[16:54:53] ✓ SUCCESS: Counter continued correctly!
[16:54:53] Total downtime: 13629 ms
[16:54:53] Effective bandwidth: 0.02 Mbps
[16:54:53] Metrics saved to /home/ivo/Evaluation-of-Live-Migration-Strategies-at-the-Edge/Container/metrics/migration_metrics.csv

=== RUN 04-05-2026-host-cold-0008 ===

[16:54:53] Resetting nodes: edge-node-1 -> edge-node-2
[16:54:53] Step 1: Killing any existing processes on source...
[16:54:54]   Killing PID 12982 (from /home/ubuntu/app.pid)
[16:54:54]   Killing PID 12982 (from /home/ubuntu/counter.pid)
[16:54:55]   Killing any remaining background processes...
[16:54:56] Step 2: Cleaning source node...
[16:54:58] Step 3: Cleaning destination node...
[16:54:58]   Killing PID 12982 on destination (from /home/ubuntu/app.pid)
[16:54:59]   Killing PID 12982 on destination (from /home/ubuntu/counter.pid)
[16:54:59]   Killing all remaining counter processes on destination...
[16:55:02] ✓ Reset complete, nodes are clean
[16:55:02]   Next: Start your application
[16:55:02] Ensuring counter binary on edge-node-1...
[16:55:03] Reusing existing /tmp/counter on edge-node-1
[16:55:03] Starting counter on edge-node-1...
[16:55:04] ✓ Counter started
[16:55:06] Starting cold migration...
[16:55:06] Source: edge-node-1, Dest: edge-node-2
[16:55:06] Transfer mode: host
[16:55:06] Relay node: edge-host-1

[16:55:06] === COLD MIGRATION ===
[16:55:06] Step 1: Checking source process...
[16:55:07]   Using PID from /home/ubuntu/counter.pid: 14450
[16:55:07]   Last counter value (pre-freeze): 4
[16:55:08]   Architecture: x86_64 (compatible)
[16:55:08] Step 2: Dumping process with CRIU...
[16:55:08]   Frozen last counter value: 5
[16:55:08]   Expected after restore: 6
[16:55:08]   Checkpoint time: 674 ms
[16:55:08] Step 3: Creating archive...
[16:55:09]   Archive size: 25065 bytes
[16:55:09] Step 4: Transferring archive...
  Transferring /home/ubuntu/CRIU-counter.tar.gz via relay node edge-host-1...
Setting up SSH trust: edge-node-1 → ubuntu@10.138.215.36
  Adding public key to destination's authorized_keys...
  Testing SSH connectivity...
  ✓ SSH trust ready
Setting up SSH trust: edge-host-1 → ubuntu@10.138.215.137
  Adding public key to destination's authorized_keys...
  Testing SSH connectivity...
  ✓ SSH trust ready
[16:55:21]   Transfer time: 12268 ms
[16:55:21] Step 5: Unpacking on destination...
[16:55:22] Step 6: Preparing restore environment...
[16:55:22] Step 6.5: Ensuring /tmp/counter binary is present on destination...
[16:55:22] Step 7: Restoring process...
[16:55:23]   Restore time: 294 ms
[16:55:23]   Restored PID: 14450 (written to /home/ubuntu/counter.pid)
[16:55:23] Step 8: Verifying migration...
[16:55:27]   Expected min: 6 (after ~3.0s → ~9), Observed: 9
[16:55:27] ✓ SUCCESS: Counter continued correctly!
[16:55:27] Total downtime: 13236 ms
[16:55:27] Effective bandwidth: 0.02 Mbps
[16:55:27] Metrics saved to /home/ivo/Evaluation-of-Live-Migration-Strategies-at-the-Edge/Container/metrics/migration_metrics.csv

=== RUN 04-05-2026-host-cold-0009 ===

[16:55:27] Resetting nodes: edge-node-1 -> edge-node-2
[16:55:27] Step 1: Killing any existing processes on source...
[16:55:28]   Killing PID 14450 (from /home/ubuntu/app.pid)
[16:55:28]   Killing PID 14450 (from /home/ubuntu/counter.pid)
[16:55:29]   Killing any remaining background processes...
[16:55:30] Step 2: Cleaning source node...
[16:55:31] Step 3: Cleaning destination node...
[16:55:32]   Killing PID 14450 on destination (from /home/ubuntu/app.pid)
[16:55:32]   Killing PID 14450 on destination (from /home/ubuntu/counter.pid)
[16:55:33]   Killing all remaining counter processes on destination...
[16:55:36] ✓ Reset complete, nodes are clean
[16:55:36]   Next: Start your application
[16:55:37] Ensuring counter binary on edge-node-1...
[16:55:37] Reusing existing /tmp/counter on edge-node-1
[16:55:37] Starting counter on edge-node-1...
[16:55:38] ✓ Counter started
[16:55:40] Starting cold migration...
[16:55:40] Source: edge-node-1, Dest: edge-node-2
[16:55:40] Transfer mode: host
[16:55:40] Relay node: edge-host-1

[16:55:40] === COLD MIGRATION ===
[16:55:40] Step 1: Checking source process...
[16:55:41]   Using PID from /home/ubuntu/counter.pid: 15912
[16:55:41]   Last counter value (pre-freeze): 4
[16:55:42]   Architecture: x86_64 (compatible)
[16:55:42] Step 2: Dumping process with CRIU...
[16:55:42]   Frozen last counter value: 5
[16:55:42]   Expected after restore: 6
[16:55:42]   Checkpoint time: 633 ms
[16:55:42] Step 3: Creating archive...
[16:55:43]   Archive size: 25196 bytes
[16:55:43] Step 4: Transferring archive...
  Transferring /home/ubuntu/CRIU-counter.tar.gz via relay node edge-host-1...
Setting up SSH trust: edge-node-1 → ubuntu@10.138.215.36
  Adding public key to destination's authorized_keys...
  Testing SSH connectivity...
  ✓ SSH trust ready
Setting up SSH trust: edge-host-1 → ubuntu@10.138.215.137
  Adding public key to destination's authorized_keys...
  Testing SSH connectivity...
  ✓ SSH trust ready
[16:55:56]   Transfer time: 12615 ms
[16:55:56] Step 5: Unpacking on destination...
[16:55:56] Step 6: Preparing restore environment...
[16:55:57] Step 6.5: Ensuring /tmp/counter binary is present on destination...
[16:55:57] Step 7: Restoring process...
[16:55:57]   Restore time: 338 ms
[16:55:57]   Restored PID: 15912 (written to /home/ubuntu/counter.pid)
[16:55:57] Step 8: Verifying migration...
[16:56:01]   Expected min: 6 (after ~3.0s → ~9), Observed: 9
[16:56:01] ✓ SUCCESS: Counter continued correctly!
[16:56:01] Total downtime: 13586 ms
[16:56:01] Effective bandwidth: 0.02 Mbps
[16:56:01] Metrics saved to /home/ivo/Evaluation-of-Live-Migration-Strategies-at-the-Edge/Container/metrics/migration_metrics.csv

=== RUN 04-05-2026-direct-cold-0000 ===

[16:56:01] Resetting nodes: edge-node-1 -> edge-node-2
[16:56:01] Step 1: Killing any existing processes on source...
[16:56:02]   Killing PID 15912 (from /home/ubuntu/app.pid)
[16:56:02]   Killing PID 15912 (from /home/ubuntu/counter.pid)
[16:56:03]   Killing any remaining background processes...
[16:56:04] Step 2: Cleaning source node...
[16:56:05] Step 3: Cleaning destination node...
[16:56:06]   Killing PID 15912 on destination (from /home/ubuntu/app.pid)
[16:56:06]   Killing PID 15912 on destination (from /home/ubuntu/counter.pid)
[16:56:07]   Killing all remaining counter processes on destination...
[16:56:10] ✓ Reset complete, nodes are clean
[16:56:10]   Next: Start your application
[16:56:10] Ensuring counter binary on edge-node-1...
[16:56:10] Reusing existing /tmp/counter on edge-node-1
[16:56:11] Starting counter on edge-node-1...
[16:56:12] ✓ Counter started
[16:56:14] Starting cold migration...
[16:56:14] Source: edge-node-1, Dest: edge-node-2
[16:56:14] Transfer mode: direct

[16:56:14] === COLD MIGRATION ===
[16:56:14] Step 1: Checking source process...
[16:56:15]   Using PID from /home/ubuntu/counter.pid: 17374
[16:56:15]   Last counter value (pre-freeze): 4
[16:56:16]   Architecture: x86_64 (compatible)
[16:56:16] Step 2: Dumping process with CRIU...
[16:56:16]   Frozen last counter value: 5
[16:56:16]   Expected after restore: 6
[16:56:16]   Checkpoint time: 655 ms
[16:56:16] Step 3: Creating archive...
[16:56:17]   Archive size: 25079 bytes
[16:56:17] Step 4: Transferring archive...
[16:56:17]   Setting up direct SSH trust...
Setting up SSH trust: edge-node-1 → ubuntu@10.138.215.137
  Adding public key to destination's authorized_keys...
  Testing SSH connectivity...
  ✓ SSH trust ready
Setting up SSH trust: edge-node-1 → ubuntu@10.138.215.137
  Adding public key to destination's authorized_keys...
  Testing SSH connectivity...
  ✓ SSH trust ready
  Transferring /home/ubuntu/CRIU-counter.tar.gz via SCP...
[16:56:26]   Transfer time: 5966 ms
[16:56:26] Step 5: Unpacking on destination...
[16:56:26] Step 6: Preparing restore environment...
[16:56:27] Step 6.5: Ensuring /tmp/counter binary is present on destination...
[16:56:27] Step 7: Restoring process...
[16:56:27]   Restore time: 304 ms
[16:56:28]   Restored PID: 17374 (written to /home/ubuntu/counter.pid)
[16:56:28] Step 8: Verifying migration...
[16:56:31]   Expected min: 6 (after ~3.0s → ~9), Observed: 9
[16:56:31] ✓ SUCCESS: Counter continued correctly!
[16:56:31] Total downtime: 6925 ms
[16:56:31] Effective bandwidth: 0.03 Mbps
[16:56:31] Metrics saved to /home/ivo/Evaluation-of-Live-Migration-Strategies-at-the-Edge/Container/metrics/migration_metrics.csv

=== RUN 04-05-2026-direct-cold-0001 ===

[16:56:32] Resetting nodes: edge-node-1 -> edge-node-2
[16:56:32] Step 1: Killing any existing processes on source...
[16:56:32]   Killing PID 17374 (from /home/ubuntu/app.pid)
[16:56:33]   Killing PID 17374 (from /home/ubuntu/counter.pid)
[16:56:33]   Killing any remaining background processes...
[16:56:35] Step 2: Cleaning source node...
[16:56:36] Step 3: Cleaning destination node...
[16:56:36]   Killing PID 17374 on destination (from /home/ubuntu/app.pid)
[16:56:37]   Killing PID 17374 on destination (from /home/ubuntu/counter.pid)
[16:56:38]   Killing all remaining counter processes on destination...
[16:56:41] ✓ Reset complete, nodes are clean
[16:56:41]   Next: Start your application
[16:56:41] Ensuring counter binary on edge-node-1...
[16:56:41] Reusing existing /tmp/counter on edge-node-1
[16:56:41] Starting counter on edge-node-1...
[16:56:43] ✓ Counter started
[16:56:45] Starting cold migration...
[16:56:45] Source: edge-node-1, Dest: edge-node-2
[16:56:45] Transfer mode: direct

[16:56:45] === COLD MIGRATION ===
[16:56:45] Step 1: Checking source process...
[16:56:46]   Using PID from /home/ubuntu/counter.pid: 18939
[16:56:46]   Last counter value (pre-freeze): 4
[16:56:47]   Architecture: x86_64 (compatible)
[16:56:47] Step 2: Dumping process with CRIU...
[16:56:47]   Frozen last counter value: 5
[16:56:47]   Expected after restore: 6
[16:56:47]   Checkpoint time: 628 ms
[16:56:47] Step 3: Creating archive...
[16:56:48]   Archive size: 25096 bytes
[16:56:48] Step 4: Transferring archive...
[16:56:48]   Setting up direct SSH trust...
Setting up SSH trust: edge-node-1 → ubuntu@10.138.215.137
  Adding public key to destination's authorized_keys...
  Testing SSH connectivity...
  ✓ SSH trust ready
Setting up SSH trust: edge-node-1 → ubuntu@10.138.215.137
  Adding public key to destination's authorized_keys...
  Testing SSH connectivity...
  ✓ SSH trust ready
  Transferring /home/ubuntu/CRIU-counter.tar.gz via SCP...
[16:56:57]   Transfer time: 5654 ms
[16:56:57] Step 5: Unpacking on destination...
[16:56:57] Step 6: Preparing restore environment...
[16:56:57] Step 6.5: Ensuring /tmp/counter binary is present on destination...
[16:56:58] Step 7: Restoring process...
[16:56:58]   Restore time: 312 ms
[16:56:58]   Restored PID: 18939 (written to /home/ubuntu/counter.pid)
[16:56:58] Step 8: Verifying migration...
[16:57:02]   Expected min: 6 (after ~3.0s → ~9), Observed: 9
[16:57:02] ✓ SUCCESS: Counter continued correctly!
[16:57:02] Total downtime: 6594 ms
[16:57:02] Effective bandwidth: 0.04 Mbps
[16:57:02] Metrics saved to /home/ivo/Evaluation-of-Live-Migration-Strategies-at-the-Edge/Container/metrics/migration_metrics.csv

=== RUN 04-05-2026-direct-cold-0002 ===

[16:57:02] Resetting nodes: edge-node-1 -> edge-node-2
[16:57:02] Step 1: Killing any existing processes on source...
[16:57:03]   Killing PID 18939 (from /home/ubuntu/app.pid)
[16:57:03]   Killing PID 18939 (from /home/ubuntu/counter.pid)
[16:57:04]   Killing any remaining background processes...
[16:57:05] Step 2: Cleaning source node...
[16:57:06] Step 3: Cleaning destination node...
[16:57:06]   Killing PID 18939 on destination (from /home/ubuntu/app.pid)
[16:57:07]   Killing PID 18939 on destination (from /home/ubuntu/counter.pid)
[16:57:08]   Killing all remaining counter processes on destination...
[16:57:11] ✓ Reset complete, nodes are clean
[16:57:11]   Next: Start your application
[16:57:11] Ensuring counter binary on edge-node-1...
[16:57:11] Reusing existing /tmp/counter on edge-node-1
[16:57:11] Starting counter on edge-node-1...
[16:57:13] ✓ Counter started
[16:57:15] Starting cold migration...
[16:57:15] Source: edge-node-1, Dest: edge-node-2
[16:57:15] Transfer mode: direct

[16:57:15] === COLD MIGRATION ===
[16:57:15] Step 1: Checking source process...
[16:57:15]   Using PID from /home/ubuntu/counter.pid: 20487
[16:57:16]   Last counter value (pre-freeze): 4
[16:57:16]   Architecture: x86_64 (compatible)
[16:57:16] Step 2: Dumping process with CRIU...
[16:57:17]   Frozen last counter value: 5
[16:57:17]   Expected after restore: 6
[16:57:17]   Checkpoint time: 579 ms
[16:57:17] Step 3: Creating archive...
[16:57:17]   Archive size: 25119 bytes
[16:57:17] Step 4: Transferring archive...
[16:57:17]   Setting up direct SSH trust...
Setting up SSH trust: edge-node-1 → ubuntu@10.138.215.137
  Adding public key to destination's authorized_keys...
  Testing SSH connectivity...
  ✓ SSH trust ready
Setting up SSH trust: edge-node-1 → ubuntu@10.138.215.137
  Adding public key to destination's authorized_keys...
  Testing SSH connectivity...
  ✓ SSH trust ready
  Transferring /home/ubuntu/CRIU-counter.tar.gz via SCP...
[16:57:26]   Transfer time: 5526 ms
[16:57:26] Step 5: Unpacking on destination...
[16:57:26] Step 6: Preparing restore environment...
[16:57:27] Step 6.5: Ensuring /tmp/counter binary is present on destination...
[16:57:27] Step 7: Restoring process...
[16:57:27]   Restore time: 289 ms
[16:57:28]   Restored PID: 20487 (written to /home/ubuntu/counter.pid)
[16:57:28] Step 8: Verifying migration...
[16:57:31]   Expected min: 6 (after ~3.0s → ~9), Observed: 9
[16:57:31] ✓ SUCCESS: Counter continued correctly!
[16:57:31] Total downtime: 6394 ms
[16:57:31] Effective bandwidth: 0.04 Mbps
[16:57:31] Metrics saved to /home/ivo/Evaluation-of-Live-Migration-Strategies-at-the-Edge/Container/metrics/migration_metrics.csv

=== RUN 04-05-2026-direct-cold-0003 ===

[16:57:32] Resetting nodes: edge-node-1 -> edge-node-2
[16:57:32] Step 1: Killing any existing processes on source...
[16:57:32]   Killing PID 20487 (from /home/ubuntu/app.pid)
[16:57:33]   Killing PID 20487 (from /home/ubuntu/counter.pid)
[16:57:33]   Killing any remaining background processes...
[16:57:35] Step 2: Cleaning source node...
[16:57:36] Step 3: Cleaning destination node...
[16:57:36]   Killing PID 20487 on destination (from /home/ubuntu/app.pid)
[16:57:37]   Killing PID 20487 on destination (from /home/ubuntu/counter.pid)
[16:57:38]   Killing all remaining counter processes on destination...
[16:57:41] ✓ Reset complete, nodes are clean
[16:57:41]   Next: Start your application
[16:57:41] Ensuring counter binary on edge-node-1...
[16:57:41] Reusing existing /tmp/counter on edge-node-1
[16:57:42] Starting counter on edge-node-1...
[16:57:43] ✓ Counter started
[16:57:45] Starting cold migration...
[16:57:45] Source: edge-node-1, Dest: edge-node-2
[16:57:45] Transfer mode: direct

[16:57:45] === COLD MIGRATION ===
[16:57:45] Step 1: Checking source process...
[16:57:46]   Using PID from /home/ubuntu/counter.pid: 22053
[16:57:46]   Last counter value (pre-freeze): 4
[16:57:47]   Architecture: x86_64 (compatible)
[16:57:47] Step 2: Dumping process with CRIU...
[16:57:47]   Frozen last counter value: 5
[16:57:47]   Expected after restore: 6
[16:57:47]   Checkpoint time: 589 ms
[16:57:47] Step 3: Creating archive...
[16:57:48]   Archive size: 25211 bytes
[16:57:48] Step 4: Transferring archive...
[16:57:48]   Setting up direct SSH trust...
Setting up SSH trust: edge-node-1 → ubuntu@10.138.215.137
  Adding public key to destination's authorized_keys...
  Testing SSH connectivity...
  ✓ SSH trust ready
Setting up SSH trust: edge-node-1 → ubuntu@10.138.215.137
  Adding public key to destination's authorized_keys...
  Testing SSH connectivity...
  ✓ SSH trust ready
  Transferring /home/ubuntu/CRIU-counter.tar.gz via SCP...
[16:57:56]   Transfer time: 5749 ms
[16:57:56] Step 5: Unpacking on destination...
[16:57:57] Step 6: Preparing restore environment...
[16:57:57] Step 6.5: Ensuring /tmp/counter binary is present on destination...
[16:57:58] Step 7: Restoring process...
[16:57:58]   Restore time: 310 ms
[16:57:58]   Restored PID: 22053 (written to /home/ubuntu/counter.pid)
[16:57:58] Step 8: Verifying migration...
[16:58:02]   Expected min: 6 (after ~3.0s → ~9), Observed: 9
[16:58:02] ✓ SUCCESS: Counter continued correctly!
[16:58:02] Total downtime: 6648 ms
[16:58:02] Effective bandwidth: 0.04 Mbps
[16:58:02] Metrics saved to /home/ivo/Evaluation-of-Live-Migration-Strategies-at-the-Edge/Container/metrics/migration_metrics.csv

=== RUN 04-05-2026-direct-cold-0004 ===

[16:58:02] Resetting nodes: edge-node-1 -> edge-node-2
[16:58:02] Step 1: Killing any existing processes on source...
[16:58:03]   Killing PID 22053 (from /home/ubuntu/app.pid)
[16:58:03]   Killing PID 22053 (from /home/ubuntu/counter.pid)
[16:58:04]   Killing any remaining background processes...
[16:58:05] Step 2: Cleaning source node...
[16:58:06] Step 3: Cleaning destination node...
[16:58:06]   Killing PID 22053 on destination (from /home/ubuntu/app.pid)
[16:58:07]   Killing PID 22053 on destination (from /home/ubuntu/counter.pid)
[16:58:08]   Killing all remaining counter processes on destination...
[16:58:11] ✓ Reset complete, nodes are clean
[16:58:11]   Next: Start your application
[16:58:11] Ensuring counter binary on edge-node-1...
[16:58:11] Reusing existing /tmp/counter on edge-node-1
[16:58:11] Starting counter on edge-node-1...
[16:58:13] ✓ Counter started
[16:58:15] Starting cold migration...
[16:58:15] Source: edge-node-1, Dest: edge-node-2
[16:58:15] Transfer mode: direct

[16:58:15] === COLD MIGRATION ===
[16:58:15] Step 1: Checking source process...
[16:58:16]   Using PID from /home/ubuntu/counter.pid: 23607
[16:58:16]   Last counter value (pre-freeze): 4
[16:58:17]   Architecture: x86_64 (compatible)
[16:58:17] Step 2: Dumping process with CRIU...
[16:58:17]   Frozen last counter value: 5
[16:58:17]   Expected after restore: 6
[16:58:17]   Checkpoint time: 633 ms
[16:58:17] Step 3: Creating archive...
[16:58:18]   Archive size: 25345 bytes
[16:58:18] Step 4: Transferring archive...
[16:58:18]   Setting up direct SSH trust...
Setting up SSH trust: edge-node-1 → ubuntu@10.138.215.137
  Adding public key to destination's authorized_keys...
  Testing SSH connectivity...
  ✓ SSH trust ready
Setting up SSH trust: edge-node-1 → ubuntu@10.138.215.137
  Adding public key to destination's authorized_keys...
  Testing SSH connectivity...
  ✓ SSH trust ready
  Transferring /home/ubuntu/CRIU-counter.tar.gz via SCP...
[16:58:27]   Transfer time: 5977 ms
[16:58:27] Step 5: Unpacking on destination...
[16:58:27] Step 6: Preparing restore environment...
[16:58:28] Step 6.5: Ensuring /tmp/counter binary is present on destination...
[16:58:28] Step 7: Restoring process...
[16:58:28]   Restore time: 310 ms
[16:58:28]   Restored PID: 23607 (written to /home/ubuntu/counter.pid)
[16:58:28] Step 8: Verifying migration...
[16:58:32]   Expected min: 6 (after ~3.0s → ~9), Observed: 9
[16:58:32] ✓ SUCCESS: Counter continued correctly!
[16:58:32] Total downtime: 6920 ms
[16:58:32] Effective bandwidth: 0.03 Mbps
[16:58:32] Metrics saved to /home/ivo/Evaluation-of-Live-Migration-Strategies-at-the-Edge/Container/metrics/migration_metrics.csv

=== RUN 04-05-2026-direct-cold-0005 ===

[16:58:33] Resetting nodes: edge-node-1 -> edge-node-2
[16:58:33] Step 1: Killing any existing processes on source...
[16:58:33]   Killing PID 23607 (from /home/ubuntu/app.pid)
[16:58:34]   Killing PID 23607 (from /home/ubuntu/counter.pid)
[16:58:34]   Killing any remaining background processes...
[16:58:36] Step 2: Cleaning source node...
[16:58:37] Step 3: Cleaning destination node...
[16:58:37]   Killing PID 23607 on destination (from /home/ubuntu/app.pid)
[16:58:38]   Killing PID 23607 on destination (from /home/ubuntu/counter.pid)
[16:58:38]   Killing all remaining counter processes on destination...
[16:58:42] ✓ Reset complete, nodes are clean
[16:58:42]   Next: Start your application
[16:58:42] Ensuring counter binary on edge-node-1...
[16:58:42] Reusing existing /tmp/counter on edge-node-1
[16:58:42] Starting counter on edge-node-1...
[16:58:43] ✓ Counter started
[16:58:46] Starting cold migration...
[16:58:46] Source: edge-node-1, Dest: edge-node-2
[16:58:46] Transfer mode: direct

[16:58:46] === COLD MIGRATION ===
[16:58:46] Step 1: Checking source process...
[16:58:46]   Using PID from /home/ubuntu/counter.pid: 25171
[16:58:47]   Last counter value (pre-freeze): 4
[16:58:47]   Architecture: x86_64 (compatible)
[16:58:47] Step 2: Dumping process with CRIU...
[16:58:48]   Frozen last counter value: 5
[16:58:48]   Expected after restore: 6
[16:58:48]   Checkpoint time: 579 ms
[16:58:48] Step 3: Creating archive...
[16:58:48]   Archive size: 25199 bytes
[16:58:48] Step 4: Transferring archive...
[16:58:48]   Setting up direct SSH trust...
Setting up SSH trust: edge-node-1 → ubuntu@10.138.215.137
  Adding public key to destination's authorized_keys...
  Testing SSH connectivity...
  ✓ SSH trust ready
Setting up SSH trust: edge-node-1 → ubuntu@10.138.215.137
  Adding public key to destination's authorized_keys...
  Testing SSH connectivity...
  ✓ SSH trust ready
  Transferring /home/ubuntu/CRIU-counter.tar.gz via SCP...
[16:58:57]   Transfer time: 5827 ms
[16:58:57] Step 5: Unpacking on destination...
[16:58:58] Step 6: Preparing restore environment...
[16:58:58] Step 6.5: Ensuring /tmp/counter binary is present on destination...
[16:58:58] Step 7: Restoring process...
[16:58:59]   Restore time: 319 ms
[16:58:59]   Restored PID: 25171 (written to /home/ubuntu/counter.pid)
[16:58:59] Step 8: Verifying migration...
[16:59:03]   Expected min: 6 (after ~3.0s → ~9), Observed: 9
[16:59:03] ✓ SUCCESS: Counter continued correctly!
[16:59:03] Total downtime: 6725 ms
[16:59:03] Effective bandwidth: 0.03 Mbps
[16:59:03] Metrics saved to /home/ivo/Evaluation-of-Live-Migration-Strategies-at-the-Edge/Container/metrics/migration_metrics.csv

=== RUN 04-05-2026-direct-cold-0006 ===

[16:59:03] Resetting nodes: edge-node-1 -> edge-node-2
[16:59:03] Step 1: Killing any existing processes on source...
[16:59:03]   Killing PID 25171 (from /home/ubuntu/app.pid)
[16:59:04]   Killing PID 25171 (from /home/ubuntu/counter.pid)
[16:59:05]   Killing any remaining background processes...
[16:59:06] Step 2: Cleaning source node...
[16:59:07] Step 3: Cleaning destination node...
[16:59:07]   Killing PID 25171 on destination (from /home/ubuntu/app.pid)
[16:59:08]   Killing PID 25171 on destination (from /home/ubuntu/counter.pid)
[16:59:09]   Killing all remaining counter processes on destination...
[16:59:12] ✓ Reset complete, nodes are clean
[16:59:12]   Next: Start your application
[16:59:12] Ensuring counter binary on edge-node-1...
[16:59:12] Reusing existing /tmp/counter on edge-node-1
[16:59:12] Starting counter on edge-node-1...
[16:59:13] ✓ Counter started
[16:59:16] Starting cold migration...
[16:59:16] Source: edge-node-1, Dest: edge-node-2
[16:59:16] Transfer mode: direct

[16:59:16] === COLD MIGRATION ===
[16:59:16] Step 1: Checking source process...
[16:59:16]   Using PID from /home/ubuntu/counter.pid: 26727
[16:59:17]   Last counter value (pre-freeze): 4
[16:59:17]   Architecture: x86_64 (compatible)
[16:59:17] Step 2: Dumping process with CRIU...
[16:59:18]   Frozen last counter value: 5
[16:59:18]   Expected after restore: 6
[16:59:18]   Checkpoint time: 583 ms
[16:59:18] Step 3: Creating archive...
[16:59:19]   Archive size: 25342 bytes
[16:59:19] Step 4: Transferring archive...
[16:59:19]   Setting up direct SSH trust...
Setting up SSH trust: edge-node-1 → ubuntu@10.138.215.137
  Adding public key to destination's authorized_keys...
  Testing SSH connectivity...
  ✓ SSH trust ready
Setting up SSH trust: edge-node-1 → ubuntu@10.138.215.137
  Adding public key to destination's authorized_keys...
  Testing SSH connectivity...
  ✓ SSH trust ready
  Transferring /home/ubuntu/CRIU-counter.tar.gz via SCP...
[16:59:27]   Transfer time: 5681 ms
[16:59:27] Step 5: Unpacking on destination...
[16:59:27] Step 6: Preparing restore environment...
[16:59:28] Step 6.5: Ensuring /tmp/counter binary is present on destination...
[16:59:28] Step 7: Restoring process...
[16:59:28]   Restore time: 374 ms
[16:59:29]   Restored PID: 26727 (written to /home/ubuntu/counter.pid)
[16:59:29] Step 8: Verifying migration...
[16:59:32]   Expected min: 6 (after ~3.0s → ~9), Observed: 9
[16:59:32] ✓ SUCCESS: Counter continued correctly!
[16:59:32] Total downtime: 6638 ms
[16:59:32] Effective bandwidth: 0.04 Mbps
[16:59:32] Metrics saved to /home/ivo/Evaluation-of-Live-Migration-Strategies-at-the-Edge/Container/metrics/migration_metrics.csv

=== RUN 04-05-2026-direct-cold-0007 ===

[16:59:33] Resetting nodes: edge-node-1 -> edge-node-2
[16:59:33] Step 1: Killing any existing processes on source...
[16:59:33]   Killing PID 26727 (from /home/ubuntu/app.pid)
[16:59:34]   Killing PID 26727 (from /home/ubuntu/counter.pid)
[16:59:35]   Killing any remaining background processes...
[16:59:36] Step 2: Cleaning source node...
[16:59:37] Step 3: Cleaning destination node...
[16:59:37]   Killing PID 26727 on destination (from /home/ubuntu/app.pid)
[16:59:38]   Killing PID 26727 on destination (from /home/ubuntu/counter.pid)
[16:59:39]   Killing all remaining counter processes on destination...
[16:59:42] ✓ Reset complete, nodes are clean
[16:59:42]   Next: Start your application
[16:59:42] Ensuring counter binary on edge-node-1...
[16:59:43] Reusing existing /tmp/counter on edge-node-1
[16:59:43] Starting counter on edge-node-1...
[16:59:44] ✓ Counter started
[16:59:46] Starting cold migration...
[16:59:46] Source: edge-node-1, Dest: edge-node-2
[16:59:46] Transfer mode: direct

[16:59:46] === COLD MIGRATION ===
[16:59:46] Step 1: Checking source process...
[16:59:47]   Using PID from /home/ubuntu/counter.pid: 28293
[16:59:47]   Last counter value (pre-freeze): 4
[16:59:48]   Architecture: x86_64 (compatible)
[16:59:48] Step 2: Dumping process with CRIU...
[16:59:48]   Frozen last counter value: 5
[16:59:48]   Expected after restore: 6
[16:59:48]   Checkpoint time: 643 ms
[16:59:48] Step 3: Creating archive...
[16:59:49]   Archive size: 25440 bytes
[16:59:49] Step 4: Transferring archive...
[16:59:49]   Setting up direct SSH trust...
Setting up SSH trust: edge-node-1 → ubuntu@10.138.215.137
  Adding public key to destination's authorized_keys...
  Testing SSH connectivity...
  ✓ SSH trust ready
Setting up SSH trust: edge-node-1 → ubuntu@10.138.215.137
  Adding public key to destination's authorized_keys...
  Testing SSH connectivity...
  ✓ SSH trust ready
  Transferring /home/ubuntu/CRIU-counter.tar.gz via SCP...
[16:59:58]   Transfer time: 6082 ms
[16:59:58] Step 5: Unpacking on destination...
[16:59:58] Step 6: Preparing restore environment...
[16:59:59] Step 6.5: Ensuring /tmp/counter binary is present on destination...
[16:59:59] Step 7: Restoring process...
[16:59:59]   Restore time: 304 ms
