=== repeat_benchmarks.py 2026-04-21T01:31:53.649972 ===
base_run_id=21-04-2026-gol-cold-precopy-postcopy-h1-d1-i2-relay-edge-host-1-snap-plots-013153
strategies=cold,precopy,postcopy workload=gol source=edge-node-1 dest=edge-node-2 host_runs=1 direct_runs=1 iterations=2 relay_node=edge-host-1 profile_name= snapshot_node_metrics=True no_plots=False

$ python3 /home/ivo/Documents/University/4to/Thesis-AAAAAAAa/Container-vs-Wasm-Service-Migration/Game-of-life-migration/scripts/setup/reset_nodes.py edge-node-1 edge-node-2
[01:31:53] Resetting nodes: edge-node-1 -> edge-node-2
[01:31:53] Step 1: Killing any existing processes on source...
[01:31:54]   Killing PID 34679 (from /home/ubuntu/app.pid)
[01:31:55]   Killing PID 34679 (from /home/ubuntu/gol.pid)
[01:31:55]   Killing any remaining background processes...
[01:31:57] Step 2: Cleaning source node...
[01:31:58] Step 3: Cleaning destination node...
[01:31:59]   Killing all remaining gol processes on destination...
[01:32:02] ✓ Reset complete, nodes are clean
[01:32:02]   Next: Start your application
[exit=0]

$ bash /home/ivo/Documents/University/4to/Thesis-AAAAAAAa/Container-vs-Wasm-Service-Migration/Game-of-life-migration/scripts/workloads/start_gol_c.sh edge-node-1
[01:32:02] Transferring gol.c to edge-node-1...
[01:32:02] Compiling gol.c on edge-node-1...
[01:32:03] Starting gol on edge-node-1...
✓ C gol running (PID: 37585)
[01:32:04] ✓ Gol started
[exit=0]
[repeat] warmup 2s

$ python3 /home/ivo/Documents/University/4to/Thesis-AAAAAAAa/Container-vs-Wasm-Service-Migration/Game-of-life-migration/scripts/orchestrators/criu_benchmark.py cold --source edge-node-1 --dest edge-node-2 --transfer-mode host --run-id 21-04-2026-host-cold-0000 --relay-node edge-host-1
[01:32:07] Starting cold migration...
[01:32:07] Source: edge-node-1, Dest: edge-node-2
[01:32:07] Transfer mode: host
[01:32:07] Relay node: edge-host-1

[01:32:07] === COLD MIGRATION ===
[01:32:07] Step 1: Checking source process...
[01:32:07]   Using PID from /home/ubuntu/gol.pid: 37585
[01:32:07]   Last gol value (pre-freeze): 
[01:32:08]   Architecture: x86_64 (compatible)
[01:32:08] Step 2: Dumping process with CRIU...
[01:32:09]   Frozen last gol value: 
[01:32:09]   Expected after restore: unknown
[01:32:09]   Checkpoint time: 593 ms
[01:32:09] Step 3: Creating archive...
[01:32:09]   Archive size: 25572 bytes
[01:32:09] Step 4: Transferring archive...
  Transferring /home/ubuntu/CRIU-gol.tar.gz via relay node edge-host-1...
Setting up SSH trust: edge-node-1 → ubuntu@10.22.132.176
  Adding public key to destination's authorized_keys...
  Testing SSH connectivity...
  ✓ SSH trust ready
Setting up SSH trust: edge-host-1 → ubuntu@10.22.132.239
  Adding public key to destination's authorized_keys...
  Testing SSH connectivity...
  ✓ SSH trust ready
[01:32:15]   Transfer time: 5870 ms
[01:32:15] Step 5: Unpacking on destination...
[01:32:15] Step 6: Preparing restore environment...
[01:32:16] Step 6.5: Ensuring /tmp/gol binary is present on destination...
[01:32:16] Step 7: Restoring process...
[01:32:17]   Restore time: 306 ms
[01:32:17]   Restored PID: 37585 (written to /home/ubuntu/gol.pid)
[01:32:17] Step 8: Verifying migration...
[01:32:20] WARNING: Could not validate restored process state
[01:32:20] Total downtime: 6769 ms
[01:32:20] Effective bandwidth: 0.03 Mbps
[01:32:20] Metrics saved to /home/ivo/Documents/University/4to/Thesis-AAAAAAAa/Container-vs-Wasm-Service-Migration/Game-of-life-migration/metrics/migration_metrics.csv
[exit=0]

$ python3 /home/ivo/Documents/University/4to/Thesis-AAAAAAAa/Container-vs-Wasm-Service-Migration/Game-of-life-migration/scripts/setup/reset_nodes.py edge-node-1 edge-node-2
[01:32:21] Resetting nodes: edge-node-1 -> edge-node-2
[01:32:21] Step 1: Killing any existing processes on source...
[01:32:21]   Killing PID 37585 (from /home/ubuntu/app.pid)
[01:32:22]   Killing PID 37585 (from /home/ubuntu/gol.pid)
[01:32:22]   Killing any remaining background processes...
[01:32:24] Step 2: Cleaning source node...
[01:32:25] Step 3: Cleaning destination node...
[01:32:25]   Killing PID 37585 on destination (from /home/ubuntu/app.pid)
[01:32:26]   Killing PID 37585 on destination (from /home/ubuntu/gol.pid)
[01:32:26]   Killing all remaining gol processes on destination...
[01:32:30] ✓ Reset complete, nodes are clean
[01:32:30]   Next: Start your application
[exit=0]

$ bash /home/ivo/Documents/University/4to/Thesis-AAAAAAAa/Container-vs-Wasm-Service-Migration/Game-of-life-migration/scripts/workloads/start_gol_c.sh edge-node-1
[01:32:30] Transferring gol.c to edge-node-1...
[01:32:30] Compiling gol.c on edge-node-1...
[01:32:30] Starting gol on edge-node-1...
✓ C gol running (PID: 39121)
[01:32:32] ✓ Gol started
[exit=0]
[repeat] warmup 2s

$ python3 /home/ivo/Documents/University/4to/Thesis-AAAAAAAa/Container-vs-Wasm-Service-Migration/Game-of-life-migration/scripts/orchestrators/criu_benchmark.py cold --source edge-node-1 --dest edge-node-2 --transfer-mode direct --run-id 21-04-2026-direct-cold-0000
[01:32:34] Starting cold migration...
[01:32:34] Source: edge-node-1, Dest: edge-node-2
[01:32:34] Transfer mode: direct

[01:32:34] === COLD MIGRATION ===
[01:32:34] Step 1: Checking source process...
[01:32:35]   Using PID from /home/ubuntu/gol.pid: 39121
[01:32:35]   Last gol value (pre-freeze): 
[01:32:36]   Architecture: x86_64 (compatible)
[01:32:36] Step 2: Dumping process with CRIU...
[01:32:36]   Frozen last gol value: 
[01:32:36]   Expected after restore: unknown
[01:32:36]   Checkpoint time: 606 ms
[01:32:36] Step 3: Creating archive...
[01:32:37]   Archive size: 25579 bytes
[01:32:37] Step 4: Transferring archive...
[01:32:37]   Setting up direct SSH trust...
Setting up SSH trust: edge-node-1 → ubuntu@10.22.132.239
  Adding public key to destination's authorized_keys...
  Testing SSH connectivity...
  ✓ SSH trust ready
Setting up SSH trust: edge-node-1 → ubuntu@10.22.132.239
  Adding public key to destination's authorized_keys...
  Testing SSH connectivity...
  ✓ SSH trust ready
  Transferring /home/ubuntu/CRIU-gol.tar.gz via SCP...
[01:32:41]   Transfer time: 2505 ms
[01:32:41] Step 5: Unpacking on destination...
[01:32:42] Step 6: Preparing restore environment...
[01:32:42] Step 6.5: Ensuring /tmp/gol binary is present on destination...
[01:32:42] Step 7: Restoring process...
[01:32:43]   Restore time: 307 ms
[01:32:43]   Restored PID: 39121 (written to /home/ubuntu/gol.pid)
[01:32:43] Step 8: Verifying migration...
[01:32:46] WARNING: Could not validate restored process state
[01:32:46] Total downtime: 3418 ms
[01:32:46] Effective bandwidth: 0.08 Mbps
[01:32:46] Metrics saved to /home/ivo/Documents/University/4to/Thesis-AAAAAAAa/Container-vs-Wasm-Service-Migration/Game-of-life-migration/metrics/migration_metrics.csv
[exit=0]

$ python3 /home/ivo/Documents/University/4to/Thesis-AAAAAAAa/Container-vs-Wasm-Service-Migration/Game-of-life-migration/scripts/setup/reset_nodes.py edge-node-1 edge-node-2
[01:32:47] Resetting nodes: edge-node-1 -> edge-node-2
[01:32:47] Step 1: Killing any existing processes on source...
[01:32:47]   Killing PID 39121 (from /home/ubuntu/app.pid)
[01:32:48]   Killing PID 39121 (from /home/ubuntu/gol.pid)
[01:32:49]   Killing any remaining background processes...
[01:32:50] Step 2: Cleaning source node...
[01:32:51] Step 3: Cleaning destination node...
[01:32:51]   Killing PID 39121 on destination (from /home/ubuntu/app.pid)
[01:32:52]   Killing PID 39121 on destination (from /home/ubuntu/gol.pid)
[01:32:53]   Killing all remaining gol processes on destination...
[01:32:56] ✓ Reset complete, nodes are clean
[01:32:56]   Next: Start your application
[exit=0]

$ bash /home/ivo/Documents/University/4to/Thesis-AAAAAAAa/Container-vs-Wasm-Service-Migration/Game-of-life-migration/scripts/workloads/start_gol_c.sh edge-node-1
[01:32:56] Transferring gol.c to edge-node-1...
[01:32:57] Compiling gol.c on edge-node-1...
[01:32:57] Starting gol on edge-node-1...
✓ C gol running (PID: 40770)
[01:32:58] ✓ Gol started
[exit=0]
[repeat] warmup 2s

$ python3 /home/ivo/Documents/University/4to/Thesis-AAAAAAAa/Container-vs-Wasm-Service-Migration/Game-of-life-migration/scripts/orchestrators/criu_benchmark.py precopy --source edge-node-1 --dest edge-node-2 --transfer-mode host --run-id 21-04-2026-host-precopy-0000 --relay-node edge-host-1 --iterations 2
[01:33:01] Starting precopy migration...
[01:33:01] Source: edge-node-1, Dest: edge-node-2
[01:33:01] Transfer mode: host
[01:33:01] Relay node: edge-host-1

[01:33:01] === PRE-COPY LIVE MIGRATION ===
[01:33:01] Step 1: Checking source process...
[01:33:02]   Using PID from /home/ubuntu/gol.pid: 40770
[01:33:02]   Last gol value (pre-dumps start): 
[01:33:03]   Architecture: x86_64 (compatible)
[01:33:03] Step 2: Preparing dump directory...
[01:33:03] Step 3: Running 2 pre-dumps...
[01:33:03]   Pre-dump 1/2...
[01:33:04]   Pre-dump 2/2...
[01:33:06]   Total pre-dump time: 2628 ms
[01:33:06] Step 4: Final dump (freezing service)...
[01:33:06]   Frozen last gol value: 
[01:33:06]   Expected after restore: unknown
[01:33:06]   Final dump time (freeze duration): 577 ms
[01:33:06] Step 5: Creating archive...
[01:33:07]   Archive size: 30401 bytes
[01:33:07] Step 6: Transferring archive...
  Transferring /tmp/CRIU-gol.tar.gz via relay node edge-host-1...
Setting up SSH trust: edge-node-1 → ubuntu@10.22.132.176
  Adding public key to destination's authorized_keys...
  Testing SSH connectivity...
  ✓ SSH trust ready
Setting up SSH trust: edge-host-1 → ubuntu@10.22.132.239
  Adding public key to destination's authorized_keys...
  Testing SSH connectivity...
  ✓ SSH trust ready
[01:33:13]   Transfer time: 5896 ms
[01:33:13] Step 7: Unpacking on destination...
[01:33:13] Step 7.5: Ensuring gol output file exists on destination...
[01:33:13] Step 7.8: Ensuring /tmp/gol binary is present on destination...
[01:33:14] Step 8: Restoring process...
[01:33:14]   Restore time: 308 ms
[01:33:14]   Restored PID: 40770 (written to /home/ubuntu/gol.pid)
[01:33:14] Step 9: Verifying migration...
[01:33:18] WARNING: Could not validate restored process state
[01:33:18] Total downtime: 6781 ms (final_dump: 577 + transfer: 5896 + restore: 308)
[01:33:18] Pre-dump time (not counted as downtime): 2628 ms
[01:33:18] Effective bandwidth: 0.04 Mbps
[01:33:18] Metrics saved to /home/ivo/Documents/University/4to/Thesis-AAAAAAAa/Container-vs-Wasm-Service-Migration/Game-of-life-migration/metrics/migration_metrics.csv
[exit=0]

$ python3 /home/ivo/Documents/University/4to/Thesis-AAAAAAAa/Container-vs-Wasm-Service-Migration/Game-of-life-migration/scripts/setup/reset_nodes.py edge-node-1 edge-node-2
[01:33:18] Resetting nodes: edge-node-1 -> edge-node-2
[01:33:18] Step 1: Killing any existing processes on source...
[01:33:19]   Killing PID 40770 (from /home/ubuntu/app.pid)
[01:33:19]   Killing PID 40770 (from /home/ubuntu/gol.pid)
[01:33:20]   Killing any remaining background processes...
[01:33:21] Step 2: Cleaning source node...
[01:33:22] Step 3: Cleaning destination node...
[01:33:23]   Killing PID 40770 on destination (from /home/ubuntu/app.pid)
[01:33:23]   Killing PID 40770 on destination (from /home/ubuntu/gol.pid)
[01:33:24]   Killing all remaining gol processes on destination...
[01:33:27] ✓ Reset complete, nodes are clean
[01:33:27]   Next: Start your application
[exit=0]

$ bash /home/ivo/Documents/University/4to/Thesis-AAAAAAAa/Container-vs-Wasm-Service-Migration/Game-of-life-migration/scripts/workloads/start_gol_c.sh edge-node-1
[01:33:27] Transferring gol.c to edge-node-1...
[01:33:28] Compiling gol.c on edge-node-1...
[01:33:28] Starting gol on edge-node-1...
✓ C gol running (PID: 42463)
[01:33:29] ✓ Gol started
[exit=0]
[repeat] warmup 2s

$ python3 /home/ivo/Documents/University/4to/Thesis-AAAAAAAa/Container-vs-Wasm-Service-Migration/Game-of-life-migration/scripts/orchestrators/criu_benchmark.py precopy --source edge-node-1 --dest edge-node-2 --transfer-mode direct --run-id 21-04-2026-direct-precopy-0000 --iterations 2
[01:33:32] Starting precopy migration...
[01:33:32] Source: edge-node-1, Dest: edge-node-2
[01:33:32] Transfer mode: direct

[01:33:32] === PRE-COPY LIVE MIGRATION ===
[01:33:32] Step 1: Checking source process...
[01:33:32]   Using PID from /home/ubuntu/gol.pid: 42463
[01:33:33]   Last gol value (pre-dumps start): 
[01:33:33]   Architecture: x86_64 (compatible)
[01:33:33] Step 2: Preparing dump directory...
[01:33:34] Step 3: Running 2 pre-dumps...
[01:33:34]   Pre-dump 1/2...
[01:33:35]   Pre-dump 2/2...
[01:33:36]   Total pre-dump time: 2622 ms
[01:33:36] Step 4: Final dump (freezing service)...
[01:33:37]   Frozen last gol value: 
[01:33:37]   Expected after restore: unknown
[01:33:37]   Final dump time (freeze duration): 561 ms
[01:33:37] Step 5: Creating archive...
[01:33:37]   Archive size: 29997 bytes
[01:33:37] Step 6: Transferring archive...
[01:33:37]   Setting up direct SSH trust...
Setting up SSH trust: edge-node-1 → ubuntu@10.22.132.239
  Adding public key to destination's authorized_keys...
  Testing SSH connectivity...
  ✓ SSH trust ready
Setting up SSH trust: edge-node-1 → ubuntu@10.22.132.239
  Adding public key to destination's authorized_keys...
  Testing SSH connectivity...
  ✓ SSH trust ready
  Transferring /tmp/CRIU-gol.tar.gz via SCP...
[01:33:41]   Transfer time: 2462 ms
[01:33:41] Step 7: Unpacking on destination...
[01:33:42] Step 7.5: Ensuring gol output file exists on destination...
[01:33:42] Step 7.8: Ensuring /tmp/gol binary is present on destination...
[01:33:42] Step 8: Restoring process...
[01:33:43]   Restore time: 304 ms
[01:33:43]   Restored PID: 42463 (written to /home/ubuntu/gol.pid)
[01:33:43] Step 9: Verifying migration...
[01:33:46] WARNING: Could not validate restored process state
[01:33:46] Total downtime: 3327 ms (final_dump: 561 + transfer: 2462 + restore: 304)
[01:33:46] Pre-dump time (not counted as downtime): 2622 ms
[01:33:46] Effective bandwidth: 0.10 Mbps
[01:33:46] Metrics saved to /home/ivo/Documents/University/4to/Thesis-AAAAAAAa/Container-vs-Wasm-Service-Migration/Game-of-life-migration/metrics/migration_metrics.csv
[exit=0]

$ python3 /home/ivo/Documents/University/4to/Thesis-AAAAAAAa/Container-vs-Wasm-Service-Migration/Game-of-life-migration/scripts/setup/reset_nodes.py edge-node-1 edge-node-2
[01:33:47] Resetting nodes: edge-node-1 -> edge-node-2
[01:33:47] Step 1: Killing any existing processes on source...
[01:33:47]   Killing PID 42463 (from /home/ubuntu/app.pid)
[01:33:48]   Killing PID 42463 (from /home/ubuntu/gol.pid)
[01:33:49]   Killing any remaining background processes...
[01:33:50] Step 2: Cleaning source node...
[01:33:51] Step 3: Cleaning destination node...
[01:33:51]   Killing PID 42463 on destination (from /home/ubuntu/app.pid)
[01:33:52]   Killing PID 42463 on destination (from /home/ubuntu/gol.pid)
[01:33:53]   Killing all remaining gol processes on destination...
[01:33:56] ✓ Reset complete, nodes are clean
[01:33:56]   Next: Start your application
[exit=0]

$ bash /home/ivo/Documents/University/4to/Thesis-AAAAAAAa/Container-vs-Wasm-Service-Migration/Game-of-life-migration/scripts/workloads/start_gol_c.sh edge-node-1
[01:33:56] Transferring gol.c to edge-node-1...
[01:33:56] Compiling gol.c on edge-node-1...
[01:33:57] Starting gol on edge-node-1...
✓ C gol running (PID: 44260)
[01:33:58] ✓ Gol started
[exit=0]
[repeat] warmup 2s

$ python3 /home/ivo/Documents/University/4to/Thesis-AAAAAAAa/Container-vs-Wasm-Service-Migration/Game-of-life-migration/scripts/orchestrators/criu_benchmark.py postcopy --source edge-node-1 --dest edge-node-2 --transfer-mode host --run-id 21-04-2026-host-postcopy-0000 --relay-node edge-host-1 --page-server-port 9999
[01:34:01] Starting postcopy migration...
[01:34:01] Source: edge-node-1, Dest: edge-node-2
[01:34:01] Transfer mode: host
[01:34:01] Relay node: edge-host-1

[01:34:01] === POST-COPY (LAZY-PAGES) MIGRATION ===
[01:34:01] Step 1: Checking source process...
[01:34:01]   Using PID from /home/ubuntu/gol.pid: 44260
[01:34:02]   Last gol value (pre-freeze): 
[01:34:03]   Page-server endpoint: 10.22.132.29:9999
[01:34:03] Step 2: Final dump (freezing service) with --lazy-pages...
[01:34:04]   Dump PID: 44752
[01:34:04]   Dump init time (approx freeze duration): 996 ms
[01:34:05]   Frozen last gol value: 
[01:34:05]   Expected after restore: unknown
[01:34:05] Step 3: Page-server ready on source (served by dump process)
[01:34:05] Step 4: Creating archive...
[01:34:05]   Archive size: 23299 bytes
[01:34:05] Step 5: Transferring archive...
  Transferring /home/ubuntu/CRIU-gol.tar.gz via relay node edge-host-1...
Setting up SSH trust: edge-node-1 → ubuntu@10.22.132.176
  Adding public key to destination's authorized_keys...
  Testing SSH connectivity...
  ✓ SSH trust ready
Setting up SSH trust: edge-host-1 → ubuntu@10.22.132.239
  Adding public key to destination's authorized_keys...
  Testing SSH connectivity...
  ✓ SSH trust ready
[01:34:11]   Transfer time: 5837 ms
[01:34:11] Step 6: Unpacking on destination...
[01:34:12] Step 6.8: Ensuring /tmp/gol binary is present on destination...
[01:34:12] Step 7: Starting lazy-pages daemon on destination...
[01:34:12]   Lazy-pages PID: 42811
[01:34:13] Step 8: Restoring process...
[01:34:13]   Restore time: 320 ms
[01:34:13]   Restored PID: 44260 (written to /home/ubuntu/gol.pid)
[01:34:14] Step 9: Verifying migration...
[01:34:17] WARNING: Could not validate restored process state
[01:34:17] Total downtime: 7153 ms (dump: 996 + transfer: 5837 + restore: 320)
[01:34:18] Metrics saved to /home/ivo/Documents/University/4to/Thesis-AAAAAAAa/Container-vs-Wasm-Service-Migration/Game-of-life-migration/metrics/migration_metrics.csv
[exit=0]

$ python3 /home/ivo/Documents/University/4to/Thesis-AAAAAAAa/Container-vs-Wasm-Service-Migration/Game-of-life-migration/scripts/setup/reset_nodes.py edge-node-1 edge-node-2
[01:34:18] Resetting nodes: edge-node-1 -> edge-node-2
[01:34:18] Step 1: Killing any existing processes on source...
[01:34:19]   Killing PID 44260 (from /home/ubuntu/app.pid)
[01:34:20]   Killing PID 44260 (from /home/ubuntu/gol.pid)
[01:34:20]   Killing any remaining background processes...
[01:34:21] Step 2: Cleaning source node...
[01:34:23] Step 3: Cleaning destination node...
[01:34:23]   Killing PID 44260 on destination (from /home/ubuntu/app.pid)
[01:34:24]   Killing PID 44260 on destination (from /home/ubuntu/gol.pid)
[01:34:24]   Killing all remaining gol processes on destination...
[01:34:27] ✓ Reset complete, nodes are clean
[01:34:27]   Next: Start your application
[exit=0]

$ bash /home/ivo/Documents/University/4to/Thesis-AAAAAAAa/Container-vs-Wasm-Service-Migration/Game-of-life-migration/scripts/workloads/start_gol_c.sh edge-node-1
[01:34:27] Transferring gol.c to edge-node-1...
[01:34:28] Compiling gol.c on edge-node-1...
[01:34:28] Starting gol on edge-node-1...
✓ C gol running (PID: 46182)
[01:34:29] ✓ Gol started
[exit=0]
[repeat] warmup 2s

$ python3 /home/ivo/Documents/University/4to/Thesis-AAAAAAAa/Container-vs-Wasm-Service-Migration/Game-of-life-migration/scripts/orchestrators/criu_benchmark.py postcopy --source edge-node-1 --dest edge-node-2 --transfer-mode direct --run-id 21-04-2026-direct-postcopy-0000 --page-server-port 9999
[01:34:32] Starting postcopy migration...
[01:34:32] Source: edge-node-1, Dest: edge-node-2
[01:34:32] Transfer mode: direct

[01:34:32] === POST-COPY (LAZY-PAGES) MIGRATION ===
[01:34:32] Step 1: Checking source process...
[01:34:33]   Using PID from /home/ubuntu/gol.pid: 46182
[01:34:33]   Last gol value (pre-freeze): 
[01:34:34]   Page-server endpoint: 10.22.132.29:9999
[01:34:34] Step 2: Final dump (freezing service) with --lazy-pages...
[01:34:35]   Dump PID: 46667
[01:34:35]   Dump init time (approx freeze duration): 995 ms
[01:34:36]   Frozen last gol value: 
[01:34:36]   Expected after restore: unknown
[01:34:36] Step 3: Page-server ready on source (served by dump process)
[01:34:36] Step 4: Creating archive...
[01:34:36]   Archive size: 23457 bytes
[01:34:36] Step 5: Transferring archive...
[01:34:36]   Setting up direct SSH trust...
Setting up SSH trust: edge-node-1 → ubuntu@10.22.132.239
  Adding public key to destination's authorized_keys...
  Testing SSH connectivity...
  ✓ SSH trust ready
Setting up SSH trust: edge-node-1 → ubuntu@10.22.132.239
  Adding public key to destination's authorized_keys...
  Testing SSH connectivity...
  ✓ SSH trust ready
  Transferring /home/ubuntu/CRIU-gol.tar.gz via SCP...
[01:34:40]   Transfer time: 2480 ms
[01:34:40] Step 6: Unpacking on destination...
[01:34:41] Step 6.8: Ensuring /tmp/gol binary is present on destination...
[01:34:41] Step 7: Starting lazy-pages daemon on destination...
[01:34:42]   Lazy-pages PID: 44715
[01:34:42] Step 8: Restoring process...
[01:34:42]   Restore time: 316 ms
[01:34:42]   Restored PID: 46182 (written to /home/ubuntu/gol.pid)
[01:34:43] Step 9: Verifying migration...
[01:34:46] WARNING: Could not validate restored process state
[01:34:46] Total downtime: 3791 ms (dump: 995 + transfer: 2480 + restore: 316)
[01:34:47] Metrics saved to /home/ivo/Documents/University/4to/Thesis-AAAAAAAa/Container-vs-Wasm-Service-Migration/Game-of-life-migration/metrics/migration_metrics.csv
[exit=0]
[repeat] run_ids_file=/home/ivo/Documents/University/4to/Thesis-AAAAAAAa/Container-vs-Wasm-Service-Migration/Game-of-life-migration/metrics/run_logs/21-04-2026-gol-cold-precopy-postcopy-h1-d1-i2-relay-edge-host-1-snap-plots-013153.run_ids.txt
