=== repeat_benchmarks.py 2026-04-21T01:28:49.295354 ===
base_run_id=21-04-2026-gol-cold-precopy-postcopy-h10-d10-i2-relay-edge-host-1-snap-plots-012849
strategies=cold,precopy,postcopy workload=gol source=edge-node-1 dest=edge-node-2 host_runs=10 direct_runs=10 iterations=2 relay_node=edge-host-1 profile_name= snapshot_node_metrics=True no_plots=False

$ python3 /home/ivo/Documents/University/4to/Thesis-AAAAAAAa/Container-vs-Wasm-Service-Migration/Game-of-life-migration/scripts/setup/reset_nodes.py edge-node-1 edge-node-2
[01:28:49] Resetting nodes: edge-node-1 -> edge-node-2
[01:28:49] Step 1: Killing any existing processes on source...
[01:28:49]   Killing PID 31826 (from /home/ubuntu/app.pid)
[01:28:50]   Killing PID 31826 (from /home/ubuntu/gol.pid)
[01:28:51]   Killing any remaining background processes...
[01:28:52] Step 2: Cleaning source node...
[01:28:53] Step 3: Cleaning destination node...
[01:28:54]   Killing all remaining gol processes on destination...
[01:28:57] ✓ Reset complete, nodes are clean
[01:28:57]   Next: Start your application
[exit=0]

$ bash /home/ivo/Documents/University/4to/Thesis-AAAAAAAa/Container-vs-Wasm-Service-Migration/Game-of-life-migration/scripts/workloads/start_gol_c.sh edge-node-1
[01:28:57] Transferring gol.c to edge-node-1...
[01:28:58] Compiling gol.c on edge-node-1...
[01:28:58] Starting gol on edge-node-1...
✓ C gol running (PID: 33036)
[01:28:59] ✓ Gol started
[exit=0]
[repeat] warmup 2s
[repeat] WARNING: node_exporter snapshot failed: edge-node-1 (before)
[repeat] WARNING: node_exporter snapshot failed: edge-node-2 (before)

$ python3 /home/ivo/Documents/University/4to/Thesis-AAAAAAAa/Container-vs-Wasm-Service-Migration/Game-of-life-migration/scripts/orchestrators/criu_benchmark.py cold --source edge-node-1 --dest edge-node-2 --transfer-mode host --run-id 21-04-2026-host-cold-0001 --relay-node edge-host-1
[01:29:02] Starting cold migration...
[01:29:02] Source: edge-node-1, Dest: edge-node-2
[01:29:02] Transfer mode: host
[01:29:02] Relay node: edge-host-1

[01:29:02] === COLD MIGRATION ===
[01:29:02] Step 1: Checking source process...
[01:29:03]   Using PID from /home/ubuntu/gol.pid: 33036
[01:29:03]   Last gol value (pre-freeze): 
[01:29:03]   Architecture: x86_64 (compatible)
[01:29:03] Step 2: Dumping process with CRIU...
[01:29:04]   Frozen last gol value: 
[01:29:04]   Expected after restore: unknown
[01:29:04]   Checkpoint time: 606 ms
[01:29:04] Step 3: Creating archive...
[01:29:05]   Archive size: 25263 bytes
[01:29:05] Step 4: Transferring archive...
  Transferring /home/ubuntu/CRIU-gol.tar.gz via relay node edge-host-1...
Setting up SSH trust: edge-node-1 → ubuntu@10.22.132.176
  Generating Ed25519 key pair on source...
  Adding public key to destination's authorized_keys...
  Testing SSH connectivity...
  ✓ SSH trust ready
Setting up SSH trust: edge-host-1 → ubuntu@10.22.132.239
  Generating Ed25519 key pair on source...
  Adding public key to destination's authorized_keys...
  Testing SSH connectivity...
  ✓ SSH trust ready
[01:29:11]   Transfer time: 6480 ms
[01:29:11] Step 5: Unpacking on destination...
[01:29:11] Step 6: Preparing restore environment...
[01:29:12] Step 6.5: Ensuring /tmp/gol binary is present on destination...
[01:29:12]   /tmp/gol missing on destination, copying from source...
[01:29:13] Step 7: Restoring process...
[01:29:13]   Restore time: 384 ms
[01:29:14]   Restored PID: 33036 (written to /home/ubuntu/gol.pid)
[01:29:14] Step 8: Verifying migration...
[01:29:17] WARNING: Could not validate restored process state
[01:29:17] Total downtime: 7470 ms
[01:29:17] Effective bandwidth: 0.03 Mbps
[01:29:17] Metrics saved to /home/ivo/Documents/University/4to/Thesis-AAAAAAAa/Container-vs-Wasm-Service-Migration/Game-of-life-migration/metrics/migration_metrics.csv
[exit=0]
[repeat] WARNING: node_exporter snapshot failed: edge-node-1 (after)
[repeat] WARNING: node_exporter snapshot failed: edge-node-2 (after)
[repeat] WARNING: node_exporter CSV row not written (missing snapshots)

$ python3 /home/ivo/Documents/University/4to/Thesis-AAAAAAAa/Container-vs-Wasm-Service-Migration/Game-of-life-migration/scripts/setup/reset_nodes.py edge-node-1 edge-node-2
[01:29:17] Resetting nodes: edge-node-1 -> edge-node-2
[01:29:17] Step 1: Killing any existing processes on source...
[01:29:18]   Killing PID 33036 (from /home/ubuntu/app.pid)
[01:29:19]   Killing PID 33036 (from /home/ubuntu/gol.pid)
[01:29:19]   Killing any remaining background processes...
[01:29:20] Step 2: Cleaning source node...
[01:29:21] Step 3: Cleaning destination node...
[01:29:22]   Killing PID 33036 on destination (from /home/ubuntu/app.pid)
[01:29:23]   Killing PID 33036 on destination (from /home/ubuntu/gol.pid)
[01:29:23]   Killing all remaining gol processes on destination...
[01:29:26] ✓ Reset complete, nodes are clean
[01:29:26]   Next: Start your application
[exit=0]

$ bash /home/ivo/Documents/University/4to/Thesis-AAAAAAAa/Container-vs-Wasm-Service-Migration/Game-of-life-migration/scripts/workloads/start_gol_c.sh edge-node-1
[01:29:26] Transferring gol.c to edge-node-1...
[01:29:27] Compiling gol.c on edge-node-1...
[01:29:27] Starting gol on edge-node-1...
