=== repeat_benchmarks.py 2026-04-22T21:55:47.451174 ===
base_run_id=22-04-2026-gol-cold-precopy-postcopy-h1-d1-i1-relay-edge-host-1-snap-plots-215547
strategies=cold,precopy,postcopy workload=gol source=edge-node-1 dest=edge-node-2 host_runs=1 direct_runs=1 iterations=1 relay_node=edge-host-1 profile_name=SMOKE-2026-04-22 snapshot_node_metrics=True no_plots=False

$ python3 /home/ivo/Documents/University/4to/Thesis-AAAAAAAa/Container-vs-Wasm-Service-Migration/Game-of-life-migration/scripts/setup/reset_nodes.py edge-node-1 edge-node-2
[21:55:47] Resetting nodes: edge-node-1 -> edge-node-2
[21:55:47] Step 1: Killing any existing processes on source...
[21:55:47]   Killing PID 2558877 (from /home/ubuntu/app.pid)
[21:55:48]   Killing PID 2546434 (from /home/ubuntu/gol.pid)
[21:55:49]   Killing any remaining background processes...
[21:55:50] Step 2: Cleaning source node...
[21:55:51] Step 3: Cleaning destination node...
[21:55:52]   Killing PID 2558877 on destination (from /home/ubuntu/app.pid)
[21:55:52]   Killing PID 2546434 on destination (from /home/ubuntu/gol.pid)
[21:55:53]   Killing all remaining gol processes on destination...
[21:55:56] ✓ Reset complete, nodes are clean
[21:55:56]   Next: Start your application
[exit=0]

$ bash /home/ivo/Documents/University/4to/Thesis-AAAAAAAa/Container-vs-Wasm-Service-Migration/Game-of-life-migration/scripts/workloads/start_gol_c.sh edge-node-1
[21:55:56] Transferring gol.c to edge-node-1...
[21:55:57] Compiling gol.c on edge-node-1...
[21:55:57] Starting gol on edge-node-1...
[21:55:58] ✓ Gol started
[exit=0]
[repeat] warmup 2s

$ python3 /home/ivo/Documents/University/4to/Thesis-AAAAAAAa/Container-vs-Wasm-Service-Migration/Game-of-life-migration/scripts/orchestrators/criu_benchmark.py cold --source edge-node-1 --dest edge-node-2 --transfer-mode host --run-id 22-04-2026-host-cold-0020 --relay-node edge-host-1 --profile-name SMOKE-2026-04-22
[21:56:01] Starting cold migration...
[21:56:01] Source: edge-node-1, Dest: edge-node-2
[21:56:01] Transfer mode: host
[21:56:01] Relay node: edge-host-1

[21:56:01] === COLD MIGRATION ===
[21:56:01] Step 1: Checking source process...
[21:56:02]   Using PID from /home/ubuntu/gol.pid: 2574046
[21:56:02]   Last gol value (pre-freeze): 
[21:56:03]   Architecture: x86_64 (compatible)
[21:56:03] Step 2: Dumping process with CRIU...
[21:56:04]   Frozen last gol value: 
[21:56:04]   Expected after restore: unknown
[21:56:04]   Checkpoint time: 682 ms
[21:56:04] Step 3: Creating archive...
[21:56:04]   Archive size: 25575 bytes
[21:56:04] Step 4: Transferring archive...
  Transferring /home/ubuntu/CRIU-gol.tar.gz via relay node edge-host-1...
Setting up SSH trust: edge-node-1 → ubuntu@10.22.132.176
  Adding public key to destination's authorized_keys...
  Testing SSH connectivity...
  ✓ SSH trust ready
Setting up SSH trust: edge-host-1 → ubuntu@10.22.132.239
  Adding public key to destination's authorized_keys...
  Testing SSH connectivity...
  ✓ SSH trust ready
[21:56:11]   Transfer time: 6912 ms
[21:56:11] Step 5: Unpacking on destination...
[21:56:11] Step 6: Preparing restore environment...
[21:56:12] Step 6.5: Ensuring /tmp/gol binary is present on destination...
[21:56:13] Step 7: Restoring process...
[21:56:13]   Restore time: 384 ms
[21:56:13]   Restored PID: 2574046 (written to /home/ubuntu/gol.pid)
[21:56:13] Step 8: Verifying migration...
[21:56:17] WARNING: Could not validate restored process state
[21:56:17] Total downtime: 7978 ms
[21:56:17] Effective bandwidth: 0.03 Mbps
[21:56:17] Metrics saved to /home/ivo/Documents/University/4to/Thesis-AAAAAAAa/Container-vs-Wasm-Service-Migration/Game-of-life-migration/metrics/migration_metrics.csv
[exit=0]

$ python3 /home/ivo/Documents/University/4to/Thesis-AAAAAAAa/Container-vs-Wasm-Service-Migration/Game-of-life-migration/scripts/setup/reset_nodes.py edge-node-1 edge-node-2
[21:56:17] Resetting nodes: edge-node-1 -> edge-node-2
[21:56:17] Step 1: Killing any existing processes on source...
[21:56:18]   Killing PID 2574046 (from /home/ubuntu/app.pid)
[21:56:19]   Killing PID 2574046 (from /home/ubuntu/gol.pid)
[21:56:19]   Killing any remaining background processes...
[21:56:21] Step 2: Cleaning source node...
[21:56:22] Step 3: Cleaning destination node...
[21:56:22]   Killing PID 2574046 on destination (from /home/ubuntu/app.pid)
[21:56:23]   Killing PID 2574046 on destination (from /home/ubuntu/gol.pid)
[21:56:24]   Killing all remaining gol processes on destination...
[21:56:27] ✓ Reset complete, nodes are clean
[21:56:27]   Next: Start your application
[exit=0]

$ bash /home/ivo/Documents/University/4to/Thesis-AAAAAAAa/Container-vs-Wasm-Service-Migration/Game-of-life-migration/scripts/workloads/start_gol_c.sh edge-node-1
[21:56:27] Transferring gol.c to edge-node-1...
[21:56:28] Compiling gol.c on edge-node-1...
[21:56:28] Starting gol on edge-node-1...
[21:56:29] ✓ Gol started
[exit=0]
[repeat] warmup 2s

$ python3 /home/ivo/Documents/University/4to/Thesis-AAAAAAAa/Container-vs-Wasm-Service-Migration/Game-of-life-migration/scripts/orchestrators/criu_benchmark.py cold --source edge-node-1 --dest edge-node-2 --transfer-mode direct --run-id 22-04-2026-direct-cold-0020 --profile-name SMOKE-2026-04-22
[21:56:32] Starting cold migration...
[21:56:32] Source: edge-node-1, Dest: edge-node-2
[21:56:32] Transfer mode: direct

[21:56:32] === COLD MIGRATION ===
[21:56:32] Step 1: Checking source process...
[21:56:33]   Using PID from /home/ubuntu/gol.pid: 2575610
[21:56:33]   Last gol value (pre-freeze): 
[21:56:34]   Architecture: x86_64 (compatible)
[21:56:34] Step 2: Dumping process with CRIU...
[21:56:35]   Frozen last gol value: 
[21:56:35]   Expected after restore: unknown
[21:56:35]   Checkpoint time: 634 ms
[21:56:35] Step 3: Creating archive...
[21:56:36]   Archive size: 25390 bytes
[21:56:36] Step 4: Transferring archive...
[21:56:36]   Setting up direct SSH trust...
Setting up SSH trust: edge-node-1 → ubuntu@10.22.132.239
  Adding public key to destination's authorized_keys...
  Testing SSH connectivity...
  ✓ SSH trust ready
Setting up SSH trust: edge-node-1 → ubuntu@10.22.132.239
  Adding public key to destination's authorized_keys...
  Testing SSH connectivity...
  ✓ SSH trust ready
  Transferring /home/ubuntu/CRIU-gol.tar.gz via SCP...
[21:56:41]   Transfer time: 3071 ms
[21:56:41] Step 5: Unpacking on destination...
[21:56:41] Step 6: Preparing restore environment...
[21:56:41] Step 6.5: Ensuring /tmp/gol binary is present on destination...
[21:56:42] Step 7: Restoring process...
[21:56:42]   Restore time: 337 ms
[21:56:42]   Restored PID: 2575610 (written to /home/ubuntu/gol.pid)
[21:56:42] Step 8: Verifying migration...
[21:56:46] WARNING: Could not validate restored process state
[21:56:46] Total downtime: 4042 ms
[21:56:46] Effective bandwidth: 0.07 Mbps
[21:56:46] Metrics saved to /home/ivo/Documents/University/4to/Thesis-AAAAAAAa/Container-vs-Wasm-Service-Migration/Game-of-life-migration/metrics/migration_metrics.csv
[exit=0]

$ python3 /home/ivo/Documents/University/4to/Thesis-AAAAAAAa/Container-vs-Wasm-Service-Migration/Game-of-life-migration/scripts/setup/reset_nodes.py edge-node-1 edge-node-2
[21:56:47] Resetting nodes: edge-node-1 -> edge-node-2
[21:56:47] Step 1: Killing any existing processes on source...
[21:56:47]   Killing PID 2575610 (from /home/ubuntu/app.pid)
[21:56:48]   Killing PID 2575610 (from /home/ubuntu/gol.pid)
[21:56:48]   Killing any remaining background processes...
[21:56:50] Step 2: Cleaning source node...
[21:56:51] Step 3: Cleaning destination node...
[21:56:51]   Killing PID 2575610 on destination (from /home/ubuntu/app.pid)
[21:56:52]   Killing PID 2575610 on destination (from /home/ubuntu/gol.pid)
[21:56:52]   Killing all remaining gol processes on destination...
[21:56:56] ✓ Reset complete, nodes are clean
[21:56:56]   Next: Start your application
[exit=0]

$ bash /home/ivo/Documents/University/4to/Thesis-AAAAAAAa/Container-vs-Wasm-Service-Migration/Game-of-life-migration/scripts/workloads/start_gol_c.sh edge-node-1
[21:56:56] Transferring gol.c to edge-node-1...
[21:56:56] Compiling gol.c on edge-node-1...
[21:56:57] Starting gol on edge-node-1...
[21:56:58] ✓ Gol started
[exit=0]
[repeat] warmup 2s

$ python3 /home/ivo/Documents/University/4to/Thesis-AAAAAAAa/Container-vs-Wasm-Service-Migration/Game-of-life-migration/scripts/orchestrators/criu_benchmark.py precopy --source edge-node-1 --dest edge-node-2 --transfer-mode host --run-id 22-04-2026-host-precopy-0020 --relay-node edge-host-1 --iterations 1 --profile-name SMOKE-2026-04-22
[21:57:01] Starting precopy migration...
[21:57:01] Source: edge-node-1, Dest: edge-node-2
[21:57:01] Transfer mode: host
[21:57:01] Relay node: edge-host-1

[21:57:01] === PRE-COPY LIVE MIGRATION ===
[21:57:01] Step 1: Checking source process...
[21:57:02]   Using PID from /home/ubuntu/gol.pid: 2577543
[21:57:02]   Last gol value (pre-dumps start): 
[21:57:03]   Architecture: x86_64 (compatible)
[21:57:03] Step 2: Preparing dump directory...
[21:57:03] Step 3: Running 1 pre-dumps...
[21:57:03]   Pre-dump 1/1...
[21:57:04]   Total pre-dump time: 1368 ms
[21:57:04] Step 4: Final dump (freezing service)...
[21:57:05]   Frozen last gol value: 
[21:57:05]   Expected after restore: unknown
[21:57:05]   Final dump time (freeze duration): 656 ms
[21:57:05] Step 5: Creating archive...
[21:57:06]   Archive size: 27427 bytes
[21:57:06] Step 6: Transferring archive...
  Transferring /tmp/CRIU-gol.tar.gz via relay node edge-host-1...
Setting up SSH trust: edge-node-1 → ubuntu@10.22.132.176
  Adding public key to destination's authorized_keys...
  Testing SSH connectivity...
  ✓ SSH trust ready
Setting up SSH trust: edge-host-1 → ubuntu@10.22.132.239
  Adding public key to destination's authorized_keys...
  Testing SSH connectivity...
  ✓ SSH trust ready
[21:57:13]   Transfer time: 7149 ms
[21:57:13] Step 7: Unpacking on destination...
[21:57:13] Step 7.5: Ensuring gol output file exists on destination...
[21:57:13] Step 7.8: Ensuring /tmp/gol binary is present on destination...
[21:57:14] Step 8: Restoring process...
[21:57:14]   Restore time: 334 ms
[21:57:14]   Restored PID: 2577543 (written to /home/ubuntu/gol.pid)
[21:57:14] Step 9: Verifying migration...
[21:57:18] WARNING: Could not validate restored process state
[21:57:18] Total downtime: 8139 ms (final_dump: 656 + transfer: 7149 + restore: 334)
[21:57:18] Pre-dump time (not counted as downtime): 1368 ms
[21:57:18] Effective bandwidth: 0.03 Mbps
[21:57:18] Metrics saved to /home/ivo/Documents/University/4to/Thesis-AAAAAAAa/Container-vs-Wasm-Service-Migration/Game-of-life-migration/metrics/migration_metrics.csv
[exit=0]

$ python3 /home/ivo/Documents/University/4to/Thesis-AAAAAAAa/Container-vs-Wasm-Service-Migration/Game-of-life-migration/scripts/setup/reset_nodes.py edge-node-1 edge-node-2
[21:57:18] Resetting nodes: edge-node-1 -> edge-node-2
[21:57:18] Step 1: Killing any existing processes on source...
[21:57:19]   Killing PID 2577543 (from /home/ubuntu/app.pid)
[21:57:20]   Killing PID 2577543 (from /home/ubuntu/gol.pid)
[21:57:20]   Killing any remaining background processes...
[21:57:22] Step 2: Cleaning source node...
[21:57:23] Step 3: Cleaning destination node...
[21:57:24]   Killing PID 2577543 on destination (from /home/ubuntu/app.pid)
[21:57:24]   Killing PID 2577543 on destination (from /home/ubuntu/gol.pid)
[21:57:25]   Killing all remaining gol processes on destination...
[21:57:28] ✓ Reset complete, nodes are clean
[21:57:28]   Next: Start your application
[exit=0]

$ bash /home/ivo/Documents/University/4to/Thesis-AAAAAAAa/Container-vs-Wasm-Service-Migration/Game-of-life-migration/scripts/workloads/start_gol_c.sh edge-node-1
[21:57:28] Transferring gol.c to edge-node-1...
[21:57:29] Compiling gol.c on edge-node-1...
[21:57:29] Starting gol on edge-node-1...
[21:57:30] ✓ Gol started
[exit=0]
[repeat] warmup 2s

$ python3 /home/ivo/Documents/University/4to/Thesis-AAAAAAAa/Container-vs-Wasm-Service-Migration/Game-of-life-migration/scripts/orchestrators/criu_benchmark.py precopy --source edge-node-1 --dest edge-node-2 --transfer-mode direct --run-id 22-04-2026-direct-precopy-0020 --iterations 1 --profile-name SMOKE-2026-04-22
[21:57:33] Starting precopy migration...
[21:57:33] Source: edge-node-1, Dest: edge-node-2
[21:57:33] Transfer mode: direct

[21:57:33] === PRE-COPY LIVE MIGRATION ===
[21:57:33] Step 1: Checking source process...
[21:57:34]   Using PID from /home/ubuntu/gol.pid: 2579208
[21:57:34]   Last gol value (pre-dumps start): 
[21:57:35]   Architecture: x86_64 (compatible)
[21:57:35] Step 2: Preparing dump directory...
[21:57:35] Step 3: Running 1 pre-dumps...
[21:57:35]   Pre-dump 1/1...
[21:57:37]   Total pre-dump time: 1325 ms
[21:57:37] Step 4: Final dump (freezing service)...
[21:57:37]   Frozen last gol value: 
[21:57:37]   Expected after restore: unknown
[21:57:37]   Final dump time (freeze duration): 592 ms
[21:57:37] Step 5: Creating archive...
[21:57:38]   Archive size: 27376 bytes
[21:57:38] Step 6: Transferring archive...
[21:57:38]   Setting up direct SSH trust...
Setting up SSH trust: edge-node-1 → ubuntu@10.22.132.239
  Adding public key to destination's authorized_keys...
  Testing SSH connectivity...
  ✓ SSH trust ready
Setting up SSH trust: edge-node-1 → ubuntu@10.22.132.239
  Adding public key to destination's authorized_keys...
  Testing SSH connectivity...
  ✓ SSH trust ready
  Transferring /tmp/CRIU-gol.tar.gz via SCP...
[21:57:43]   Transfer time: 2908 ms
[21:57:43] Step 7: Unpacking on destination...
[21:57:43] Step 7.5: Ensuring gol output file exists on destination...
[21:57:43] Step 7.8: Ensuring /tmp/gol binary is present on destination...
[21:57:43] Step 8: Restoring process...
[21:57:44]   Restore time: 314 ms
[21:57:44]   Restored PID: 2579208 (written to /home/ubuntu/gol.pid)
[21:57:44] Step 9: Verifying migration...
[21:57:47] WARNING: Could not validate restored process state
[21:57:47] Total downtime: 3814 ms (final_dump: 592 + transfer: 2908 + restore: 314)
[21:57:47] Pre-dump time (not counted as downtime): 1325 ms
[21:57:47] Effective bandwidth: 0.08 Mbps
[21:57:47] Metrics saved to /home/ivo/Documents/University/4to/Thesis-AAAAAAAa/Container-vs-Wasm-Service-Migration/Game-of-life-migration/metrics/migration_metrics.csv
[exit=0]

$ python3 /home/ivo/Documents/University/4to/Thesis-AAAAAAAa/Container-vs-Wasm-Service-Migration/Game-of-life-migration/scripts/setup/reset_nodes.py edge-node-1 edge-node-2
[21:57:48] Resetting nodes: edge-node-1 -> edge-node-2
[21:57:48] Step 1: Killing any existing processes on source...
[21:57:48]   Killing PID 2579208 (from /home/ubuntu/app.pid)
[21:57:49]   Killing PID 2579208 (from /home/ubuntu/gol.pid)
[21:57:50]   Killing any remaining background processes...
[21:57:51] Step 2: Cleaning source node...
[21:57:52] Step 3: Cleaning destination node...
[21:57:53]   Killing PID 2579208 on destination (from /home/ubuntu/app.pid)
[21:57:54]   Killing PID 2579208 on destination (from /home/ubuntu/gol.pid)
[21:57:54]   Killing all remaining gol processes on destination...
[21:57:58] ✓ Reset complete, nodes are clean
[21:57:58]   Next: Start your application
[exit=0]

$ bash /home/ivo/Documents/University/4to/Thesis-AAAAAAAa/Container-vs-Wasm-Service-Migration/Game-of-life-migration/scripts/workloads/start_gol_c.sh edge-node-1
[21:57:58] Transferring gol.c to edge-node-1...
[21:57:58] Compiling gol.c on edge-node-1...
[21:57:58] Starting gol on edge-node-1...
[21:58:00] ✓ Gol started
[exit=0]
[repeat] warmup 2s

$ python3 /home/ivo/Documents/University/4to/Thesis-AAAAAAAa/Container-vs-Wasm-Service-Migration/Game-of-life-migration/scripts/orchestrators/criu_benchmark.py postcopy --source edge-node-1 --dest edge-node-2 --transfer-mode host --run-id 22-04-2026-host-postcopy-0020 --relay-node edge-host-1 --page-server-port 9999 --profile-name SMOKE-2026-04-22
[21:58:03] Starting postcopy migration...
[21:58:03] Source: edge-node-1, Dest: edge-node-2
[21:58:03] Transfer mode: host
[21:58:03] Relay node: edge-host-1

[21:58:03] === POST-COPY (LAZY-PAGES) MIGRATION ===
[21:58:03] Step 1: Checking source process...
[21:58:03]   Using PID from /home/ubuntu/gol.pid: 2580992
[21:58:04]   Last gol value (pre-freeze): 
[21:58:05]   Page-server endpoint: 10.22.132.29:9999
[21:58:05] Step 2: Final dump (freezing service) with --lazy-pages...
[21:58:06]   Dump PID: 2581493
[21:58:06]   Dump init time (approx freeze duration): 1097 ms
[21:58:07]   Frozen last gol value: 
[21:58:07]   Expected after restore: unknown
[21:58:07] Step 3: Page-server ready on source (served by dump process)
[21:58:07] Step 4: Creating archive...
[21:58:07]   Archive size: 23379 bytes
[21:58:07] Step 5: Transferring archive...
  Transferring /home/ubuntu/CRIU-gol.tar.gz via relay node edge-host-1...
Setting up SSH trust: edge-node-1 → ubuntu@10.22.132.176
  Adding public key to destination's authorized_keys...
  Testing SSH connectivity...
  ✓ SSH trust ready
Setting up SSH trust: edge-host-1 → ubuntu@10.22.132.239
  Adding public key to destination's authorized_keys...
  Testing SSH connectivity...
  ✓ SSH trust ready
[21:58:14]   Transfer time: 6924 ms
[21:58:14] Step 6: Unpacking on destination...
[21:58:15] Step 6.8: Ensuring /tmp/gol binary is present on destination...
[21:58:15] Step 7: Starting lazy-pages daemon on destination...
[21:58:16]   Lazy-pages PID: 2399028
[21:58:16] Step 8: Restoring process...
[21:58:16]   Restore time: 347 ms
[21:58:16]   Restored PID: 2580992 (written to /home/ubuntu/gol.pid)
[21:58:17] Step 9: Verifying migration...
[21:58:20] WARNING: Could not validate restored process state
[21:58:20] Total downtime: 8368 ms (dump: 1097 + transfer: 6924 + restore: 347)
[21:58:22] Metrics saved to /home/ivo/Documents/University/4to/Thesis-AAAAAAAa/Container-vs-Wasm-Service-Migration/Game-of-life-migration/metrics/migration_metrics.csv
[exit=0]

$ python3 /home/ivo/Documents/University/4to/Thesis-AAAAAAAa/Container-vs-Wasm-Service-Migration/Game-of-life-migration/scripts/setup/reset_nodes.py edge-node-1 edge-node-2
[21:58:22] Resetting nodes: edge-node-1 -> edge-node-2
[21:58:22] Step 1: Killing any existing processes on source...
[21:58:23]   Killing PID 2580992 (from /home/ubuntu/app.pid)
[21:58:23]   Killing PID 2580992 (from /home/ubuntu/gol.pid)
[21:58:24]   Killing any remaining background processes...
[21:58:25] Step 2: Cleaning source node...
[21:58:27] Step 3: Cleaning destination node...
[21:58:27]   Killing PID 2580992 on destination (from /home/ubuntu/app.pid)
[21:58:28]   Killing PID 2580992 on destination (from /home/ubuntu/gol.pid)
[21:58:28]   Killing all remaining gol processes on destination...
[21:58:32] ✓ Reset complete, nodes are clean
[21:58:32]   Next: Start your application
[exit=0]

$ bash /home/ivo/Documents/University/4to/Thesis-AAAAAAAa/Container-vs-Wasm-Service-Migration/Game-of-life-migration/scripts/workloads/start_gol_c.sh edge-node-1
[21:58:32] Transferring gol.c to edge-node-1...
[21:58:32] Compiling gol.c on edge-node-1...
[21:58:33] Starting gol on edge-node-1...
[21:58:34] ✓ Gol started
[exit=0]
[repeat] warmup 2s

$ python3 /home/ivo/Documents/University/4to/Thesis-AAAAAAAa/Container-vs-Wasm-Service-Migration/Game-of-life-migration/scripts/orchestrators/criu_benchmark.py postcopy --source edge-node-1 --dest edge-node-2 --transfer-mode direct --run-id 22-04-2026-direct-postcopy-0020 --page-server-port 9999 --profile-name SMOKE-2026-04-22
[21:58:37] Starting postcopy migration...
[21:58:37] Source: edge-node-1, Dest: edge-node-2
[21:58:37] Transfer mode: direct

[21:58:37] === POST-COPY (LAZY-PAGES) MIGRATION ===
[21:58:37] Step 1: Checking source process...
[21:58:38]   Using PID from /home/ubuntu/gol.pid: 2582963
[21:58:38]   Last gol value (pre-freeze): 
[21:58:40]   Page-server endpoint: 10.22.132.29:9999
[21:58:40] Step 2: Final dump (freezing service) with --lazy-pages...
[21:58:40]   Dump PID: 2583456
[21:58:41]   Dump init time (approx freeze duration): 1063 ms
[21:58:41]   Frozen last gol value: 
[21:58:41]   Expected after restore: unknown
[21:58:41] Step 3: Page-server ready on source (served by dump process)
[21:58:41] Step 4: Creating archive...
[21:58:42]   Archive size: 23445 bytes
[21:58:42] Step 5: Transferring archive...
[21:58:42]   Setting up direct SSH trust...
Setting up SSH trust: edge-node-1 → ubuntu@10.22.132.239
  Adding public key to destination's authorized_keys...
  Testing SSH connectivity...
  ✓ SSH trust ready
Setting up SSH trust: edge-node-1 → ubuntu@10.22.132.239
  Adding public key to destination's authorized_keys...
  Testing SSH connectivity...
  ✓ SSH trust ready
  Transferring /home/ubuntu/CRIU-gol.tar.gz via SCP...
[21:58:47]   Transfer time: 3609 ms
[21:58:47] Step 6: Unpacking on destination...
[21:58:48] Step 6.8: Ensuring /tmp/gol binary is present on destination...
[21:58:49] Step 7: Starting lazy-pages daemon on destination...
[21:58:49]   Lazy-pages PID: 2400973
[21:58:49] Step 8: Restoring process...
[21:58:50]   Restore time: 366 ms
[21:58:50]   Restored PID: 2582963 (written to /home/ubuntu/gol.pid)
[21:58:51] Step 9: Verifying migration...
[21:58:54] WARNING: Could not validate restored process state
[21:58:54] Total downtime: 5038 ms (dump: 1063 + transfer: 3609 + restore: 366)
[21:58:55] Metrics saved to /home/ivo/Documents/University/4to/Thesis-AAAAAAAa/Container-vs-Wasm-Service-Migration/Game-of-life-migration/metrics/migration_metrics.csv
[exit=0]
[repeat] run_ids_file=/home/ivo/Documents/University/4to/Thesis-AAAAAAAa/Container-vs-Wasm-Service-Migration/Game-of-life-migration/metrics/run_logs/22-04-2026-gol-cold-precopy-postcopy-h1-d1-i1-relay-edge-host-1-snap-plots-215547.run_ids.txt
