=== repeat_benchmarks.py 2026-04-30T00:05:02.034069 ===
base_run_id=30-04-2026-gol-cold-precopy-postcopy-h1-d1-i3-relay-edge-host-1-snap-noplots-000502
strategies=cold,precopy,postcopy workload=gol source=edge-node-1 dest=edge-node-2 host_runs=1 direct_runs=1 iterations=3 relay_node=edge-host-1 profile_name=1_WiFi_6 snapshot_node_metrics=True no_plots=True

$ python3 /home/ivo/Evaluation-of-Live-Migration-Strategies-at-the-Edge/Game-of-life-migration/scripts/setup/reset_nodes.py edge-node-1 edge-node-2
[00:05:02] Resetting nodes: edge-node-1 -> edge-node-2
[00:05:02] Step 1: Killing any existing processes on source...
[00:05:02]   Killing PID 180885 (from /home/ubuntu/app.pid)
[00:05:03]   Killing PID 146297 (from /home/ubuntu/gol.pid)
[00:05:03]   Killing any remaining background processes...
[00:05:05] Step 2: Cleaning source node...
[00:05:06] Step 3: Cleaning destination node...
[00:05:07]   Killing PID 180885 on destination (from /home/ubuntu/app.pid)
[00:05:07]   Killing PID 146297 on destination (from /home/ubuntu/gol.pid)
[00:05:08]   Killing all remaining gol processes on destination...
[00:05:11] ✓ Reset complete, nodes are clean
[00:05:11]   Next: Start your application
[exit=0]

$ bash /home/ivo/Evaluation-of-Live-Migration-Strategies-at-the-Edge/Game-of-life-migration/scripts/workloads/start_gol_c.sh edge-node-1
[00:05:11] Ensuring gol binary on edge-node-1...
[00:05:11] Reusing existing /tmp/gol on edge-node-1
[00:05:11] Starting gol on edge-node-1...
[00:05:13] ✓ Gol started
[exit=0]
[repeat] warmup 2s

$ python3 /home/ivo/Evaluation-of-Live-Migration-Strategies-at-the-Edge/Game-of-life-migration/scripts/orchestrators/criu_benchmark.py cold --source edge-node-1 --dest edge-node-2 --transfer-mode host --run-id 30-04-2026-host-cold-0000 --relay-node edge-host-1 --profile-name 1_WiFi_6
[00:05:15] Starting cold migration...
[00:05:15] Source: edge-node-1, Dest: edge-node-2
[00:05:15] Transfer mode: host
[00:05:15] Relay node: edge-host-1

[00:05:15] === COLD MIGRATION ===
[00:05:15] Step 1: Checking source process...
[00:05:16]   Using PID from /home/ubuntu/gol.pid: 195737
[00:05:16]   Architecture: x86_64 (compatible)
[00:05:16] Step 2: Dumping process with CRIU...
[00:05:17]   Checkpoint time: 332 ms
[00:05:17] Step 3: Creating archive...
[00:05:17]   Archive size: 25411 bytes
[00:05:17] Step 4: Transferring archive...
  Transferring /home/ubuntu/CRIU-gol.tar.gz via relay node edge-host-1...
Setting up SSH trust: edge-node-1 → ubuntu@10.138.215.36
  Adding public key to destination's authorized_keys...
  Testing SSH connectivity...
  ✓ SSH trust ready
Setting up SSH trust: edge-host-1 → ubuntu@10.138.215.137
  Adding public key to destination's authorized_keys...
  Testing SSH connectivity...
  ✓ SSH trust ready
[00:05:24]   Transfer time: 7193 ms
[00:05:24] Step 5: Unpacking on destination...
[00:05:25] Step 6: Preparing restore environment...
[00:05:25] Step 6.5: Ensuring /tmp/gol binary is present on destination...
[00:05:26] Step 7: Restoring process...
[00:05:26]   Restore time: 336 ms
[00:05:26]   Restored PID: 195737 (written to /home/ubuntu/gol.pid)
[00:05:26] Step 8: Verifying migration...
[00:05:32] ✓ gol.out updated after migration (mtime 1777500329 → 1777500331), simulation running!
[00:05:32] Total downtime: 7861 ms
[00:05:32] Effective bandwidth: 0.03 Mbps
[00:05:32] Metrics saved to /home/ivo/Evaluation-of-Live-Migration-Strategies-at-the-Edge/Game-of-life-migration/metrics/migration_metrics.csv
[exit=0]

$ python3 /home/ivo/Evaluation-of-Live-Migration-Strategies-at-the-Edge/Game-of-life-migration/scripts/setup/reset_nodes.py edge-node-1 edge-node-2
[00:05:32] Resetting nodes: edge-node-1 -> edge-node-2
[00:05:32] Step 1: Killing any existing processes on source...
[00:05:32]   Killing PID 195737 (from /home/ubuntu/app.pid)
[00:05:33]   Killing PID 195737 (from /home/ubuntu/gol.pid)
[00:05:34]   Killing any remaining background processes...
[00:05:35] Step 2: Cleaning source node...
[00:05:36] Step 3: Cleaning destination node...
[00:05:37]   Killing PID 195737 on destination (from /home/ubuntu/app.pid)
[00:05:37]   Killing PID 195737 on destination (from /home/ubuntu/gol.pid)
[00:05:38]   Killing all remaining gol processes on destination...
[00:05:41] ✓ Reset complete, nodes are clean
[00:05:41]   Next: Start your application
[exit=0]

$ bash /home/ivo/Evaluation-of-Live-Migration-Strategies-at-the-Edge/Game-of-life-migration/scripts/workloads/start_gol_c.sh edge-node-1
[00:05:41] Ensuring gol binary on edge-node-1...
[00:05:42] Reusing existing /tmp/gol on edge-node-1
[00:05:42] Starting gol on edge-node-1...
[00:05:43] ✓ Gol started
[exit=0]
[repeat] warmup 2s

$ python3 /home/ivo/Evaluation-of-Live-Migration-Strategies-at-the-Edge/Game-of-life-migration/scripts/orchestrators/criu_benchmark.py cold --source edge-node-1 --dest edge-node-2 --transfer-mode direct --run-id 30-04-2026-direct-cold-0000 --profile-name 1_WiFi_6
[00:05:45] Starting cold migration...
[00:05:45] Source: edge-node-1, Dest: edge-node-2
[00:05:45] Transfer mode: direct

[00:05:45] === COLD MIGRATION ===
[00:05:45] Step 1: Checking source process...
[00:05:46]   Using PID from /home/ubuntu/gol.pid: 197114
[00:05:47]   Architecture: x86_64 (compatible)
[00:05:47] Step 2: Dumping process with CRIU...
[00:05:47]   Checkpoint time: 312 ms
[00:05:47] Step 3: Creating archive...
[00:05:47]   Archive size: 25475 bytes
[00:05:47] Step 4: Transferring archive...
[00:05:47]   Setting up direct SSH trust...
Setting up SSH trust: edge-node-1 → ubuntu@10.138.215.137
  Adding public key to destination's authorized_keys...
  Testing SSH connectivity...
  ✓ SSH trust ready
Setting up SSH trust: edge-node-1 → ubuntu@10.138.215.137
  Adding public key to destination's authorized_keys...
  Testing SSH connectivity...
  ✓ SSH trust ready
  Transferring /home/ubuntu/CRIU-gol.tar.gz via SCP...
[00:05:53]   Transfer time: 3130 ms
[00:05:53] Step 5: Unpacking on destination...
[00:05:53] Step 6: Preparing restore environment...
[00:05:53] Step 6.5: Ensuring /tmp/gol binary is present on destination...
[00:05:54] Step 7: Restoring process...
[00:05:54]   Restore time: 320 ms
[00:05:54]   Restored PID: 197114 (written to /home/ubuntu/gol.pid)
[00:05:54] Step 8: Verifying migration...
[00:06:00] ✓ gol.out updated after migration (mtime 1777500357 → 1777500359), simulation running!
[00:06:00] Total downtime: 3762 ms
[00:06:00] Effective bandwidth: 0.07 Mbps
[00:06:00] Metrics saved to /home/ivo/Evaluation-of-Live-Migration-Strategies-at-the-Edge/Game-of-life-migration/metrics/migration_metrics.csv
[exit=0]

$ python3 /home/ivo/Evaluation-of-Live-Migration-Strategies-at-the-Edge/Game-of-life-migration/scripts/setup/reset_nodes.py edge-node-1 edge-node-2
[00:06:00] Resetting nodes: edge-node-1 -> edge-node-2
[00:06:00] Step 1: Killing any existing processes on source...
[00:06:01]   Killing PID 197114 (from /home/ubuntu/app.pid)
[00:06:01]   Killing PID 197114 (from /home/ubuntu/gol.pid)
[00:06:02]   Killing any remaining background processes...
[00:06:04] Step 2: Cleaning source node...
[00:06:05] Step 3: Cleaning destination node...
[00:06:05]   Killing PID 197114 on destination (from /home/ubuntu/app.pid)
[00:06:06]   Killing PID 197114 on destination (from /home/ubuntu/gol.pid)
[00:06:06]   Killing all remaining gol processes on destination...
[00:06:10] ✓ Reset complete, nodes are clean
[00:06:10]   Next: Start your application
[exit=0]

$ bash /home/ivo/Evaluation-of-Live-Migration-Strategies-at-the-Edge/Game-of-life-migration/scripts/workloads/start_gol_c.sh edge-node-1
[00:06:10] Ensuring gol binary on edge-node-1...
[00:06:10] Reusing existing /tmp/gol on edge-node-1
[00:06:10] Starting gol on edge-node-1...
[00:06:11] ✓ Gol started
[exit=0]
[repeat] warmup 2s

$ python3 /home/ivo/Evaluation-of-Live-Migration-Strategies-at-the-Edge/Game-of-life-migration/scripts/orchestrators/criu_benchmark.py precopy --source edge-node-1 --dest edge-node-2 --transfer-mode host --run-id 30-04-2026-host-precopy-0000 --relay-node edge-host-1 --iterations 3 --profile-name 1_WiFi_6
[00:06:14] Starting precopy migration...
[00:06:14] Source: edge-node-1, Dest: edge-node-2
[00:06:14] Transfer mode: host
[00:06:14] Relay node: edge-host-1

[00:06:14] === PRE-COPY LIVE MIGRATION ===
[00:06:14] Step 1: Checking source process...
[00:06:14]   Using PID from /home/ubuntu/gol.pid: 198596
[00:06:15]   Architecture: x86_64 (compatible)
[00:06:15] Step 2: Preparing dump directory...
[00:06:15] Step 3: Running 3 pre-dumps...
[00:06:15]   Pre-dump 1/3...
[00:06:17]   Pre-dump 2/3...
[00:06:18]   Pre-dump 3/3...
[00:06:19]   Total pre-dump time: 3947 ms
[00:06:19] Step 4: Final dump (freezing service)...
[00:06:19]   Final dump time (freeze duration): 304 ms
[00:06:19] Step 5: Creating archive...
[00:06:20]   Archive size: 33734 bytes
[00:06:20] Step 6: Transferring archive...
  Transferring /tmp/CRIU-gol.tar.gz via relay node edge-host-1...
Setting up SSH trust: edge-node-1 → ubuntu@10.138.215.36
  Adding public key to destination's authorized_keys...
  Testing SSH connectivity...
  ✓ SSH trust ready
Setting up SSH trust: edge-host-1 → ubuntu@10.138.215.137
  Adding public key to destination's authorized_keys...
  Testing SSH connectivity...
  ✓ SSH trust ready
[00:06:27]   Transfer time: 7073 ms
[00:06:27] Step 7: Unpacking on destination...
[00:06:27] Step 7.5: Ensuring gol output file exists on destination...
[00:06:28] Step 7.8: Ensuring /tmp/gol binary is present on destination...
[00:06:28] Step 8: Restoring process...
[00:06:28]   Restore time: 408 ms
[00:06:29]   Restored PID: 198596 (written to /home/ubuntu/gol.pid)
[00:06:29] Step 9: Verifying migration...
[00:06:34] ✓ gol.out updated after migration (mtime 1777500391 → 1777500393), simulation running!
[00:06:34] Total downtime: 7785 ms (final_dump: 304 + transfer: 7073 + restore: 408)
[00:06:34] Pre-dump time (not counted as downtime): 3947 ms
[00:06:34] Effective bandwidth: 0.04 Mbps
[00:06:34] Metrics saved to /home/ivo/Evaluation-of-Live-Migration-Strategies-at-the-Edge/Game-of-life-migration/metrics/migration_metrics.csv
[exit=0]

$ python3 /home/ivo/Evaluation-of-Live-Migration-Strategies-at-the-Edge/Game-of-life-migration/scripts/setup/reset_nodes.py edge-node-1 edge-node-2
[00:06:35] Resetting nodes: edge-node-1 -> edge-node-2
[00:06:35] Step 1: Killing any existing processes on source...
[00:06:35]   Killing PID 198596 (from /home/ubuntu/app.pid)
[00:06:36]   Killing PID 198596 (from /home/ubuntu/gol.pid)
[00:06:36]   Killing any remaining background processes...
[00:06:38] Step 2: Cleaning source node...
[00:06:39] Step 3: Cleaning destination node...
[00:06:39]   Killing PID 198596 on destination (from /home/ubuntu/app.pid)
[00:06:40]   Killing PID 198596 on destination (from /home/ubuntu/gol.pid)
[00:06:40]   Killing all remaining gol processes on destination...
[00:06:44] ✓ Reset complete, nodes are clean
[00:06:44]   Next: Start your application
[exit=0]

$ bash /home/ivo/Evaluation-of-Live-Migration-Strategies-at-the-Edge/Game-of-life-migration/scripts/workloads/start_gol_c.sh edge-node-1
[00:06:44] Ensuring gol binary on edge-node-1...
[00:06:44] Reusing existing /tmp/gol on edge-node-1
[00:06:44] Starting gol on edge-node-1...
[00:06:45] ✓ Gol started
[exit=0]
[repeat] warmup 2s

$ python3 /home/ivo/Evaluation-of-Live-Migration-Strategies-at-the-Edge/Game-of-life-migration/scripts/orchestrators/criu_benchmark.py precopy --source edge-node-1 --dest edge-node-2 --transfer-mode direct --run-id 30-04-2026-direct-precopy-0000 --iterations 3 --profile-name 1_WiFi_6
[00:06:48] Starting precopy migration...
[00:06:48] Source: edge-node-1, Dest: edge-node-2
[00:06:48] Transfer mode: direct

[00:06:48] === PRE-COPY LIVE MIGRATION ===
[00:06:48] Step 1: Checking source process...
[00:06:48]   Using PID from /home/ubuntu/gol.pid: 200197
[00:06:49]   Architecture: x86_64 (compatible)
[00:06:49] Step 2: Preparing dump directory...
[00:06:49] Step 3: Running 3 pre-dumps...
[00:06:49]   Pre-dump 1/3...
[00:06:51]   Pre-dump 2/3...
[00:06:52]   Pre-dump 3/3...
[00:06:53]   Total pre-dump time: 3925 ms
[00:06:53] Step 4: Final dump (freezing service)...
[00:06:53]   Final dump time (freeze duration): 309 ms
[00:06:53] Step 5: Creating archive...
[00:06:54]   Archive size: 33108 bytes
[00:06:54] Step 6: Transferring archive...
[00:06:54]   Setting up direct SSH trust...
Setting up SSH trust: edge-node-1 → ubuntu@10.138.215.137
  Adding public key to destination's authorized_keys...
  Testing SSH connectivity...
  ✓ SSH trust ready
Setting up SSH trust: edge-node-1 → ubuntu@10.138.215.137
  Adding public key to destination's authorized_keys...
  Testing SSH connectivity...
  ✓ SSH trust ready
  Transferring /tmp/CRIU-gol.tar.gz via SCP...
[00:06:59]   Transfer time: 3294 ms
[00:06:59] Step 7: Unpacking on destination...
[00:07:00] Step 7.5: Ensuring gol output file exists on destination...
[00:07:00] Step 7.8: Ensuring /tmp/gol binary is present on destination...
[00:07:00] Step 8: Restoring process...
[00:07:00]   Restore time: 329 ms
[00:07:01]   Restored PID: 200197 (written to /home/ubuntu/gol.pid)
[00:07:01] Step 9: Verifying migration...
[00:07:06] ✓ gol.out updated after migration (mtime 1777500423 → 1777500425), simulation running!
[00:07:06] Total downtime: 3932 ms (final_dump: 309 + transfer: 3294 + restore: 329)
[00:07:06] Pre-dump time (not counted as downtime): 3925 ms
[00:07:06] Effective bandwidth: 0.08 Mbps
[00:07:06] Metrics saved to /home/ivo/Evaluation-of-Live-Migration-Strategies-at-the-Edge/Game-of-life-migration/metrics/migration_metrics.csv
[exit=0]

$ python3 /home/ivo/Evaluation-of-Live-Migration-Strategies-at-the-Edge/Game-of-life-migration/scripts/setup/reset_nodes.py edge-node-1 edge-node-2
[00:07:07] Resetting nodes: edge-node-1 -> edge-node-2
[00:07:07] Step 1: Killing any existing processes on source...
[00:07:07]   Killing PID 200197 (from /home/ubuntu/app.pid)
[00:07:08]   Killing PID 200197 (from /home/ubuntu/gol.pid)
[00:07:09]   Killing any remaining background processes...
[00:07:10] Step 2: Cleaning source node...
[00:07:11] Step 3: Cleaning destination node...
[00:07:12]   Killing PID 200197 on destination (from /home/ubuntu/app.pid)
[00:07:12]   Killing PID 200197 on destination (from /home/ubuntu/gol.pid)
[00:07:13]   Killing all remaining gol processes on destination...
[00:07:16] ✓ Reset complete, nodes are clean
[00:07:16]   Next: Start your application
[exit=0]

$ bash /home/ivo/Evaluation-of-Live-Migration-Strategies-at-the-Edge/Game-of-life-migration/scripts/workloads/start_gol_c.sh edge-node-1
[00:07:16] Ensuring gol binary on edge-node-1...
[00:07:17] Reusing existing /tmp/gol on edge-node-1
[00:07:17] Starting gol on edge-node-1...
[00:07:18] ✓ Gol started
[exit=0]
[repeat] warmup 2s

$ python3 /home/ivo/Evaluation-of-Live-Migration-Strategies-at-the-Edge/Game-of-life-migration/scripts/orchestrators/criu_benchmark.py postcopy --source edge-node-1 --dest edge-node-2 --transfer-mode host --run-id 30-04-2026-host-postcopy-0000 --relay-node edge-host-1 --page-server-port 9999 --profile-name 1_WiFi_6
[00:07:20] Starting postcopy migration...
[00:07:20] Source: edge-node-1, Dest: edge-node-2
[00:07:20] Transfer mode: host
[00:07:20] Relay node: edge-host-1

[00:07:20] === POST-COPY (LAZY-PAGES) MIGRATION ===
[00:07:20] Step 1: Checking source process...
[00:07:21]   Using PID from /home/ubuntu/gol.pid: 201912
[00:07:22]   Page-server endpoint: 10.138.215.218:9999
[00:07:22] Step 2: Final dump (freezing service) with --lazy-pages...
[00:07:23]   Dump PID: 202344
[00:07:24]   Dump init time (approx freeze duration): 1034 ms
[00:07:24] Step 3: Page-server ready on source (served by dump process)
[00:07:24] Step 4: Creating archive...
[00:07:24]   Archive size: 23515 bytes
[00:07:24] Step 5: Transferring archive...
  Transferring /home/ubuntu/CRIU-gol.tar.gz via relay node edge-host-1...
Setting up SSH trust: edge-node-1 → ubuntu@10.138.215.36
  Adding public key to destination's authorized_keys...
  Testing SSH connectivity...
  ✓ SSH trust ready
Setting up SSH trust: edge-host-1 → ubuntu@10.138.215.137
  Adding public key to destination's authorized_keys...
  Testing SSH connectivity...
  ✓ SSH trust ready
[00:07:32]   Transfer time: 7436 ms
[00:07:32] Step 6: Unpacking on destination...
[00:07:32] Step 6.8: Ensuring /tmp/gol binary is present on destination...
[00:07:32] Step 7: Starting lazy-pages daemon on destination...
[00:07:33]   Lazy-pages PID: 156428
[00:07:33] Step 8: Restoring process...
[00:07:33]   Restore time: 362 ms
[00:07:34]   Restored PID: 201912 (written to /home/ubuntu/gol.pid)
[00:07:34] Step 9: Verifying migration...
[00:07:39] ✓ gol.out updated after migration (mtime 1777500456 → 1777500459), simulation running!
[00:07:39] Total downtime: 8832 ms (dump: 1034 + transfer: 7436 + restore: 362)
[00:07:41] Metrics saved to /home/ivo/Evaluation-of-Live-Migration-Strategies-at-the-Edge/Game-of-life-migration/metrics/migration_metrics.csv
[exit=0]

$ python3 /home/ivo/Evaluation-of-Live-Migration-Strategies-at-the-Edge/Game-of-life-migration/scripts/setup/reset_nodes.py edge-node-1 edge-node-2
[00:07:41] Resetting nodes: edge-node-1 -> edge-node-2
[00:07:41] Step 1: Killing any existing processes on source...
[00:07:41]   Killing PID 201912 (from /home/ubuntu/app.pid)
[00:07:42]   Killing PID 201912 (from /home/ubuntu/gol.pid)
[00:07:43]   Killing any remaining background processes...
[00:07:44] Step 2: Cleaning source node...
[00:07:45] Step 3: Cleaning destination node...
[00:07:46]   Killing PID 201912 on destination (from /home/ubuntu/app.pid)
[00:07:46]   Killing PID 201912 on destination (from /home/ubuntu/gol.pid)
[00:07:47]   Killing all remaining gol processes on destination...
[00:07:50] ✓ Reset complete, nodes are clean
[00:07:50]   Next: Start your application
[exit=0]

$ bash /home/ivo/Evaluation-of-Live-Migration-Strategies-at-the-Edge/Game-of-life-migration/scripts/workloads/start_gol_c.sh edge-node-1
[00:07:50] Ensuring gol binary on edge-node-1...
[00:07:50] Reusing existing /tmp/gol on edge-node-1
[00:07:50] Starting gol on edge-node-1...
[00:07:52] ✓ Gol started
[exit=0]
[repeat] warmup 2s

$ python3 /home/ivo/Evaluation-of-Live-Migration-Strategies-at-the-Edge/Game-of-life-migration/scripts/orchestrators/criu_benchmark.py postcopy --source edge-node-1 --dest edge-node-2 --transfer-mode direct --run-id 30-04-2026-direct-postcopy-0000 --page-server-port 9999 --profile-name 1_WiFi_6
[00:07:54] Starting postcopy migration...
[00:07:54] Source: edge-node-1, Dest: edge-node-2
[00:07:54] Transfer mode: direct

[00:07:54] === POST-COPY (LAZY-PAGES) MIGRATION ===
[00:07:54] Step 1: Checking source process...
[00:07:55]   Using PID from /home/ubuntu/gol.pid: 203670
[00:07:56]   Page-server endpoint: 10.138.215.218:9999
[00:07:56] Step 2: Final dump (freezing service) with --lazy-pages...
[00:07:56]   Dump PID: 204110
[00:07:57]   Dump init time (approx freeze duration): 1044 ms
[00:07:57] Step 3: Page-server ready on source (served by dump process)
[00:07:57] Step 4: Creating archive...
[00:07:58]   Archive size: 23313 bytes
[00:07:58] Step 5: Transferring archive...
[00:07:58]   Setting up direct SSH trust...
Setting up SSH trust: edge-node-1 → ubuntu@10.138.215.137
  Adding public key to destination's authorized_keys...
  Testing SSH connectivity...
  ✓ SSH trust ready
Setting up SSH trust: edge-node-1 → ubuntu@10.138.215.137
  Adding public key to destination's authorized_keys...
  Testing SSH connectivity...
  ✓ SSH trust ready
  Transferring /home/ubuntu/CRIU-gol.tar.gz via SCP...
[00:08:03]   Transfer time: 3221 ms
[00:08:03] Step 6: Unpacking on destination...
[00:08:03] Step 6.8: Ensuring /tmp/gol binary is present on destination...
[00:08:04] Step 7: Starting lazy-pages daemon on destination...
[00:08:04]   Lazy-pages PID: 158380
[00:08:04] Step 8: Restoring process...
[00:08:05]   Restore time: 329 ms
[00:08:05]   Restored PID: 203670 (written to /home/ubuntu/gol.pid)
[00:08:05] Step 9: Verifying migration...
[00:08:11] ✓ gol.out updated after migration (mtime 1777500488 → 1777500491), simulation running!
[00:08:11] Total downtime: 4594 ms (dump: 1044 + transfer: 3221 + restore: 329)
[00:08:12] Metrics saved to /home/ivo/Evaluation-of-Live-Migration-Strategies-at-the-Edge/Game-of-life-migration/metrics/migration_metrics.csv
[exit=0]
[repeat] run_ids_file=/home/ivo/Evaluation-of-Live-Migration-Strategies-at-the-Edge/Game-of-life-migration/metrics/run_logs/30-04-2026-gol-cold-precopy-postcopy-h1-d1-i3-relay-edge-host-1-snap-noplots-000502.run_ids.txt
