[CMD] python3 Network-live-migration/scripts/orchestrators/repeat_tcp_client_benchmarks.py --source edge-node-1 --dest edge-node-2 --server edge-host-1 --relay-node edge-host-1 --port 5000 --vip 10.138.215.250 --strategies cold precopy postcopy --iterations 3 --host-runs 1 --direct-runs 1 --snapshot-node-metrics --profile-name 1_WiFi_6 --continue-on-failure --no-plots


=== RUN 29-04-2026-host-cold-0000 ===

[23:59:44] Resetting nodes: edge-node-1 -> edge-node-2 (server: edge-host-1, vip: 10.138.215.250)
[23:59:44] Step 1: Killing any existing processes on source...
[23:59:44]   Killing PID 166471 (from /home/ubuntu/tcp_client.pid)
[23:59:45]   Killing PID 166471 (from /home/ubuntu/client.pid)
[23:59:46]   Killing any remaining background processes...
[23:59:47] Step 2: Cleaning source node...
[23:59:49] Step 3: Cleaning destination node...
[23:59:49]   Killing PID 166471 on destination (from /home/ubuntu/tcp_client.pid)
[23:59:50]   Killing PID 166471 on destination (from /home/ubuntu/client.pid)
[23:59:51]   Killing all remaining TCP processes on destination...
[23:59:54] Step 4: Cleaning server node (edge-host-1)...
[23:59:55]   Killing PID 66211 on server (from /home/ubuntu/tcp_server.pid)
[23:59:57] ✓ Reset complete, nodes are clean
[23:59:57]   Next: Start your application
[tcp-server] Ensuring tcp-howto binary on edge-host-1...
[tcp-server] Reusing existing /tmp/tcp-howto on edge-host-1
[tcp-server] Starting on edge-host-1 (port 5000)...
[tcp-server] Waiting for listen...
✓ TCP server listening on edge-host-1:5000
[tcp-server] Logs: multipass exec edge-host-1 -- tail -f /home/ubuntu/tcp_server.out
[tcp-client] Server endpoint: 10.138.215.36:5000
[tcp-client] Client VIP: 10.138.215.250
[tcp-client] Ensuring tcp-howto binary on edge-node-1...
[tcp-client] Reusing existing /tmp/tcp-howto on edge-node-1
[tcp-client] Ensuring VIP 10.138.215.250 is present on edge-node-1...
ARPING 10.138.215.250 from 10.138.215.250 ens3
Sent 3 probes (3 broadcast(s))
Received 0 response(s)
[tcp-client] Starting on edge-node-1...
[tcp-client] Waiting for established TCP connection...
✓ TCP client connected (PID: 183196)
[tcp-client] Logs: multipass exec edge-node-1 -- tail -f /home/ubuntu/tcp_client.out
[00:00:05] === TCP CLIENT MIGRATION ===
[00:00:05] Run ID: 29-04-2026-host-cold-0000
[00:00:05] Source: edge-node-1, Dest: edge-node-2
[00:00:05] Server: edge-host-1
[00:00:05] Transfer mode: host
[00:00:05] Relay node: edge-host-1

[00:00:05] === TCP CLIENT COLD MIGRATION ===
[00:00:05] Step 1: Checking source client process...
[00:00:06]   Using PID from /home/ubuntu/tcp_client.pid: 183196
[00:00:07]   Server connections so far: 1
[00:00:07] Step 2: Dumping client with CRIU (--tcp-established)...
[00:00:08] Step 2.5: Moving VIP to destination...
[00:00:08]   Moving VIP 10.138.215.250 from edge-node-1:ens3 -> edge-node-2:ens3
[00:00:13] Step 3: Creating archive...
[00:00:14] Step 4: Transferring archive...
  Transferring /home/ubuntu/CRIU-tcp-client.tar.gz via relay node edge-host-1...
Setting up SSH trust: edge-node-1 → ubuntu@10.138.215.36
  Adding public key to destination's authorized_keys...
  Testing SSH connectivity...
  ✓ SSH trust ready
Setting up SSH trust: edge-host-1 → ubuntu@10.138.215.137
  Adding public key to destination's authorized_keys...
  Testing SSH connectivity...
  ✓ SSH trust ready
[00:00:21] Step 5: Unpacking on destination...
[00:00:21] Step 6: Preparing restore environment...
[00:00:21] Step 7: Restoring client with CRIU (--tcp-established)...
[00:00:22]   Restored PID: 183196
[00:00:22] Step 8: Verifying connection continuity...
[00:00:25]   Client output (tail): PP 5 -> 5
[00:00:26]   Server connections so far: 1
[00:00:26] ✓ SUCCESS: Client restored and TCP socket appears established
[00:00:26] Total downtime: 7565 ms
[00:00:26] Metrics saved to /home/ivo/Evaluation-of-Live-Migration-Strategies-at-the-Edge/Network-live-migration/metrics/migration_metrics.csv

=== RUN 29-04-2026-direct-cold-0000 ===

[00:00:27] Resetting nodes: edge-node-1 -> edge-node-2 (server: edge-host-1, vip: 10.138.215.250)
[00:00:27] Step 1: Killing any existing processes on source...
[00:00:27]   Killing PID 183196 (from /home/ubuntu/tcp_client.pid)
[00:00:28]   Killing PID 183196 (from /home/ubuntu/client.pid)
[00:00:28]   Killing any remaining background processes...
[00:00:29] Step 2: Cleaning source node...
[00:00:31] Step 3: Cleaning destination node...
[00:00:31]   Killing PID 183196 on destination (from /home/ubuntu/tcp_client.pid)
[00:00:32]   Killing PID 183196 on destination (from /home/ubuntu/client.pid)
[00:00:33]   Killing all remaining TCP processes on destination...
[00:00:36] Step 4: Cleaning server node (edge-host-1)...
[00:00:36]   Killing PID 73518 on server (from /home/ubuntu/tcp_server.pid)
[00:00:38] ✓ Reset complete, nodes are clean
[00:00:38]   Next: Start your application
[tcp-server] Ensuring tcp-howto binary on edge-host-1...
[tcp-server] Reusing existing /tmp/tcp-howto on edge-host-1
[tcp-server] Starting on edge-host-1 (port 5000)...
[tcp-server] Waiting for listen...
✓ TCP server listening on edge-host-1:5000
[tcp-server] Logs: multipass exec edge-host-1 -- tail -f /home/ubuntu/tcp_server.out
[tcp-client] Server endpoint: 10.138.215.36:5000
[tcp-client] Client VIP: 10.138.215.250
[tcp-client] Ensuring tcp-howto binary on edge-node-1...
[tcp-client] Reusing existing /tmp/tcp-howto on edge-node-1
[tcp-client] Ensuring VIP 10.138.215.250 is present on edge-node-1...
ARPING 10.138.215.250 from 10.138.215.250 ens3
Sent 3 probes (3 broadcast(s))
Received 0 response(s)
[tcp-client] Starting on edge-node-1...
[tcp-client] Waiting for established TCP connection...
✓ TCP client connected (PID: 185121)
[tcp-client] Logs: multipass exec edge-node-1 -- tail -f /home/ubuntu/tcp_client.out
[00:00:47] === TCP CLIENT MIGRATION ===
[00:00:47] Run ID: 29-04-2026-direct-cold-0000
[00:00:47] Source: edge-node-1, Dest: edge-node-2
[00:00:47] Server: edge-host-1
[00:00:47] Transfer mode: direct

[00:00:47] === TCP CLIENT COLD MIGRATION ===
[00:00:47] Step 1: Checking source client process...
[00:00:48]   Using PID from /home/ubuntu/tcp_client.pid: 185121
[00:00:48]   Server connections so far: 1
[00:00:49] Step 2: Dumping client with CRIU (--tcp-established)...
[00:00:49] Step 2.5: Moving VIP to destination...
[00:00:50]   Moving VIP 10.138.215.250 from edge-node-1:ens3 -> edge-node-2:ens3
[00:00:55] Step 3: Creating archive...
[00:00:56] Step 4: Transferring archive...
[00:00:56]   Setting up direct SSH trust...
Setting up SSH trust: edge-node-1 → ubuntu@10.138.215.137
  Adding public key to destination's authorized_keys...
  Testing SSH connectivity...
  ✓ SSH trust ready
Setting up SSH trust: edge-node-1 → ubuntu@10.138.215.137
  Adding public key to destination's authorized_keys...
  Testing SSH connectivity...
  ✓ SSH trust ready
  Transferring /home/ubuntu/CRIU-tcp-client.tar.gz via SCP...
[00:01:01] Step 5: Unpacking on destination...
[00:01:01] Step 6: Preparing restore environment...
[00:01:02] Step 7: Restoring client with CRIU (--tcp-established)...
[00:01:02]   Restored PID: 185121
[00:01:02] Step 8: Verifying connection continuity...
[00:01:06]   Client output (tail): PP 5 -> 5
[00:01:06]   Server connections so far: 1
[00:01:06] ✓ SUCCESS: Client restored and TCP socket appears established
[00:01:06] Total downtime: 3699 ms
[00:01:06] Metrics saved to /home/ivo/Evaluation-of-Live-Migration-Strategies-at-the-Edge/Network-live-migration/metrics/migration_metrics.csv

=== RUN 29-04-2026-host-precopy-0000 ===

[00:01:07] Resetting nodes: edge-node-1 -> edge-node-2 (server: edge-host-1, vip: 10.138.215.250)
[00:01:07] Step 1: Killing any existing processes on source...
[00:01:07]   Killing PID 185121 (from /home/ubuntu/tcp_client.pid)
[00:01:08]   Killing PID 185121 (from /home/ubuntu/client.pid)
[00:01:08]   Killing any remaining background processes...
[00:01:10] Step 2: Cleaning source node...
[00:01:11] Step 3: Cleaning destination node...
[00:01:11]   Killing PID 185121 on destination (from /home/ubuntu/tcp_client.pid)
[00:01:12]   Killing PID 185121 on destination (from /home/ubuntu/client.pid)
[00:01:13]   Killing all remaining TCP processes on destination...
[00:01:16] Step 4: Cleaning server node (edge-host-1)...
[00:01:16]   Killing PID 75131 on server (from /home/ubuntu/tcp_server.pid)
[00:01:18] ✓ Reset complete, nodes are clean
[00:01:18]   Next: Start your application
[tcp-server] Ensuring tcp-howto binary on edge-host-1...
[tcp-server] Reusing existing /tmp/tcp-howto on edge-host-1
[tcp-server] Starting on edge-host-1 (port 5000)...
[tcp-server] Waiting for listen...
✓ TCP server listening on edge-host-1:5000
[tcp-server] Logs: multipass exec edge-host-1 -- tail -f /home/ubuntu/tcp_server.out
[tcp-client] Server endpoint: 10.138.215.36:5000
[tcp-client] Client VIP: 10.138.215.250
[tcp-client] Ensuring tcp-howto binary on edge-node-1...
[tcp-client] Reusing existing /tmp/tcp-howto on edge-node-1
[tcp-client] Ensuring VIP 10.138.215.250 is present on edge-node-1...
ARPING 10.138.215.250 from 10.138.215.250 ens3
Sent 3 probes (3 broadcast(s))
Received 0 response(s)
[tcp-client] Starting on edge-node-1...
[tcp-client] Waiting for established TCP connection...
✓ TCP client connected (PID: 187158)
[tcp-client] Logs: multipass exec edge-node-1 -- tail -f /home/ubuntu/tcp_client.out
[00:01:26] === TCP CLIENT MIGRATION ===
[00:01:26] Run ID: 29-04-2026-host-precopy-0000
[00:01:26] Source: edge-node-1, Dest: edge-node-2
[00:01:26] Server: edge-host-1
[00:01:26] Transfer mode: host
[00:01:26] Relay node: edge-host-1

[00:01:26] === TCP CLIENT PRE-COPY MIGRATION (3 iterations) ===
[00:01:26] Step 1: Checking source client process...
[00:01:27]   Using PID from /home/ubuntu/tcp_client.pid: 187158
[00:01:28]   Server connections so far: 1
[00:01:28] Step 2: Preparing CRIU directory...
[00:01:29] Step 3: Running 3 pre-dumps (client keeps running)...
[00:01:29]   Pre-dump 1/3 complete
[00:01:30]   Pre-dump 2/3 complete
[00:01:32]   Pre-dump 3/3 complete
[00:01:33] Step 4: Final dump (freezing client)...
[00:01:33] Step 4.5: Moving VIP to destination...
[00:01:34]   Moving VIP 10.138.215.250 from edge-node-1:ens3 -> edge-node-2:ens3
[00:01:38] Step 5: Creating archive...
[00:01:39] Step 6: Transferring archive...
  Transferring /home/ubuntu/CRIU-tcp-client.tar.gz via relay node edge-host-1...
Setting up SSH trust: edge-node-1 → ubuntu@10.138.215.36
  Adding public key to destination's authorized_keys...
  Testing SSH connectivity...
  ✓ SSH trust ready
Setting up SSH trust: edge-host-1 → ubuntu@10.138.215.137
  Adding public key to destination's authorized_keys...
  Testing SSH connectivity...
  ✓ SSH trust ready
[00:01:46] Step 7: Unpacking on destination...
[00:01:46] Step 8: Preparing restore environment...
[00:01:47] Step 9: Restoring client (--tcp-established)...
[00:01:47] Step 10: Verifying connection continuity...
[00:01:51]   Client output (tail): PP 8 -> 8
[00:01:51]   Server connections so far: 1
[00:01:51] ✓ SUCCESS: Client restored and TCP socket appears established
[00:01:51] Metrics saved to /home/ivo/Evaluation-of-Live-Migration-Strategies-at-the-Edge/Network-live-migration/metrics/migration_metrics.csv

=== RUN 29-04-2026-direct-precopy-0000 ===

[00:01:52] Resetting nodes: edge-node-1 -> edge-node-2 (server: edge-host-1, vip: 10.138.215.250)
[00:01:52] Step 1: Killing any existing processes on source...
[00:01:52]   Killing PID 187158 (from /home/ubuntu/tcp_client.pid)
[00:01:53]   Killing PID 187158 (from /home/ubuntu/client.pid)
[00:01:54]   Killing any remaining background processes...
[00:01:55] Step 2: Cleaning source node...
[00:01:57] Step 3: Cleaning destination node...
[00:01:57]   Killing PID 187158 on destination (from /home/ubuntu/tcp_client.pid)
[00:01:58]   Killing PID 187158 on destination (from /home/ubuntu/client.pid)
[00:01:58]   Killing all remaining TCP processes on destination...
[00:02:01] Step 4: Cleaning server node (edge-host-1)...
[00:02:02]   Killing PID 76172 on server (from /home/ubuntu/tcp_server.pid)
[00:02:04] ✓ Reset complete, nodes are clean
[00:02:04]   Next: Start your application
[tcp-server] Ensuring tcp-howto binary on edge-host-1...
[tcp-server] Reusing existing /tmp/tcp-howto on edge-host-1
[tcp-server] Starting on edge-host-1 (port 5000)...
[tcp-server] Waiting for listen...
✓ TCP server listening on edge-host-1:5000
[tcp-server] Logs: multipass exec edge-host-1 -- tail -f /home/ubuntu/tcp_server.out
[tcp-client] Server endpoint: 10.138.215.36:5000
[tcp-client] Client VIP: 10.138.215.250
[tcp-client] Ensuring tcp-howto binary on edge-node-1...
[tcp-client] Reusing existing /tmp/tcp-howto on edge-node-1
[tcp-client] Ensuring VIP 10.138.215.250 is present on edge-node-1...
ARPING 10.138.215.250 from 10.138.215.250 ens3
Sent 3 probes (3 broadcast(s))
Received 0 response(s)
[tcp-client] Starting on edge-node-1...
[tcp-client] Waiting for established TCP connection...
✓ TCP client connected (PID: 189338)
[tcp-client] Logs: multipass exec edge-node-1 -- tail -f /home/ubuntu/tcp_client.out
[00:02:12] === TCP CLIENT MIGRATION ===
[00:02:12] Run ID: 29-04-2026-direct-precopy-0000
[00:02:12] Source: edge-node-1, Dest: edge-node-2
[00:02:12] Server: edge-host-1
[00:02:12] Transfer mode: direct

[00:02:12] === TCP CLIENT PRE-COPY MIGRATION (3 iterations) ===
[00:02:12] Step 1: Checking source client process...
[00:02:13]   Using PID from /home/ubuntu/tcp_client.pid: 189338
[00:02:14]   Server connections so far: 1
[00:02:14] Step 2: Preparing CRIU directory...
[00:02:15] Step 3: Running 3 pre-dumps (client keeps running)...
[00:02:15]   Pre-dump 1/3 complete
[00:02:16]   Pre-dump 2/3 complete
[00:02:18]   Pre-dump 3/3 complete
[00:02:19] Step 4: Final dump (freezing client)...
[00:02:19] Step 4.5: Moving VIP to destination...
[00:02:19]   Moving VIP 10.138.215.250 from edge-node-1:ens3 -> edge-node-2:ens3
[00:02:24] Step 5: Creating archive...
[00:02:25] Step 6: Transferring archive...
[00:02:25]   Setting up direct SSH trust...
Setting up SSH trust: edge-node-1 → ubuntu@10.138.215.137
  Adding public key to destination's authorized_keys...
  Testing SSH connectivity...
  ✓ SSH trust ready
Setting up SSH trust: edge-node-1 → ubuntu@10.138.215.137
  Adding public key to destination's authorized_keys...
  Testing SSH connectivity...
  ✓ SSH trust ready
  Transferring /home/ubuntu/CRIU-tcp-client.tar.gz via SCP...
[00:02:30] Step 7: Unpacking on destination...
[00:02:30] Step 8: Preparing restore environment...
[00:02:31] Step 9: Restoring client (--tcp-established)...
[00:02:31] Step 10: Verifying connection continuity...
[00:02:35]   Client output (tail): PP 8 -> 8
[00:02:35]   Server connections so far: 1
[00:02:35] ✓ SUCCESS: Client restored and TCP socket appears established
[00:02:35] Metrics saved to /home/ivo/Evaluation-of-Live-Migration-Strategies-at-the-Edge/Network-live-migration/metrics/migration_metrics.csv

=== RUN 29-04-2026-host-postcopy-0000 ===

[00:02:36] Resetting nodes: edge-node-1 -> edge-node-2 (server: edge-host-1, vip: 10.138.215.250)
[00:02:36] Step 1: Killing any existing processes on source...
[00:02:36]   Killing PID 189338 (from /home/ubuntu/tcp_client.pid)
[00:02:37]   Killing PID 189338 (from /home/ubuntu/client.pid)
[00:02:37]   Killing any remaining background processes...
[00:02:39] Step 2: Cleaning source node...
[00:02:40] Step 3: Cleaning destination node...
[00:02:41]   Killing PID 189338 on destination (from /home/ubuntu/tcp_client.pid)
[00:02:41]   Killing PID 189338 on destination (from /home/ubuntu/client.pid)
[00:02:42]   Killing all remaining TCP processes on destination...
[00:02:45] Step 4: Cleaning server node (edge-host-1)...
[00:02:45]   Killing PID 77741 on server (from /home/ubuntu/tcp_server.pid)
[00:02:47] ✓ Reset complete, nodes are clean
[00:02:47]   Next: Start your application
[tcp-server] Ensuring tcp-howto binary on edge-host-1...
[tcp-server] Reusing existing /tmp/tcp-howto on edge-host-1
[tcp-server] Starting on edge-host-1 (port 5000)...
[tcp-server] Waiting for listen...
✓ TCP server listening on edge-host-1:5000
[tcp-server] Logs: multipass exec edge-host-1 -- tail -f /home/ubuntu/tcp_server.out
[tcp-client] Server endpoint: 10.138.215.36:5000
[tcp-client] Client VIP: 10.138.215.250
[tcp-client] Ensuring tcp-howto binary on edge-node-1...
[tcp-client] Reusing existing /tmp/tcp-howto on edge-node-1
[tcp-client] Ensuring VIP 10.138.215.250 is present on edge-node-1...
ARPING 10.138.215.250 from 10.138.215.250 ens3
Sent 3 probes (3 broadcast(s))
Received 0 response(s)
[tcp-client] Starting on edge-node-1...
[tcp-client] Waiting for established TCP connection...
✓ TCP client connected (PID: 191595)
[tcp-client] Logs: multipass exec edge-node-1 -- tail -f /home/ubuntu/tcp_client.out
[00:02:56] === TCP CLIENT MIGRATION ===
[00:02:56] Run ID: 29-04-2026-host-postcopy-0000
[00:02:56] Source: edge-node-1, Dest: edge-node-2
[00:02:56] Server: edge-host-1
[00:02:56] Transfer mode: host
[00:02:56] Relay node: edge-host-1

[00:02:56] === TCP CLIENT POST-COPY (LAZY-PAGES) MIGRATION ===
[00:02:56] Step 1: Checking source client process...
[00:02:57]   Using PID from /home/ubuntu/tcp_client.pid: 191595
[00:02:58]   Server connections so far: 1
[00:02:58]   Page-server endpoint: 10.138.215.218:9999
[00:02:58] Step 2: Final dump (freezing client) with --lazy-pages...
[00:02:59]   Dump PID: 192137
[00:02:59]   Final dump time (freeze duration): 728 ms
[00:02:59] Step 2.5: Moving VIP to destination...
[00:03:00]   Moving VIP 10.138.215.250 from edge-node-1:ens3 -> edge-node-2:ens3
[00:03:05] Step 3: Creating archive...
[00:03:05] Step 4: Transferring archive...
  Transferring /home/ubuntu/CRIU-tcp-client.tar.gz via relay node edge-host-1...
Setting up SSH trust: edge-node-1 → ubuntu@10.138.215.36
  Adding public key to destination's authorized_keys...
  Testing SSH connectivity...
  ✓ SSH trust ready
Setting up SSH trust: edge-host-1 → ubuntu@10.138.215.137
  Adding public key to destination's authorized_keys...
  Testing SSH connectivity...
  ✓ SSH trust ready
[00:03:12] Step 5: Unpacking on destination...
[00:03:13] Step 6: Starting lazy-pages daemon on destination...
[00:03:14] Step 7: Restoring client...
[00:03:14] Step 8: Verifying connection continuity...
[00:03:18]   Client output (tail): PP 5 -> 5
[00:03:18]   Server connections so far: 1
[00:03:18] ✓ SUCCESS: Client restored and TCP socket appears established
[00:03:19] Metrics saved to /home/ivo/Evaluation-of-Live-Migration-Strategies-at-the-Edge/Network-live-migration/metrics/migration_metrics.csv

=== RUN 29-04-2026-direct-postcopy-0000 ===

[00:03:20] Resetting nodes: edge-node-1 -> edge-node-2 (server: edge-host-1, vip: 10.138.215.250)
[00:03:20] Step 1: Killing any existing processes on source...
[00:03:20]   Killing PID 191595 (from /home/ubuntu/tcp_client.pid)
[00:03:21]   Killing PID 191595 (from /home/ubuntu/client.pid)
[00:03:21]   Killing any remaining background processes...
[00:03:23] Step 2: Cleaning source node...
[00:03:24] Step 3: Cleaning destination node...
[00:03:24]   Killing PID 191595 on destination (from /home/ubuntu/tcp_client.pid)
[00:03:25]   Killing PID 191595 on destination (from /home/ubuntu/client.pid)
[00:03:26]   Killing all remaining TCP processes on destination...
[00:03:29] Step 4: Cleaning server node (edge-host-1)...
[00:03:29]   Killing PID 78771 on server (from /home/ubuntu/tcp_server.pid)
[00:03:31] ✓ Reset complete, nodes are clean
[00:03:31]   Next: Start your application
[tcp-server] Ensuring tcp-howto binary on edge-host-1...
[tcp-server] Reusing existing /tmp/tcp-howto on edge-host-1
[tcp-server] Starting on edge-host-1 (port 5000)...
[tcp-server] Waiting for listen...
✓ TCP server listening on edge-host-1:5000
[tcp-server] Logs: multipass exec edge-host-1 -- tail -f /home/ubuntu/tcp_server.out
[tcp-client] Server endpoint: 10.138.215.36:5000
[tcp-client] Client VIP: 10.138.215.250
[tcp-client] Ensuring tcp-howto binary on edge-node-1...
[tcp-client] Reusing existing /tmp/tcp-howto on edge-node-1
[tcp-client] Ensuring VIP 10.138.215.250 is present on edge-node-1...
ARPING 10.138.215.250 from 10.138.215.250 ens3
Sent 3 probes (3 broadcast(s))
Received 0 response(s)
[tcp-client] Starting on edge-node-1...
[tcp-client] Waiting for established TCP connection...
✓ TCP client connected (PID: 193692)
[tcp-client] Logs: multipass exec edge-node-1 -- tail -f /home/ubuntu/tcp_client.out
[00:03:40] === TCP CLIENT MIGRATION ===
[00:03:40] Run ID: 29-04-2026-direct-postcopy-0000
[00:03:40] Source: edge-node-1, Dest: edge-node-2
[00:03:40] Server: edge-host-1
[00:03:40] Transfer mode: direct

[00:03:40] === TCP CLIENT POST-COPY (LAZY-PAGES) MIGRATION ===
[00:03:40] Step 1: Checking source client process...
[00:03:40]   Using PID from /home/ubuntu/tcp_client.pid: 193692
[00:03:41]   Server connections so far: 1
[00:03:42]   Page-server endpoint: 10.138.215.218:9999
[00:03:42] Step 2: Final dump (freezing client) with --lazy-pages...
[00:03:42]   Dump PID: 194234
[00:03:42]   Final dump time (freeze duration): 714 ms
[00:03:42] Step 2.5: Moving VIP to destination...
[00:03:43]   Moving VIP 10.138.215.250 from edge-node-1:ens3 -> edge-node-2:ens3
[00:03:48] Step 3: Creating archive...
[00:03:48] Step 4: Transferring archive...
[00:03:48]   Setting up direct SSH trust...
Setting up SSH trust: edge-node-1 → ubuntu@10.138.215.137
  Adding public key to destination's authorized_keys...
  Testing SSH connectivity...
  ✓ SSH trust ready
Setting up SSH trust: edge-node-1 → ubuntu@10.138.215.137
  Adding public key to destination's authorized_keys...
  Testing SSH connectivity...
  ✓ SSH trust ready
  Transferring /home/ubuntu/CRIU-tcp-client.tar.gz via SCP...
[00:03:53] Step 5: Unpacking on destination...
[00:03:54] Step 6: Starting lazy-pages daemon on destination...
[00:03:55] Step 7: Restoring client...
[00:03:56] Step 8: Verifying connection continuity...
[00:03:59]   Client output (tail): PP 5 -> 5
[00:04:00]   Server connections so far: 1
[00:04:00] ✓ SUCCESS: Client restored and TCP socket appears established
[00:04:01] Metrics saved to /home/ivo/Evaluation-of-Live-Migration-Strategies-at-the-Edge/Network-live-migration/metrics/migration_metrics.csv

All runs complete. Log: /home/ivo/Evaluation-of-Live-Migration-Strategies-at-the-Edge/Network-live-migration/metrics/run_logs/29-04-2026-tcpclient-cold-precopy-postcopy-h1-d1-i3-vip10138215250-srvedge-host-1-235944.log
