[CMD] python3 Container/scripts/orchestrators/repeat_benchmarks.py suite --strategies cold,precopy,postcopy --source edge-node-1 --dest edge-node-2 --relay-node edge-host-1 --host-runs 1 --direct-runs 1 --iterations 3 --snapshot-node-metrics --profile-name 1_WiFi_6 --continue-on-failure --no-plots


=== RUN 29-04-2026-host-cold-0000 ===

[23:55:43] Resetting nodes: edge-node-1 -> edge-node-2
[23:55:43] Step 1: Killing any existing processes on source...
[23:55:43]   Killing PID 160249 (from /home/ubuntu/app.pid)
[23:55:44]   Killing PID 160249 (from /home/ubuntu/counter.pid)
[23:55:44]   Killing any remaining background processes...
[23:55:46] Step 2: Cleaning source node...
[23:55:47] Step 3: Cleaning destination node...
[23:55:47]   Killing PID 160249 on destination (from /home/ubuntu/app.pid)
[23:55:48]   Killing PID 160249 on destination (from /home/ubuntu/counter.pid)
[23:55:48]   Killing all remaining counter processes on destination...
[23:55:52] ✓ Reset complete, nodes are clean
[23:55:52]   Next: Start your application
[23:55:52] Ensuring counter binary on edge-node-1...
[23:55:52] Reusing existing /tmp/counter on edge-node-1
[23:55:52] Starting counter on edge-node-1...
[23:55:53] ✓ Counter started
[23:55:56] Starting cold migration...
[23:55:56] Source: edge-node-1, Dest: edge-node-2
[23:55:56] Transfer mode: host
[23:55:56] Relay node: edge-host-1

[23:55:56] === COLD MIGRATION ===
[23:55:56] Step 1: Checking source process...
[23:55:57]   Using PID from /home/ubuntu/counter.pid: 172189
[23:55:57]   Last counter value (pre-freeze): 4
[23:55:58]   Architecture: x86_64 (compatible)
[23:55:58] Step 2: Dumping process with CRIU...
[23:55:58]   Frozen last counter value: 5
[23:55:58]   Expected after restore: 6
[23:55:58]   Checkpoint time: 602 ms
[23:55:58] Step 3: Creating archive...
[23:55:59]   Archive size: 25235 bytes
[23:55:59] Step 4: Transferring archive...
  Transferring /home/ubuntu/CRIU-counter.tar.gz via relay node edge-host-1...
Setting up SSH trust: edge-node-1 → ubuntu@10.138.215.36
  Adding public key to destination's authorized_keys...
  Testing SSH connectivity...
  ✓ SSH trust ready
Setting up SSH trust: edge-host-1 → ubuntu@10.138.215.137
  Adding public key to destination's authorized_keys...
  Testing SSH connectivity...
  ✓ SSH trust ready
[23:56:06]   Transfer time: 7043 ms
[23:56:06] Step 5: Unpacking on destination...
[23:56:06] Step 6: Preparing restore environment...
[23:56:07] Step 6.5: Ensuring /tmp/counter binary is present on destination...
[23:56:07] Step 7: Restoring process...
[23:56:07]   Restore time: 294 ms
[23:56:08]   Restored PID: 172189 (written to /home/ubuntu/counter.pid)
[23:56:08] Step 8: Verifying migration...
[23:56:11]   Expected min: 6 (after ~3.0s → ~9), Observed: 9
[23:56:11] ✓ SUCCESS: Counter continued correctly!
[23:56:11] Total downtime: 7939 ms
[23:56:11] Effective bandwidth: 0.03 Mbps
[23:56:11] Metrics saved to /home/ivo/Evaluation-of-Live-Migration-Strategies-at-the-Edge/Container/metrics/migration_metrics.csv

=== RUN 29-04-2026-direct-cold-0000 ===

[23:56:12] Resetting nodes: edge-node-1 -> edge-node-2
[23:56:12] Step 1: Killing any existing processes on source...
[23:56:12]   Killing PID 172189 (from /home/ubuntu/app.pid)
[23:56:13]   Killing PID 172189 (from /home/ubuntu/counter.pid)
[23:56:13]   Killing any remaining background processes...
[23:56:14] Step 2: Cleaning source node...
[23:56:16] Step 3: Cleaning destination node...
[23:56:16]   Killing PID 172189 on destination (from /home/ubuntu/app.pid)
[23:56:17]   Killing PID 172189 on destination (from /home/ubuntu/counter.pid)
[23:56:17]   Killing all remaining counter processes on destination...
[23:56:21] ✓ Reset complete, nodes are clean
[23:56:21]   Next: Start your application
[23:56:21] Ensuring counter binary on edge-node-1...
[23:56:21] Reusing existing /tmp/counter on edge-node-1
[23:56:21] Starting counter on edge-node-1...
[23:56:22] ✓ Counter started
[23:56:25] Starting cold migration...
[23:56:25] Source: edge-node-1, Dest: edge-node-2
[23:56:25] Transfer mode: direct

[23:56:25] === COLD MIGRATION ===
[23:56:25] Step 1: Checking source process...
[23:56:25]   Using PID from /home/ubuntu/counter.pid: 173671
[23:56:25]   Last counter value (pre-freeze): 4
[23:56:26]   Architecture: x86_64 (compatible)
[23:56:26] Step 2: Dumping process with CRIU...
[23:56:27]   Frozen last counter value: 5
[23:56:27]   Expected after restore: 6
[23:56:27]   Checkpoint time: 591 ms
[23:56:27] Step 3: Creating archive...
[23:56:27]   Archive size: 25242 bytes
[23:56:27] Step 4: Transferring archive...
[23:56:27]   Setting up direct SSH trust...
Setting up SSH trust: edge-node-1 → ubuntu@10.138.215.137
  Adding public key to destination's authorized_keys...
  Testing SSH connectivity...
  ✓ SSH trust ready
Setting up SSH trust: edge-node-1 → ubuntu@10.138.215.137
  Adding public key to destination's authorized_keys...
  Testing SSH connectivity...
  ✓ SSH trust ready
  Transferring /home/ubuntu/CRIU-counter.tar.gz via SCP...
[23:56:32]   Transfer time: 3198 ms
[23:56:32] Step 5: Unpacking on destination...
[23:56:33] Step 6: Preparing restore environment...
[23:56:33] Step 6.5: Ensuring /tmp/counter binary is present on destination...
[23:56:33] Step 7: Restoring process...
[23:56:34]   Restore time: 312 ms
[23:56:34]   Restored PID: 173671 (written to /home/ubuntu/counter.pid)
[23:56:34] Step 8: Verifying migration...
[23:56:38]   Expected min: 6 (after ~3.0s → ~9), Observed: 10
[23:56:38] ✓ SUCCESS: Counter continued correctly!
[23:56:38] Total downtime: 4101 ms
[23:56:38] Effective bandwidth: 0.06 Mbps
[23:56:38] Metrics saved to /home/ivo/Evaluation-of-Live-Migration-Strategies-at-the-Edge/Container/metrics/migration_metrics.csv

=== RUN 29-04-2026-host-precopy-0000 ===

[23:56:39] Resetting nodes: edge-node-1 -> edge-node-2
[23:56:39] Step 1: Killing any existing processes on source...
[23:56:39]   Killing PID 173671 (from /home/ubuntu/app.pid)
[23:56:40]   Killing PID 173671 (from /home/ubuntu/counter.pid)
[23:56:40]   Killing any remaining background processes...
[23:56:42] Step 2: Cleaning source node...
[23:56:43] Step 3: Cleaning destination node...
[23:56:43]   Killing PID 173671 on destination (from /home/ubuntu/app.pid)
[23:56:44]   Killing PID 173671 on destination (from /home/ubuntu/counter.pid)
[23:56:44]   Killing all remaining counter processes on destination...
[23:56:48] ✓ Reset complete, nodes are clean
[23:56:48]   Next: Start your application
[23:56:48] Ensuring counter binary on edge-node-1...
[23:56:48] Reusing existing /tmp/counter on edge-node-1
[23:56:48] Starting counter on edge-node-1...
[23:56:49] ✓ Counter started
[23:56:52] Starting precopy migration...
[23:56:52] Source: edge-node-1, Dest: edge-node-2
[23:56:52] Transfer mode: host
[23:56:52] Relay node: edge-host-1

[23:56:52] === PRE-COPY LIVE MIGRATION ===
[23:56:52] Step 1: Checking source process...
[23:56:52]   Using PID from /home/ubuntu/counter.pid: 175261
[23:56:53]   Last counter value (pre-dumps start): 4
[23:56:53]   Architecture: x86_64 (compatible)
[23:56:53] Step 2: Preparing dump directory...
[23:56:54] Step 3: Running 3 pre-dumps...
[23:56:54]   Pre-dump 1/3...
[23:56:55]   Pre-dump 2/3...
[23:56:56]   Pre-dump 3/3...
[23:56:58]   Total pre-dump time: 4032 ms
[23:56:58] Step 4: Final dump (freezing service)...
[23:56:58]   Frozen last counter value: 11
[23:56:58]   Expected after restore: 12
[23:56:58]   Final dump time (freeze duration): 639 ms
[23:56:58] Step 5: Creating archive...
[23:56:59]   Archive size: 31968 bytes
[23:56:59] Step 6: Transferring archive...
  Transferring /tmp/CRIU-counter.tar.gz via relay node edge-host-1...
Setting up SSH trust: edge-node-1 → ubuntu@10.138.215.36
  Adding public key to destination's authorized_keys...
  Testing SSH connectivity...
  ✓ SSH trust ready
Setting up SSH trust: edge-host-1 → ubuntu@10.138.215.137
  Adding public key to destination's authorized_keys...
  Testing SSH connectivity...
  ✓ SSH trust ready
[23:57:06]   Transfer time: 7162 ms
[23:57:06] Step 7: Unpacking on destination...
[23:57:06] Step 7.5: Ensuring counter output file exists on destination...
[23:57:07] Step 7.8: Ensuring /tmp/counter binary is present on destination...
[23:57:07] Step 8: Restoring process...
[23:57:07]   Restore time: 305 ms
[23:57:07]   Restored PID: 175261 (written to /home/ubuntu/counter.pid)
[23:57:07] Step 9: Verifying migration...
[23:57:11]   Expected min: 12 (after ~3.0s → ~15), Observed: 15
[23:57:11] ✓ SUCCESS: Counter continued correctly!
[23:57:11] Total downtime: 8106 ms (final_dump: 639 + transfer: 7162 + restore: 305)
[23:57:11] Pre-dump time (not counted as downtime): 4032 ms
[23:57:11] Effective bandwidth: 0.04 Mbps
[23:57:11] Metrics saved to /home/ivo/Evaluation-of-Live-Migration-Strategies-at-the-Edge/Container/metrics/migration_metrics.csv

=== RUN 29-04-2026-direct-precopy-0000 ===

[23:57:11] Resetting nodes: edge-node-1 -> edge-node-2
[23:57:11] Step 1: Killing any existing processes on source...
[23:57:12]   Killing PID 175261 (from /home/ubuntu/app.pid)
[23:57:12]   Killing PID 175261 (from /home/ubuntu/counter.pid)
[23:57:13]   Killing any remaining background processes...
[23:57:14] Step 2: Cleaning source node...
[23:57:15] Step 3: Cleaning destination node...
[23:57:16]   Killing PID 175261 on destination (from /home/ubuntu/app.pid)
[23:57:16]   Killing PID 175261 on destination (from /home/ubuntu/counter.pid)
[23:57:17]   Killing all remaining counter processes on destination...
[23:57:20] ✓ Reset complete, nodes are clean
[23:57:20]   Next: Start your application
[23:57:20] Ensuring counter binary on edge-node-1...
[23:57:20] Reusing existing /tmp/counter on edge-node-1
[23:57:20] Starting counter on edge-node-1...
[23:57:22] ✓ Counter started
[23:57:24] Starting precopy migration...
[23:57:24] Source: edge-node-1, Dest: edge-node-2
[23:57:24] Transfer mode: direct

[23:57:24] === PRE-COPY LIVE MIGRATION ===
[23:57:24] Step 1: Checking source process...
[23:57:25]   Using PID from /home/ubuntu/counter.pid: 176956
[23:57:25]   Last counter value (pre-dumps start): 4
[23:57:25]   Architecture: x86_64 (compatible)
[23:57:25] Step 2: Preparing dump directory...
[23:57:26] Step 3: Running 3 pre-dumps...
[23:57:26]   Pre-dump 1/3...
[23:57:27]   Pre-dump 2/3...
[23:57:28]   Pre-dump 3/3...
[23:57:30]   Total pre-dump time: 3958 ms
[23:57:30] Step 4: Final dump (freezing service)...
[23:57:30]   Frozen last counter value: 11
[23:57:30]   Expected after restore: 12
[23:57:30]   Final dump time (freeze duration): 688 ms
[23:57:30] Step 5: Creating archive...
[23:57:31]   Archive size: 31950 bytes
[23:57:31] Step 6: Transferring archive...
[23:57:31]   Setting up direct SSH trust...
Setting up SSH trust: edge-node-1 → ubuntu@10.138.215.137
  Adding public key to destination's authorized_keys...
  Testing SSH connectivity...
  ✓ SSH trust ready
Setting up SSH trust: edge-node-1 → ubuntu@10.138.215.137
  Adding public key to destination's authorized_keys...
  Testing SSH connectivity...
  ✓ SSH trust ready
  Transferring /tmp/CRIU-counter.tar.gz via SCP...
[23:57:36]   Transfer time: 3016 ms
[23:57:36] Step 7: Unpacking on destination...
[23:57:36] Step 7.5: Ensuring counter output file exists on destination...
[23:57:36] Step 7.8: Ensuring /tmp/counter binary is present on destination...
[23:57:37] Step 8: Restoring process...
[23:57:37]   Restore time: 352 ms
[23:57:37]   Restored PID: 176956 (written to /home/ubuntu/counter.pid)
[23:57:37] Step 9: Verifying migration...
[23:57:41]   Expected min: 12 (after ~3.0s → ~15), Observed: 15
[23:57:41] ✓ SUCCESS: Counter continued correctly!
[23:57:41] Total downtime: 4056 ms (final_dump: 688 + transfer: 3016 + restore: 352)
[23:57:41] Pre-dump time (not counted as downtime): 3958 ms
[23:57:41] Effective bandwidth: 0.08 Mbps
[23:57:41] Metrics saved to /home/ivo/Evaluation-of-Live-Migration-Strategies-at-the-Edge/Container/metrics/migration_metrics.csv

=== RUN 29-04-2026-host-postcopy-0000 ===

[23:57:42] Resetting nodes: edge-node-1 -> edge-node-2
[23:57:42] Step 1: Killing any existing processes on source...
[23:57:42]   Killing PID 176956 (from /home/ubuntu/app.pid)
[23:57:43]   Killing PID 176956 (from /home/ubuntu/counter.pid)
[23:57:43]   Killing any remaining background processes...
[23:57:44] Step 2: Cleaning source node...
[23:57:46] Step 3: Cleaning destination node...
[23:57:46]   Killing PID 176956 on destination (from /home/ubuntu/app.pid)
[23:57:47]   Killing PID 176956 on destination (from /home/ubuntu/counter.pid)
[23:57:47]   Killing all remaining counter processes on destination...
[23:57:51] ✓ Reset complete, nodes are clean
[23:57:51]   Next: Start your application
[23:57:51] Ensuring counter binary on edge-node-1...
[23:57:51] Reusing existing /tmp/counter on edge-node-1
[23:57:51] Starting counter on edge-node-1...
[23:57:52] ✓ Counter started
[23:57:55] Starting postcopy migration...
[23:57:55] Source: edge-node-1, Dest: edge-node-2
[23:57:55] Transfer mode: host
[23:57:55] Relay node: edge-host-1

[23:57:55] === POST-COPY (LAZY-PAGES) MIGRATION ===
[23:57:55] Step 1: Checking source process...
[23:57:55]   Using PID from /home/ubuntu/counter.pid: 179016
[23:57:55]   Last counter value (pre-freeze): 4
[23:57:57]   Page-server endpoint: 10.138.215.218:9999
[23:57:57] Step 2: Final dump (freezing service) with --lazy-pages...
[23:57:57]   Dump PID: 179509
[23:57:58]   Dump init time (approx freeze duration): 1077 ms
[23:57:58]   Frozen last counter value: 6
[23:57:58]   Expected after restore: 7
[23:57:58] Step 3: Page-server ready on source (served by dump process)
[23:57:58] Step 4: Creating archive...
[23:57:59]   Archive size: 22644 bytes
[23:57:59] Step 5: Transferring archive...
  Transferring /home/ubuntu/CRIU-counter.tar.gz via relay node edge-host-1...
Setting up SSH trust: edge-node-1 → ubuntu@10.138.215.36
  Adding public key to destination's authorized_keys...
  Testing SSH connectivity...
  ✓ SSH trust ready
Setting up SSH trust: edge-host-1 → ubuntu@10.138.215.137
  Adding public key to destination's authorized_keys...
  Testing SSH connectivity...
  ✓ SSH trust ready
[23:58:06]   Transfer time: 7116 ms
[23:58:06] Step 6: Unpacking on destination...
[23:58:07] Step 6.8: Ensuring /tmp/counter binary is present on destination...
[23:58:07] Step 7: Starting lazy-pages daemon on destination...
[23:58:07]   Lazy-pages PID: 134470
[23:58:08] Step 8: Restoring process...
[23:58:08]   Restore time: 350 ms
[23:58:08]   Restored PID: 179016 (written to /home/ubuntu/counter.pid)
[23:58:08] Step 9: Verifying migration...
[23:58:12]   Expected min: 7 (after ~3.0s → ~10), Observed: 11
[23:58:12] ✓ SUCCESS: Counter continued correctly!
[23:58:12] Total downtime: 8543 ms (dump: 1077 + transfer: 7116 + restore: 350)
[23:58:13] Metrics saved to /home/ivo/Evaluation-of-Live-Migration-Strategies-at-the-Edge/Container/metrics/migration_metrics.csv

=== RUN 29-04-2026-direct-postcopy-0000 ===

[23:58:14] Resetting nodes: edge-node-1 -> edge-node-2
[23:58:14] Step 1: Killing any existing processes on source...
[23:58:14]   Killing PID 179016 (from /home/ubuntu/app.pid)
[23:58:15]   Killing PID 179016 (from /home/ubuntu/counter.pid)
[23:58:15]   Killing any remaining background processes...
[23:58:17] Step 2: Cleaning source node...
[23:58:18] Step 3: Cleaning destination node...
[23:58:18]   Killing PID 179016 on destination (from /home/ubuntu/app.pid)
[23:58:19]   Killing PID 179016 on destination (from /home/ubuntu/counter.pid)
[23:58:19]   Killing all remaining counter processes on destination...
[23:58:23] ✓ Reset complete, nodes are clean
[23:58:23]   Next: Start your application
[23:58:23] Ensuring counter binary on edge-node-1...
[23:58:23] Reusing existing /tmp/counter on edge-node-1
[23:58:23] Starting counter on edge-node-1...
[23:58:24] ✓ Counter started
[23:58:27] Starting postcopy migration...
[23:58:27] Source: edge-node-1, Dest: edge-node-2
[23:58:27] Transfer mode: direct

[23:58:27] === POST-COPY (LAZY-PAGES) MIGRATION ===
[23:58:27] Step 1: Checking source process...
[23:58:27]   Using PID from /home/ubuntu/counter.pid: 180885
[23:58:27]   Last counter value (pre-freeze): 4
[23:58:29]   Page-server endpoint: 10.138.215.218:9999
[23:58:29] Step 2: Final dump (freezing service) with --lazy-pages...
[23:58:29]   Dump PID: 181369
[23:58:30]   Dump init time (approx freeze duration): 1065 ms
[23:58:30]   Frozen last counter value: 6
[23:58:30]   Expected after restore: 7
[23:58:30] Step 3: Page-server ready on source (served by dump process)
[23:58:30] Step 4: Creating archive...
[23:58:31]   Archive size: 22610 bytes
[23:58:31] Step 5: Transferring archive...
[23:58:31]   Setting up direct SSH trust...
Setting up SSH trust: edge-node-1 → ubuntu@10.138.215.137
  Adding public key to destination's authorized_keys...
  Testing SSH connectivity...
  ✓ SSH trust ready
Setting up SSH trust: edge-node-1 → ubuntu@10.138.215.137
  Adding public key to destination's authorized_keys...
  Testing SSH connectivity...
  ✓ SSH trust ready
  Transferring /home/ubuntu/CRIU-counter.tar.gz via SCP...
[23:58:36]   Transfer time: 2978 ms
[23:58:36] Step 6: Unpacking on destination...
[23:58:36] Step 6.8: Ensuring /tmp/counter binary is present on destination...
[23:58:36] Step 7: Starting lazy-pages daemon on destination...
[23:58:37]   Lazy-pages PID: 136677
[23:58:37] Step 8: Restoring process...
[23:58:37]   Restore time: 333 ms
[23:58:38]   Restored PID: 180885 (written to /home/ubuntu/counter.pid)
[23:58:38] Step 9: Verifying migration...
[23:58:42]   Expected min: 7 (after ~3.0s → ~10), Observed: 11
[23:58:42] ✓ SUCCESS: Counter continued correctly!
[23:58:42] Total downtime: 4376 ms (dump: 1065 + transfer: 2978 + restore: 333)
[23:58:43] Metrics saved to /home/ivo/Evaluation-of-Live-Migration-Strategies-at-the-Edge/Container/metrics/migration_metrics.csv

All runs complete. Log: /home/ivo/Evaluation-of-Live-Migration-Strategies-at-the-Edge/Container/metrics/run_logs/29-04-2026-counter-cold-precopy-postcopy-h1-d1-i3-relay-edge-host-1-snap-noplots-235543.log
