[CMD] python3 WASM-migration/scripts/orchestrators/repeat_wasm_benchmarks.py suite --strategies cold --source edge-node-1 --dest edge-node-2 --relay-node edge-host-1 --host-runs 30 --direct-runs 30 --snapshot-node-metrics --profile-name 7_TEE_Worst --continue-on-failure --no-plots


=== RUN 22-05-2026-host-cold-0000 ===

  Transferring /home/ubuntu/wasm-migration/runs/22-05-2026-host-cold-0000/wasm-state.tar.gz via relay node edge-host-1...
Setting up SSH trust: edge-node-1 → ubuntu@10.138.215.252
  Adding public key to destination's authorized_keys...
  Testing SSH connectivity...
  ✓ SSH trust ready
Setting up SSH trust: edge-host-1 → ubuntu@10.138.215.174
  Adding public key to destination's authorized_keys...
  Testing SSH connectivity...
  ✓ SSH trust ready
WARNING: SCP edge-host-1->edge-node-2 failed on attempt 1/5 (rc=255); retrying in 20s
  stderr: Warning: Permanently added '10.138.215.174' (ED25519) to the list of known hosts.
Connection closed by 10.138.215.174 port 22
scp: Connection closed
run_id=22-05-2026-host-cold-0000
source=edge-node-1 dest=edge-node-2 transfer_mode=host
success=True
checkpoint_ms=1 transfer_ms=787195 restore_ms=2149 downtime_ms=789345
checkpoint_us=161 checkpoint_ns=160368
archive_bytes=2017
artifacts=/home/ivo/Evaluation-of-Live-Migration-Strategies-at-the-Edge/WASM-migration/metrics/run_artifacts/22-05-2026-host-cold-0000
csv=/home/ivo/Evaluation-of-Live-Migration-Strategies-at-the-Edge/WASM-migration/metrics/migration_metrics.csv

=== RUN 22-05-2026-host-cold-0001 ===

  Transferring /home/ubuntu/wasm-migration/runs/22-05-2026-host-cold-0001/wasm-state.tar.gz via relay node edge-host-1...
Setting up SSH trust: edge-node-1 → ubuntu@10.138.215.252
  Adding public key to destination's authorized_keys...
  Testing SSH connectivity...
  ✓ SSH trust ready
Setting up SSH trust: edge-host-1 → ubuntu@10.138.215.174
  Adding public key to destination's authorized_keys...
  Testing SSH connectivity...
  ✓ SSH trust ready
WARNING: SCP edge-host-1->edge-node-2 failed on attempt 1/5 (rc=255); retrying in 20s
  stderr: Connection closed by 10.138.215.174 port 22
scp: Connection closed
run_id=22-05-2026-host-cold-0001
source=edge-node-1 dest=edge-node-2 transfer_mode=host
success=True
checkpoint_ms=1 transfer_ms=771973 restore_ms=2323 downtime_ms=774297
checkpoint_us=122 checkpoint_ns=121450
archive_bytes=2011
artifacts=/home/ivo/Evaluation-of-Live-Migration-Strategies-at-the-Edge/WASM-migration/metrics/run_artifacts/22-05-2026-host-cold-0001
csv=/home/ivo/Evaluation-of-Live-Migration-Strategies-at-the-Edge/WASM-migration/metrics/migration_metrics.csv

=== RUN 22-05-2026-host-cold-0002 ===

  Transferring /home/ubuntu/wasm-migration/runs/22-05-2026-host-cold-0002/wasm-state.tar.gz via relay node edge-host-1...
Setting up SSH trust: edge-node-1 → ubuntu@10.138.215.252
  Adding public key to destination's authorized_keys...
  Testing SSH connectivity...
  ✓ SSH trust ready
Setting up SSH trust: edge-host-1 → ubuntu@10.138.215.174
  Adding public key to destination's authorized_keys...
  Testing SSH connectivity...
  ✓ SSH trust ready
run_id=22-05-2026-host-cold-0002
source=edge-node-1 dest=edge-node-2 transfer_mode=host
success=True
checkpoint_ms=1 transfer_ms=594409 restore_ms=2289 downtime_ms=596699
checkpoint_us=185 checkpoint_ns=184036
archive_bytes=2017
artifacts=/home/ivo/Evaluation-of-Live-Migration-Strategies-at-the-Edge/WASM-migration/metrics/run_artifacts/22-05-2026-host-cold-0002
csv=/home/ivo/Evaluation-of-Live-Migration-Strategies-at-the-Edge/WASM-migration/metrics/migration_metrics.csv

=== RUN 22-05-2026-host-cold-0003 ===

  Transferring /home/ubuntu/wasm-migration/runs/22-05-2026-host-cold-0003/wasm-state.tar.gz via relay node edge-host-1...
Setting up SSH trust: edge-node-1 → ubuntu@10.138.215.252
  Adding public key to destination's authorized_keys...
  Testing SSH connectivity...
  ✓ SSH trust ready
Setting up SSH trust: edge-host-1 → ubuntu@10.138.215.174
  Adding public key to destination's authorized_keys...
  Testing SSH connectivity...
  ✓ SSH trust ready
run_id=22-05-2026-host-cold-0003
source=edge-node-1 dest=edge-node-2 transfer_mode=host
success=True
checkpoint_ms=1 transfer_ms=657377 restore_ms=2299 downtime_ms=659677
checkpoint_us=136 checkpoint_ns=135696
archive_bytes=2019
artifacts=/home/ivo/Evaluation-of-Live-Migration-Strategies-at-the-Edge/WASM-migration/metrics/run_artifacts/22-05-2026-host-cold-0003
csv=/home/ivo/Evaluation-of-Live-Migration-Strategies-at-the-Edge/WASM-migration/metrics/migration_metrics.csv

=== RUN 22-05-2026-host-cold-0004 ===

  Transferring /home/ubuntu/wasm-migration/runs/22-05-2026-host-cold-0004/wasm-state.tar.gz via relay node edge-host-1...
Setting up SSH trust: edge-node-1 → ubuntu@10.138.215.252
  Adding public key to destination's authorized_keys...
  Testing SSH connectivity...
  ✓ SSH trust ready
Setting up SSH trust: edge-host-1 → ubuntu@10.138.215.174
  Adding public key to destination's authorized_keys...
  Testing SSH connectivity...
  ✓ SSH trust ready
run_id=22-05-2026-host-cold-0004
source=edge-node-1 dest=edge-node-2 transfer_mode=host
success=True
checkpoint_ms=1 transfer_ms=685740 restore_ms=2259 downtime_ms=688000
checkpoint_us=143 checkpoint_ns=142609
archive_bytes=2015
artifacts=/home/ivo/Evaluation-of-Live-Migration-Strategies-at-the-Edge/WASM-migration/metrics/run_artifacts/22-05-2026-host-cold-0004
csv=/home/ivo/Evaluation-of-Live-Migration-Strategies-at-the-Edge/WASM-migration/metrics/migration_metrics.csv

=== RUN 22-05-2026-host-cold-0005 ===

  Transferring /home/ubuntu/wasm-migration/runs/22-05-2026-host-cold-0005/wasm-state.tar.gz via relay node edge-host-1...
Setting up SSH trust: edge-node-1 → ubuntu@10.138.215.252
  Adding public key to destination's authorized_keys...
  Testing SSH connectivity...
  ✓ SSH trust ready
Setting up SSH trust: edge-host-1 → ubuntu@10.138.215.174
  Adding public key to destination's authorized_keys...
  Testing SSH connectivity...
  ✓ SSH trust ready
run_id=22-05-2026-host-cold-0005
source=edge-node-1 dest=edge-node-2 transfer_mode=host
success=True
checkpoint_ms=1 transfer_ms=693253 restore_ms=2323 downtime_ms=695577
checkpoint_us=183 checkpoint_ns=182141
archive_bytes=2016
artifacts=/home/ivo/Evaluation-of-Live-Migration-Strategies-at-the-Edge/WASM-migration/metrics/run_artifacts/22-05-2026-host-cold-0005
csv=/home/ivo/Evaluation-of-Live-Migration-Strategies-at-the-Edge/WASM-migration/metrics/migration_metrics.csv
