[CMD] python3 WASM-migration/scripts/orchestrators/repeat_wasm_benchmarks.py suite --strategies cold --source edge-node-1 --dest edge-node-2 --relay-node edge-host-1 --host-runs 1 --direct-runs 1 --snapshot-node-metrics --profile-name 2_5G --continue-on-failure --no-plots


=== RUN 30-04-2026-host-cold-0001 ===

  Transferring /home/ubuntu/wasm-migration/runs/30-04-2026-host-cold-0001/wasm-state.tar.gz via relay node edge-host-1...
Setting up SSH trust: edge-node-1 → ubuntu@10.138.215.36
  Adding public key to destination's authorized_keys...
  Testing SSH connectivity...
  ✓ SSH trust ready
Setting up SSH trust: edge-host-1 → ubuntu@10.138.215.137
  Adding public key to destination's authorized_keys...
  Testing SSH connectivity...
  ✓ SSH trust ready
run_id=30-04-2026-host-cold-0001
source=edge-node-1 dest=edge-node-2 transfer_mode=host
success=True
checkpoint_ms=1 transfer_ms=7773 restore_ms=1996 downtime_ms=9770
checkpoint_us=121 checkpoint_ns=120507
archive_bytes=2017
artifacts=/home/ivo/Evaluation-of-Live-Migration-Strategies-at-the-Edge/WASM-migration/metrics/run_artifacts/30-04-2026-host-cold-0001
csv=/home/ivo/Evaluation-of-Live-Migration-Strategies-at-the-Edge/WASM-migration/metrics/migration_metrics.csv

=== RUN 30-04-2026-direct-cold-0001 ===

Setting up SSH trust: edge-node-1 → ubuntu@10.138.215.137
  Adding public key to destination's authorized_keys...
  Testing SSH connectivity...
  ✓ SSH trust ready
  Transferring /home/ubuntu/wasm-migration/runs/30-04-2026-direct-cold-0001/wasm-state.tar.gz via SCP...
run_id=30-04-2026-direct-cold-0001
source=edge-node-1 dest=edge-node-2 transfer_mode=direct
success=True
checkpoint_ms=1 transfer_ms=3368 restore_ms=2057 downtime_ms=5426
checkpoint_us=124 checkpoint_ns=123301
archive_bytes=2018
artifacts=/home/ivo/Evaluation-of-Live-Migration-Strategies-at-the-Edge/WASM-migration/metrics/run_artifacts/30-04-2026-direct-cold-0001
csv=/home/ivo/Evaluation-of-Live-Migration-Strategies-at-the-Edge/WASM-migration/metrics/migration_metrics.csv

All runs complete. Log: /home/ivo/Evaluation-of-Live-Migration-Strategies-at-the-Edge/WASM-migration/metrics/run_logs/30-04-2026-wasm-cold-h1-d1-snap-002446.log
Run IDs: /home/ivo/Evaluation-of-Live-Migration-Strategies-at-the-Edge/WASM-migration/metrics/run_logs/30-04-2026-wasm-cold-h1-d1-snap-002446.run_ids.txt
