[CMD] python3 WASM-migration/scripts/orchestrators/repeat_wasm_benchmarks.py suite --strategies cold --source edge-node-1 --dest edge-node-2 --relay-node edge-host-1 --host-runs 30 --direct-runs 30 --snapshot-node-metrics --profile-name 7_TEE_Worst --continue-on-failure --no-plots


=== RUN 22-05-2026-host-cold-0000 ===

  Transferring /home/ubuntu/wasm-migration/runs/22-05-2026-host-cold-0000/wasm-state.tar.gz via relay node edge-host-1...
Setting up SSH trust: edge-node-1 → ubuntu@10.138.215.252
  Adding public key to destination's authorized_keys...
  Testing SSH connectivity...
  ✓ SSH trust ready
Setting up SSH trust: edge-host-1 → ubuntu@10.138.215.174
  Adding public key to destination's authorized_keys...
  Testing SSH connectivity...
  ✓ SSH trust ready
ERROR: Transfer from source to relay failed

=== RUN 22-05-2026-host-cold-0001 ===

  Transferring /home/ubuntu/wasm-migration/runs/22-05-2026-host-cold-0001/wasm-state.tar.gz via relay node edge-host-1...
Setting up SSH trust: edge-node-1 → ubuntu@10.138.215.252
  Adding public key to destination's authorized_keys...
  Testing SSH connectivity...
  ✓ SSH trust ready
Setting up SSH trust: edge-host-1 → ubuntu@10.138.215.174
  Adding public key to destination's authorized_keys...
  Testing SSH connectivity...
ERROR: SSH test failed
ERROR: Failed to establish SSH trust between edge-host-1 and edge-node-2

=== RUN 22-05-2026-host-cold-0002 ===

  Transferring /home/ubuntu/wasm-migration/runs/22-05-2026-host-cold-0002/wasm-state.tar.gz via relay node edge-host-1...
Setting up SSH trust: edge-node-1 → ubuntu@10.138.215.252
  Adding public key to destination's authorized_keys...
  Testing SSH connectivity...
ERROR: SSH test failed
ERROR: Failed to establish SSH trust between edge-node-1 and edge-host-1
