[CMD] python3 Game-of-life-migration/scripts/orchestrators/repeat_benchmarks.py suite --strategies cold,precopy,postcopy --source edge-node-1 --dest edge-node-2 --relay-node edge-host-1 --host-runs 1 --direct-runs 1 --iterations 3 --snapshot-node-metrics --profile-name 2_5G --continue-on-failure --no-plots


=== RUN 30-04-2026-host-cold-0001 ===

[00:20:29] Resetting nodes: edge-node-1 -> edge-node-2
[00:20:29] Step 1: Killing any existing processes on source...
[00:20:29]   Killing PID 217882 (from /home/ubuntu/app.pid)
[00:20:30]   Killing PID 203670 (from /home/ubuntu/gol.pid)
[00:20:31]   Killing any remaining background processes...
[00:20:32] Step 2: Cleaning source node...
[00:20:33] Step 3: Cleaning destination node...
[00:20:34]   Killing PID 217882 on destination (from /home/ubuntu/app.pid)
[00:20:35]   Killing PID 203670 on destination (from /home/ubuntu/gol.pid)
[00:20:35]   Killing all remaining gol processes on destination...
[00:20:39] ✓ Reset complete, nodes are clean
[00:20:39]   Next: Start your application
[00:20:39] Ensuring gol binary on edge-node-1...
[00:20:39] Reusing existing /tmp/gol on edge-node-1
[00:20:39] Starting gol on edge-node-1...
[00:20:40] ✓ Gol started
[00:20:43] Starting cold migration...
[00:20:43] Source: edge-node-1, Dest: edge-node-2
[00:20:43] Transfer mode: host
[00:20:43] Relay node: edge-host-1

[00:20:43] === COLD MIGRATION ===
[00:20:43] Step 1: Checking source process...
[00:20:43]   Using PID from /home/ubuntu/gol.pid: 232661
[00:20:44]   Architecture: x86_64 (compatible)
[00:20:44] Step 2: Dumping process with CRIU...
[00:20:44]   Checkpoint time: 341 ms
[00:20:44] Step 3: Creating archive...
[00:20:45]   Archive size: 25646 bytes
[00:20:45] Step 4: Transferring archive...
  Transferring /home/ubuntu/CRIU-gol.tar.gz via relay node edge-host-1...
Setting up SSH trust: edge-node-1 → ubuntu@10.138.215.36
  Adding public key to destination's authorized_keys...
  Testing SSH connectivity...
  ✓ SSH trust ready
Setting up SSH trust: edge-host-1 → ubuntu@10.138.215.137
  Adding public key to destination's authorized_keys...
  Testing SSH connectivity...
  ✓ SSH trust ready
[00:20:52]   Transfer time: 7781 ms
[00:20:52] Step 5: Unpacking on destination...
[00:20:53] Step 6: Preparing restore environment...
[00:20:53] Step 6.5: Ensuring /tmp/gol binary is present on destination...
[00:20:54] Step 7: Restoring process...
[00:20:54]   Restore time: 325 ms
[00:20:54]   Restored PID: 232661 (written to /home/ubuntu/gol.pid)
[00:20:54] Step 8: Verifying migration...
[00:21:00] ✓ gol.out updated after migration (mtime 1777501257 → 1777501259), simulation running!
[00:21:00] Total downtime: 8447 ms
[00:21:00] Effective bandwidth: 0.03 Mbps
[00:21:00] Metrics saved to /home/ivo/Evaluation-of-Live-Migration-Strategies-at-the-Edge/Game-of-life-migration/metrics/migration_metrics.csv

=== RUN 30-04-2026-direct-cold-0001 ===

[00:21:00] Resetting nodes: edge-node-1 -> edge-node-2
[00:21:00] Step 1: Killing any existing processes on source...
[00:21:01]   Killing PID 232661 (from /home/ubuntu/app.pid)
[00:21:01]   Killing PID 232661 (from /home/ubuntu/gol.pid)
[00:21:02]   Killing any remaining background processes...
[00:21:03] Step 2: Cleaning source node...
[00:21:04] Step 3: Cleaning destination node...
[00:21:05]   Killing PID 232661 on destination (from /home/ubuntu/app.pid)
[00:21:05]   Killing PID 232661 on destination (from /home/ubuntu/gol.pid)
[00:21:06]   Killing all remaining gol processes on destination...
[00:21:09] ✓ Reset complete, nodes are clean
[00:21:09]   Next: Start your application
[00:21:09] Ensuring gol binary on edge-node-1...
[00:21:10] Reusing existing /tmp/gol on edge-node-1
[00:21:10] Starting gol on edge-node-1...
[00:21:11] ✓ Gol started
[00:21:13] Starting cold migration...
[00:21:13] Source: edge-node-1, Dest: edge-node-2
[00:21:13] Transfer mode: direct

[00:21:13] === COLD MIGRATION ===
[00:21:13] Step 1: Checking source process...
[00:21:14]   Using PID from /home/ubuntu/gol.pid: 234039
[00:21:15]   Architecture: x86_64 (compatible)
[00:21:15] Step 2: Dumping process with CRIU...
[00:21:15]   Checkpoint time: 333 ms
[00:21:15] Step 3: Creating archive...
[00:21:15]   Archive size: 25435 bytes
[00:21:15] Step 4: Transferring archive...
[00:21:15]   Setting up direct SSH trust...
Setting up SSH trust: edge-node-1 → ubuntu@10.138.215.137
  Adding public key to destination's authorized_keys...
  Testing SSH connectivity...
  ✓ SSH trust ready
Setting up SSH trust: edge-node-1 → ubuntu@10.138.215.137
  Adding public key to destination's authorized_keys...
  Testing SSH connectivity...
  ✓ SSH trust ready
  Transferring /home/ubuntu/CRIU-gol.tar.gz via SCP...
[00:21:21]   Transfer time: 3502 ms
[00:21:21] Step 5: Unpacking on destination...
[00:21:21] Step 6: Preparing restore environment...
[00:21:22] Step 6.5: Ensuring /tmp/gol binary is present on destination...
[00:21:22] Step 7: Restoring process...
[00:21:23]   Restore time: 366 ms
[00:21:23]   Restored PID: 234039 (written to /home/ubuntu/gol.pid)
[00:21:23] Step 8: Verifying migration...
[00:21:28] ✓ gol.out updated after migration (mtime 1777501285 → 1777501288), simulation running!
[00:21:28] Total downtime: 4201 ms
[00:21:28] Effective bandwidth: 0.06 Mbps
[00:21:28] Metrics saved to /home/ivo/Evaluation-of-Live-Migration-Strategies-at-the-Edge/Game-of-life-migration/metrics/migration_metrics.csv

=== RUN 30-04-2026-host-precopy-0001 ===

[00:21:29] Resetting nodes: edge-node-1 -> edge-node-2
[00:21:29] Step 1: Killing any existing processes on source...
[00:21:29]   Killing PID 234039 (from /home/ubuntu/app.pid)
[00:21:30]   Killing PID 234039 (from /home/ubuntu/gol.pid)
[00:21:31]   Killing any remaining background processes...
[00:21:32] Step 2: Cleaning source node...
[00:21:33] Step 3: Cleaning destination node...
[00:21:34]   Killing PID 234039 on destination (from /home/ubuntu/app.pid)
[00:21:35]   Killing PID 234039 on destination (from /home/ubuntu/gol.pid)
[00:21:35]   Killing all remaining gol processes on destination...
[00:21:39] ✓ Reset complete, nodes are clean
[00:21:39]   Next: Start your application
[00:21:39] Ensuring gol binary on edge-node-1...
[00:21:39] Reusing existing /tmp/gol on edge-node-1
[00:21:39] Starting gol on edge-node-1...
[00:21:40] ✓ Gol started
[00:21:43] Starting precopy migration...
[00:21:43] Source: edge-node-1, Dest: edge-node-2
[00:21:43] Transfer mode: host
[00:21:43] Relay node: edge-host-1

[00:21:43] === PRE-COPY LIVE MIGRATION ===
[00:21:43] Step 1: Checking source process...
[00:21:43]   Using PID from /home/ubuntu/gol.pid: 235523
[00:21:44]   Architecture: x86_64 (compatible)
[00:21:44] Step 2: Preparing dump directory...
[00:21:44] Step 3: Running 3 pre-dumps...
[00:21:44]   Pre-dump 1/3...
[00:21:45]   Pre-dump 2/3...
[00:21:47]   Pre-dump 3/3...
[00:21:48]   Total pre-dump time: 4025 ms
[00:21:48] Step 4: Final dump (freezing service)...
[00:21:48]   Final dump time (freeze duration): 283 ms
[00:21:48] Step 5: Creating archive...
[00:21:49]   Archive size: 33881 bytes
[00:21:49] Step 6: Transferring archive...
  Transferring /tmp/CRIU-gol.tar.gz via relay node edge-host-1...
Setting up SSH trust: edge-node-1 → ubuntu@10.138.215.36
  Adding public key to destination's authorized_keys...
  Testing SSH connectivity...
  ✓ SSH trust ready
Setting up SSH trust: edge-host-1 → ubuntu@10.138.215.137
  Adding public key to destination's authorized_keys...
  Testing SSH connectivity...
  ✓ SSH trust ready
[00:21:57]   Transfer time: 7943 ms
[00:21:57] Step 7: Unpacking on destination...
[00:21:57] Step 7.5: Ensuring gol output file exists on destination...
[00:21:57] Step 7.8: Ensuring /tmp/gol binary is present on destination...
[00:21:58] Step 8: Restoring process...
[00:21:58]   Restore time: 323 ms
[00:21:58]   Restored PID: 235523 (written to /home/ubuntu/gol.pid)
[00:21:58] Step 9: Verifying migration...
[00:22:04] ✓ gol.out updated after migration (mtime 1777501321 → 1777501323), simulation running!
[00:22:04] Total downtime: 8549 ms (final_dump: 283 + transfer: 7943 + restore: 323)
[00:22:04] Pre-dump time (not counted as downtime): 4025 ms
[00:22:04] Effective bandwidth: 0.03 Mbps
[00:22:04] Metrics saved to /home/ivo/Evaluation-of-Live-Migration-Strategies-at-the-Edge/Game-of-life-migration/metrics/migration_metrics.csv

=== RUN 30-04-2026-direct-precopy-0001 ===

[00:22:04] Resetting nodes: edge-node-1 -> edge-node-2
[00:22:04] Step 1: Killing any existing processes on source...
[00:22:05]   Killing PID 235523 (from /home/ubuntu/app.pid)
[00:22:05]   Killing PID 235523 (from /home/ubuntu/gol.pid)
[00:22:06]   Killing any remaining background processes...
[00:22:07] Step 2: Cleaning source node...
[00:22:09] Step 3: Cleaning destination node...
[00:22:09]   Killing PID 235523 on destination (from /home/ubuntu/app.pid)
[00:22:10]   Killing PID 235523 on destination (from /home/ubuntu/gol.pid)
[00:22:10]   Killing all remaining gol processes on destination...
[00:22:13] ✓ Reset complete, nodes are clean
[00:22:13]   Next: Start your application
[00:22:13] Ensuring gol binary on edge-node-1...
[00:22:14] Reusing existing /tmp/gol on edge-node-1
[00:22:14] Starting gol on edge-node-1...
[00:22:15] ✓ Gol started
[00:22:17] Starting precopy migration...
[00:22:17] Source: edge-node-1, Dest: edge-node-2
[00:22:17] Transfer mode: direct

[00:22:17] === PRE-COPY LIVE MIGRATION ===
[00:22:17] Step 1: Checking source process...
[00:22:18]   Using PID from /home/ubuntu/gol.pid: 237121
[00:22:18]   Architecture: x86_64 (compatible)
[00:22:18] Step 2: Preparing dump directory...
[00:22:19] Step 3: Running 3 pre-dumps...
[00:22:19]   Pre-dump 1/3...
[00:22:20]   Pre-dump 2/3...
[00:22:21]   Pre-dump 3/3...
[00:22:23]   Total pre-dump time: 4057 ms
[00:22:23] Step 4: Final dump (freezing service)...
[00:22:23]   Final dump time (freeze duration): 282 ms
[00:22:23] Step 5: Creating archive...
[00:22:24]   Archive size: 33108 bytes
[00:22:24] Step 6: Transferring archive...
[00:22:24]   Setting up direct SSH trust...
Setting up SSH trust: edge-node-1 → ubuntu@10.138.215.137
  Adding public key to destination's authorized_keys...
  Testing SSH connectivity...
  ✓ SSH trust ready
Setting up SSH trust: edge-node-1 → ubuntu@10.138.215.137
  Adding public key to destination's authorized_keys...
  Testing SSH connectivity...
  ✓ SSH trust ready
  Transferring /tmp/CRIU-gol.tar.gz via SCP...
[00:22:29]   Transfer time: 3472 ms
[00:22:29] Step 7: Unpacking on destination...
[00:22:29] Step 7.5: Ensuring gol output file exists on destination...
[00:22:30] Step 7.8: Ensuring /tmp/gol binary is present on destination...
[00:22:30] Step 8: Restoring process...
[00:22:30]   Restore time: 291 ms
[00:22:31]   Restored PID: 237121 (written to /home/ubuntu/gol.pid)
[00:22:31] Step 9: Verifying migration...
[00:22:37] ✓ gol.out updated after migration (mtime 1777501353 → 1777501356), simulation running!
[00:22:37] Total downtime: 4045 ms (final_dump: 282 + transfer: 3472 + restore: 291)
[00:22:37] Pre-dump time (not counted as downtime): 4057 ms
[00:22:37] Effective bandwidth: 0.08 Mbps
[00:22:37] Metrics saved to /home/ivo/Evaluation-of-Live-Migration-Strategies-at-the-Edge/Game-of-life-migration/metrics/migration_metrics.csv

=== RUN 30-04-2026-host-postcopy-0001 ===

[00:22:38] Resetting nodes: edge-node-1 -> edge-node-2
[00:22:38] Step 1: Killing any existing processes on source...
[00:22:38]   Killing PID 237121 (from /home/ubuntu/app.pid)
[00:22:39]   Killing PID 237121 (from /home/ubuntu/gol.pid)
[00:22:39]   Killing any remaining background processes...
[00:22:40] Step 2: Cleaning source node...
[00:22:41] Step 3: Cleaning destination node...
[00:22:42]   Killing PID 237121 on destination (from /home/ubuntu/app.pid)
[00:22:42]   Killing PID 237121 on destination (from /home/ubuntu/gol.pid)
[00:22:43]   Killing all remaining gol processes on destination...
[00:22:46] ✓ Reset complete, nodes are clean
[00:22:46]   Next: Start your application
[00:22:46] Ensuring gol binary on edge-node-1...
[00:22:47] Reusing existing /tmp/gol on edge-node-1
[00:22:47] Starting gol on edge-node-1...
[00:22:48] ✓ Gol started
[00:22:50] Starting postcopy migration...
[00:22:50] Source: edge-node-1, Dest: edge-node-2
[00:22:50] Transfer mode: host
[00:22:50] Relay node: edge-host-1

[00:22:50] === POST-COPY (LAZY-PAGES) MIGRATION ===
[00:22:50] Step 1: Checking source process...
[00:22:51]   Using PID from /home/ubuntu/gol.pid: 238826
[00:22:52]   Page-server endpoint: 10.138.215.218:9999
[00:22:52] Step 2: Final dump (freezing service) with --lazy-pages...
[00:22:53]   Dump PID: 239266
[00:22:53]   Dump init time (approx freeze duration): 999 ms
[00:22:53] Step 3: Page-server ready on source (served by dump process)
[00:22:53] Step 4: Creating archive...
[00:22:54]   Archive size: 23485 bytes
[00:22:54] Step 5: Transferring archive...
  Transferring /home/ubuntu/CRIU-gol.tar.gz via relay node edge-host-1...
Setting up SSH trust: edge-node-1 → ubuntu@10.138.215.36
  Adding public key to destination's authorized_keys...
  Testing SSH connectivity...
  ✓ SSH trust ready
Setting up SSH trust: edge-host-1 → ubuntu@10.138.215.137
  Adding public key to destination's authorized_keys...
  Testing SSH connectivity...
  ✓ SSH trust ready
[00:23:02]   Transfer time: 7893 ms
[00:23:02] Step 6: Unpacking on destination...
[00:23:03] Step 6.8: Ensuring /tmp/gol binary is present on destination...
[00:23:03] Step 7: Starting lazy-pages daemon on destination...
[00:23:03]   Lazy-pages PID: 192084
[00:23:04] Step 8: Restoring process...
[00:23:04]   Restore time: 361 ms
[00:23:04]   Restored PID: 238826 (written to /home/ubuntu/gol.pid)
[00:23:05] Step 9: Verifying migration...
[00:23:10] ✓ gol.out updated after migration (mtime 1777501387 → 1777501390), simulation running!
[00:23:10] Total downtime: 9253 ms (dump: 999 + transfer: 7893 + restore: 361)
[00:23:11] Metrics saved to /home/ivo/Evaluation-of-Live-Migration-Strategies-at-the-Edge/Game-of-life-migration/metrics/migration_metrics.csv

=== RUN 30-04-2026-direct-postcopy-0001 ===

[00:23:12] Resetting nodes: edge-node-1 -> edge-node-2
[00:23:12] Step 1: Killing any existing processes on source...
[00:23:12]   Killing PID 238826 (from /home/ubuntu/app.pid)
[00:23:13]   Killing PID 238826 (from /home/ubuntu/gol.pid)
[00:23:13]   Killing any remaining background processes...
[00:23:15] Step 2: Cleaning source node...
[00:23:16] Step 3: Cleaning destination node...
[00:23:16]   Killing PID 238826 on destination (from /home/ubuntu/app.pid)
[00:23:17]   Killing PID 238826 on destination (from /home/ubuntu/gol.pid)
[00:23:17]   Killing all remaining gol processes on destination...
[00:23:21] ✓ Reset complete, nodes are clean
[00:23:21]   Next: Start your application
[00:23:21] Ensuring gol binary on edge-node-1...
[00:23:21] Reusing existing /tmp/gol on edge-node-1
[00:23:21] Starting gol on edge-node-1...
[00:23:22] ✓ Gol started
[00:23:25] Starting postcopy migration...
[00:23:25] Source: edge-node-1, Dest: edge-node-2
[00:23:25] Transfer mode: direct

[00:23:25] === POST-COPY (LAZY-PAGES) MIGRATION ===
[00:23:25] Step 1: Checking source process...
[00:23:25]   Using PID from /home/ubuntu/gol.pid: 240592
[00:23:27]   Page-server endpoint: 10.138.215.218:9999
[00:23:27] Step 2: Final dump (freezing service) with --lazy-pages...
[00:23:27]   Dump PID: 241024
[00:23:28]   Dump init time (approx freeze duration): 988 ms
[00:23:28] Step 3: Page-server ready on source (served by dump process)
[00:23:28] Step 4: Creating archive...
[00:23:28]   Archive size: 23533 bytes
[00:23:28] Step 5: Transferring archive...
[00:23:28]   Setting up direct SSH trust...
Setting up SSH trust: edge-node-1 → ubuntu@10.138.215.137
  Adding public key to destination's authorized_keys...
  Testing SSH connectivity...
  ✓ SSH trust ready
Setting up SSH trust: edge-node-1 → ubuntu@10.138.215.137
  Adding public key to destination's authorized_keys...
  Testing SSH connectivity...
  ✓ SSH trust ready
  Transferring /home/ubuntu/CRIU-gol.tar.gz via SCP...
[00:23:34]   Transfer time: 3496 ms
[00:23:34] Step 6: Unpacking on destination...
[00:23:34] Step 6.8: Ensuring /tmp/gol binary is present on destination...
[00:23:35] Step 7: Starting lazy-pages daemon on destination...
[00:23:35]   Lazy-pages PID: 194046
[00:23:35] Step 8: Restoring process...
[00:23:36]   Restore time: 350 ms
[00:23:36]   Restored PID: 240592 (written to /home/ubuntu/gol.pid)
[00:23:38] Step 9: Verifying migration...
[00:23:44] ✓ gol.out updated after migration (mtime 1777501421 → 1777501423), simulation running!
[00:23:44] Total downtime: 4834 ms (dump: 988 + transfer: 3496 + restore: 350)
[00:23:45] Metrics saved to /home/ivo/Evaluation-of-Live-Migration-Strategies-at-the-Edge/Game-of-life-migration/metrics/migration_metrics.csv

All runs complete. Log: /home/ivo/Evaluation-of-Live-Migration-Strategies-at-the-Edge/Game-of-life-migration/metrics/run_logs/30-04-2026-gol-cold-precopy-postcopy-h1-d1-i3-relay-edge-host-1-snap-noplots-002029.log
